== e2e 러너 자기검사 ==
  PASS  E2E_SELFTEST PASS (판정 일치 5/5)  (3.3초)
== e2e (icon_intake,item_ui,equipment_ui,ui_tooltips,ui_docks,ui_windows,hover_target,vendor_quest,vendor_prices,pickup_equip,loot_drop) ==
E2E start: icon_intake, item_ui, equipment_ui, ui_tooltips, ui_docks, ui_windows, hover_target, vendor_quest, vendor_prices, pickup_equip, loot_drop
E2E ▶ icon_intake
E2E icon_intake PASS (검사 315)
E2E ▶ item_ui
E2E item_ui PASS (검사 42)
E2E ▶ equipment_ui
E2E equipment_ui PASS (검사 33)
E2E ▶ ui_tooltips
E2E ui_tooltips PASS (검사 97)
E2E ▶ ui_docks
  · none camera settled, player x=640.00
  · right camera settled, player x=424.00
  · right after pickup camera settled, player x=424.00
  · left camera settled, player x=856.00
  · left after movement camera settled, player x=857.47
  · both camera settled, player x=640.27
  · skills and bag camera settled, player x=640.14
  · Esc restores center camera settled, player x=640.07
  · dialog alone camera settled, player x=641.40
  · vendor and bag camera settled, player x=640.00
  · after vendor close camera settled, player x=640.00
  · waypoint alone camera settled, player x=854.57
  · waypoint and bag camera settled, player x=639.73
  · final center camera settled, player x=639.85
E2E ui_docks PASS (검사 61)
E2E ▶ ui_windows
E2E ui_windows PASS (검사 60)
E2E ▶ hover_target
E2E hover_target PASS (검사 45)
E2E ▶ vendor_quest
E2E vendor_quest PASS (검사 36)
E2E ▶ vendor_prices
E2E vendor_prices PASS (검사 12)
E2E ▶ pickup_equip
E2E pickup_equip PASS (검사 37)
E2E ▶ loot_drop
E2E loot_drop PASS (검사 24)
E2E SUMMARY: 11/11 PASS
  e2e  (93.0초) — 제한 3600초
전부 PASS
