PLAN 237 lines 7231 chars
VOICE_OK EV_SHAMAN_QUEST_1
VOICE_OK EV_SHAMAN_QUEST_2
VOICE_OK EV_SHAMAN_QUEST_3
VOICE_OK EV_SHAMAN_QUEST_3B
VOICE_OK EV_SHAMAN_QUEST_3C
VOICE_OK EV_SHAMAN_QUEST_5
VOICE_OK EV_SHAMAN_QUEST_4
VOICE_OK EV_SHAMAN_QUEST_7
VOICE_OK EV_SHAMAN_QUEST_6
VOICE_OK EV_SHAMAN_QUEST_8
VOICE_OK EV_SHAMAN_QUEST_9
VOICE_OK NPC_DOKKAEBI_FIRST_1
VOICE_OK NPC_DOKKAEBI_FIRST_2
VOICE_OK NPC_DOKKAEBI_FIRST_3
VOICE_OK NPC_DOKKAEBI_FIRST_4
VOICE_OK NPC_DOKKAEBI_FIRST_5
VOICE_OK NPC_DOKKAEBI_FIRST_6
VOICE_OK NPC_DOKKAEBI_FIRST_8
VOICE_OK NPC_DOKKAEBI_FIRST_7
VOICE_OK NPC_DOKKAEBI_FIRST_9
VOICE_OK NPC_DOKKAEBI_FIRST_10
VOICE_OK NPC_DOKKAEBI_FIRST_11
VOICE_OK NPC_DOKKAEBI_FIRST_12
VOICE_OK NPC_DOKKAEBI_FIRST_14
VOICE_OK NPC_DOKKAEBI_FIRST_13
VOICE_OK NPC_DOKKAEBI_GREET2_1
VOICE_OK NPC_DOKKAEBI_GREET2_2
VOICE_OK NPC_DOKKAEBI_GREET_1
VOICE_OK NPC_DOKKAEBI_GREET_2
VOICE_OK NPC_DOKKAEBI_GREET_3
VOICE_OK NPC_DOKKAEBI_GREET_5
VOICE_OK NPC_DOKKAEBI_GREET_4
VOICE_OK NPC_DOKKAEBI_CRAFT_1
VOICE_OK NPC_DOKKAEBI_GREET_6
VOICE_OK NPC_DOKKAEBI_SWAP_1
VOICE_OK NPC_DOKKAEBI_ASK_1
VOICE_OK NPC_DOKKAEBI_HINT_AGAIN_2
VOICE_OK NPC_DOKKAEBI_HINT_AGAIN_1
VOICE_OK NPC_DOKKAEBI_HINT_AGAIN_3
VOICE_OK NPC_DOKKAEBI_CHAT_MOKRO
VOICE_OK NPC_DOKKAEBI_CHAT_1
VOICE_OK NPC_DOKKAEBI_CHAT_2
VOICE_OK NPC_DOKKAEBI_CHAT_3
VOICE_OK NPC_DOKKAEBI_CHAT_4
VOICE_OK NPC_DOKKAEBI_CHAT_5
VOICE_OK NPC_DOKKAEBI_CHAT_6
VOICE_OK NPC_DOKKAEBI_CHAT_7
VOICE_OK NPC_DOKKAEBI_CHAT_8
VOICE_OK NPC_DOKKAEBI_MADE_2
VOICE_OK NPC_DOKKAEBI_MADE_1
VOICE_OK NPC_DOKKAEBI_MADE_3
VOICE_OK NPC_DOKKAEBI_MADE_UNIQUE_1
VOICE_OK NPC_DOKKAEBI_MADE_UNIQUE_2
VOICE_OK NPC_DOKKAEBI_MADE_UNIQUE_3
VOICE_OK NPC_DOKKAEBI_NOTHING_1
VOICE_OK NPC_DOKKAEBI_NOTHING_2
VOICE_OK NPC_DOKKAEBI_NOTHING_3
VOICE_OK NPC_DOKKAEBI_NO_RESULT_1
VOICE_OK NPC_DOKKAEBI_NO_RESULT_2
VOICE_OK NPC_DOKKAEBI_NO_RESULT_3
VOICE_OK NPC_DOKKAEBI_GOLD_SHORT_1
VOICE_OK NPC_DOKKAEBI_GOLD_SHORT_2
VOICE_OK NPC_DOKKAEBI_GOLD_SHORT_3
VOICE_OK NPC_DOKKAEBI_BAG_FULL_1
VOICE_OK NPC_DOKKAEBI_BAG_FULL_3
VOICE_OK NPC_DOKKAEBI_BAG_FULL_2
VOICE_OK NPC_DOKKAEBI_EMPTY_1
VOICE_OK NPC_DOKKAEBI_EMPTY_2
VOICE_OK NPC_DOKKAEBI_SWAP_DONE_1
VOICE_OK NPC_DOKKAEBI_SWAP_DONE_2
VOICE_OK NPC_DOKKAEBI_SWAP_NONE_2
VOICE_OK NPC_DOKKAEBI_SWAP_NONE_1
VOICE_OK NPC_DOKKAEBI_NEAR_G05_ELSE
VOICE_OK NPC_DOKKAEBI_NEAR_G06_RULE
VOICE_OK NPC_DOKKAEBI_NEAR_G06_ELSE
VOICE_OK NPC_DOKKAEBI_NEAR_G07_ELSE
VOICE_OK NPC_DOKKAEBI_NEAR_G08_ELSE
VOICE_OK NPC_DOKKAEBI_NEAR_G09_RULE
VOICE_OK NPC_DOKKAEBI_NEAR_G09_ELSE
VOICE_OK NPC_DOKKAEBI_NEAR_G10_RULE
VOICE_OK NPC_DOKKAEBI_NEAR_G10_ELSE
VOICE_OK NPC_DOKKAEBI_NEAR_G11_ELSE
VOICE_OK NPC_DOKKAEBI_NEAR_G12_ELSE
VOICE_OK NPC_ELDER_FIRST_1
VOICE_OK NPC_ELDER_FIRST_2
VOICE_OK NPC_ELDER_AFTER_1
VOICE_OK NPC_ELDER_THANKS_NUDGE
VOICE_OK NPC_ELDER_CLEAR_DONE_1
VOICE_OK NPC_ELDER_CLEAR_DONE_2
VOICE_OK NPC_ELDER_CLEAR_ACTIVE_1
VOICE_OK NPC_ELDER_CLEAR_ACTIVE_2
VOICE_OK NPC_ELDER_OFFER_AGAIN
VOICE_OK NPC_ELDER_ACTIVE_1
VOICE_OK NPC_ELDER_ACTIVE_2
VOICE_OK NPC_ELDER_OFFER_1
VOICE_OK NPC_ELDER_OFFER_2
VOICE_OK NPC_ELDER_OFFER_3
VOICE_OK NPC_ELDER_OFFER_4
VOICE_OK NPC_ELDER_GREET_1
VOICE_OK NPC_ELDER_GREET_2
VOICE_OK NPC_ELDER_GREET_3
VOICE_OK NPC_ELDER_GREET_4
VOICE_OK NPC_ELDER_ACCEPT_1
VOICE_OK NPC_ELDER_REPORT_2
VOICE_OK NPC_ELDER_REPORT_1
VOICE_OK NPC_ELDER_REPORT_3
VOICE_OK NPC_ELDER_THANKS_1
VOICE_OK NPC_ELDER_THANKS_FULL
VOICE_OK NPC_ELDER_AFTER_2
VOICE_OK NPC_ELDER_VOUCH_1
VOICE_OK NPC_ELDER_HINT_G06_1
VOICE_OK NPC_ELDER_HINT_G06_3
VOICE_OK NPC_ELDER_HINT_G06_2
VOICE_OK NPC_JUMO_FIRST_1
VOICE_OK NPC_JUMO_FIRST_2
VOICE_OK NPC_JUMO_FIRST_3
VOICE_OK NPC_JUMO_MAIN_1
VOICE_OK NPC_JUMO_MAIN_2
VOICE_OK NPC_JUMO_MAIN_3
VOICE_OK NPC_JUMO_MAIN_3B
VOICE_OK NPC_JUMO_MAIN_3C
VOICE_OK NPC_JUMO_MAIN_4
VOICE_OK NPC_JUMO_MAIN_4B
VOICE_OK NPC_JUMO_MAIN_5
VOICE_OK NPC_JUMO_MAIN_7
VOICE_OK NPC_JUMO_MAIN_6
VOICE_OK NPC_JUMO_MAIN_9
VOICE_OK NPC_JUMO_MAIN_8
VOICE_OK NPC_JUMO_GAKSI_DONE_1
VOICE_OK NPC_JUMO_MAIN_10
VOICE_OK NPC_JUMO_GAKSI_DONE_2
VOICE_OK NPC_JUMO_NEWS2_1
VOICE_OK NPC_JUMO_NEWS2_LAST_HEUK
VOICE_OK NPC_JUMO_NEWS2_LAST_BEOM
VOICE_OK NPC_JUMO_NEWS2_LAST_SOE
VOICE_OK NPC_JUMO_NEWS2_3
VOICE_OK NPC_JUMO_NEWS2_4
VOICE_OK NPC_JUMO_NEWS2_5
VOICE_OK NPC_JUMO_NEWS1_1
VOICE_OK NPC_JUMO_NEWS1_3
VOICE_OK NPC_JUMO_NEWS1_4
VOICE_OK NPC_JUMO_NEWS1_HEUK
VOICE_OK NPC_JUMO_NEWS1_LEFT_BEOM_SOE
VOICE_OK NPC_JUMO_NEWS1_LEFT_HEUK_SOE
VOICE_OK NPC_JUMO_NEWS1_LEFT_HEUK_BEOM
VOICE_OK NPC_JUMO_NEWS1_END
VOICE_OK NPC_JUMO_GREET_1
VOICE_OK NPC_JUMO_GREET_2
VOICE_OK NPC_JUMO_GREET_3
VOICE_OK NPC_JUMO_BUSY_1
VOICE_OK NPC_JUMO_BUSY_2
VOICE_OK NPC_JUMO_RUMOR_1
VOICE_OK NPC_JUMO_RUMOR_2
VOICE_OK NPC_JUMO_RUMOR_3
VOICE_OK NPC_JUMO_RUMOR_4
VOICE_OK NPC_JUMO_RUMOR_5
VOICE_OK NPC_JUMO_RUMOR_6
VOICE_OK NPC_JUMO_RUMOR_7
VOICE_OK NPC_JUMO_RUMOR_8
VOICE_OK NPC_JUMO_OFFER_1
VOICE_OK NPC_JUMO_OFFER_3
VOICE_OK NPC_JUMO_OFFER_2
VOICE_OK NPC_MERCHANT_FIRST_2
VOICE_OK NPC_MERCHANT_FIRST_1
VOICE_OK NPC_MERCHANT_FIRST_3
VOICE_OK NPC_MERCHANT_ACTIVE_1
VOICE_OK NPC_MERCHANT_ACTIVE_2
VOICE_OK NPC_MERCHANT_AFTER_1
VOICE_OK NPC_MERCHANT_GREET_1
VOICE_OK NPC_MERCHANT_GREET_2
VOICE_OK NPC_MERCHANT_GREET_3
VOICE_OK NPC_MERCHANT_GREET_4
VOICE_OK NPC_MERCHANT_GREET_5
VOICE_OK NPC_MERCHANT_VOUCH_1
VOICE_OK NPC_MERCHANT_HINT_G08_1
VOICE_OK NPC_MERCHANT_HINT_G08_3
VOICE_OK NPC_MERCHANT_HINT_G08_2
VOICE_OK NPC_SHAMAN_OFFER_1
VOICE_OK NPC_SHAMAN_OFFER_2
VOICE_OK NPC_SHAMAN_OFFER_3B
VOICE_OK NPC_SHAMAN_OFFER_3
VOICE_OK NPC_SHAMAN_OFFER_3C
VOICE_OK NPC_SHAMAN_OFFER_5
VOICE_OK NPC_SHAMAN_OFFER_4
VOICE_OK NPC_SHAMAN_OFFER_7
VOICE_OK NPC_SHAMAN_OFFER_6
VOICE_OK NPC_SHAMAN_OFFER_8
VOICE_OK NPC_SHAMAN_OFFER_9
VOICE_OK NPC_SHAMAN_PROGRESS_1
VOICE_OK NPC_SHAMAN_HEAL_INTRO_1
VOICE_OK NPC_SHAMAN_PROGRESS_2
VOICE_OK NPC_SHAMAN_NUDGE_1
VOICE_OK NPC_SHAMAN_DONE_1
VOICE_OK NPC_SHAMAN_PROXY_1
VOICE_OK NPC_SHAMAN_DONE_2
VOICE_OK NPC_SHAMAN_DONE_3
VOICE_OK NPC_SHAMAN_REPORT_3
VOICE_OK NPC_SHAMAN_REPORT_2
VOICE_OK NPC_SHAMAN_TAVERN_1
VOICE_OK NPC_SHAMAN_TAVERN_2
VOICE_OK NPC_SHAMAN_AFTER_LORE_1
VOICE_OK NPC_SHAMAN_AFTER_LORE_2
VOICE_OK NPC_SHAMAN_AFTER_LORE_4
VOICE_OK NPC_SHAMAN_AFTER_SRC_2
VOICE_OK NPC_SHAMAN_AFTER_SRC_1
VOICE_OK NPC_SHAMAN_AFTER_SRC_3
VOICE_OK NPC_SHAMAN_AFTER_ALL_2
VOICE_OK NPC_SHAMAN_AFTER_ALL_1
VOICE_OK NPC_SHAMAN_AFTER_ALL_3
VOICE_OK NPC_SHAMAN_AFTER_HAND_1
VOICE_OK NPC_SHAMAN_WARN_1
VOICE_OK NPC_SHAMAN_WARN_2
VOICE_OK NPC_SHAMAN_AFTER_LAST_HEUK_1
VOICE_OK NPC_SHAMAN_AFTER_LAST_HEUK_2
VOICE_OK NPC_SHAMAN_AFTER_LAST_HEUK_3
VOICE_OK NPC_SHAMAN_AFTER_LAST_BEOM_1
VOICE_OK NPC_SHAMAN_AFTER_LAST_BEOM_2
VOICE_OK NPC_SHAMAN_AFTER_LAST_BEOM_3
VOICE_OK NPC_SHAMAN_AFTER_LAST_SOE_1
VOICE_OK NPC_SHAMAN_AFTER_LAST_SOE_2
VOICE_OK NPC_SHAMAN_AFTER_LAST_SOE_3
VOICE_OK NPC_SHAMAN_SMELL_1
VOICE_OK NPC_SHAMAN_SMELL_2
VOICE_OK NPC_SHAMAN_SMELL_3
VOICE_OK NPC_SHAMAN_GREET_1
VOICE_OK NPC_SHAMAN_GREET_2
VOICE_OK NPC_SHAMAN_GREET_4
VOICE_OK NPC_SHAMAN_GREET_3
VOICE_OK NPC_SHAMAN_REPEAT_4
VOICE_OK NPC_SHAMAN_REPEAT_3
VOICE_OK NPC_SHAMAN_REPEAT_1
VOICE_OK NPC_SHAMAN_REPEAT_2
VOICE_OK NPC_SHAMAN_IDENTIFY_1
VOICE_OK NPC_SHAMAN_IDENTIFY_2
VOICE_OK NPC_SHAMAN_HINT_MANSA_1
VOICE_OK NPC_SHAMAN_HINT_MANSA_2
VOICE_OK NPC_SHAMAN_HINT_MANSA_3
VOICE_DONE 237
