INTAKE_OK EV_SHAMAN_QUEST_1
INTAKE_OK EV_SHAMAN_QUEST_2
INTAKE_OK EV_SHAMAN_QUEST_3
INTAKE_OK EV_SHAMAN_QUEST_3B
INTAKE_OK EV_SHAMAN_QUEST_4
INTAKE_OK EV_SHAMAN_QUEST_3C
INTAKE_OK EV_SHAMAN_QUEST_5
INTAKE_OK EV_SHAMAN_QUEST_6
INTAKE_OK EV_SHAMAN_QUEST_7
INTAKE_OK EV_SHAMAN_QUEST_9
INTAKE_OK EV_SHAMAN_QUEST_8
INTAKE_OK NPC_DOKKAEBI_FIRST_1
INTAKE_OK NPC_DOKKAEBI_FIRST_2
INTAKE_OK NPC_DOKKAEBI_FIRST_3
INTAKE_OK NPC_DOKKAEBI_FIRST_4
INTAKE_OK NPC_DOKKAEBI_FIRST_6
INTAKE_OK NPC_DOKKAEBI_FIRST_5
INTAKE_OK NPC_DOKKAEBI_FIRST_7
INTAKE_OK NPC_DOKKAEBI_FIRST_8
INTAKE_OK NPC_DOKKAEBI_FIRST_9
INTAKE_OK NPC_DOKKAEBI_FIRST_10
INTAKE_OK NPC_DOKKAEBI_FIRST_12
INTAKE_OK NPC_DOKKAEBI_FIRST_11
INTAKE_OK NPC_DOKKAEBI_FIRST_13
INTAKE_OK NPC_DOKKAEBI_FIRST_14
INTAKE_OK NPC_DOKKAEBI_GREET2_1
INTAKE_OK NPC_DOKKAEBI_GREET2_2
INTAKE_OK NPC_DOKKAEBI_GREET_1
INTAKE_OK NPC_DOKKAEBI_GREET_2
INTAKE_OK NPC_DOKKAEBI_GREET_3
INTAKE_OK NPC_DOKKAEBI_GREET_5
INTAKE_OK NPC_DOKKAEBI_GREET_4
INTAKE_OK NPC_DOKKAEBI_GREET_6
INTAKE_OK NPC_DOKKAEBI_CRAFT_1
INTAKE_OK NPC_DOKKAEBI_SWAP_1
INTAKE_OK NPC_DOKKAEBI_ASK_1
INTAKE_OK NPC_DOKKAEBI_HINT_AGAIN_1
INTAKE_OK NPC_DOKKAEBI_HINT_AGAIN_2
INTAKE_OK NPC_DOKKAEBI_HINT_AGAIN_3
INTAKE_OK NPC_DOKKAEBI_CHAT_MOKRO
INTAKE_OK NPC_DOKKAEBI_CHAT_1
INTAKE_OK NPC_DOKKAEBI_CHAT_2
INTAKE_OK NPC_DOKKAEBI_CHAT_4
INTAKE_OK NPC_DOKKAEBI_CHAT_3
INTAKE_OK NPC_DOKKAEBI_CHAT_5
INTAKE_OK NPC_DOKKAEBI_CHAT_7
INTAKE_OK NPC_DOKKAEBI_CHAT_6
INTAKE_OK NPC_DOKKAEBI_CHAT_8
INTAKE_OK NPC_DOKKAEBI_MADE_1
INTAKE_OK NPC_DOKKAEBI_MADE_2
INTAKE_OK NPC_DOKKAEBI_MADE_3
INTAKE_OK NPC_DOKKAEBI_MADE_UNIQUE_2
INTAKE_OK NPC_DOKKAEBI_MADE_UNIQUE_1
INTAKE_OK NPC_DOKKAEBI_MADE_UNIQUE_3
INTAKE_OK NPC_DOKKAEBI_NOTHING_2
INTAKE_OK NPC_DOKKAEBI_NOTHING_1
INTAKE_OK NPC_DOKKAEBI_NOTHING_3
INTAKE_OK NPC_DOKKAEBI_NO_RESULT_1
INTAKE_OK NPC_DOKKAEBI_NO_RESULT_2
INTAKE_OK NPC_DOKKAEBI_NO_RESULT_3
INTAKE_OK NPC_DOKKAEBI_GOLD_SHORT_2
INTAKE_OK NPC_DOKKAEBI_GOLD_SHORT_1
INTAKE_OK NPC_DOKKAEBI_GOLD_SHORT_3
INTAKE_OK NPC_DOKKAEBI_BAG_FULL_1
INTAKE_OK NPC_DOKKAEBI_BAG_FULL_2
INTAKE_OK NPC_DOKKAEBI_EMPTY_2
INTAKE_OK NPC_DOKKAEBI_EMPTY_1
INTAKE_OK NPC_DOKKAEBI_BAG_FULL_3
INTAKE_OK NPC_DOKKAEBI_SWAP_DONE_1
INTAKE_OK NPC_DOKKAEBI_SWAP_DONE_2
INTAKE_OK NPC_DOKKAEBI_SWAP_NONE_1
INTAKE_OK NPC_DOKKAEBI_SWAP_NONE_2
INTAKE_OK NPC_DOKKAEBI_NEAR_G05_ELSE
INTAKE_OK NPC_DOKKAEBI_NEAR_G06_RULE
INTAKE_OK NPC_DOKKAEBI_NEAR_G06_ELSE
INTAKE_OK NPC_DOKKAEBI_NEAR_G07_ELSE
INTAKE_OK NPC_DOKKAEBI_NEAR_G08_ELSE
INTAKE_OK NPC_DOKKAEBI_NEAR_G09_RULE
INTAKE_OK NPC_DOKKAEBI_NEAR_G09_ELSE
INTAKE_OK NPC_DOKKAEBI_NEAR_G10_RULE
INTAKE_OK NPC_DOKKAEBI_NEAR_G10_ELSE
INTAKE_OK NPC_DOKKAEBI_NEAR_G11_ELSE
INTAKE_OK NPC_DOKKAEBI_NEAR_G12_ELSE
INTAKE_OK NPC_ELDER_FIRST_1
INTAKE_OK NPC_ELDER_FIRST_2
INTAKE_OK NPC_ELDER_AFTER_1
INTAKE_OK NPC_ELDER_THANKS_NUDGE
INTAKE_OK NPC_ELDER_CLEAR_DONE_1
INTAKE_OK NPC_ELDER_CLEAR_DONE_2
INTAKE_OK NPC_ELDER_CLEAR_ACTIVE_2
INTAKE_OK NPC_ELDER_CLEAR_ACTIVE_1
INTAKE_OK NPC_ELDER_OFFER_AGAIN
INTAKE_OK NPC_ELDER_ACTIVE_2
INTAKE_OK NPC_ELDER_ACTIVE_1
INTAKE_OK NPC_ELDER_OFFER_1
INTAKE_OK NPC_ELDER_OFFER_3
INTAKE_OK NPC_ELDER_OFFER_2
INTAKE_OK NPC_ELDER_OFFER_4
INTAKE_OK NPC_ELDER_GREET_2
INTAKE_OK NPC_ELDER_GREET_1
INTAKE_OK NPC_ELDER_GREET_3
INTAKE_OK NPC_ELDER_GREET_4
INTAKE_OK NPC_ELDER_ACCEPT_1
INTAKE_OK NPC_ELDER_REPORT_1
INTAKE_OK NPC_ELDER_REPORT_2
INTAKE_OK NPC_ELDER_REPORT_3
INTAKE_OK NPC_ELDER_THANKS_1
INTAKE_OK NPC_ELDER_AFTER_2
INTAKE_OK NPC_ELDER_THANKS_FULL
INTAKE_OK NPC_ELDER_VOUCH_1
INTAKE_OK NPC_ELDER_HINT_G06_1
INTAKE_OK NPC_ELDER_HINT_G06_2
INTAKE_OK NPC_ELDER_HINT_G06_3
INTAKE_OK NPC_JUMO_FIRST_2
INTAKE_OK NPC_JUMO_FIRST_1
INTAKE_OK NPC_JUMO_FIRST_3
INTAKE_OK NPC_JUMO_MAIN_1
INTAKE_OK NPC_JUMO_MAIN_2
INTAKE_OK NPC_JUMO_MAIN_3
INTAKE_OK NPC_JUMO_MAIN_3B
INTAKE_OK NPC_JUMO_MAIN_3C
INTAKE_OK NPC_JUMO_MAIN_4
INTAKE_OK NPC_JUMO_MAIN_4B
INTAKE_OK NPC_JUMO_MAIN_5
INTAKE_OK NPC_JUMO_MAIN_6
INTAKE_OK NPC_JUMO_MAIN_7
INTAKE_OK NPC_JUMO_MAIN_8
INTAKE_OK NPC_JUMO_MAIN_9
INTAKE_OK NPC_JUMO_MAIN_10
INTAKE_OK NPC_JUMO_GAKSI_DONE_1
INTAKE_OK NPC_JUMO_GAKSI_DONE_2
INTAKE_OK NPC_JUMO_NEWS2_1
INTAKE_OK NPC_JUMO_NEWS2_LAST_HEUK
INTAKE_OK NPC_JUMO_NEWS2_LAST_BEOM
INTAKE_OK NPC_JUMO_NEWS2_LAST_SOE
INTAKE_OK NPC_JUMO_NEWS2_3
INTAKE_OK NPC_JUMO_NEWS2_5
INTAKE_OK NPC_JUMO_NEWS2_4
INTAKE_OK NPC_JUMO_NEWS1_1
INTAKE_OK NPC_JUMO_NEWS1_4
INTAKE_OK NPC_JUMO_NEWS1_3
INTAKE_OK NPC_JUMO_NEWS1_HEUK
INTAKE_OK NPC_JUMO_NEWS1_LEFT_BEOM_SOE
INTAKE_OK NPC_JUMO_NEWS1_LEFT_HEUK_SOE
INTAKE_OK NPC_JUMO_NEWS1_LEFT_HEUK_BEOM
INTAKE_OK NPC_JUMO_NEWS1_END
INTAKE_OK NPC_JUMO_GREET_1
INTAKE_OK NPC_JUMO_GREET_2
INTAKE_OK NPC_JUMO_GREET_3
INTAKE_OK NPC_JUMO_BUSY_1
INTAKE_OK NPC_JUMO_BUSY_2
INTAKE_OK NPC_JUMO_RUMOR_1
INTAKE_OK NPC_JUMO_RUMOR_2
INTAKE_OK NPC_JUMO_RUMOR_3
INTAKE_OK NPC_JUMO_RUMOR_4
INTAKE_OK NPC_JUMO_RUMOR_5
INTAKE_OK NPC_JUMO_RUMOR_6
INTAKE_OK NPC_JUMO_RUMOR_7
INTAKE_OK NPC_JUMO_RUMOR_8
INTAKE_OK NPC_JUMO_OFFER_1
INTAKE_OK NPC_JUMO_OFFER_2
INTAKE_OK NPC_JUMO_OFFER_3
INTAKE_OK NPC_MERCHANT_FIRST_1
INTAKE_OK NPC_MERCHANT_FIRST_2
INTAKE_OK NPC_MERCHANT_FIRST_3
INTAKE_OK NPC_MERCHANT_ACTIVE_1
INTAKE_OK NPC_MERCHANT_ACTIVE_2
INTAKE_OK NPC_MERCHANT_AFTER_1
INTAKE_OK NPC_MERCHANT_GREET_1
INTAKE_OK NPC_MERCHANT_GREET_2
INTAKE_OK NPC_MERCHANT_GREET_3
INTAKE_OK NPC_MERCHANT_GREET_4
INTAKE_OK NPC_MERCHANT_GREET_5
INTAKE_OK NPC_MERCHANT_VOUCH_1
INTAKE_OK NPC_MERCHANT_HINT_G08_1
INTAKE_OK NPC_MERCHANT_HINT_G08_2
INTAKE_OK NPC_MERCHANT_HINT_G08_3
INTAKE_OK NPC_SHAMAN_OFFER_1
INTAKE_OK NPC_SHAMAN_OFFER_2
INTAKE_OK NPC_SHAMAN_OFFER_3
INTAKE_OK NPC_SHAMAN_OFFER_3B
INTAKE_OK NPC_SHAMAN_OFFER_3C
INTAKE_OK NPC_SHAMAN_OFFER_4
INTAKE_OK NPC_SHAMAN_OFFER_5
INTAKE_OK NPC_SHAMAN_OFFER_6
INTAKE_OK NPC_SHAMAN_OFFER_7
INTAKE_OK NPC_SHAMAN_OFFER_8
INTAKE_OK NPC_SHAMAN_OFFER_9
INTAKE_OK NPC_SHAMAN_HEAL_INTRO_1
INTAKE_OK NPC_SHAMAN_PROGRESS_1
INTAKE_OK NPC_SHAMAN_PROGRESS_2
INTAKE_OK NPC_SHAMAN_DONE_1
INTAKE_OK NPC_SHAMAN_NUDGE_1
INTAKE_OK NPC_SHAMAN_PROXY_1
INTAKE_OK NPC_SHAMAN_DONE_2
INTAKE_OK NPC_SHAMAN_DONE_3
INTAKE_OK NPC_SHAMAN_REPORT_3
INTAKE_OK NPC_SHAMAN_REPORT_2
INTAKE_OK NPC_SHAMAN_TAVERN_1
INTAKE_OK NPC_SHAMAN_TAVERN_2
INTAKE_OK NPC_SHAMAN_AFTER_LORE_4
INTAKE_OK NPC_SHAMAN_AFTER_LORE_1
INTAKE_OK NPC_SHAMAN_AFTER_LORE_2
INTAKE_OK NPC_SHAMAN_AFTER_SRC_1
INTAKE_OK NPC_SHAMAN_AFTER_SRC_2
INTAKE_OK NPC_SHAMAN_AFTER_SRC_3
INTAKE_OK NPC_SHAMAN_AFTER_ALL_2
INTAKE_OK NPC_SHAMAN_AFTER_ALL_1
INTAKE_OK NPC_SHAMAN_AFTER_ALL_3
INTAKE_OK NPC_SHAMAN_WARN_1
INTAKE_OK NPC_SHAMAN_AFTER_HAND_1
INTAKE_OK NPC_SHAMAN_WARN_2
INTAKE_OK NPC_SHAMAN_AFTER_LAST_HEUK_1
INTAKE_OK NPC_SHAMAN_AFTER_LAST_HEUK_2
INTAKE_OK NPC_SHAMAN_AFTER_LAST_HEUK_3
INTAKE_OK NPC_SHAMAN_AFTER_LAST_BEOM_1
INTAKE_OK NPC_SHAMAN_AFTER_LAST_BEOM_2
INTAKE_OK NPC_SHAMAN_AFTER_LAST_BEOM_3
INTAKE_OK NPC_SHAMAN_AFTER_LAST_SOE_1
INTAKE_OK NPC_SHAMAN_AFTER_LAST_SOE_3
INTAKE_OK NPC_SHAMAN_AFTER_LAST_SOE_2
INTAKE_OK NPC_SHAMAN_SMELL_3
INTAKE_OK NPC_SHAMAN_SMELL_1
INTAKE_OK NPC_SHAMAN_SMELL_2
INTAKE_OK NPC_SHAMAN_GREET_1
INTAKE_OK NPC_SHAMAN_GREET_2
INTAKE_OK NPC_SHAMAN_GREET_3
INTAKE_OK NPC_SHAMAN_REPEAT_4
INTAKE_OK NPC_SHAMAN_REPEAT_3
INTAKE_OK NPC_SHAMAN_GREET_4
INTAKE_OK NPC_SHAMAN_REPEAT_1
INTAKE_OK NPC_SHAMAN_REPEAT_2
INTAKE_OK NPC_SHAMAN_IDENTIFY_1
INTAKE_OK NPC_SHAMAN_IDENTIFY_2
INTAKE_OK NPC_SHAMAN_HINT_MANSA_1
INTAKE_OK NPC_SHAMAN_HINT_MANSA_2
INTAKE_OK NPC_SHAMAN_HINT_MANSA_3
INTAKE_QA_PASS 237
