Godot Engine v4.7.2.stable.steam.ed1daf0bf - https://godotengine.org

[   0% ] [90m[1mfirst_scan_filesystem[22m | Started 프로젝트 초기화 (5 steps)[39m[0m
[   0% ] [90m[1mfirst_scan_filesystem[22m | 파일 구조 스캔 중...[39m[0m
[  16% ] [90m[1mfirst_scan_filesystem[22m | 전역 클래스 이름을 불러오는 중...[39m[0m
[  33% ] [90m[1mfirst_scan_filesystem[22m | GDExtensions 검증 중...[39m[0m
[  50% ] [90m[1mfirst_scan_filesystem[22m | 오토로드 스크립트를 만드는 중...[39m[0m
[  66% ] [90m[1mfirst_scan_filesystem[22m | 플러그인을 초기화 중...[39m[0m
[  83% ] [90m[1mfirst_scan_filesystem[22m | 파일 스캔 시작 중...[39m[0m
[92m[ DONE ][39m [1mfirst_scan_filesystem[22m
[0m
[   0% ] [90m[1mupdate_scripts_classes[22m | Started 전역 클래스를 등록하는 중... (3 steps)[39m[0m
[   0% ] [90m[1mupdate_scripts_classes[22m | [39m[0m
[  25% ] [90m[1mupdate_scripts_classes[22m | [39m[0m
[  50% ] [90m[1mupdate_scripts_classes[22m | [39m[0m
[92m[ DONE ][39m [1mupdate_scripts_classes[22m
[0m
[   0% ] [90m[1m_update_scan_actions[22m | Started 액션 스캔 중... (25 steps)[39m[0m
[   0% ] [90m[1m_update_scan_actions[22m | 01b_town_catalog.png[39m[0m
[   3% ] [90m[1m_update_scan_actions[22m | 01_dungeon_catalog.png[39m[0m
[   7% ] [90m[1m_update_scan_actions[22m | 02_town_assembly.png[39m[0m
[  11% ] [90m[1m_update_scan_actions[22m | 03_dungeon_assembly.png[39m[0m
[  15% ] [90m[1m_update_scan_actions[22m | 04_occlusion_baseline.png[39m[0m
[  19% ] [90m[1m_update_scan_actions[22m | 05_occlusion_opaque.png[39m[0m
[  23% ] [90m[1m_update_scan_actions[22m | 06_occlusion_cutaway.png[39m[0m
[  26% ] [90m[1m_update_scan_actions[22m | 07_props_catalog.png[39m[0m
[  30% ] [90m[1m_update_scan_actions[22m | 08_sword_angles.png[39m[0m
[  34% ] [90m[1m_update_scan_actions[22m | 09_sword_socket.png[39m[0m
[  38% ] [90m[1m_update_scan_actions[22m | 10_sword_socket_closeup.png[39m[0m
[  42% ] [90m[1m_update_scan_actions[22m | 11_h1_socket_attack_00.png[39m[0m
[  46% ] [90m[1m_update_scan_actions[22m | 11_h1_socket_attack_01.png[39m[0m
[  50% ] [90m[1m_update_scan_actions[22m | 11_h1_socket_attack_02.png[39m[0m
[  53% ] [90m[1m_update_scan_actions[22m | 11_h1_socket_idle_00.png[39m[0m
[  57% ] [90m[1m_update_scan_actions[22m | 11_h1_socket_idle_01.png[39m[0m
[  61% ] [90m[1m_update_scan_actions[22m | 11_h1_socket_idle_02.png[39m[0m
[  65% ] [90m[1m_update_scan_actions[22m | 11_h1_socket_walk_00.png[39m[0m
[  69% ] [90m[1m_update_scan_actions[22m | 11_h1_socket_walk_01.png[39m[0m
[  73% ] [90m[1m_update_scan_actions[22m | 11_h1_socket_walk_02.png[39m[0m
[  76% ] [90m[1m_update_scan_actions[22m | 01b_town_catalog_flat.png[39m[0m
[  80% ] [90m[1m_update_scan_actions[22m | 02_town_assembly_flat.png[39m[0m
[  84% ] [90m[1m_update_scan_actions[22m | 07_props_catalog_flat.png[39m[0m
[  88% ] [90m[1m_update_scan_actions[22m | H1_doho_preserved.glb[39m[0m
[  92% ] [90m[1m_update_scan_actions[22m | H1_matte_atlas.png[39m[0m
[92m[ DONE ][39m [1m_update_scan_actions[22m
[0m
[   0% ] [90m[1mreimport[22m | Started 애셋 (다시) 가져오는 중 (21 steps)[39m[0m
[   0% ] [90m[1mreimport[22m | 다시 가져올 파일을 준비 중...[39m[0m
[   4% ] [90m[1mreimport[22m | 다시 가져올 파일을 준비 중...[39m[0m
[   9% ] [90m[1mreimport[22m | 다시 가져올 파일을 준비 중...[39m[0m
[  13% ] [90m[1mreimport[22m | 다시 가져올 파일을 준비 중...[39m[0m
[  18% ] [90m[1mreimport[22m | 다시 가져올 파일을 준비 중...[39m[0m
[  22% ] [90m[1mreimport[22m | 다시 가져올 파일을 준비 중...[39m[0m
[  27% ] [90m[1mreimport[22m | 다시 가져올 파일을 준비 중...[39m[0m
[  31% ] [90m[1mreimport[22m | 다시 가져올 파일을 준비 중...[39m[0m
[  36% ] [90m[1mreimport[22m | 다시 가져올 파일을 준비 중...[39m[0m
[  40% ] [90m[1mreimport[22m | 다시 가져올 파일을 준비 중...[39m[0m
[  45% ] [90m[1mreimport[22m | 다시 가져올 파일을 준비 중...[39m[0m
[  50% ] [90m[1mreimport[22m | 다시 가져올 파일을 준비 중...[39m[0m
[  54% ] [90m[1mreimport[22m | 다시 가져올 파일을 준비 중...[39m[0m
[  59% ] [90m[1mreimport[22m | 다시 가져올 파일을 준비 중...[39m[0m
[  63% ] [90m[1mreimport[22m | 다시 가져올 파일을 준비 중...[39m[0m
[  68% ] [90m[1mreimport[22m | 다시 가져올 파일을 준비 중...[39m[0m
[  72% ] [90m[1mreimport[22m | 다시 가져올 파일을 준비 중...[39m[0m
[  77% ] [90m[1mreimport[22m | 다시 가져올 파일을 준비 중...[39m[0m
[  81% ] [90m[1mreimport[22m | 다시 가져올 파일을 준비 중...[39m[0m
[  86% ] [90m[1mreimport[22m | 다시 가져올 파일을 준비 중...[39m[0m
[  90% ] [90m[1mreimport[22m | 다시 가져올 파일을 준비 중...[39m[0m
[   0% ] [90m[1mreimport[22m | 다시 가져오기 전 작업을 수행 중...[39m[0m
[   0% ] [90m[1mreimport[22m | H1_matte_atlas.png[39m[0m
[   4% ] [90m[1mreimport[22m | 07_props_catalog_flat.png[39m[0m
[   9% ] [90m[1mreimport[22m | 02_town_assembly_flat.png[39m[0m
[  13% ] [90m[1mreimport[22m | 01b_town_catalog_flat.png[39m[0m
[  18% ] [90m[1mreimport[22m | 11_h1_socket_walk_02.png[39m[0m
[  22% ] [90m[1mreimport[22m | 11_h1_socket_walk_01.png[39m[0m
[  27% ] [90m[1mreimport[22m | 11_h1_socket_walk_00.png[39m[0m
[  31% ] [90m[1mreimport[22m | 11_h1_socket_idle_02.png[39m[0m
[  36% ] [90m[1mreimport[22m | 11_h1_socket_idle_01.png[39m[0m
[  40% ] [90m[1mreimport[22m | 11_h1_socket_idle_00.png[39m[0m
[  45% ] [90m[1mreimport[22m | 11_h1_socket_attack_02.png[39m[0m
[  50% ] [90m[1mreimport[22m | 11_h1_socket_attack_01.png[39m[0m
[  54% ] [90m[1mreimport[22m | 11_h1_socket_attack_00.png[39m[0m
[  59% ] [90m[1mreimport[22m | 10_sword_socket_closeup.png[39m[0m
[  63% ] [90m[1mreimport[22m | 09_sword_socket.png[39m[0m
[  68% ] [90m[1mreimport[22m | 06_occlusion_cutaway.png[39m[0m
[  72% ] [90m[1mreimport[22m | 05_occlusion_opaque.png[39m[0m
[  77% ] [90m[1mreimport[22m | 04_occlusion_baseline.png[39m[0m
[  81% ] [90m[1mreimport[22m | 03_dungeon_assembly.png[39m[0m
[  86% ] [90m[1mreimport[22m | 02_town_assembly.png[39m[0m
[  90% ] [90m[1mreimport[22m | H1_doho_preserved.glb[39m[0m
[   0% ] [90m[1mimport[22m | Started 씬 가져오기 (104 steps)[39m[0m
[   0% ] [90m[1mimport[22m | 씬 가져오는 중...[39m[0m
[   1% ] [90m[1mimport[22m | 커스텀 스크립트 실행 중...[39m[0m
[  99% ] [90m[1mimport[22m | 저장 중...[39m[0m
[92m[ DONE ][39m [1mimport[22m
[0m
[  95% ] [90m[1mreimport[22m | 애셋 가져오기 마무리 중...[39m[0m
[92m[ DONE ][39m [1mreimport[22m
[0m
[   0% ] [90m[1mreimport[22m | Started 애셋 (다시) 가져오는 중 (21 steps)[39m[0m
[   0% ] [90m[1mreimport[22m | 다시 가져오기 후 작업을 수행 중...[39m[0m
[92m[ DONE ][39m [1mreimport[22m
[0m
[   0% ] [90m[1mloading_editor_layout[22m | Started 편집기를 불러오는 중 (5 steps)[39m[0m
[   0% ] [90m[1mloading_editor_layout[22m | 편집기 레이아웃을 불러오는 중...[39m[0m
[  16% ] [90m[1mloading_editor_layout[22m | 독을 불러오는 중...[39m[0m
[92m[ DONE ][39m [1mloading_editor_layout[22m
[0m
