08:02:05 | INFO: Data are loaded, start creating Blender stuff
08:02:05 | INFO: Blender create Mesh node 0
08:02:05 | INFO: glTF import finished in 0.02s
INFO Draco is available, use library at E:\SteamLibrary\steamapps\common\Blender\5.2\scripts\addons_core\io_scene_gltf2\bf_intern_draco_bridge.dll
INFO MeshOptimizer is available, use library at E:\SteamLibrary\steamapps\common\Blender\5.2\scripts\addons_core\io_scene_gltf2\bf_intern_meshopt_bridge.dll
08:02:05 | INFO: Starting glTF 2.0 export
08:02:05 | INFO: Extracting primitive: Mesh_0
08:02:05 | INFO: Primitives created: 1
08:02:05 | INFO: Finished glTF 2.0 export in 0.24219751358032227 s

08:02:05 | INFO: Data are loaded, start creating Blender stuff
08:02:05 | INFO: Blender create Mesh node 0
08:02:05 | INFO: glTF import finished in 0.01s
08:02:05 | INFO: Starting glTF 2.0 export
08:02:05 | INFO: Extracting primitive: Mesh_0
08:02:05 | INFO: Primitives created: 1
08:02:05 | INFO: Finished glTF 2.0 export in 0.10804486274719238 s

[
  {
    "id": "stairs_up",
    "triangles_before": 502,
    "triangles_after": 488,
    "change": "Collapse decimation on candidate copy only; same source materials; footprint normalized to 1x1; height and origin restored"
  },
  {
    "id": "stairs_down",
    "triangles_before": 514,
    "triangles_after": 487,
    "change": "Collapse decimation on candidate copy only; same source materials; footprint normalized to 1x1; height and origin restored"
  }
]
Blender 5.2.2 LTS (hash d13f752e3b9c built 2026-09-15 01:37:04)

Blender quit
