== e2e 러너 자기검사 ==
  PASS  E2E_SELFTEST PASS (판정 일치 5/5)  (8.6초)
== e2e (balance_boss) ==
E2E start: balance_boss
E2E ▶ balance_boss
  · 명중 확정 끔 — 이 대본은 명중 굴림을 실전 그대로 쓴다 (#342)
  · 흑랑 RNG Lv3 판1 doho0 seed=23271941 initial=3718673984595126131
  · 흑랑 준비 key=93 physics=6 expected=6
  · 흑랑 RNG Lv3 판1 guard_bat1 seed=23275069 initial=6699926644757452107
  · 흑랑 RNG Lv3 판1 guard_bat2 seed=23275170 initial=3841642673449239052
  · 흑랑 RNG Lv3 판1 heukrang0 seed=23272950 initial=5665186195085305808
  · 흑랑 파수2 Lv3 판1 entered tick=29 game=0.4833 state=0 XZ=(20.5000,15.5000) pack=6 target=none path=0/0 level_current=false rng=3841642673449239052
  · 흑랑 층경계 Lv3 판1 entered tick=29 physics=false XYZ=(23.5000,0.0500,23.5000) current_floor=2 queued_levels=1 queued_colliders=36 stale_collisions=1 collisions=FloorBody:current=false:queued=true
  · 흑랑 파수2 Lv3 판1 sample tick=29 game=0.4833 state=0 XZ=(20.5000,15.5000) pack=6 target=none path=0/0 level_current=false rng=3841642673449239052
  · 흑랑 층경계 Lv3 판1 physics_after_1 tick=30 physics=true XYZ=(23.5000,0.0004,23.5000) current_floor=2 queued_levels=0 queued_colliders=0 stale_collisions=0 collisions=
  · 흑랑 층경계 Lv3 판1 physics_after_2 tick=31 physics=true XYZ=(23.5000,0.0004,23.5000) current_floor=2 queued_levels=0 queued_colliders=0 stale_collisions=0 collisions=FloorBody:current=true:queued=false
  · 흑랑 준비 key=93 physics=6 expected=6
  · 흑랑 파수2 Lv3 판1 before_V tick=35 game=0.5667 state=1 XZ=(20.5000,15.8000) pack=6 target=(23.5000,23.5000) path=0/8 level_current=true rng=3841642673449239052
  · 흑랑 준비 key=86 physics=5 expected=5
  · 흑랑 파수2 Lv3 판1 after_V tick=41 game=0.6667 state=1 XZ=(20.5000,16.2500) pack=6 target=(10.5000,8.5000) path=1/8 level_current=true rng=3841642673449239052
  · 흑랑 파수2 Lv3 판1 sample tick=59 game=0.9833 state=1 XZ=(20.0692,16.3111) pack=6 target=(10.5000,8.5000) path=0/16 level_current=true rng=3841642673449239052
  · 흑랑 파수2 Lv3 판1 sample tick=90 game=1.5000 state=1 XZ=(19.5161,14.1195) pack=6 target=(10.5000,8.5000) path=0/14 level_current=true rng=3841642673449239052
  · 흑랑 파수2 Lv3 판1 sample tick=121 game=2.0167 state=1 XZ=(19.5004,11.7947) pack=6 target=(10.4333,8.5000) path=0/12 level_current=true rng=3841642673449239052
  · 흑랑 파수2 Lv3 판1 sample tick=152 game=2.5333 state=1 XZ=(19.3144,9.5340) pack=6 target=(10.3667,8.5000) path=1/10 level_current=true rng=3841642673449239052
  · 흑랑 파수2 Lv3 판1 sample tick=183 game=3.0500 state=1 XZ=(17.4237,8.5483) pack=6 target=(10.3667,8.5000) path=0/7 level_current=true rng=3841642673449239052
  · 흑랑 파수2 Lv3 판1 sample tick=214 game=3.5667 state=5 XZ=(17.1488,8.5432) pack=6 target=(10.3667,8.5000) path=0/7 level_current=true rng=3841642673449239052
  · 흑랑 파수2 Lv3 판1 sample tick=245 game=4.0833 state=5 XZ=(11.6177,8.5080) pack=6 target=(10.3667,8.5000) path=0/7 level_current=true rng=3841642673449239052
  · 흑랑 파수2 Lv3 판1 sample tick=276 game=4.6000 state=4 XZ=(11.6177,8.5080) pack=6 target=(10.3667,8.5000) path=0/7 level_current=true rng=3841642673449239052
  · 흑랑 파수2 Lv3 판1 sample tick=307 game=5.1167 state=1 XZ=(12.1384,8.5014) pack=6 target=(10.3667,8.5000) path=1/3 level_current=true rng=3841642673449239052
  · 흑랑 파수2 Lv3 판1 sample tick=338 game=5.6333 state=1 XZ=(11.6192,8.5000) pack=6 target=(10.3000,8.5000) path=0/1 level_current=true rng=3841642673449239052
  · 흑랑 파수2 Lv3 판1 sample tick=369 game=6.1500 state=1 XZ=(11.5660,8.5000) pack=6 target=(10.3000,8.5000) path=0/1 level_current=true rng=3841642673449239052
  · 흑랑 파수2 Lv3 판1 sample tick=400 game=6.6667 state=3 XZ=(11.5660,8.5000) pack=6 target=(10.3000,8.5000) path=0/1 level_current=true rng=3841642673449239052
  · 흑랑 파수2 Lv3 판1 sample tick=431 game=7.1833 state=4 XZ=(11.5660,8.5000) pack=6 target=(10.3000,8.5000) path=0/1 level_current=true rng=3841642673449239052
  · 흑랑 파수2 Lv3 판1 sample tick=462 game=7.7000 state=1 XZ=(11.5507,8.4998) pack=6 target=(10.3000,8.5000) path=0/1 level_current=true rng=3841642673449239052
  · 흑랑 파수2 Lv3 판1 sample tick=492 game=8.2000 state=1 XZ=(11.5507,8.4998) pack=6 target=(10.3000,8.5000) path=0/1 level_current=true rng=3841642673449239052
  · 흑랑 파수2 Lv3 판1 sample tick=522 game=8.7000 state=1 XZ=(11.5507,8.4998) pack=6 target=(10.3000,8.5000) path=0/1 level_current=true rng=3841642673449239052
  · 흑랑 파수2 Lv3 판1 sample tick=552 game=9.2000 state=3 XZ=(11.5507,8.4998) pack=6 target=(10.1667,8.5000) path=0/1 level_current=true rng=3841642673449239052
  · 흑랑 파수2 Lv3 판1 sample tick=582 game=9.7000 state=4 XZ=(11.4288,8.4998) pack=6 target=(10.1667,8.5000) path=0/1 level_current=true rng=3841642673449239052
  · 흑랑 파수2 Lv3 판1 sample tick=612 game=10.2000 state=1 XZ=(11.4287,8.4997) pack=6 target=(10.1667,8.5000) path=0/1 level_current=true rng=3841642673449239052
  · 흑랑 파수2 Lv3 판1 sample tick=642 game=10.7000 state=1 XZ=(11.4287,8.4997) pack=6 target=(10.1667,8.5000) path=0/1 level_current=true rng=3841642673449239052
  · 흑랑 파수2 Lv3 판1 sample tick=672 game=11.2000 state=1 XZ=(11.4287,8.4997) pack=6 target=(10.1667,8.5000) path=0/1 level_current=true rng=3841642673449239052
  · 흑랑 파수2 Lv3 판1 sample tick=702 game=11.7000 state=3 XZ=(11.4287,8.4997) pack=6 target=(10.1667,8.5000) path=0/1 level_current=true rng=3841642673449239052
  · 흑랑 RNG Lv3 판1 summon_bat1 seed=23274060 initial=4753414434267272430
  · 흑랑 RNG Lv3 판1 summon_bat2 seed=23274161 initial=1895130462959059375
  · 흑랑 파수2 Lv3 판1 sample tick=732 game=12.2000 state=5 XZ=(10.8880,8.4746) pack=6 target=(10.1667,8.5000) path=0/1 level_current=true rng=3841642673449239052
  · 흑랑 파수2 Lv3 판1 sample tick=762 game=12.7000 state=1 XZ=(10.7868,8.5306) pack=6 target=(10.0333,8.5000) path=0/1 level_current=true rng=2984990500747020242
  · 흑랑 파수2 Lv3 판1 sample tick=792 game=13.2000 state=1 XZ=(10.6868,8.5590) pack=6 target=(10.0333,8.5000) path=0/1 level_current=true rng=2984990500747020242
  · 흑랑 파수2 Lv3 판1 sample tick=822 game=13.7000 state=1 XZ=(10.6868,8.5590) pack=6 target=(10.0333,8.5000) path=0/1 level_current=true rng=2984990500747020242
  · 흑랑 파수2 Lv3 판1 sample tick=852 game=14.2000 state=1 XZ=(10.6868,8.5590) pack=6 target=(10.0333,8.5000) path=0/1 level_current=true rng=2984990500747020242
  · 흑랑 파수2 Lv3 판1 sample tick=882 game=14.7000 state=3 XZ=(10.6868,8.5590) pack=6 target=(10.0333,8.5000) path=0/1 level_current=true rng=2984990500747020242
  · 흑랑 파수2 Lv3 판1 sample tick=912 game=15.2000 state=4 XZ=(10.6868,8.5590) pack=6 target=(10.0333,8.5000) path=0/1 level_current=true rng=-1267280395400995224
  · 흑랑 파수2 Lv3 판1 sample tick=942 game=15.7000 state=1 XZ=(10.6809,8.5598) pack=6 target=(10.0333,8.5000) path=0/1 level_current=true rng=-1267280395400995224
  · 흑랑 파수2 Lv3 판1 sample tick=972 game=16.2000 state=1 XZ=(10.6809,8.5598) pack=6 target=(10.0333,8.5000) path=0/1 level_current=true rng=-1267280395400995224
  · 흑랑 파수2 Lv3 판1 sample tick=1003 game=16.7167 state=1 XZ=(10.6809,8.5598) pack=6 target=(10.0333,8.5000) path=0/1 level_current=true rng=-1267280395400995224
  · 흑랑 파수2 Lv3 판1 sample tick=1034 game=17.2333 state=3 XZ=(10.6809,8.5598) pack=6 target=(10.0333,8.5000) path=0/1 level_current=true rng=-1267280395400995224
  · 흑랑 파수2 Lv3 판1 sample tick=1065 game=17.7500 state=4 XZ=(10.6809,8.5598) pack=6 target=(10.0333,8.5000) path=0/1 level_current=true rng=7952870694343690062
  · 흑랑 파수2 Lv3 판1 sample tick=1096 game=18.2667 state=1 XZ=(10.6806,8.5602) pack=6 target=(10.0333,8.5000) path=0/1 level_current=true rng=7952870694343690062
  · 흑랑 파수2 Lv3 판1 sample tick=1127 game=18.7833 state=1 XZ=(10.6806,8.5602) pack=6 target=(10.0333,8.5000) path=0/1 level_current=true rng=7952870694343690062
  · 흑랑 파수2 Lv3 판1 sample tick=1158 game=19.3000 state=1 XZ=(10.6806,8.5602) pack=6 target=(10.0333,8.5000) path=0/1 level_current=true rng=7952870694343690062
  · 흑랑 파수2 Lv3 판1 sample tick=1189 game=19.8167 state=3 XZ=(10.6806,8.5602) pack=6 target=(10.0333,8.5000) path=0/1 level_current=true rng=7952870694343690062
  · 흑랑 파수2 Lv3 판1 sample tick=1220 game=20.3333 state=4 XZ=(10.6806,8.5602) pack=6 target=(10.0333,8.5000) path=0/1 level_current=true rng=-5111047397832607740
  · 흑랑 파수2 Lv3 판1 sample tick=1251 game=20.8500 state=1 XZ=(10.6804,8.5601) pack=6 target=(10.0333,8.5000) path=0/1 level_current=true rng=-5111047397832607740
  · 흑랑 파수2 Lv3 판1 sample tick=1282 game=21.3667 state=1 XZ=(10.6804,8.5601) pack=6 target=(10.0333,8.5000) path=0/1 level_current=true rng=-5111047397832607740
  · 흑랑 파수2 Lv3 판1 sample tick=1313 game=21.8833 state=1 XZ=(10.6804,8.5601) pack=6 target=(10.0333,8.5000) path=0/1 level_current=true rng=-5111047397832607740
  · 흑랑 파수2 Lv3 판1 sample tick=1344 game=22.4000 state=3 XZ=(10.6804,8.5601) pack=6 target=(10.0333,8.5000) path=0/1 level_current=true rng=-5111047397832607740
  · 흑랑 파수2 Lv3 판1 sample tick=1375 game=22.9167 state=4 XZ=(10.6804,8.5601) pack=6 target=(10.0333,8.5000) path=0/1 level_current=true rng=-5424752888238917110
  · 흑랑 파수2 Lv3 판1 sample tick=1406 game=23.4333 state=1 XZ=(10.6807,8.5600) pack=6 target=(10.0333,8.5000) path=0/1 level_current=true rng=-5424752888238917110
  · 흑랑 파수2 Lv3 판1 sample tick=1437 game=23.9500 state=1 XZ=(10.6807,8.5600) pack=6 target=(10.0333,8.5000) path=0/1 level_current=true rng=-5424752888238917110
  · 흑랑 파수2 Lv3 판1 sample tick=1468 game=24.4667 state=1 XZ=(10.6807,8.5600) pack=6 target=(10.0333,8.5000) path=0/1 level_current=true rng=-5424752888238917110
  · 흑랑 파수2 Lv3 판1 sample tick=1499 game=24.9833 state=3 XZ=(10.6807,8.5600) pack=6 target=(10.0333,8.5000) path=0/1 level_current=true rng=-5424752888238917110
  · 흑랑 파수2 Lv3 판1 sample tick=1530 game=25.5000 state=4 XZ=(10.6807,8.5600) pack=6 target=(10.0333,8.5000) path=0/1 level_current=true rng=602141716667985580
  · 흑랑 파수2 Lv3 판1 sample tick=1561 game=26.0167 state=1 XZ=(10.6807,8.5601) pack=6 target=(10.0333,8.5000) path=0/1 level_current=true rng=602141716667985580
  · 흑랑 파수2 Lv3 판1 sample tick=1592 game=26.5333 state=1 XZ=(10.6807,8.5601) pack=6 target=(10.0333,8.5000) path=0/1 level_current=true rng=602141716667985580
  · 흑랑 파수2 Lv3 판1 sample tick=1623 game=27.0500 state=1 XZ=(10.6807,8.5601) pack=6 target=(10.0333,8.5000) path=0/1 level_current=true rng=602141716667985580
  · 흑랑 파수2 Lv3 판1 sample tick=1654 game=27.5667 state=3 XZ=(10.6807,8.5601) pack=6 target=(10.0333,8.5000) path=0/1 level_current=true rng=602141716667985580
  · 흑랑 파수2 Lv3 판1 sample tick=1685 game=28.0833 state=4 XZ=(10.6807,8.5601) pack=6 target=(10.0333,8.5000) path=0/1 level_current=true rng=1286086405583097886
  · 흑랑 입력 Lv3 판1 polls=277 physics_interval=6 valid=true
  · 흑랑 Lv3 처치 · 27.7초 · 2페이즈 11.2초 · 생명 130→34 (최저 32 = 25%) · 탕약 3/3 · 적 공격 41 (명중 25)
  · 흑랑 파수2 Lv3 판1 finish tick=1703 game=28.3667 state=4 XZ=(10.6807,8.5601) pack=6 target=(10.0333,8.5000) path=0/1 level_current=true rng=1286086405583097886
  · 흑랑 RNG Lv3 판1 doho0 seed=23271941 initial=3718673984595126131 final=210160255614176275
  · 흑랑 RNG Lv3 판1 guard_bat1 seed=23275069 initial=6699926644757452107 final=9053088838582101655
  · 흑랑 RNG Lv3 판1 guard_bat2 seed=23275170 initial=3841642673449239052 final=1286086405583097886
  · 흑랑 RNG Lv3 판1 heukrang0 seed=23272950 initial=5665186195085305808 final=-4334644856633984577
  · 흑랑 RNG Lv3 판1 summon_bat1 seed=23274060 initial=4753414434267272430 final=-7559868052669486168
  · 흑랑 RNG Lv3 판1 summon_bat2 seed=23274161 initial=1895130462959059375 final=481403823597241650
  · 흑랑 재생 Lv3 판1 win=true attacks=41 hits=25 guards=2 summoned=2
  · 흑랑 RNG Lv5 판1 doho0 seed=25271947 initial=5600093101942189313
  · 흑랑 준비 key=93 physics=6 expected=6
  · 흑랑 RNG Lv5 판1 guard_bat1 seed=25275075 initial=8581345762104515289
  · 흑랑 RNG Lv5 판1 guard_bat2 seed=25275176 initial=5723061790796302234
  · 흑랑 RNG Lv5 판1 heukrang0 seed=25272956 initial=7546605312432368990
  · 흑랑 파수2 Lv5 판1 entered tick=1722 game=28.7000 state=0 XZ=(20.5000,15.5000) pack=12 target=none path=0/0 level_current=false rng=5723061790796302234
  · 흑랑 층경계 Lv5 판1 entered tick=1722 physics=false XYZ=(23.5000,0.0500,23.5000) current_floor=2 queued_levels=1 queued_colliders=36 stale_collisions=1 collisions=FloorBody:current=false:queued=true
  · 흑랑 파수2 Lv5 판1 sample tick=1722 game=28.7000 state=0 XZ=(20.5000,15.5000) pack=12 target=none path=0/0 level_current=false rng=5723061790796302234
  · 흑랑 층경계 Lv5 판1 physics_after_1 tick=1723 physics=true XYZ=(23.5000,0.0004,23.5000) current_floor=2 queued_levels=0 queued_colliders=0 stale_collisions=0 collisions=
  · 흑랑 층경계 Lv5 판1 physics_after_2 tick=1724 physics=true XYZ=(23.5000,0.0004,23.5000) current_floor=2 queued_levels=0 queued_colliders=0 stale_collisions=0 collisions=FloorBody:current=true:queued=false
  · 흑랑 준비 key=93 physics=6 expected=6
  · 흑랑 파수2 Lv5 판1 before_V tick=1728 game=28.7833 state=1 XZ=(20.5000,15.8000) pack=12 target=(23.5000,23.5000) path=0/8 level_current=true rng=5723061790796302234
  · 흑랑 준비 key=86 physics=5 expected=5
  · 흑랑 파수2 Lv5 판1 after_V tick=1734 game=28.8833 state=1 XZ=(20.5000,16.2500) pack=12 target=(10.5000,8.5000) path=1/8 level_current=true rng=5723061790796302234
  · 흑랑 파수2 Lv5 판1 sample tick=1753 game=29.2167 state=1 XZ=(20.0261,16.2497) pack=12 target=(10.5000,8.5000) path=0/16 level_current=true rng=5723061790796302234
  · 흑랑 파수2 Lv5 판1 sample tick=1784 game=29.7333 state=1 XZ=(19.5141,14.0445) pack=12 target=(10.5000,8.5000) path=0/14 level_current=true rng=5723061790796302234
  · 흑랑 파수2 Lv5 판1 sample tick=1815 game=30.2500 state=1 XZ=(19.5003,11.7197) pack=12 target=(10.3667,8.5000) path=1/12 level_current=true rng=5723061790796302234
  · 흑랑 파수2 Lv5 판1 sample tick=1846 game=30.7667 state=1 XZ=(19.2680,9.4751) pack=12 target=(10.3667,8.5000) path=1/10 level_current=true rng=5723061790796302234
  · 흑랑 파수2 Lv5 판1 sample tick=1877 game=31.2833 state=1 XZ=(17.3488,8.5444) pack=12 target=(10.3667,8.5000) path=0/7 level_current=true rng=5723061790796302234
  · 흑랑 파수2 Lv5 판1 sample tick=1908 game=31.8000 state=5 XZ=(16.9488,8.5419) pack=12 target=(10.3667,8.5000) path=0/7 level_current=true rng=5723061790796302234
  · 흑랑 파수2 Lv5 판1 sample tick=1939 game=32.3167 state=5 XZ=(11.6177,8.5080) pack=12 target=(10.3667,8.5000) path=0/7 level_current=true rng=5723061790796302234
  · 흑랑 파수2 Lv5 판1 sample tick=1970 game=32.8333 state=4 XZ=(11.6177,8.5080) pack=12 target=(10.3667,8.5000) path=0/7 level_current=true rng=5723061790796302234
  · 흑랑 파수2 Lv5 판1 sample tick=2001 game=33.3500 state=1 XZ=(12.0717,8.5012) pack=12 target=(10.3667,8.5000) path=1/3 level_current=true rng=5723061790796302234
  · 흑랑 파수2 Lv5 판1 sample tick=2032 game=33.8667 state=1 XZ=(11.6192,8.5000) pack=12 target=(10.3000,8.5000) path=0/1 level_current=true rng=5723061790796302234
  · 흑랑 파수2 Lv5 판1 sample tick=2063 game=34.3833 state=1 XZ=(11.5660,8.5000) pack=12 target=(10.3000,8.5000) path=0/1 level_current=true rng=5723061790796302234
  · 흑랑 파수2 Lv5 판1 sample tick=2094 game=34.9000 state=3 XZ=(11.5660,8.5000) pack=12 target=(10.3000,8.5000) path=0/1 level_current=true rng=5723061790796302234
  · 흑랑 파수2 Lv5 판1 sample tick=2125 game=35.4167 state=4 XZ=(11.5660,8.5000) pack=12 target=(10.3000,8.5000) path=0/1 level_current=true rng=5723061790796302234
  · 흑랑 파수2 Lv5 판1 sample tick=2156 game=35.9333 state=1 XZ=(11.5507,8.4998) pack=12 target=(10.3000,8.5000) path=0/1 level_current=true rng=5723061790796302234
  · 흑랑 파수2 Lv5 판1 sample tick=2187 game=36.4500 state=1 XZ=(11.5507,8.4998) pack=12 target=(10.3000,8.5000) path=0/1 level_current=true rng=5723061790796302234
  · 흑랑 파수2 Lv5 판1 sample tick=2218 game=36.9667 state=1 XZ=(11.5507,8.4998) pack=12 target=(10.3000,8.5000) path=0/1 level_current=true rng=5723061790796302234
  · 흑랑 파수2 Lv5 판1 sample tick=2249 game=37.4833 state=3 XZ=(11.5507,8.4998) pack=12 target=(10.1667,8.5000) path=0/1 level_current=true rng=5723061790796302234
  · 흑랑 파수2 Lv5 판1 sample tick=2280 game=38.0000 state=4 XZ=(11.4288,8.4998) pack=12 target=(10.1667,8.5000) path=0/1 level_current=true rng=5723061790796302234
  · 흑랑 파수2 Lv5 판1 sample tick=2311 game=38.5167 state=1 XZ=(11.4287,8.4997) pack=12 target=(10.1667,8.5000) path=0/1 level_current=true rng=5723061790796302234
  · 흑랑 파수2 Lv5 판1 sample tick=2342 game=39.0333 state=1 XZ=(11.4287,8.4997) pack=12 target=(10.1667,8.5000) path=0/1 level_current=true rng=5723061790796302234
  · 흑랑 파수2 Lv5 판1 sample tick=2373 game=39.5500 state=1 XZ=(11.4287,8.4997) pack=12 target=(10.1667,8.5000) path=0/1 level_current=true rng=5723061790796302234
  · 흑랑 파수2 Lv5 판1 sample tick=2404 game=40.0667 state=3 XZ=(11.4287,8.4997) pack=12 target=(10.1667,8.5000) path=0/1 level_current=true rng=5723061790796302234
  · 흑랑 파수2 Lv5 판1 sample tick=2435 game=40.5833 state=4 XZ=(11.4287,8.4997) pack=12 target=(10.1667,8.5000) path=0/1 level_current=true rng=5723061790796302234
  · 흑랑 파수2 Lv5 판1 sample tick=2466 game=41.1000 state=1 XZ=(11.4288,8.4995) pack=12 target=(10.1667,8.5000) path=0/1 level_current=true rng=5723061790796302234
  · 흑랑 파수2 Lv5 판1 sample tick=2497 game=41.6167 state=1 XZ=(11.4288,8.4995) pack=12 target=(10.1667,8.5000) path=0/1 level_current=true rng=5723061790796302234
  · 흑랑 파수2 Lv5 판1 sample tick=2528 game=42.1333 state=1 XZ=(11.4288,8.4995) pack=12 target=(10.1667,8.5000) path=0/1 level_current=true rng=5723061790796302234
  · 흑랑 파수2 Lv5 판1 sample tick=2559 game=42.6500 state=3 XZ=(11.4288,8.4995) pack=12 target=(10.1667,8.5000) path=0/1 level_current=true rng=5723061790796302234
  · 흑랑 파수2 Lv5 판1 sample tick=2590 game=43.1667 state=4 XZ=(11.4288,8.4995) pack=12 target=(10.1667,8.5000) path=0/1 level_current=true rng=5723061790796302234
  · 흑랑 RNG Lv5 판1 summon_bat1 seed=25274066 initial=6634833551614335612
  · 흑랑 RNG Lv5 판1 summon_bat2 seed=25274167 initial=3776549580306122557
  · 흑랑 파수2 Lv5 판1 sample tick=2621 game=43.6833 state=1 XZ=(11.4447,8.5085) pack=12 target=(10.1667,8.5000) path=0/1 level_current=true rng=5723061790796302234
  · 흑랑 파수2 Lv5 판1 sample tick=2652 game=44.2000 state=1 XZ=(11.4447,8.5085) pack=12 target=(10.1667,8.5000) path=0/1 level_current=true rng=5723061790796302234
  · 흑랑 파수2 Lv5 판1 sample tick=2683 game=44.7167 state=1 XZ=(11.4447,8.5085) pack=12 target=(10.1000,8.5000) path=0/1 level_current=true rng=5723061790796302234
  · 흑랑 파수2 Lv5 판1 sample tick=2714 game=45.2333 state=3 XZ=(11.3500,8.5093) pack=12 target=(10.1000,8.5000) path=0/1 level_current=true rng=5723061790796302234
  · 흑랑 파수2 Lv5 판1 sample tick=2745 game=45.7500 state=5 XZ=(11.3500,8.5093) pack=12 target=(10.1000,8.5000) path=0/1 level_current=true rng=5723061790796302234
  · 흑랑 파수2 Lv5 판1 sample tick=2776 game=46.2667 state=1 XZ=(11.3767,8.5099) pack=12 target=(10.1000,8.5000) path=0/1 level_current=true rng=5723061790796302234
  · 흑랑 파수2 Lv5 판1 sample tick=2807 game=46.7833 state=1 XZ=(11.3491,8.5098) pack=12 target=(10.1000,8.5000) path=0/1 level_current=true rng=5723061790796302234
  · 흑랑 파수2 Lv5 판1 sample tick=2838 game=47.3000 state=1 XZ=(11.3491,8.5098) pack=12 target=(10.1000,8.5000) path=0/1 level_current=true rng=5723061790796302234
  · 흑랑 파수2 Lv5 판1 sample tick=2869 game=47.8167 state=1 XZ=(11.3491,8.5098) pack=12 target=(10.1000,8.5000) path=0/1 level_current=true rng=5723061790796302234
  · 흑랑 파수2 Lv5 판1 sample tick=2900 game=48.3333 state=5 XZ=(11.3491,8.5098) pack=12 target=(10.1000,8.5000) path=0/1 level_current=true rng=5723061790796302234
  · 흑랑 파수2 Lv5 판1 sample tick=2931 game=48.8500 state=4 XZ=(11.3491,8.5098) pack=12 target=(10.1000,8.5000) path=0/1 level_current=true rng=5723061790796302234
  · 흑랑 파수2 Lv5 판1 sample tick=2962 game=49.3667 state=1 XZ=(11.3473,8.5094) pack=12 target=(10.1000,8.5000) path=0/1 level_current=true rng=5723061790796302234
  · 흑랑 파수2 Lv5 판1 sample tick=2993 game=49.8833 state=1 XZ=(11.3473,8.5094) pack=12 target=(10.1000,8.5000) path=0/1 level_current=true rng=5723061790796302234
  · 흑랑 파수2 Lv5 판1 sample tick=3024 game=50.4000 state=1 XZ=(11.3473,8.5094) pack=12 target=(10.1000,8.5000) path=0/1 level_current=true rng=5723061790796302234
  · 흑랑 파수2 Lv5 판1 sample tick=3055 game=50.9167 state=3 XZ=(11.3473,8.5094) pack=12 target=(10.1000,8.5000) path=0/1 level_current=true rng=5723061790796302234
  · 흑랑 파수2 Lv5 판1 sample tick=3086 game=51.4333 state=4 XZ=(11.3473,8.5094) pack=12 target=(10.1000,8.5000) path=0/1 level_current=true rng=5723061790796302234
  · 흑랑 파수2 Lv5 판1 sample tick=3117 game=51.9500 state=1 XZ=(11.3446,8.5078) pack=12 target=(10.1000,8.5000) path=0/1 level_current=true rng=5723061790796302234
  · 흑랑 파수2 Lv5 판1 sample tick=3148 game=52.4667 state=1 XZ=(11.3446,8.5078) pack=12 target=(10.1000,8.5000) path=0/1 level_current=true rng=5723061790796302234
  · 흑랑 파수2 Lv5 판1 sample tick=3179 game=52.9833 state=1 XZ=(11.3446,8.5078) pack=12 target=(10.1000,8.5000) path=0/1 level_current=true rng=5723061790796302234
  · 흑랑 입력 Lv5 판1 polls=245 physics_interval=6 valid=true
  · 흑랑 Lv5 처치 · 24.5초 · 2페이즈 14.7초 · 생명 150→53 (최저 51 = 34%) · 탕약 2/3 · 적 공격 28 (명중 18)
  · 흑랑 파수2 Lv5 판1 finish tick=3204 game=53.3833 state=3 XZ=(11.3446,8.5078) pack=12 target=(10.1000,8.5000) path=0/1 level_current=true rng=5723061790796302234
  · 흑랑 RNG Lv5 판1 doho0 seed=25271947 initial=5600093101942189313 final=-6694804097080234621
  · 흑랑 RNG Lv5 판1 guard_bat1 seed=25275075 initial=8581345762104515289 final=6682229980841271739
  · 흑랑 RNG Lv5 판1 guard_bat2 seed=25275176 initial=5723061790796302234 final=5723061790796302234
  · 흑랑 RNG Lv5 판1 heukrang0 seed=25272956 initial=7546605312432368990 final=-3648881259114587272
  · 흑랑 RNG Lv5 판1 summon_bat1 seed=25274066 initial=6634833551614335612 final=1660210958701875916
  · 흑랑 RNG Lv5 판1 summon_bat2 seed=25274167 initial=3776549580306122557 final=1002189368153405969
  · 흑랑 재생 Lv5 판1 win=true attacks=28 hits=18 guards=2 summoned=2
  · Lv5 목표 대조(이 판 — 판정은 25판 표 §9.7): 24.5초 (15~30) · 탕약 2 (1 안팎) · 최저 생명 34% (35~60)
E2E balance_boss PASS (검사 30)
E2E SUMMARY: 1/1 PASS
  e2e  (58.2초) — 제한 3600초
전부 PASS
