Godot Engine v4.7.2.stable.steam.ed1daf0bf - https://godotengine.org

SCRIPT ERROR: Compile Error: Identifier not found: EventBus
   at: GDScript::reload (res://world/main.gd:76)
ERROR: Failed to load script "res://world/main.gd" with error "Compilation failed".
   at: load (modules/gdscript/gdscript_resource_format.cpp:46)
SCRIPT ERROR: Compile Error: Identifier not found: GameState
   at: GDScript::reload (res://ui/panel_ui.gd:107)
SCRIPT ERROR: Compile Error: Failed to compile depended scripts.
   at: GDScript::reload (res://world/iso_camera.gd:0)
ERROR: Failed to load script "res://world/iso_camera.gd" with error "Compilation failed".
   at: load (modules/gdscript/gdscript_resource_format.cpp:46)
SCRIPT ERROR: Compile Error: Identifier not found: EventBus
   at: GDScript::reload (res://actors/player.gd:89)
ERROR: Failed to load script "res://actors/player.gd" with error "Compilation failed".
   at: load (modules/gdscript/gdscript_resource_format.cpp:46)
SCRIPT ERROR: Compile Error: Identifier not found: GameState
   at: GDScript::reload (res://actors/player_combat.gd:236)
ERROR: Failed to load script "res://actors/player_combat.gd" with error "Compilation failed".
   at: load (modules/gdscript/gdscript_resource_format.cpp:46)
SCRIPT ERROR: Compile Error: Identifier not found: EventBus
   at: GDScript::reload (res://ui/inventory_ui.gd:43)
ERROR: Failed to load script "res://ui/inventory_ui.gd" with error "Compilation failed".
   at: load (modules/gdscript/gdscript_resource_format.cpp:46)
SCRIPT ERROR: Compile Error: Identifier not found: EventBus
   at: GDScript::reload (res://ui/character_ui.gd:40)
ERROR: Failed to load script "res://ui/character_ui.gd" with error "Compilation failed".
   at: load (modules/gdscript/gdscript_resource_format.cpp:46)
SCRIPT ERROR: Compile Error: Identifier not found: EventBus
   at: GDScript::reload (res://ui/skill_tree_ui.gd:45)
ERROR: Failed to load script "res://ui/skill_tree_ui.gd" with error "Compilation failed".
   at: load (modules/gdscript/gdscript_resource_format.cpp:46)
SCRIPT ERROR: Compile Error: Identifier not found: GameState
   at: GDScript::reload (res://ui/hud.gd:63)
ERROR: Failed to load script "res://ui/hud.gd" with error "Compilation failed".
   at: load (modules/gdscript/gdscript_resource_format.cpp:46)
SCRIPT ERROR: Compile Error: Identifier not found: GameState
   at: GDScript::reload (res://ui/vendor_ui.gd:17)
ERROR: Failed to load script "res://ui/vendor_ui.gd" with error "Compilation failed".
   at: load (modules/gdscript/gdscript_resource_format.cpp:46)
SCRIPT ERROR: Compile Error: Identifier not found: EventBus
   at: GDScript::reload (res://ui/waypoint_ui.gd:21)
ERROR: Failed to load script "res://ui/waypoint_ui.gd" with error "Compilation failed".
   at: load (modules/gdscript/gdscript_resource_format.cpp:46)
SCRIPT ERROR: Compile Error: Identifier not found: SaveSystem
   at: GDScript::reload (res://ui/title_ui.gd:166)
ERROR: Failed to load script "res://ui/title_ui.gd" with error "Compilation failed".
   at: load (modules/gdscript/gdscript_resource_format.cpp:46)
SCRIPT ERROR: Compile Error: Identifier not found: GameState
   at: GDScript::reload (res://ui/tooltip_content.gd:67)
SCRIPT ERROR: Compile Error: Failed to compile depended scripts.
   at: GDScript::reload (res://ui/ui_tooltip.gd:0)
ERROR: Failed to load script "res://ui/ui_tooltip.gd" with error "Compilation failed".
   at: load (modules/gdscript/gdscript_resource_format.cpp:46)
SCRIPT ERROR: Compile Error: Identifier not found: EventBus
   at: GDScript::reload (res://ui/automap.gd:40)
ERROR: Failed to load script "res://ui/automap.gd" with error "Compilation failed".
   at: load (modules/gdscript/gdscript_resource_format.cpp:46)
SCRIPT ERROR: Compile Error: Identifier not found: EventBus
   at: GDScript::reload (res://ui/skill_picker_ui.gd:26)
ERROR: Failed to load script "res://ui/skill_picker_ui.gd" with error "Compilation failed".
   at: load (modules/gdscript/gdscript_resource_format.cpp:46)
SCRIPT ERROR: Compile Error: Identifier not found: EventBus
   at: GDScript::reload (res://ui/quest_journal_ui.gd:40)
ERROR: Failed to load script "res://ui/quest_journal_ui.gd" with error "Compilation failed".
   at: load (modules/gdscript/gdscript_resource_format.cpp:46)
SCRIPT ERROR: Compile Error: Identifier not found: GameState
   at: GDScript::reload (res://ui/stash_ui.gd:41)
ERROR: Failed to load script "res://ui/stash_ui.gd" with error "Compilation failed".
   at: load (modules/gdscript/gdscript_resource_format.cpp:46)
SCRIPT ERROR: Compile Error: Identifier not found: GameState
   at: GDScript::reload (res://tests/e2e/e2e.gd:289)
SCRIPT ERROR: Compile Error: Identifier not found: DevMode
   at: GDScript::reload (res://tests/e2e/e2e_runner.gd:342)
SCRIPT ERROR: Compile Error: Identifier not found: EventBus
   at: GDScript::reload (res://ui/area_title.gd:53)
SCRIPT ERROR: Compile Error: Failed to compile depended scripts.
   at: GDScript::reload (res://._tmp/198_vfx_d2r/capture_video.gd:0)
ERROR: Failed to load script "res://._tmp/198_vfx_d2r/capture_video.gd" with error "Compilation failed".
   at: load (modules/gdscript/gdscript_resource_format.cpp:46)
WARNING: 3 ObjectDB instances were leaked at exit (run with `--verbose` for details).
   at: cleanup (core/object/object.cpp:2536)
ERROR: 2 resources still in use at exit (run with --verbose for details).
   at: clear (core/io/resource.cpp:822)
