== e2e 러너 자기검사 ==
  PASS  E2E_SELFTEST PASS (판정 일치 5/5)  (3.6초)
== e2e (all) ==
E2E start: quest_journal, hud_orb_fx, npc_hover_view, elite_ui_view, hud_hierarchy_view, pickup_feedback_view, icon_intake, automap, pickup_equip, equipment_ui, inactive_gear, portal_roundtrip, waypoint, vendor_quest, vendor_prices, chief_quest, shaman_heal, save_continue, bodies_cap, boss_floor, heukrang_look, visual_swap, run_upright, teleport_settle, hit_stagger, hit_feel, element_affix, affix_combat, attack_chain, skill_then_attack, anim_commit, invisible_sword, heavy_react, pack_ai, kill_launch, kill_bisect, element_status, element_ui, talisman_targeting, talisman_throw, loot_drop, potion_tiers, loot_props, elite_pack, elite_slots, flee_chase, verify_flows, balance_room, balance_boss, player_death, wall_cutaway, floor_seams, char_light, town_layout, town_approach, audio_cues, sfx_limiter, ui_windows, dialogue_band, dialogue_event, ui_docks, ui_tooltips, belt_unify, item_ui, skill_picker, skill_icons, vfx_cues, vfx_cap_blood, skill_area, footsteps, dungeon_layout, beomgul_walk, town_exits, field_layout, field2_layout, slice_loop, plaza_light, town_tour, aoe_field, long_body, named_imugi, serpent_models, gimmicks, pus_jar, roles, roster_swap, gimmicks_m10, behaviors_m9, female_f1, female_float, m14_models, leader_options, surround, item_showcase, weapon_visibility, first_magic, hover_target, system_menu
E2E ▶ quest_journal
  · revision 타입: 저장 전 2 · JSON 복원 3
E2E quest_journal PASS (검사 48)
E2E ▶ hud_orb_fx
E2E hud_orb_fx PASS (검사 30)
E2E ▶ npc_hover_view
E2E npc_hover_view PASS (검사 42)
E2E ▶ elite_ui_view
E2E elite_ui_view PASS (검사 6)
E2E ▶ hud_hierarchy_view
E2E hud_hierarchy_view PASS (검사 4)
E2E ▶ pickup_feedback_view
E2E pickup_feedback_view PASS (검사 3)
E2E ▶ icon_intake
E2E icon_intake PASS (검사 115)
E2E ▶ automap
E2E automap PASS (검사 50)
E2E ▶ pickup_equip
E2E pickup_equip PASS (검사 37)
E2E ▶ equipment_ui
E2E equipment_ui PASS (검사 33)
E2E ▶ inactive_gear
  · 툴팁 줄 [name] 장검
  · 툴팁 줄 [base] 피해 8~14
  · 툴팁 줄 [base] 공격 속도 느림
  · 툴팁 줄 [req] 요구 레벨 5
  · 툴팁 줄 [req] 요구 힘 30
  · 툴팁 줄 [inactive] 요구치 부족 — 꺼짐
  · 툴팁 줄 [hint] 좌클릭: 벗어서 들기
  · 툴팁 줄 [hint] 우클릭 / Shift+클릭: 가방으로 벗기
  · 좌판 ilvl — 못골 들녘 1회차: 무리 레벨 1~3 · max_area_level 3 · 좌판 장비 ilvl [3, 3, 3, 3] · dev G ilvl 들머리 1 / 끝 무리 3
  · 좌판 ilvl — 정령재 1회차: 무리 레벨 4~7 · max_area_level 7 · 좌판 장비 ilvl [7, 7, 7, 7] · dev G ilvl 들머리 4 / 끝 무리 7
  · 좌판 ilvl — 정령재 2회차: 무리 레벨 4~7 · max_area_level 7 · 좌판 장비 ilvl [19, 19, 19, 19] · dev G ilvl 들머리 16 / 끝 무리 19
E2E inactive_gear PASS (검사 50)
E2E ▶ portal_roundtrip
E2E portal_roundtrip PASS (검사 18)
E2E ▶ waypoint
E2E waypoint PASS (검사 12)
E2E ▶ vendor_quest
E2E vendor_quest PASS (검사 36)
E2E ▶ vendor_prices
E2E vendor_prices PASS (검사 12)
E2E ▶ chief_quest
E2E chief_quest PASS (검사 57)
E2E ▶ shaman_heal
E2E shaman_heal PASS (검사 23)
E2E ▶ save_continue
E2E save_continue PASS (검사 12)
E2E ▶ bodies_cap
  · 몸 36(먹지네 마디 16 · 황충 4 · 어미 · 일으키는 자) — 0.5초에 71프레임 (평균 7.0ms)
  · 동시 몸 최고 36 / 상한 36
E2E bodies_cap PASS (검사 13)
E2E ▶ boss_floor
  · 겹침: 송곳니 금 광선 = 封 가운데에서 1.11유닛(封 반폭 1.8 · 반깊이 1.62) · 조각 자리에서 1.26유닛(파문 반지름 1.1)
  · 흑랑 처치 封: 먹 폭 3.6 → 0.36 · 사라짐 4.55초
E2E boss_floor PASS (검사 43)
E2E ▶ heukrang_look
E2E heukrang_look PASS (검사 4)
E2E ▶ visual_swap
E2E visual_swap PASS (검사 57)
E2E ▶ run_upright
  · 달린 시간 1.52초 · 5.8칸 · 갱신 199(달리기 클립 199) · 머리−골반 최저 +0.442 (0.2 미만 0번) · 몸 뼈 최대 어긋남 0.0cm ()
  · 옷 뼈 최대 흔들림(애니와 벌어진 각): Hem_L 25.2°, Hem_R 26.7°, Sleeve_L 82.5°, Sleeve_R 28.9°, SashTail 46.1°
  · 순간이동 5.8칸 → 8번 잼 · 옷 뼈 최대 1.2° (Sleeve_L) · 몸 뼈 최대 0.0cm
E2E run_upright PASS (검사 16)
E2E ▶ teleport_settle
  · 자리 (22.5, 0.000391, 49.5) → 목적지 (27.5, 0.0, 49.5) (5.0칸)
  · 01_before (초기화 끔): 첫 프레임 옷 뼈 68.3° · 끝 19.1cm (Sleeve_L) · 8프레임 최대 112.2° · 끝 29.9cm (Sleeve_R) · 몸 뼈 0.0mm · 프레임별 [68°, 110°, 112°, 110°, 106°, 100°, 94°, 88°]
  · 02_after (초기화 켬): 첫 프레임 옷 뼈 0.1° · 끝 0.0cm (Sleeve_R) · 8프레임 최대 2.2° · 끝 0.7cm (Sleeve_L) · 몸 뼈 0.0mm · 프레임별 [0°, 0°, 1°, 1°, 2°, 2°, 2°, 2°]
E2E teleport_settle PASS (검사 10)
E2E ▶ hit_stagger
  · 넉백 실측 0.22유닛 (bandit def.knockback 0.35)
  · 보스 넉백 실측 0.08유닛 (def.knockback 0.10)
E2E hit_stagger PASS (검사 20)
E2E ▶ hit_feel
E2E hit_feel PASS (검사 27)
E2E ▶ element_affix
E2E element_affix PASS (검사 7)
E2E ▶ affix_combat
  · 산적 경직 구간 0.350~0.350 → 회초리 0.450~0.450 · 밀림 0.220 → 0.330
  · 받는 경직 구간 0.300~0.300 → −25% 0.225~0.225 → 상한 0.120~0.120
E2E affix_combat PASS (검사 40)
E2E ▶ attack_chain
  · ① 칸 [0, 1, 2, 0, 1] · 클립 ["attack", "attack2", "attack3", "attack", "attack2"] · 섞기 ["0.25", "0.10", "0.10", "0.10", "0.10"]
E2E attack_chain PASS (검사 21)
E2E ▶ skill_then_attack
  · ① 참격: 시전 → 다음 평타 1.33초 (동작 1.33초) · 그 사이 클립 ["skill_strike"] · 평타가 시작될 때 skill_strike 94% 돎 · 다음 평타 attack2
  · ② 회오리: 시전 → 다음 평타 1.17초 (동작 1.15초) · 그 사이 클립 ["skill_whirl"] · 평타가 시작될 때 skill_whirl 94% 돎 · 다음 평타 attack2
  · ③ 돌진베기: 시전 → 다음 평타 1.75초 (동작 1.74초) · 그 사이 클립 ["skill_leap"] · 평타가 시작될 때 skill_leap 96% 돎 · 다음 평타 attack
  · ④ 부적: 시전 → 다음 평타 0.80초 (동작 0.80초) · 그 사이 클립 ["cast"] · 평타가 시작될 때 cast 99% 돎 · 다음 평타 attack2
E2E skill_then_attack PASS (검사 64)
E2E ▶ anim_commit
  · 무대 = 방 가운데 (22.5, 0.0, 49.5) · 적 쪽 (1.0, 0.0, 0.0)(트임 6.0) · 땅 클릭 (19.5, 0.0, 49.5) · 먼 적 (22.5, 0.0, 53.5)
  · 땅 클릭 (휘두름 시작 + 0.056초 · 칼이 닿기 0.408초 전 · 누를 때 클립 attack): 0.15초 뒤 0.00유닛 움직임 · 클립 attack · 그 칼 맞음 (피해 틱 0.469초) · 동작 끝(시작 + 0.909초)까지 0.00유닛 · 끝나고 0.1초 뒤 클립 run · 첫 걸음 = 클릭 뒤 +0.869초(동작 끝 = 클릭 뒤 0.869초) · 끝나고 1.5초 뒤 클릭 자리까지 0.13유닛
  · 먼 적 클릭(4.0유닛 옆) (휘두름 시작 + 0.053초 · 칼이 닿기 0.410초 전 · 누를 때 클립 attack): 0.15초 뒤 0.00유닛 움직임 · 클립 attack · 그 칼 맞음 (피해 틱 0.470초) · 동작 끝(시작 + 0.909초)까지 0.00유닛 · 끝나고 0.1초 뒤 클립 run · 첫 걸음 = 클릭 뒤 +0.891초(동작 끝 = 클릭 뒤 0.876초) · 끝나고 1.5초 뒤 먼 적까지 1.53유닛 · 먼 적 피해 1번 · 타깃 = 먼 적
  · 평타 중 참격 (평타 attack 시작 + 0.220초 = 칼 닿기 0.244초 전 우클릭): 평타 클립이 돈 창 0.917초(동작 0.91) · skill_strike 시작 = 우클릭 +0.697초 · 이 사이 피해(맞을 때 클립 · 우클릭 기준) ["attack 51% @ 우클릭 +0.246초", "skill_strike 51% @ 우클릭 +1.381초"] · 평타: attack attack: 동작 0.91초 · 예약 피해 0.464초 · 피해 틱 0.466초(클립 51.2%) · 칼끝 최고속 0.453초(클립 49.9%, 145.3 u/s) · 차이(피해 − 최고속) +0.012초 = +0.7틱 · 피해 틱 칼끝 98% · 90% 이상 프레임 [-1, 0] · 곡선 87 105 117 145 [142] 0 0 0 0 0 0 0 0 0 76 75 49 · 곁들이(피해 틱 기준 초) 타격 소리 +0.000 · 먹 튐 +0.000 · 도장 — · 반달·고리 — · 검광 끝 +0.155 · 참격 skill_strike: 동작 1.33초 · 예약 피해 0.680초 · 피해 틱 0.684초(클립 51.3%) · 칼끝 최고속 0.672초(클립 50.4%, 72.0 u/s) · 차이(피해 − 최고속) +0.012초 = +0.7틱 · 피해 틱 칼끝 70% · 90% 이상 프레임 [-3, -2, -1] · 곡선 55 68 68 72 [51] 0 0 0 0 0 0 0 0 0 26 27 23 · 곁들이(피해 틱 기준 초) 타격 소리 +0.000 · 먹 튐 +0.000 · 도장 +0.000 · 반달·고리 -0.038 · 검광 끝 +0.154
  · 피격 중 평타: 맞음 1 · 맞은 뒤 클립 attack · 평타 attack: 동작 0.91초 · 예약 피해 0.464초 · 피해 틱 0.466초(클립 51.3%) · 칼끝 최고속 0.455초(클립 50.0%, 150.1 u/s) · 차이(피해 − 최고속) +0.012초 = +0.7틱 · 피해 틱 칼끝 90% · 90% 이상 프레임 [-1, 0] · 곡선 91 107 119 150 [136] 0 0 0 0 0 0 0 0 76 74 49 · 곁들이(피해 틱 기준 초) 타격 소리 +0.000 · 먹 튐 +0.000 · 도장 — · 반달·고리 — · 검광 끝 +0.148
  · 피격 중 참격: 맞음 1 · 맞은 뒤 클립 skill_strike · 참격 skill_strike: 동작 1.33초 · 예약 피해 0.680초 · 피해 틱 0.685초(클립 51.4%) · 칼끝 최고속 0.674초(클립 50.6%, 72.4 u/s) · 차이(피해 − 최고속) +0.011초 = +0.7틱 · 피해 틱 칼끝 53% · 90% 이상 프레임 [-3, -2, -1] · 곡선 61 68 69 72 [38] 0 0 0 0 0 0 0 0 0 26 27 22 · 곁들이(피해 틱 기준 초) 타격 소리 +0.000 · 먹 튐 +0.000 · 도장 +0.000 · 반달·고리 -0.045 · 검광 끝 +0.159
  · 누른 채 땅 (휘두름 시작 + 0.063초 · 칼이 닿기 0.401초 전 · 누를 때 클립 attack): 0.15초 뒤 0.00유닛 움직임 · 클립 attack · 그 칼 맞음 (피해 틱 0.464초) · 동작 끝(시작 + 0.909초)까지 0.00유닛 · 끝나고 0.1초 뒤 클립 run · 첫 걸음 = 클릭 뒤 +0.868초(동작 끝 = 클릭 뒤 0.868초) · 끝나고 1.5초 뒤 누른 자리까지 3.27유닛
  · 표 — 행마다: 동작 길이 · 예약 피해(impact_frac × 동작) · 피해 틱(시작 뒤 초 · 클립 %) · 칼끝 최고속(시작 뒤 초 · 클립 % · Visual 공간 u/s) · 차이(피해 − 최고속, 초 · 60Hz 틱) · 피해 틱 칼끝 속도 ÷ 최고속 · 90% 이상 프레임(피해 프레임 기준) · 칼끝 곡선(u/s, [피해 프레임]) · 곁들이(피해 틱 기준 초)
  · 평타1 attack: 동작 0.91초 · 예약 피해 0.464초 · 피해 틱 0.468초(클립 51.5%) · 칼끝 최고속 0.456초(클립 50.2%, 157.5 u/s) · 차이(피해 − 최고속) +0.012초 = +0.7틱 · 피해 틱 칼끝 73% · 90% 이상 프레임 [-1] · 곡선 95 110 121 158 [115] 0 0 0 0 0 0 0 0 76 67 50 · 곁들이(피해 틱 기준 초) 타격 소리 +0.000 · 먹 튐 +0.000 · 도장 — · 반달·고리 — · 검광 끝 +0.147
  · 평타2 attack2: 동작 0.91초 · 예약 피해 0.464초 · 피해 틱 0.469초(클립 51.6%) · 칼끝 최고속 0.458초(클립 50.3%, 91.9 u/s) · 차이(피해 − 최고속) +0.012초 = +0.7틱 · 피해 틱 칼끝 63% · 90% 이상 프레임 [-1] · 곡선 47 70 82 92 [58] 0 0 0 0 0 0 0 0 0 40 39 39 · 곁들이(피해 틱 기준 초) 타격 소리 +0.000 · 먹 튐 +0.000 · 도장 — · 반달·고리 — · 검광 끝 +0.146
  · 평타3 attack3: 동작 0.91초 · 예약 피해 0.464초 · 피해 틱 0.466초(클립 51.2%) · 칼끝 최고속 0.453초(클립 49.8%, 91.3 u/s) · 차이(피해 − 최고속) +0.013초 = +0.8틱 · 피해 틱 칼끝 86% · 90% 이상 프레임 [-1] · 곡선 38 62 77 91 [79] 0 0 0 0 0 0 0 0 48 48 41 · 곁들이(피해 틱 기준 초) 타격 소리 +0.000 · 먹 튐 +0.000 · 도장 — · 반달·고리 — · 검광 끝 +0.151
  · 참격 skill_strike: 동작 1.33초 · 예약 피해 0.680초 · 피해 틱 0.684초(클립 51.3%) · 칼끝 최고속 0.673초(클립 50.5%, 72.3 u/s) · 차이(피해 − 최고속) +0.011초 = +0.7틱 · 피해 틱 칼끝 63% · 90% 이상 프레임 [-3, -2, -1] · 곡선 58 68 68 72 [46] 0 0 0 0 0 0 0 0 0 26 27 23 · 곁들이(피해 틱 기준 초) 타격 소리 +0.000 · 먹 튐 +0.000 · 도장 +0.000 · 반달·고리 -0.038 · 검광 끝 +0.155
  · 회오리베기 skill_whirl: 동작 1.15초 · 예약 피해 0.415초 · 피해 틱 0.418초(클립 36.3%) · 칼끝 최고속 0.406초(클립 35.3%, 51.9 u/s) · 차이(피해 − 최고속) +0.012초 = +0.7틱 · 피해 틱 칼끝 99% · 90% 이상 프레임 [-2, -1, 0, 9, 10] · 곡선 41 46 48 52 [52] 0 0 0 0 0 0 0 0 48 48 47 · 곁들이(피해 틱 기준 초) 타격 소리 +0.000 · 먹 튐 +0.000 · 도장 +0.000 · 반달·고리 -0.040 · 검광 끝 +0.156
  · 돌진베기 skill_leap: 동작 1.74초 · 예약 피해 0.548초 · 피해 틱 0.554초(클립 31.9%) · 칼끝 최고속 0.543초(클립 31.2%, 109.5 u/s) · 차이(피해 − 최고속) +0.011초 = +0.7틱 · 피해 틱 칼끝 71% · 90% 이상 프레임 [-1] · 곡선 22 40 66 109 [77] 0 0 0 0 0 0 0 0 0 65 53 45 · 곁들이(피해 틱 기준 초) 타격 소리 +0.000 · 먹 튐 +0.000 · 도장 +0.000 · 반달·고리 — · 검광 끝 +0.159 · 몸 5.0유닛 이동 — 이동 끝 0.554초 · 도착 0.554초 · 적 곁을 지난 때 0.417초(피해 틱은 그 +0.137초 뒤)
  · 평타 중 참격 skill_strike: 동작 1.33초 · 예약 피해 0.680초 · 피해 틱 0.684초(클립 51.3%) · 칼끝 최고속 0.672초(클립 50.4%, 72.0 u/s) · 차이(피해 − 최고속) +0.012초 = +0.7틱 · 피해 틱 칼끝 70% · 90% 이상 프레임 [-3, -2, -1] · 곡선 55 68 68 72 [51] 0 0 0 0 0 0 0 0 0 26 27 23 · 곁들이(피해 틱 기준 초) 타격 소리 +0.000 · 먹 튐 +0.000 · 도장 +0.000 · 반달·고리 -0.038 · 검광 끝 +0.154
  · 그림 프레임 간격 가운데 0.0077초 · 가장 긴 0.1354초 (3490프레임)
E2E anim_commit PASS (검사 53)
E2E ▶ invisible_sword
  · ① 순서(시작 뒤 초) 평타 0.00 → 참격 0.92 → 평타 2.25 → 참격 3.17 → 평타 4.50 → 참격 5.42
  · ④ 옛 자리 ↔ 새 자리 24.0유닛 · 층 이동 뒤 피해 0 (옛 자리 허수아비 0) · 곁들이 []
  · ② 평타 — 시작 뒤 0.20초에 쓰러짐 · 그 전 피해 0 · 뒤 피해 0 · 뒤 곁들이 []
  · ② 참격 — 시작 뒤 0.30초에 쓰러짐 · 그 전 피해 0 · 뒤 피해 0 · 뒤 곁들이 []
  · ② 회오리 — 시작 뒤 0.15초에 쓰러짐 · 그 전 피해 0 · 뒤 피해 0 · 뒤 곁들이 []
  · ② 돌진 · 떠나기 전 — 시작 뒤 0.10초에 쓰러짐 · 그 전 피해 0 · 뒤 피해 0 · 뒤 곁들이 []
  · ② 돌진 · 도약 중 — 시작 뒤 0.45초에 쓰러짐 · 그 전 피해 0 · 뒤 피해 0 · 뒤 곁들이 []
  · ② 부적 시전 — 시작 뒤 0.25초에 쓰러짐 · 그 전 피해 0 · 뒤 피해 0 · 뒤 곁들이 []
E2E invisible_sword PASS (검사 68)
E2E ▶ heavy_react
  · ① 평타 1타: 뜬 높이 0.00 · 앞 0.22 · 옆 0.00 · 밀림 속도 3.67 · 반응 0.35초 · 클립 hit, run · 공격 0
  · ② 평타 3타: 뜬 높이 0.00 · 앞 0.33 · 옆 0.03 · 밀림 속도 5.50 · 반응 0.35초 · 클립 hit, run · 공격 0
  · ③ 강타(참격): 뜬 높이 0.52 · 앞 1.40 · 옆 0.00 · 밀림 속도 0.00 · 반응 1.45초 · 클립 hit, die, idle · 공격 0
  · ④ 회오리: 뜬 높이 0.47 · 앞 1.20 · 옆 0.00 · 밀림 속도 0.00 · 반응 1.42초 · 클립 hit, die, idle · 공격 0
  · ⑤ 돌진베기: 뜬 높이 0.00 · 앞 0.22 · 옆 0.00 · 밀림 속도 3.67 · 반응 0.35초 · 클립 hit, run · 공격 0
  · ⑥ 부적술사 강타: 뜬 높이 0.52 · 앞 1.40 · 옆 0.00 · 밀림 속도 0.00 · 반응 1.43초 · 클립 attack, die, idle · 공격 0
  · ⑦ 박쥐 강타: 뜬 높이 0.69 · 앞 1.96 · 옆 0.00 · 밀림 속도 0.00 · 반응 1.53초 · 클립  · 공격 0
  · ⑧ 흑랑 강타(제외): 뜬 높이 0.00 · 앞 0.08 · 옆 0.00 · 밀림 속도 1.33 · 반응 0.13초 · 클립 hit, idle · 공격 0
  · ⑨ 쿨다운 3.0초: 넘어져 있는 1.43초 + 쿨다운 = 한 판 4.43초 중 32%가 누움 (쿨다운 0이면 강타 쿨 1.5초에 걸려 96%)
  · ⑫ 돌진베기 넘어뜨리기 시험: 적 3.13u에서 맞아 4.43u에 누움 · 도호는 5.00u에 섬 → 사이 0.57u (겹침 문턱 0.80u) · 날아가는 내내 가장 가까웠던 거리 0.57u
  · ── 표 | 타격 · 적 | 뜬 높이 | 앞 거리 | 밀림 속도 | 반응 | 클립
  · 표 | ① 평타 1타 · 산적 | 0.00 | 0.22 | 3.67 | 0.35초 | hit, run
  · 표 | ② 평타 3타 · 산적 | 0.00 | 0.33 | 5.50 | 0.35초 | hit, run
  · 표 | ③ 강타(참격) · 산적 | 0.52 | 1.40 | 0.00 | 1.45초 | hit, die, idle
  · 표 | ④ 회오리 · 산적 | 0.47 | 1.20 | 0.00 | 1.42초 | hit, die, idle
  · 표 | ⑤ 돌진베기 · 산적 | 0.00 | 0.22 | 3.67 | 0.35초 | hit, run
  · 표 | ⑥ 강타 · 부적술사 | 0.52 | 1.40 | 0.00 | 1.43초 | attack, die, idle
  · 표 | ⑦ 강타 · 박쥐 | 0.69 | 1.96 | 0.00 | 1.53초 | (없음)
  · 표 | ⑧ 강타 · 흑랑(제외) | 0.00 | 0.08 | 1.33 | 0.13초 | hit, idle
  · §6.6 구현 있음(2단계 판정선) · 넘어짐 = 날아감 + 누움 0.5초 + 일어남 0.45초 · 쿨다운 3.0초
E2E heavy_react PASS (검사 97)
E2E ▶ pack_ai
  · 띠 첫 자리 (18.5, 0.0, 64.5)
  · §13.4.1 구현 있음 — 판정선을 본다
  · ── 표 (§13.4.1 전/후)
  · 표 | ① 무리 어그로: 한 대 뒤 깬 A 3/3 · B 0/3 · 신호 1+2 · 4.5초 뒤 A 곁 3/3 · B 깸 0
  · 표 | ② 놓침: 붙은 뒤 도호 24.9u 밖 → LOST 6.02초 · 도호 쪽 끝 x +5.75 (본 자리 +6.00) · 두리번 3.02초(517°) · 쉼 = 본 자리 0.25u · 처음 자리 8.75u · 숨음 → LOST 0.02초
  · 표 | ③ 흩어짐: 하수인 셋 — 멀어진 거리(가장 적은 몸) +5.83u · 흩어지는 2.5초 동안 공격 시작 0 · 돌아옴 [2.51666666666867, 2.51666666666867, 2.51666666666867] · 4.5초 뒤 다시 다가옴 3/3 · 곁(3칸) 2/3 · 박쥐 흩어짐 false
  · 표 | ④ 넘어뜨림: 산적 선딜 넘어짐 true · 한 대 0 | 우두머리 선딜 넘어짐 false · 선딜 그대로 true · 한 대 1 | 쫓던 우두머리 넘어짐 false · 경직 0.10초 · 넉백 속도 1.10 | 흑랑 넘어짐 false
E2E pack_ai PASS (검사 46)
E2E ▶ kill_launch
  · ① 평타 막타: 이동 0.00 · 누운 골반 0.19
  · ② 강타 막타: 멈춤 0.22초(게임) · 계산 2.24 + 미끄러짐 0.30 → 실측 앞 2.54 · 옆 0.00 · 누운 골반 0.11
  · ③ 돌진베기: 넘침 0 → 앞 2.38 · 넘침 최대 → 앞 3.42
  · ⑤ 벽 앞: 벽까지 1.10 · 계산 3.12 → 가장 멀리 0.80 · 누운 자리 0.55 · 피 튐 크기 1.30 (보통 1.00)
  · ⑥ 박쥐 평타: 이동 0.00 · 모델 높이 0.87 → 0.19
  · 시체 11 · 핏자국 19 (상한 32)
E2E kill_launch PASS (검사 66)
E2E ▶ kill_bisect
  · ① 평타 치명 (게임 256.2초에 막타 · +0.22초 갈라짐): 윗몸 옆으로 0.41 · 아랫몸 75° · 뿜음 4
  · ③ 강타 치명 (게임 258.1초에 막타): 윗몸 1.09u (계획 1.09) · 막타 방향 성분 0.78 · 최고 +0.11
  · ⑦ 평타 (게임 260.1초에 막타): 칼 방향 (0.842612, 0.383917, -0.377641) · 칼끝 속도 (35.90498, 0.276971, -11.77672) → 단면 0.4° · 윗몸 계획 0.45u
  · ⑦ 회오리베기 (게임 262.0초에 막타): 칼 방향 (-0.817664, 0.349415, -0.457532) · 칼끝 속도 (-3.053905, -4.027192, -29.03517) → 단면 7.9° · 윗몸 계획 1.20u
  · ⑦ 참격 (게임 264.1초에 막타): 칼 방향 (-0.033664, -0.471095, -0.88144) · 칼끝 속도 (10.44702, -28.3091, -21.2621) → 단면 40.0° · 윗몸 계획 1.20u
  · 무대 17곳 · 단면 기울기 평타 0.4° · 회오리 7.9° · 참격 40.0° · 시체 11 · 핏자국 16
E2E kill_bisect PASS (검사 64)
E2E ▶ element_status
  · 무대 = 방 [P: (15, 43), S: (14, 13)], 가로 11.0u
  · 한기 이동 실측 2.27 / 3.50 = ×0.65 (사양 ×0.65)
E2E element_status PASS (검사 78)
E2E ▶ element_ui
E2E element_ui PASS (검사 4)
E2E ▶ talisman_targeting
E2E talisman_targeting PASS (검사 73)
E2E ▶ talisman_throw
  · 무대 = 방 [P: (15, 43), S: (14, 13)]
E2E talisman_throw PASS (검사 56)
E2E ▶ loot_drop
E2E loot_drop PASS (검사 24)
E2E ▶ potion_tiers
E2E potion_tiers PASS (검사 10)
E2E ▶ loot_props
E2E loot_props PASS (검사 19)
E2E ▶ elite_pack
  · 층 지역 레벨 2
E2E elite_pack PASS (검사 52)
E2E ▶ elite_slots
  · 시드 3340239649 · 무리 11/18 · 구간 2 · 레벨 2 · 산적 ×4 · 강화 fierce
  · 시드 160326318 · 방 3 (깊이 0.71) · 산적 · 대머리 판돌이 + 하수인 4 · 옵션 cold_enchanted
E2E elite_slots PASS (검사 31)
E2E ▶ flee_chase
  · 띠 첫 자리 (18.5, 0.0, 64.5) (들머리에서 11.0u)
  · 표 — 판 · 붙잡음(첫 칼) · 닿음 · 휘두름 · 도망친 거리 · 물러나는 빠르기(가운데/최대) | 맞은 뒤 4초: 멀어지며 걸은 시간·거리 · 공격 시작 · 첫 공격 · 닿은 공격 · 적 칼 맞음/휘두름 · 적이 움직인 거리
  · 부적술사      걷기 3.00 | 붙잡음 2.95초 · 닿음 2.35초 · 휘두름 1 · 도망친 거리 4.30u (2.05초) · 물러나는 빠르기 2.10/2.10 | 맞은 뒤: 멀어지며 0.00초 0.00u · 공격 시작 2 · 첫 공격 1.53초 · 닿은 공격 1 · 적 칼 맞음 3/3 · 움직인 거리 0.81u
  · 박쥐        걷기 4.50 | 붙잡음 1.15초 · 닿음 0.55초 · 휘두름 1 · 도망친 거리 1.73u (0.55초) · 물러나는 빠르기 3.15/3.15 | 맞은 뒤: 멀어지며 0.00초 0.00u · 공격 시작 1 · 첫 공격 2.20초 · 닿은 공격 1 · 적 칼 맞음 4/4 · 움직인 거리 0.56u
  · 날랜 박쥐     걷기 6.08 | 붙잡음 1.18초 · 닿음 0.58초 · 휘두름 1 · 도망친 거리 1.87u (0.58초) · 물러나는 빠르기 3.20/3.20 | 맞은 뒤: 멀어지며 0.00초 0.00u · 공격 시작 2 · 첫 공격 1.23초 · 닿은 공격 2 · 적 칼 맞음 4/4 · 움직인 거리 0.17u
E2E flee_chase PASS (검사 35)
E2E ▶ verify_flows
E2E verify_flows PASS (검사 16)
E2E ▶ balance_room
  · 명중 확정 끔 — 이 대본은 명중 굴림을 실전 그대로 쓴다 (#342)
  · 걸어감 2.3초 · 처치 3 · 18.5초 · 생명 110→80 (최저 80) · 적 공격 16 (명중 9) · Lv1
E2E balance_room PASS (검사 8)
E2E ▶ balance_boss
  · 명중 확정 끔 — 이 대본은 명중 굴림을 실전 그대로 쓴다 (#342)
  · 흑랑 Lv3 처치 · 32.7초 · 2페이즈 17.7초 · 생명 130→58 (최저 35 = 27%) · 탕약 3/3 · 적 공격 43 (명중 22)
  · 흑랑 Lv5 처치 · 26.6초 · 2페이즈 10.6초 · 생명 150→87 (최저 46 = 31%) · 탕약 3/3 · 적 공격 38 (명중 23)
  · Lv5 목표 대조(이 판 — 판정은 25판 표 §9.7): 26.6초 (15~30) · 탕약 3 (1 안팎) · 최저 생명 31% (35~60)
E2E balance_boss PASS (검사 20)
E2E ▶ player_death
E2E player_death PASS (검사 27)
E2E ▶ wall_cutaway
  · stand=(48, 51) wall=(49, 52) player=(48.5, 0.000391, 51.5) 후보 116칸
E2E wall_cutaway PASS (검사 17)
E2E ▶ floor_seams
  · 헤드리스 — 밝기 실측 생략
E2E floor_seams PASS (검사 3)
E2E ▶ char_light
  · 마을: 키 0.450 오는 쪽 (0.067, 0.643, 0.763) · 보조 0.060 오는 쪽 (-0.079, 0.423, -0.903) (카메라 자리 (0.577, 0.577, 0.577))
  · 헤드리스 — town 스윕 [0.45, 0.15, 0.8] 픽셀 실측 생략 (배우 4명 · glTF 기본값 금속 재질 0)
  · 던전 1층: 키 0.350 오는 쪽 (0.067, 0.643, 0.763) · 보조 0.047 오는 쪽 (-0.079, 0.423, -0.903) (카메라 자리 (0.577, 0.577, 0.577))
  · 헤드리스 — dungeon 스윕 [0.35, 0.8, 1.5] 픽셀 실측 생략 (배우 4명 · glTF 기본값 금속 재질 0)
  · 보스 층: 키 0.350 오는 쪽 (0.067, 0.643, 0.763) · 보조 0.047 오는 쪽 (-0.079, 0.423, -0.903) (카메라 자리 (0.577, 0.577, 0.577))
E2E char_light PASS (검사 94)
E2E ▶ town_layout
  · 광장→입구 내비 경로 41.7u
  · 갈대 154포기
  · 돌담 마디 64 · 바위 89 · 울타리 마디 1
E2E town_layout PASS (검사 60)
E2E ▶ town_approach
  · 문턱까지 클릭 주행 11.57s (캡처·입력 대기 포함)
E2E town_approach PASS (검사 133)
E2E ▶ audio_cues
  · Music 플레이어 재생 중 3 (헤드리스 드라이버에 따라 0일 수 있음)
  · 곡 순환 9곡: dungeon_3 → dungeon_1 → dungeon_3 → dungeon_2 → dungeon_4 → dungeon_2 → dungeon_3 → dungeon_1 → dungeon_4
  · 보통 타격 8번 피치×귀 피로: 1.056×1.0, 0.976×1.0, 1.002×1.0, 0.963×1.0, 1.020×1.0, 0.970×0.8, 1.016×0.8, 0.993×0.8
  · 치명 8번 피치×귀 피로: 1.000×1.0, 1.000×1.0, 1.000×1.0, 1.000×1.0, 1.000×1.0, 1.000×1.0, 1.000×1.0, 1.000×1.0
  · 참격: 시전 → 타격 겹 0.68초 (칼이 닿는 시각 0.68초)
  · 참격: 시전 → 타격 겹 0.68초 (칼이 닿는 시각 0.68초)
  · 돌진베기: 시전 → 타격 겹 0.55초 (칼이 닿는 시각 0.55초)
  · 회오리베기: 시전 → 타격 겹 0.42초 (칼이 닿는 시각 0.41초)
  · 앞 절 소리가 끝남 true (재생 중 0)
  · 동시 처치 5: 빼앗김 0 · 같은 큐 상한에 버림 8 · 동시 재생 최고 43/64 · 울림/호출 kill_extra 5/5 · blood_splat 5/5 · body_fall 3/5 · 막타 5번 실시간 폭 57 ms
  · 레벨업 추임새 doho_levelup = 레벨업 608 ms 뒤
E2E audio_cues PASS (검사 110)
E2E ▶ sfx_limiter
  · stop_music 뒤에도 돌던 음악 플레이어: town.ogg -36.0 dB
  · 소리 하나(enemy_die_1.wav): 끔 -1.500 · 켬 -1.500 dBFS
  · normal 끔: 봉우리 +3.61 dBFS · 1.0 넘는 표본 278 · 몸통 400 ms -9.5 dBFS · 울린 겹 5 · 동시에 울던 SFX 플레이어 5/64
  · normal 켬: 봉우리 -1.00 dBFS · 들어온 +3.54 dBFS → 넘침 2 ppm (한계 83 ppm) · 1.0 넘는 표본 0 · 몸통 400 ms -12.9 dBFS · 울린 겹 5 · 동시에 울던 SFX 플레이어 5/64
  · crit 끔: 봉우리 +8.49 dBFS · 1.0 넘는 표본 1323 · 몸통 400 ms -7.4 dBFS · 울린 겹 8 · 동시에 울던 SFX 플레이어 7/64
  · crit 켬: 봉우리 -1.00 dBFS · 들어온 +7.42 dBFS → 넘침 4 ppm (한계 196 ppm) · 1.0 넘는 표본 0 · 몸통 400 ms -13.5 dBFS · 울린 겹 8 · 동시에 울던 SFX 플레이어 7/64
  · 치명 막타 뒤 남는 줄어듦 -0.54 dB (기준음 -20.00 → -20.54 dBFS, 릴리스 0.20초)
  · triple 끔: 봉우리 +12.01 dBFS · 1.0 넘는 표본 2555 · 몸통 400 ms -6.1 dBFS · 울린 겹 16 · 동시에 울던 SFX 플레이어 16/64
  · triple 켬: 봉우리 -1.00 dBFS · 들어온 +12.04 dBFS → 넘침 9 ppm (한계 416 ppm) · 1.0 넘는 표본 0 · 몸통 400 ms -13.8 dBFS · 울린 겹 16 · 동시에 울던 SFX 플레이어 16/64
  · 엔진 넘침 한계 — 봉우리에서 시작하는 165 Hz +10.5 dB: 들어온 +10.50 dBFS → 넘침 275 ppm (+0.0024 dB, 한계 329 ppm · 옛 판정 200 ppm이면 FAIL)
E2E sfx_limiter PASS (검사 11)
E2E ▶ ui_windows
E2E ui_windows PASS (검사 60)
E2E ▶ dialogue_band
  · 이름표 글꼴 = 궁서
E2E dialogue_band PASS (검사 71)
E2E ▶ dialogue_event
E2E dialogue_event PASS (검사 49)
E2E ▶ ui_docks
  · none camera settled, player x=640.00
  · right camera settled, player x=424.00
  · right after pickup camera settled, player x=424.00
  · left camera settled, player x=856.00
  · left after movement camera settled, player x=857.45
  · both camera settled, player x=640.28
  · skills and bag camera settled, player x=640.16
  · Esc restores center camera settled, player x=640.09
  · dialog alone camera settled, player x=641.39
  · vendor and bag camera settled, player x=640.00
  · after vendor close camera settled, player x=640.00
  · waypoint alone camera settled, player x=854.52
  · waypoint and bag camera settled, player x=639.73
  · final center camera settled, player x=639.85
E2E ui_docks PASS (검사 61)
E2E ▶ ui_tooltips
E2E ui_tooltips PASS (검사 97)
E2E ▶ belt_unify
E2E belt_unify PASS (검사 15)
E2E ▶ item_ui
E2E item_ui PASS (검사 42)
E2E ▶ skill_picker
E2E skill_picker PASS (검사 191)
E2E ▶ skill_icons
E2E skill_icons PASS (검사 48)
E2E ▶ vfx_cues
  · 선딜 시트 pos=(44.5, 0.030391, 56.5) 적=(44.5, 0.000391, 56.5) 화면=(593.7165, 331.6754) visible=true frame=7/23
  · 레벨업 道: 발 위 4.30 · 칸 15장 · 흩어짐 0.33(1.55초) · 사라짐 2.03초
  · 루프 103 · 단발 2
E2E vfx_cues PASS (검사 74)
E2E ▶ vfx_cap_blood
  · #395 (고친 뒤) — 둘째 킬 직전 살아 있는 단발 21/24(장식성 패딩 15개) · 새로 생겼나=true · 킬 뒤 살아있는 단발 24 · 피 전용 4/24
E2E vfx_cap_blood PASS (검사 3)
E2E ▶ skill_area
  · 참격: 반지름 2.20 · 각 120° · 칼이 닿는 시각 0.68초
  · 회오리베기: 반지름 2.50 · 칼이 닿는 시각 0.41초
  · 돌진베기: 길이 5.00 (벽에서 끊김 반영) · 반폭 1.10 · 칼이 닿는 시각 0.55초
E2E skill_area PASS (검사 93)
E2E ▶ footsteps
  · step_dirt 15번 (14.8칸 달림), 그때 클립 ["run", "run", "run", "run", "run", "run", "run", "run", "run", "run", "run", "run", "run", "run", "run"]
  · 마을(흙) 발소리 간격 0.265, 0.271, 0.272, 0.253, 0.276, 0.251, 0.279, 0.264, 0.262, 0.263, 0.277, 0.250, 0.264, 0.266 (기대 0.265초)
  · step_stone 9번 (9.9칸 달림), 그때 클립 ["run", "run", "run", "run", "run", "run", "run", "run", "run"]
  · 던전(돌) 발소리 간격 0.276, 0.262, 0.266, 0.279, 0.250, 0.264, 0.277, 0.264 (기대 0.265초)
E2E footsteps PASS (검사 13)
E2E ▶ dungeon_layout
  · 1층 격자 64x64 · 방 6 (한 변 8~14) · 걷는 칸 882(복도 126) · 적 17 { "bandit": 13, "talisman_master": 3, "bat": 1 } · 보스 0 · 횃불 48 · 소품 9
  · 1층 모양 갈래 { "bandit_v2": 5, "bandit_v2_dagger": 8 } · 두 갈래가 같이 있는 방 3곳 [1, 2, 4]
  · 2층 격자 28x28 · 방 2 (한 변 7~14) · 걷는 칸 274(복도 45) · 적 2 { "bat": 2 } · 보스 1 · 횃불 16 · 소품 2
  · 2층 모양 갈래 {  } · 두 갈래가 같이 있는 방 0곳 []
E2E dungeon_layout PASS (검사 34)
E2E ▶ beomgul_walk
  · 1층 64x64 · 적 25 · 명단 ["hwajeok", "vampire_bat", "spider"] · 장식 ["Rock 55", "RuinStone 68", "Bones 20", "Fur 12"] · 정예 자리 1
  · 2층 64x64 · 적 22 · 명단 ["hwajeok", "vampire_bat", "spider"] · 장식 ["Rock 40", "RuinStone 54", "Bones 22", "Fur 16"] · 정예 자리 1
  · 3층 32x30 · 적 0 · 명단 [] · 장식 ["Rock 12", "RuinStone 16", "Bones 9", "Fur 3"] · 정예 자리 0
E2E beomgul_walk PASS (검사 47)
E2E ▶ town_exits
E2E town_exits PASS (검사 8)
E2E ▶ field_layout
  · 자리 10곳 · 모닥불 3 · 자리 둘레 소품 77
  · 들녘 모양 갈래 { "bandit_v2_dagger": 38, "bandit_v2": 33 } · 산적 있는 무리 18 중 두 갈래가 섞인 무리 17
  · 들녘 적 74 { 1: 22, 2: 27, 3: 25 } · 장식 2252 · 무리 18 · 서낭단 (62, 65)
  · 거대 건축물 자리 { "fort_lintel": (119.5388, 38.16928), "stone_pagoda": (89.5, 45.5), "flag_pillar": (86.95444, 48.04556) } · 폐사지 닻 칸 (88.5, 0.0, 44.5)
E2E field_layout PASS (검사 32)
E2E ▶ field2_layout
  · 정령재 적 70 { 4: 18, 5: 15, 6: 21, 7: 16 } · 장식 2821 · 소나무 1028 · 무리 18 · 서낭단 (61, 66)
E2E field2_layout PASS (검사 21)
E2E ▶ slice_loop
E2E slice_loop PASS (검사 29)
E2E ▶ plaza_light
  · 환경광 0.18 · 해 0.33 · 등롱 2.20/4.6 · 플레이어 빛 1.40/4.5 · 캐릭터 빛 0.45
E2E plaza_light PASS (검사 8)
E2E ▶ town_tour
E2E town_tour PASS (검사 2)
E2E ▶ aoe_field
E2E aoe_field PASS (검사 20)
E2E ▶ long_body
E2E long_body PASS (검사 11)
E2E ▶ named_imugi
E2E named_imugi PASS (검사 13)
E2E ▶ serpent_models
E2E serpent_models PASS (검사 18)
E2E ▶ gimmicks
  · 밀치기 실측 0.800u (정격 0.8)
  · 몸 36 동시 — 0.5초에 71프레임 (평균 7.0ms)
E2E gimmicks PASS (검사 33)
E2E ▶ pus_jar
E2E pus_jar PASS (검사 13)
E2E ▶ roles
E2E roles PASS (검사 24)
E2E ▶ roster_swap
E2E roster_swap PASS (검사 19)
E2E ▶ gimmicks_m10
  · 끌림 실측 3.292u (정격 3.292 = 4.24 − 몸 0.35 − stop 0.6)
E2E gimmicks_m10 PASS (검사 22)
E2E ▶ behaviors_m9
  · ① 선 자리 거리 들개 6.0 · 넋 6.0 · 혼불 6.0
  · ① 도호 쪽 빠르기 들개 4.50 · 넋 2.34 · 혼불 4.62 · 넋 흔들림 최대 53°
E2E behaviors_m9 PASS (검사 13)
E2E ▶ female_f1
E2E female_f1 PASS (검사 7)
E2E ▶ female_float
E2E female_float PASS (검사 5)
E2E ▶ m14_models
  · 줄 가운데 = (76.5, 0.0, 74.5) (서낭단 닻 (64, 66))
  · 모양: hollin_yeogung_bow=hollin_yeogung, hollin_yeogung_spear=hollin_yeogung_spear, plague_dog=plague_dog, honbul=honbul, tteodoneun_neok=sobok_gwisin, gaekgwi=sobok_gwisin, mulgwishin=sobok_gwisin, nachalnyeo=nachalnyeo
E2E m14_models PASS (검사 13)
E2E ▶ leader_options
  · 축지 — 도호 곁 1.88칸 · 맞고 옆으로 4.47칸 (잣대 2.29~5.71)
E2E leader_options PASS (검사 20)
E2E ▶ surround
E2E surround PASS (검사 7)
E2E ▶ item_showcase
  · 바닥 한 줄 6칸: (1.272792, 0.0, 3.687006) → (5.798276, 0.0, 0.858578) (화면 (574.5455, 465.8325) → (914.9091, 511.1803))
  · 더미(한 자리) (3.252691, 0.0, 1.141421) → 화면 (784.0001, 450.7165)
  · 더미 여섯 다시 쌓기 중앙값 0.11ms [0.34 0.13 0.11 0.10 0.10 0.23 0.11]
  · 무리(튀어나옴) (4.24264, 0.0, 1.0) → 화면 (836.3636, 473.3904)
  · 150개 한 점: 다시 쌓기 중앙값 6.73ms [7.41 6.43 6.22 6.83 6.73 7.10 6.44] · 가만히 있는 프레임 중앙값 0.480ms [0.47 0.48 0.48 0.47 0.52]
E2E item_showcase PASS (검사 1704)
E2E ▶ weapon_visibility
E2E weapon_visibility PASS (검사 25)
E2E ▶ first_magic
E2E first_magic PASS (검사 18)
E2E ▶ hover_target
E2E hover_target PASS (검사 45)
E2E ▶ system_menu
E2E system_menu PASS (검사 43)
E2E SUMMARY: 98/98 PASS
  e2e  (908.7초) — 제한 3600초
전부 PASS
