[
  {
    "comparison": "focused_pair",
    "level": 3,
    "prefix": 6,
    "first_state": {
      "index": 2,
      "left": {
        "event_seq": 3,
        "kind": "resource_process_before",
        "callsite": "PlayerCombat._process",
        "body": "doho0",
        "tick": 0,
        "process_frame": 0,
        "physics": false,
        "game_relative": "0.00000000000000000"
      },
      "right": {
        "event_seq": 3,
        "kind": "resource_process_before",
        "callsite": "PlayerCombat._process",
        "body": "doho0",
        "tick": 0,
        "process_frame": 0,
        "physics": false,
        "game_relative": "0.00000000000000000"
      },
      "changed_leaves": [
        {
          "field": "fields.delta",
          "left": "0.08212299999999992",
          "right": "0.08333333333333333"
        },
        {
          "field": "state.clip_position",
          "left": "0.09878966666666664",
          "right": "0.10000000000000006"
        }
      ]
    },
    "first_order": {
      "index": 6,
      "left": {
        "event_seq": 7,
        "kind": "player_physics",
        "callsite": "Player._physics_process",
        "body": "doho0",
        "tick": 2,
        "process_frame": 1,
        "physics": true,
        "game_relative": "0.03333333333333335"
      },
      "right": {
        "event_seq": 7,
        "kind": "resource_process_before",
        "callsite": "PlayerCombat._process",
        "body": "doho0",
        "tick": 1,
        "process_frame": 1,
        "physics": false,
        "game_relative": "0.01666666666666666"
      },
      "changed_leaves": [
        {
          "field": "[0]",
          "left": "player_physics",
          "right": "resource_process_before"
        },
        {
          "field": "[1]",
          "left": "Player._physics_process",
          "right": "PlayerCombat._process"
        },
        {
          "field": "[3]",
          "left": true,
          "right": false
        }
      ]
    },
    "first_clock": {
      "left": {
        "event_seq": 7,
        "kind": "player_physics",
        "callsite": "Player._physics_process",
        "body": "doho0",
        "tick": 2,
        "process_frame": 1,
        "physics": true,
        "game_relative": "0.03333333333333335"
      },
      "right": {
        "event_seq": 7,
        "kind": "resource_process_before",
        "callsite": "PlayerCombat._process",
        "body": "doho0",
        "tick": 1,
        "process_frame": 1,
        "physics": false,
        "game_relative": "0.01666666666666666"
      },
      "same_identity": false,
      "same_tick": false
    },
    "pure_clock_prefix_count": 0,
    "rng_counts": [
      [
        "doho0",
        32,
        32
      ],
      [
        "heukrang0",
        18,
        18
      ],
      [
        "guard_bat1",
        10,
        10
      ],
      [
        "guard_bat2",
        7,
        7
      ],
      [
        "summon_bat1",
        7,
        7
      ],
      [
        "summon_bat2",
        1,
        1
      ]
    ],
    "outcome_differences": []
  },
  {
    "comparison": "focused_pair",
    "level": 5,
    "prefix": 24,
    "first_state": {
      "index": 3,
      "left": {
        "event_seq": 4,
        "kind": "resource_process_before",
        "callsite": "PlayerCombat._process",
        "body": "doho0",
        "tick": 0,
        "process_frame": 0,
        "physics": false,
        "game_relative": "0.00000000000000000"
      },
      "right": {
        "event_seq": 4,
        "kind": "resource_process_before",
        "callsite": "PlayerCombat._process",
        "body": "doho0",
        "tick": 0,
        "process_frame": 0,
        "physics": false,
        "game_relative": "0.00000000000000000"
      },
      "changed_leaves": [
        {
          "field": "fields.delta",
          "left": "0.13791999999999999",
          "right": "0.03448000000000000"
        }
      ]
    },
    "first_order": {
      "index": 24,
      "left": {
        "event_seq": 25,
        "kind": "hitstop_restore",
        "callsite": "ActorVisual.hit_stop.timeout",
        "body": "doho0",
        "tick": 8,
        "process_frame": 1,
        "physics": false,
        "game_relative": "0.13333333333332575"
      },
      "right": {
        "event_seq": 25,
        "kind": "player_physics",
        "callsite": "Player._physics_process",
        "body": "doho0",
        "tick": 9,
        "process_frame": 2,
        "physics": true,
        "game_relative": "0.14999999999999147"
      },
      "changed_leaves": [
        {
          "field": "[0]",
          "left": "hitstop_restore",
          "right": "player_physics"
        },
        {
          "field": "[1]",
          "left": "ActorVisual.hit_stop.timeout",
          "right": "Player._physics_process"
        },
        {
          "field": "[3]",
          "left": false,
          "right": true
        }
      ]
    },
    "first_clock": {
      "left": {
        "event_seq": 25,
        "kind": "hitstop_restore",
        "callsite": "ActorVisual.hit_stop.timeout",
        "body": "doho0",
        "tick": 8,
        "process_frame": 1,
        "physics": false,
        "game_relative": "0.13333333333332575"
      },
      "right": {
        "event_seq": 25,
        "kind": "player_physics",
        "callsite": "Player._physics_process",
        "body": "doho0",
        "tick": 9,
        "process_frame": 2,
        "physics": true,
        "game_relative": "0.14999999999999147"
      },
      "same_identity": false,
      "same_tick": false
    },
    "pure_clock_prefix_count": 0,
    "rng_counts": [
      [
        "doho0",
        25,
        25
      ],
      [
        "heukrang0",
        17,
        16
      ],
      [
        "guard_bat1",
        9,
        9
      ],
      [
        "guard_bat2",
        4,
        0
      ],
      [
        "summon_bat1",
        4,
        4
      ],
      [
        "summon_bat2",
        1,
        1
      ]
    ],
    "outcome_differences": [
      {
        "field": "attacks",
        "left": 33,
        "right": 28
      },
      {
        "field": "hits",
        "left": 21,
        "right": 18
      },
      {
        "field": "hp",
        "left": "68.00000000000000000",
        "right": "53.00000000000000000"
      },
      {
        "field": "hp_min",
        "left": "47.00000000000000000",
        "right": "51.00000000000000000"
      },
      {
        "field": "input_polls",
        "left": 257,
        "right": 246
      },
      {
        "field": "phase2",
        "left": "14.79999999999916200",
        "right": "14.69999999999916800"
      },
      {
        "field": "sec",
        "left": "25.69999999999854300",
        "right": "24.59999999999860500"
      },
      {
        "field": "used",
        "left": 3,
        "right": 2
      }
    ]
  },
  {
    "comparison": "focused_1_vs_full_1",
    "level": 3,
    "prefix": 2,
    "first_state": {
      "index": 1,
      "left": {
        "event_seq": 2,
        "kind": "body_bound",
        "callsite": "BalanceCombatRng._bind_actor",
        "body": "doho0",
        "tick": 0,
        "process_frame": 0,
        "physics": false,
        "game_relative": "0.00000000000000000"
      },
      "right": {
        "event_seq": 2,
        "kind": "body_bound",
        "callsite": "BalanceCombatRng._bind_actor",
        "body": "doho0",
        "tick": 0,
        "process_frame": 0,
        "physics": false,
        "game_relative": "0.00000000000000000"
      },
      "changed_leaves": [
        {
          "field": "state.clip_position",
          "left": "0.01666666666666673",
          "right": "0.00000000000000000"
        },
        {
          "field": "state.clip_speed",
          "left": "1.00000000000000000",
          "right": "0.00000000000000000"
        },
        {
          "field": "state.stagger_future",
          "left": false,
          "right": true
        },
        {
          "field": "state.stagger_remaining",
          "left": "0.00000000000000000",
          "right": "0.10000000000001208"
        },
        {
          "field": "state.stopped",
          "left": false,
          "right": true
        }
      ]
    },
    "first_order": {
      "index": 2,
      "left": {
        "event_seq": 3,
        "kind": "resource_process_before",
        "callsite": "PlayerCombat._process",
        "body": "doho0",
        "tick": 0,
        "process_frame": 0,
        "physics": false,
        "game_relative": "0.00000000000000000"
      },
      "right": {
        "event_seq": 3,
        "kind": "mixer_applied",
        "callsite": "ActorVisual._on_mixer_marks",
        "body": "doho0",
        "tick": 0,
        "process_frame": 0,
        "physics": false,
        "game_relative": "0.00000000000000000"
      },
      "changed_leaves": [
        {
          "field": "[0]",
          "left": "resource_process_before",
          "right": "mixer_applied"
        },
        {
          "field": "[1]",
          "left": "PlayerCombat._process",
          "right": "ActorVisual._on_mixer_marks"
        }
      ]
    },
    "first_clock": {
      "left": {
        "event_seq": 5,
        "kind": "player_physics",
        "callsite": "Player._physics_process",
        "body": "doho0",
        "tick": 1,
        "process_frame": 1,
        "physics": true,
        "game_relative": "0.01666666666666666"
      },
      "right": {
        "event_seq": 5,
        "kind": "resource_process_after",
        "callsite": "PlayerCombat._process",
        "body": "doho0",
        "tick": 0,
        "process_frame": 0,
        "physics": false,
        "game_relative": "0.00000000000000000"
      },
      "same_identity": false,
      "same_tick": false
    },
    "pure_clock_prefix_count": 0,
    "rng_counts": [
      [
        "doho0",
        32,
        32
      ],
      [
        "heukrang0",
        18,
        18
      ],
      [
        "guard_bat1",
        10,
        10
      ],
      [
        "guard_bat2",
        7,
        7
      ],
      [
        "summon_bat1",
        7,
        7
      ],
      [
        "summon_bat2",
        1,
        1
      ]
    ],
    "outcome_differences": [
      {
        "field": "input_polls",
        "left": 277,
        "right": 278
      },
      {
        "field": "phase2",
        "left": "11.20000000000016400",
        "right": "11.19999999999936300"
      },
      {
        "field": "sec",
        "left": "27.69999999999967600",
        "right": "27.79999999999842300"
      }
    ]
  },
  {
    "comparison": "focused_1_vs_full_1",
    "level": 5,
    "prefix": 77,
    "first_state": {
      "index": 1,
      "left": {
        "event_seq": 2,
        "kind": "body_bound",
        "callsite": "BalanceCombatRng._bind_actor",
        "body": "doho0",
        "tick": 0,
        "process_frame": 0,
        "physics": false,
        "game_relative": "0.00000000000000000"
      },
      "right": {
        "event_seq": 2,
        "kind": "body_bound",
        "callsite": "BalanceCombatRng._bind_actor",
        "body": "doho0",
        "tick": 0,
        "process_frame": 0,
        "physics": false,
        "game_relative": "0.00000000000000000"
      },
      "changed_leaves": [
        {
          "field": "state.slide_collisions[0].body",
          "left": "unbound",
          "right": "fixture"
        },
        {
          "field": "state.slide_collisions[0].depth",
          "left": "0.00012250046711415",
          "right": "0.00014899473171681"
        },
        {
          "field": "state.slide_collisions[0].normal[0]",
          "left": "0.00000000000000000",
          "right": "-1.00000000000000000"
        },
        {
          "field": "state.slide_collisions[0].normal[1]",
          "left": "1.00000000000000000",
          "right": "0.00000000000000000"
        },
        {
          "field": "state.slide_collisions[0].position[0]",
          "left": "-0.35085099935531616",
          "right": "0.00000000000000000"
        },
        {
          "field": "state.slide_collisions[0].position[1]",
          "left": "0.00000000000000000",
          "right": "1.30000007152557370"
        }
      ]
    },
    "first_order": {
      "index": 77,
      "left": {
        "event_seq": 78,
        "kind": "enemy_physics_before",
        "callsite": "Enemy._physics_process",
        "body": "guard_bat1",
        "tick": 20,
        "process_frame": 4,
        "physics": true,
        "game_relative": "0.33333333333331439"
      },
      "right": {
        "event_seq": 78,
        "kind": "mixer_applied",
        "callsite": "ActorVisual._on_mixer_marks",
        "body": "doho0",
        "tick": 19,
        "process_frame": 4,
        "physics": false,
        "game_relative": "0.31666666666664867"
      },
      "changed_leaves": [
        {
          "field": "[0]",
          "left": "enemy_physics_before",
          "right": "mixer_applied"
        },
        {
          "field": "[1]",
          "left": "Enemy._physics_process",
          "right": "ActorVisual._on_mixer_marks"
        },
        {
          "field": "[2]",
          "left": "guard_bat1",
          "right": "doho0"
        },
        {
          "field": "[3]",
          "left": true,
          "right": false
        }
      ]
    },
    "first_clock": {
      "left": {
        "event_seq": 78,
        "kind": "enemy_physics_before",
        "callsite": "Enemy._physics_process",
        "body": "guard_bat1",
        "tick": 20,
        "process_frame": 4,
        "physics": true,
        "game_relative": "0.33333333333331439"
      },
      "right": {
        "event_seq": 78,
        "kind": "mixer_applied",
        "callsite": "ActorVisual._on_mixer_marks",
        "body": "doho0",
        "tick": 19,
        "process_frame": 4,
        "physics": false,
        "game_relative": "0.31666666666664867"
      },
      "same_identity": false,
      "same_tick": false
    },
    "pure_clock_prefix_count": 0,
    "rng_counts": [
      [
        "doho0",
        25,
        25
      ],
      [
        "heukrang0",
        17,
        16
      ],
      [
        "guard_bat1",
        9,
        9
      ],
      [
        "guard_bat2",
        4,
        3
      ],
      [
        "summon_bat1",
        4,
        4
      ],
      [
        "summon_bat2",
        1,
        1
      ]
    ],
    "outcome_differences": [
      {
        "field": "attacks",
        "left": 33,
        "right": 31
      },
      {
        "field": "hits",
        "left": 21,
        "right": 19
      },
      {
        "field": "hp",
        "left": "68.00000000000000000",
        "right": "87.00000000000000000"
      },
      {
        "field": "input_polls",
        "left": 257,
        "right": 246
      },
      {
        "field": "phase2",
        "left": "14.79999999999916200",
        "right": "14.79999999999915900"
      },
      {
        "field": "sec",
        "left": "25.69999999999854300",
        "right": "24.59999999999860900"
      }
    ]
  },
  {
    "comparison": "focused_2_vs_full_1",
    "level": 3,
    "prefix": 2,
    "first_state": {
      "index": 1,
      "left": {
        "event_seq": 2,
        "kind": "body_bound",
        "callsite": "BalanceCombatRng._bind_actor",
        "body": "doho0",
        "tick": 0,
        "process_frame": 0,
        "physics": false,
        "game_relative": "0.00000000000000000"
      },
      "right": {
        "event_seq": 2,
        "kind": "body_bound",
        "callsite": "BalanceCombatRng._bind_actor",
        "body": "doho0",
        "tick": 0,
        "process_frame": 0,
        "physics": false,
        "game_relative": "0.00000000000000000"
      },
      "changed_leaves": [
        {
          "field": "state.clip_position",
          "left": "0.01666666666666673",
          "right": "0.00000000000000000"
        },
        {
          "field": "state.clip_speed",
          "left": "1.00000000000000000",
          "right": "0.00000000000000000"
        },
        {
          "field": "state.stagger_future",
          "left": false,
          "right": true
        },
        {
          "field": "state.stagger_remaining",
          "left": "0.00000000000000000",
          "right": "0.10000000000001208"
        },
        {
          "field": "state.stopped",
          "left": false,
          "right": true
        }
      ]
    },
    "first_order": {
      "index": 2,
      "left": {
        "event_seq": 3,
        "kind": "resource_process_before",
        "callsite": "PlayerCombat._process",
        "body": "doho0",
        "tick": 0,
        "process_frame": 0,
        "physics": false,
        "game_relative": "0.00000000000000000"
      },
      "right": {
        "event_seq": 3,
        "kind": "mixer_applied",
        "callsite": "ActorVisual._on_mixer_marks",
        "body": "doho0",
        "tick": 0,
        "process_frame": 0,
        "physics": false,
        "game_relative": "0.00000000000000000"
      },
      "changed_leaves": [
        {
          "field": "[0]",
          "left": "resource_process_before",
          "right": "mixer_applied"
        },
        {
          "field": "[1]",
          "left": "PlayerCombat._process",
          "right": "ActorVisual._on_mixer_marks"
        }
      ]
    },
    "first_clock": {
      "left": {
        "event_seq": 5,
        "kind": "player_physics",
        "callsite": "Player._physics_process",
        "body": "doho0",
        "tick": 1,
        "process_frame": 1,
        "physics": true,
        "game_relative": "0.01666666666666666"
      },
      "right": {
        "event_seq": 5,
        "kind": "resource_process_after",
        "callsite": "PlayerCombat._process",
        "body": "doho0",
        "tick": 0,
        "process_frame": 0,
        "physics": false,
        "game_relative": "0.00000000000000000"
      },
      "same_identity": false,
      "same_tick": false
    },
    "pure_clock_prefix_count": 0,
    "rng_counts": [
      [
        "doho0",
        32,
        32
      ],
      [
        "heukrang0",
        18,
        18
      ],
      [
        "guard_bat1",
        10,
        10
      ],
      [
        "guard_bat2",
        7,
        7
      ],
      [
        "summon_bat1",
        7,
        7
      ],
      [
        "summon_bat2",
        1,
        1
      ]
    ],
    "outcome_differences": [
      {
        "field": "input_polls",
        "left": 277,
        "right": 278
      },
      {
        "field": "phase2",
        "left": "11.20000000000016400",
        "right": "11.19999999999936300"
      },
      {
        "field": "sec",
        "left": "27.69999999999967600",
        "right": "27.79999999999842300"
      }
    ]
  },
  {
    "comparison": "focused_2_vs_full_1",
    "level": 5,
    "prefix": 24,
    "first_state": {
      "index": 1,
      "left": {
        "event_seq": 2,
        "kind": "body_bound",
        "callsite": "BalanceCombatRng._bind_actor",
        "body": "doho0",
        "tick": 0,
        "process_frame": 0,
        "physics": false,
        "game_relative": "0.00000000000000000"
      },
      "right": {
        "event_seq": 2,
        "kind": "body_bound",
        "callsite": "BalanceCombatRng._bind_actor",
        "body": "doho0",
        "tick": 0,
        "process_frame": 0,
        "physics": false,
        "game_relative": "0.00000000000000000"
      },
      "changed_leaves": [
        {
          "field": "state.slide_collisions[0].body",
          "left": "unbound",
          "right": "fixture"
        },
        {
          "field": "state.slide_collisions[0].depth",
          "left": "0.00012250046711415",
          "right": "0.00014899473171681"
        },
        {
          "field": "state.slide_collisions[0].normal[0]",
          "left": "0.00000000000000000",
          "right": "-1.00000000000000000"
        },
        {
          "field": "state.slide_collisions[0].normal[1]",
          "left": "1.00000000000000000",
          "right": "0.00000000000000000"
        },
        {
          "field": "state.slide_collisions[0].position[0]",
          "left": "-0.35085099935531616",
          "right": "0.00000000000000000"
        },
        {
          "field": "state.slide_collisions[0].position[1]",
          "left": "0.00000000000000000",
          "right": "1.30000007152557370"
        }
      ]
    },
    "first_order": {
      "index": 24,
      "left": {
        "event_seq": 25,
        "kind": "player_physics",
        "callsite": "Player._physics_process",
        "body": "doho0",
        "tick": 9,
        "process_frame": 2,
        "physics": true,
        "game_relative": "0.14999999999999147"
      },
      "right": {
        "event_seq": 25,
        "kind": "hitstop_restore",
        "callsite": "ActorVisual.hit_stop.timeout",
        "body": "doho0",
        "tick": 8,
        "process_frame": 1,
        "physics": false,
        "game_relative": "0.13333333333332575"
      },
      "changed_leaves": [
        {
          "field": "[0]",
          "left": "player_physics",
          "right": "hitstop_restore"
        },
        {
          "field": "[1]",
          "left": "Player._physics_process",
          "right": "ActorVisual.hit_stop.timeout"
        },
        {
          "field": "[3]",
          "left": true,
          "right": false
        }
      ]
    },
    "first_clock": {
      "left": {
        "event_seq": 25,
        "kind": "player_physics",
        "callsite": "Player._physics_process",
        "body": "doho0",
        "tick": 9,
        "process_frame": 2,
        "physics": true,
        "game_relative": "0.14999999999999147"
      },
      "right": {
        "event_seq": 25,
        "kind": "hitstop_restore",
        "callsite": "ActorVisual.hit_stop.timeout",
        "body": "doho0",
        "tick": 8,
        "process_frame": 1,
        "physics": false,
        "game_relative": "0.13333333333332575"
      },
      "same_identity": false,
      "same_tick": false
    },
    "pure_clock_prefix_count": 0,
    "rng_counts": [
      [
        "doho0",
        25,
        25
      ],
      [
        "heukrang0",
        16,
        16
      ],
      [
        "guard_bat1",
        9,
        9
      ],
      [
        "guard_bat2",
        0,
        3
      ],
      [
        "summon_bat1",
        4,
        4
      ],
      [
        "summon_bat2",
        1,
        1
      ]
    ],
    "outcome_differences": [
      {
        "field": "attacks",
        "left": 28,
        "right": 31
      },
      {
        "field": "hits",
        "left": 18,
        "right": 19
      },
      {
        "field": "hp",
        "left": "53.00000000000000000",
        "right": "87.00000000000000000"
      },
      {
        "field": "hp_min",
        "left": "51.00000000000000000",
        "right": "47.00000000000000000"
      },
      {
        "field": "phase2",
        "left": "14.69999999999916800",
        "right": "14.79999999999915900"
      },
      {
        "field": "sec",
        "left": "24.59999999999860500",
        "right": "24.59999999999860900"
      },
      {
        "field": "used",
        "left": 2,
        "right": 3
      }
    ]
  }
]

