[
  {
    "comparison": "focused_pair",
    "level": 3,
    "raw_epochs": [
      "0.23333333333333331",
      "0.23333333333333331"
    ],
    "first_same_player_tick_clock": null
  },
  {
    "comparison": "focused_pair",
    "level": 5,
    "raw_epochs": [
      "28.41666666666633400",
      "28.29999999999967400"
    ],
    "first_same_player_tick_clock": {
      "left": {
        "event_seq": 3426,
        "kind": "player_physics",
        "callsite": "Player._physics_process",
        "body": "doho0",
        "tick": 216,
        "process_frame": 479,
        "physics": true,
        "game_relative": "3.59999999999979890"
      },
      "right": {
        "event_seq": 3426,
        "kind": "player_physics",
        "callsite": "Player._physics_process",
        "body": "doho0",
        "tick": 216,
        "process_frame": 479,
        "physics": true,
        "game_relative": "3.59999999999979540"
      },
      "changed_leaf_count": 4
    }
  },
  {
    "comparison": "focused_1_vs_full_1",
    "level": 3,
    "raw_epochs": [
      "0.23333333333333331",
      "18.98333333333353700"
    ],
    "first_same_player_tick_clock": {
      "left": {
        "event_seq": 5,
        "kind": "player_physics",
        "callsite": "Player._physics_process",
        "body": "doho0",
        "tick": 1,
        "process_frame": 1,
        "physics": true,
        "game_relative": "0.01666666666666666"
      },
      "right": {
        "event_seq": 6,
        "kind": "player_physics",
        "callsite": "Player._physics_process",
        "body": "doho0",
        "tick": 1,
        "process_frame": 1,
        "physics": true,
        "game_relative": "0.01666666666666572"
      },
      "changed_leaf_count": 5
    }
  },
  {
    "comparison": "focused_1_vs_full_1",
    "level": 5,
    "raw_epochs": [
      "28.41666666666633400",
      "47.13333333333194000"
    ],
    "first_same_player_tick_clock": {
      "left": {
        "event_seq": 3426,
        "kind": "player_physics",
        "callsite": "Player._physics_process",
        "body": "doho0",
        "tick": 216,
        "process_frame": 479,
        "physics": true,
        "game_relative": "3.59999999999979890"
      },
      "right": {
        "event_seq": 3429,
        "kind": "player_physics",
        "callsite": "Player._physics_process",
        "body": "doho0",
        "tick": 216,
        "process_frame": 480,
        "physics": true,
        "game_relative": "3.59999999999979540"
      },
      "changed_leaf_count": 4
    }
  },
  {
    "comparison": "focused_2_vs_full_1",
    "level": 3,
    "raw_epochs": [
      "0.23333333333333331",
      "18.98333333333353700"
    ],
    "first_same_player_tick_clock": {
      "left": {
        "event_seq": 5,
        "kind": "player_physics",
        "callsite": "Player._physics_process",
        "body": "doho0",
        "tick": 1,
        "process_frame": 1,
        "physics": true,
        "game_relative": "0.01666666666666666"
      },
      "right": {
        "event_seq": 6,
        "kind": "player_physics",
        "callsite": "Player._physics_process",
        "body": "doho0",
        "tick": 1,
        "process_frame": 1,
        "physics": true,
        "game_relative": "0.01666666666666572"
      },
      "changed_leaf_count": 5
    }
  },
  {
    "comparison": "focused_2_vs_full_1",
    "level": 5,
    "raw_epochs": [
      "28.29999999999967400",
      "47.13333333333194000"
    ],
    "first_same_player_tick_clock": {
      "left": {
        "event_seq": 3543,
        "kind": "player_physics",
        "callsite": "Player._physics_process",
        "body": "doho0",
        "tick": 223,
        "process_frame": 496,
        "physics": true,
        "game_relative": "3.71666666666645900"
      },
      "right": {
        "event_seq": 3546,
        "kind": "player_physics",
        "callsite": "Player._physics_process",
        "body": "doho0",
        "tick": 223,
        "process_frame": 497,
        "physics": true,
        "game_relative": "3.71666666666645540"
      },
      "changed_leaf_count": 2
    }
  }
]

