[
  {
    "run": "focused_1",
    "battle": "(3, 1)",
    "binding": {
      "seq": 2,
      "tick": 0,
      "kind": "body_bound",
      "flags": {
        "stopped": false,
        "clip_speed": "1.00000000000000000",
        "stagger_future": false,
        "stagger_remaining": "0.00000000000000000"
      },
      "pos": [
        "0.00000000000000000",
        "0.00039062649011612",
        "1.00000000000000000"
      ],
      "clip": "idle",
      "clip_position": "0.01666666666666673"
    },
    "first_baseline_flag_snapshot": {
      "seq": 2,
      "tick": 0,
      "kind": "body_bound",
      "flags": {
        "stopped": false,
        "clip_speed": "1.00000000000000000",
        "stagger_future": false,
        "stagger_remaining": "0.00000000000000000"
      },
      "pos": [
        "0.00000000000000000",
        "0.00039062649011612",
        "1.00000000000000000"
      ],
      "clip": "idle",
      "clip_position": "0.01666666666666673"
    },
    "first_combat_input": {
      "seq": 157,
      "tick": 22,
      "kind": "input_poll",
      "flags": {
        "stopped": false,
        "clip_speed": "1.00000000000000000",
        "stagger_future": false,
        "stagger_remaining": "0.00000000000000000"
      },
      "pos": [
        "10.50000000000000000",
        "0.00039062649011612",
        "8.50000000000000000"
      ],
      "clip": "idle",
      "clip_position": "0.44813833333333319"
    },
    "first_accepted_cast_before": {
      "seq": 158,
      "tick": 22,
      "kind": "cast_attempt",
      "flags": {
        "stopped": false,
        "clip_speed": "1.00000000000000000",
        "stagger_future": false,
        "stagger_remaining": "0.00000000000000000"
      },
      "pos": [
        "10.50000000000000000",
        "0.00039062649011612",
        "8.50000000000000000"
      ],
      "clip": "idle",
      "clip_position": "0.44813833333333319"
    },
    "first_actual_impact_doho_before_receive": {
      "seq": 764,
      "tick": 58,
      "kind": "impact_range_check",
      "flags": {
        "stopped": false,
        "clip_speed": "1.00000000000000000",
        "stagger_future": false,
        "stagger_remaining": "0.00000000000000000"
      },
      "pos": [
        "10.50000000000000000",
        "0.00039062649011612",
        "8.50000000000000000"
      ],
      "clip": "skill_strike",
      "clip_position": "0.60364738095237980"
    },
    "first_last_slide_cache_change": {
      "seq": 11,
      "tick": 3,
      "kind": "player_physics",
      "flags": {
        "stopped": false,
        "clip_speed": "1.00000000000000000",
        "stagger_future": false,
        "stagger_remaining": "0.00000000000000000"
      },
      "pos": [
        "45.50000000000000000",
        "0.05000000074505806",
        "56.50000000000000000"
      ],
      "clip": "idle",
      "clip_position": "0.11765266666666664"
    }
  },
  {
    "run": "focused_1",
    "battle": "(5, 1)",
    "binding": {
      "seq": 2,
      "tick": 0,
      "kind": "body_bound",
      "flags": {
        "stopped": true,
        "clip_speed": "0.00000000000000000",
        "stagger_future": false,
        "stagger_remaining": "0.00000000000000000"
      },
      "pos": [
        "-0.35085099935531616",
        "0.00039062649011612",
        "1.00000000000000000"
      ],
      "clip": "idle",
      "clip_position": "0.00000000000000000"
    },
    "first_baseline_flag_snapshot": {
      "seq": 2,
      "tick": 0,
      "kind": "body_bound",
      "flags": {
        "stopped": true,
        "clip_speed": "0.00000000000000000",
        "stagger_future": false,
        "stagger_remaining": "0.00000000000000000"
      },
      "pos": [
        "-0.35085099935531616",
        "0.00039062649011612",
        "1.00000000000000000"
      ],
      "clip": "idle",
      "clip_position": "0.00000000000000000"
    },
    "first_combat_input": {
      "seq": 207,
      "tick": 28,
      "kind": "input_poll",
      "flags": {
        "stopped": false,
        "clip_speed": "1.00000000000000000",
        "stagger_future": false,
        "stagger_remaining": "0.00000000000000000"
      },
      "pos": [
        "10.50000000000000000",
        "0.00039062649011612",
        "8.50000000000000000"
      ],
      "clip": "idle",
      "clip_position": "0.31403466666666680"
    },
    "first_accepted_cast_before": {
      "seq": 208,
      "tick": 28,
      "kind": "cast_attempt",
      "flags": {
        "stopped": false,
        "clip_speed": "1.00000000000000000",
        "stagger_future": false,
        "stagger_remaining": "0.00000000000000000"
      },
      "pos": [
        "10.50000000000000000",
        "0.00039062649011612",
        "8.50000000000000000"
      ],
      "clip": "idle",
      "clip_position": "0.31403466666666680"
    },
    "first_actual_impact_doho_before_receive": {
      "seq": 822,
      "tick": 63,
      "kind": "impact_range_check",
      "flags": {
        "stopped": false,
        "clip_speed": "1.00000000000000000",
        "stagger_future": false,
        "stagger_remaining": "0.00000000000000000"
      },
      "pos": [
        "10.50000000000000000",
        "0.00039062649011612",
        "8.50000000000000000"
      ],
      "clip": "skill_strike",
      "clip_position": "0.60566566666666655"
    },
    "first_last_slide_cache_change": {
      "seq": 26,
      "tick": 9,
      "kind": "player_physics",
      "flags": {
        "stopped": false,
        "clip_speed": "1.00000000000000000",
        "stagger_future": false,
        "stagger_remaining": "0.00000000000000000"
      },
      "pos": [
        "45.50000000000000000",
        "0.05000000074505806",
        "56.50000000000000000"
      ],
      "clip": "idle",
      "clip_position": "0.00000000000000000"
    }
  },
  {
    "run": "focused_2",
    "battle": "(3, 1)",
    "binding": {
      "seq": 2,
      "tick": 0,
      "kind": "body_bound",
      "flags": {
        "stopped": false,
        "clip_speed": "1.00000000000000000",
        "stagger_future": false,
        "stagger_remaining": "0.00000000000000000"
      },
      "pos": [
        "0.00000000000000000",
        "0.00039062649011612",
        "1.00000000000000000"
      ],
      "clip": "idle",
      "clip_position": "0.01666666666666673"
    },
    "first_baseline_flag_snapshot": {
      "seq": 2,
      "tick": 0,
      "kind": "body_bound",
      "flags": {
        "stopped": false,
        "clip_speed": "1.00000000000000000",
        "stagger_future": false,
        "stagger_remaining": "0.00000000000000000"
      },
      "pos": [
        "0.00000000000000000",
        "0.00039062649011612",
        "1.00000000000000000"
      ],
      "clip": "idle",
      "clip_position": "0.01666666666666673"
    },
    "first_combat_input": {
      "seq": 163,
      "tick": 21,
      "kind": "input_poll",
      "flags": {
        "stopped": false,
        "clip_speed": "1.00000000000000000",
        "stagger_future": false,
        "stagger_remaining": "0.00000000000000000"
      },
      "pos": [
        "10.50000000000000000",
        "0.00039062649011612",
        "8.50000000000000000"
      ],
      "clip": "idle",
      "clip_position": "0.42749999999999977"
    },
    "first_accepted_cast_before": {
      "seq": 164,
      "tick": 21,
      "kind": "cast_attempt",
      "flags": {
        "stopped": false,
        "clip_speed": "1.00000000000000000",
        "stagger_future": false,
        "stagger_remaining": "0.00000000000000000"
      },
      "pos": [
        "10.50000000000000000",
        "0.00039062649011612",
        "8.50000000000000000"
      ],
      "clip": "idle",
      "clip_position": "0.42749999999999977"
    },
    "first_actual_impact_doho_before_receive": {
      "seq": 776,
      "tick": 56,
      "kind": "impact_range_check",
      "flags": {
        "stopped": false,
        "clip_speed": "1.00000000000000000",
        "stagger_future": false,
        "stagger_remaining": "0.00000000000000000"
      },
      "pos": [
        "10.50000000000000000",
        "0.00039062649011612",
        "8.50000000000000000"
      ],
      "clip": "skill_strike",
      "clip_position": "0.60571022222222093"
    },
    "first_last_slide_cache_change": {
      "seq": 9,
      "tick": 2,
      "kind": "player_physics",
      "flags": {
        "stopped": false,
        "clip_speed": "1.00000000000000000",
        "stagger_future": false,
        "stagger_remaining": "0.00000000000000000"
      },
      "pos": [
        "45.50000000000000000",
        "0.05000000074505806",
        "56.50000000000000000"
      ],
      "clip": "idle",
      "clip_position": "0.10629033333333340"
    }
  },
  {
    "run": "focused_2",
    "battle": "(5, 1)",
    "binding": {
      "seq": 2,
      "tick": 0,
      "kind": "body_bound",
      "flags": {
        "stopped": true,
        "clip_speed": "0.00000000000000000",
        "stagger_future": false,
        "stagger_remaining": "0.00000000000000000"
      },
      "pos": [
        "-0.35085099935531616",
        "0.00039062649011612",
        "1.00000000000000000"
      ],
      "clip": "idle",
      "clip_position": "0.00000000000000000"
    },
    "first_baseline_flag_snapshot": {
      "seq": 2,
      "tick": 0,
      "kind": "body_bound",
      "flags": {
        "stopped": true,
        "clip_speed": "0.00000000000000000",
        "stagger_future": false,
        "stagger_remaining": "0.00000000000000000"
      },
      "pos": [
        "-0.35085099935531616",
        "0.00039062649011612",
        "1.00000000000000000"
      ],
      "clip": "idle",
      "clip_position": "0.00000000000000000"
    },
    "first_combat_input": {
      "seq": 210,
      "tick": 28,
      "kind": "input_poll",
      "flags": {
        "stopped": false,
        "clip_speed": "1.00000000000000000",
        "stagger_future": false,
        "stagger_remaining": "0.00000000000000000"
      },
      "pos": [
        "10.50000000000000000",
        "0.00039062649011612",
        "8.50000000000000000"
      ],
      "clip": "idle",
      "clip_position": "0.19935599999999934"
    },
    "first_accepted_cast_before": {
      "seq": 211,
      "tick": 28,
      "kind": "cast_attempt",
      "flags": {
        "stopped": false,
        "clip_speed": "1.00000000000000000",
        "stagger_future": false,
        "stagger_remaining": "0.00000000000000000"
      },
      "pos": [
        "10.50000000000000000",
        "0.00039062649011612",
        "8.50000000000000000"
      ],
      "clip": "idle",
      "clip_position": "0.19935599999999934"
    },
    "first_actual_impact_doho_before_receive": {
      "seq": 837,
      "tick": 64,
      "kind": "impact_range_check",
      "flags": {
        "stopped": false,
        "clip_speed": "1.00000000000000000",
        "stagger_future": false,
        "stagger_remaining": "0.00000000000000000"
      },
      "pos": [
        "10.50000000000000000",
        "0.00039062649011612",
        "8.50000000000000000"
      ],
      "clip": "skill_strike",
      "clip_position": "0.60583600000000049"
    },
    "first_last_slide_cache_change": {
      "seq": 25,
      "tick": 9,
      "kind": "player_physics",
      "flags": {
        "stopped": true,
        "clip_speed": "0.00000000000000000",
        "stagger_future": false,
        "stagger_remaining": "0.00000000000000000"
      },
      "pos": [
        "45.50000000000000000",
        "0.05000000074505806",
        "56.50000000000000000"
      ],
      "clip": "idle",
      "clip_position": "0.00000000000000000"
    }
  },
  {
    "run": "full_1",
    "battle": "(3, 1)",
    "binding": {
      "seq": 2,
      "tick": 0,
      "kind": "body_bound",
      "flags": {
        "stopped": true,
        "clip_speed": "0.00000000000000000",
        "stagger_future": true,
        "stagger_remaining": "0.10000000000001208"
      },
      "pos": [
        "0.00000000000000000",
        "0.00039062649011612",
        "1.00000000000000000"
      ],
      "clip": "idle",
      "clip_position": "0.00000000000000000"
    },
    "first_baseline_flag_snapshot": {
      "seq": 41,
      "tick": 10,
      "kind": "player_physics",
      "flags": {
        "stopped": false,
        "clip_speed": "1.00000000000000000",
        "stagger_future": false,
        "stagger_remaining": "0.00000000000000000"
      },
      "pos": [
        "23.50000000000000000",
        "0.05000000074505806",
        "23.50000000000000000"
      ],
      "clip": "idle",
      "clip_position": "0.00000000000000000"
    },
    "first_combat_input": {
      "seq": 187,
      "tick": 21,
      "kind": "input_poll",
      "flags": {
        "stopped": false,
        "clip_speed": "1.00000000000000000",
        "stagger_future": false,
        "stagger_remaining": "0.00000000000000000"
      },
      "pos": [
        "10.50000000000000000",
        "0.00039062649011612",
        "8.50000000000000000"
      ],
      "clip": "idle",
      "clip_position": "0.17886866666666631"
    },
    "first_accepted_cast_before": {
      "seq": 188,
      "tick": 21,
      "kind": "cast_attempt",
      "flags": {
        "stopped": false,
        "clip_speed": "1.00000000000000000",
        "stagger_future": false,
        "stagger_remaining": "0.00000000000000000"
      },
      "pos": [
        "10.50000000000000000",
        "0.00039062649011612",
        "8.50000000000000000"
      ],
      "clip": "idle",
      "clip_position": "0.17886866666666631"
    },
    "first_actual_impact_doho_before_receive": {
      "seq": 796,
      "tick": 56,
      "kind": "impact_range_check",
      "flags": {
        "stopped": false,
        "clip_speed": "1.00000000000000000",
        "stagger_future": false,
        "stagger_remaining": "0.00000000000000000"
      },
      "pos": [
        "10.50000000000000000",
        "0.00039062649011612",
        "8.50000000000000000"
      ],
      "clip": "skill_strike",
      "clip_position": "0.60385555555555437"
    },
    "first_last_slide_cache_change": {
      "seq": 11,
      "tick": 2,
      "kind": "player_physics",
      "flags": {
        "stopped": true,
        "clip_speed": "0.00000000000000000",
        "stagger_future": true,
        "stagger_remaining": "0.06666666666668064"
      },
      "pos": [
        "45.50000000000000000",
        "0.05000000074505806",
        "56.50000000000000000"
      ],
      "clip": "idle",
      "clip_position": "0.00000000000000000"
    }
  },
  {
    "run": "full_1",
    "battle": "(5, 1)",
    "binding": {
      "seq": 2,
      "tick": 0,
      "kind": "body_bound",
      "flags": {
        "stopped": true,
        "clip_speed": "0.00000000000000000",
        "stagger_future": false,
        "stagger_remaining": "0.00000000000000000"
      },
      "pos": [
        "-0.35085099935531616",
        "0.00039062649011612",
        "1.00000000000000000"
      ],
      "clip": "idle",
      "clip_position": "0.00000000000000000"
    },
    "first_baseline_flag_snapshot": {
      "seq": 2,
      "tick": 0,
      "kind": "body_bound",
      "flags": {
        "stopped": true,
        "clip_speed": "0.00000000000000000",
        "stagger_future": false,
        "stagger_remaining": "0.00000000000000000"
      },
      "pos": [
        "-0.35085099935531616",
        "0.00039062649011612",
        "1.00000000000000000"
      ],
      "clip": "idle",
      "clip_position": "0.00000000000000000"
    },
    "first_combat_input": {
      "seq": 219,
      "tick": 28,
      "kind": "input_poll",
      "flags": {
        "stopped": false,
        "clip_speed": "1.00000000000000000",
        "stagger_future": false,
        "stagger_remaining": "0.00000000000000000"
      },
      "pos": [
        "10.50000000000000000",
        "0.00039062649011612",
        "8.50000000000000000"
      ],
      "clip": "idle",
      "clip_position": "0.31211622222222063"
    },
    "first_accepted_cast_before": {
      "seq": 220,
      "tick": 28,
      "kind": "cast_attempt",
      "flags": {
        "stopped": false,
        "clip_speed": "1.00000000000000000",
        "stagger_future": false,
        "stagger_remaining": "0.00000000000000000"
      },
      "pos": [
        "10.50000000000000000",
        "0.00039062649011612",
        "8.50000000000000000"
      ],
      "clip": "idle",
      "clip_position": "0.31211622222222063"
    },
    "first_actual_impact_doho_before_receive": {
      "seq": 828,
      "tick": 63,
      "kind": "impact_range_check",
      "flags": {
        "stopped": false,
        "clip_speed": "1.00000000000000000",
        "stagger_future": false,
        "stagger_remaining": "0.00000000000000000"
      },
      "pos": [
        "10.50000000000000000",
        "0.00039062649011612",
        "8.50000000000000000"
      ],
      "clip": "skill_strike",
      "clip_position": "0.60416666666666552"
    },
    "first_last_slide_cache_change": {
      "seq": 7,
      "tick": 1,
      "kind": "combat_physics",
      "flags": {
        "stopped": true,
        "clip_speed": "0.00000000000000000",
        "stagger_future": false,
        "stagger_remaining": "0.00000000000000000"
      },
      "pos": [
        "-0.35085099935531616",
        "0.00039062649011612",
        "1.00000000000000000"
      ],
      "clip": "idle",
      "clip_position": "0.00000000000000000"
    }
  },
  {
    "comparison": "focused_pair",
    "level": 3,
    "first_poll_decision_difference": null,
    "first_series_ticks": [
      [
        "accepted_cast",
        {
          "ordinal": 1,
          "left": {
            "event_seq": 159,
            "kind": "cast_success",
            "callsite": "PlayerCombat.cast_active",
            "body": "doho0",
            "tick": 22,
            "process_frame": 16,
            "physics": true,
            "game_relative": "0.35000000000000020"
          },
          "right": {
            "event_seq": 165,
            "kind": "cast_success",
            "callsite": "PlayerCombat.cast_active",
            "body": "doho0",
            "tick": 21,
            "process_frame": 20,
            "physics": true,
            "game_relative": "0.33333333333333348"
          }
        }
      ],
      [
        "outgoing_impact",
        {
          "ordinal": 1,
          "left": {
            "event_seq": 765,
            "kind": "receive_attack_before",
            "callsite": "Enemy.receive_attack",
            "body": "heukrang0",
            "tick": 58,
            "process_frame": 98,
            "physics": false,
            "game_relative": "0.96666666666666734"
          },
          "right": {
            "event_seq": 777,
            "kind": "receive_attack_before",
            "callsite": "Enemy.receive_attack",
            "body": "heukrang0",
            "tick": 56,
            "process_frame": 108,
            "physics": false,
            "game_relative": "0.93333333333333413"
          }
        }
      ],
      [
        "incoming_receive",
        {
          "ordinal": 1,
          "left": {
            "event_seq": 834,
            "kind": "receive_attack_before",
            "callsite": "PlayerCombat.receive_attack",
            "body": "doho0",
            "tick": 63,
            "process_frame": 105,
            "physics": true,
            "game_relative": "1.05000000000000030"
          },
          "right": {
            "event_seq": 876,
            "kind": "receive_attack_before",
            "callsite": "PlayerCombat.receive_attack",
            "body": "doho0",
            "tick": 62,
            "process_frame": 121,
            "physics": true,
            "game_relative": "1.03333333333333370"
          }
        }
      ]
    ]
  },
  {
    "comparison": "focused_pair",
    "level": 5,
    "first_poll_decision_difference": {
      "poll": 141,
      "left": {
        "event_seq": 14509,
        "kind": "cast_rejected",
        "callsite": "PlayerCombat.cast_active",
        "body": "doho0",
        "tick": 868,
        "process_frame": 2054,
        "physics": true,
        "game_relative": "14.44999999999918200",
        "actor": {
          "role": 1,
          "ordinal": 0
        },
        "fields": {
          "cooldown_blocked": true,
          "cost": "5.00000000000000000",
          "mp_blocked": false,
          "reason": "cooldown_or_mp"
        },
        "state": {
          "position": [
            "10.16666698455810500",
            "0.00039062649011612",
            "8.50000000000000000"
          ],
          "velocity": [
            "0.00000000000000000",
            "0.00000000000000000",
            "0.00000000000000000"
          ],
          "clip": "idle",
          "clip_position": "0.15860800000000005",
          "clip_speed": "1.00000000000000000",
          "stopped": false,
          "stagger_remaining": "0.00000000000000000",
          "stagger_future": false,
          "busy_remaining": "0.00000000000000000",
          "busy_future": false,
          "committed": true,
          "hp": "91.00000000000000000",
          "mp": "24.00459366666411800",
          "cooldowns": [
            "0.00098355555555510",
            "0.00000000000000000",
            "0.00000000000000000",
            "0.00000000000000000",
            "0.00000000000000000",
            "0.00000000000000000",
            "0.00000000000000000",
            "0.00000000000000000"
          ],
          "target": "heukrang0",
          "target_position": [
            "8.47333240509033200",
            "0.00000000000000000",
            "8.50000000000000000"
          ],
          "target_distance": "1.69333457946777340",
          "swing": 12,
          "rng_state": "-8936760622420917439",
          "slide_collisions": [
            {
              "body": "unbound",
              "depth": "0.00012250046711415",
              "normal": [
                "0.00000000000000000",
                "1.00000000000000000",
                "0.00000000000000000"
              ],
              "position": [
                "10.16666698455810500",
                "0.00000000000000000",
                "8.50000000000000000"
              ],
              "raw_name": "FloorBody"
            }
          ]
        }
      },
      "right": {
        "event_seq": 14512,
        "kind": "cast_success",
        "callsite": "PlayerCombat.cast_active",
        "body": "doho0",
        "tick": 868,
        "process_frame": 2055,
        "physics": true,
        "game_relative": "14.44999999999918200",
        "actor": {
          "role": 1,
          "ordinal": 0
        },
        "fields": {
          "cost": "5.00000000000000000",
          "mult": "1.80000000000000000",
          "skill": "slash"
        },
        "state": {
          "position": [
            "10.16666698455810500",
            "0.00039062649011612",
            "8.50000000000000000"
          ],
          "velocity": [
            "0.00000000000000000",
            "0.00000000000000000",
            "0.00000000000000000"
          ],
          "clip": "idle",
          "clip_position": "0.15860800000000005",
          "clip_speed": "1.00000000000000000",
          "stopped": false,
          "stagger_remaining": "0.00000000000000000",
          "stagger_future": false,
          "busy_remaining": "0.00000000000000000",
          "busy_future": false,
          "committed": true,
          "hp": "91.00000000000000000",
          "mp": "18.99792799999798400",
          "cooldowns": [
            "1.50000000000000000",
            "0.00000000000000000",
            "0.00000000000000000",
            "0.00000000000000000",
            "0.00000000000000000",
            "0.00000000000000000",
            "0.00000000000000000",
            "0.00000000000000000"
          ],
          "target": "heukrang0",
          "target_position": [
            "8.47333240509033200",
            "0.00000000000000000",
            "8.50000000000000000"
          ],
          "target_distance": "1.69333457946777340",
          "swing": 12,
          "rng_state": "-8936760622420917439",
          "slide_collisions": [
            {
              "body": "unbound",
              "depth": "0.00012250046711415",
              "normal": [
                "0.00000000000000000",
                "1.00000000000000000",
                "0.00000000000000000"
              ],
              "position": [
                "10.16666698455810500",
                "0.00000000000000000",
                "8.50000000000000000"
              ],
              "raw_name": "FloorBody"
            }
          ]
        }
      },
      "before_state_delta": [
        {
          "field": "cooldowns[0]",
          "left": "0.00098355555555510",
          "right": "0.00000000000000000"
        },
        {
          "field": "mp",
          "left": "24.00459366666411800",
          "right": "23.99792799999798400"
        }
      ]
    },
    "first_series_ticks": [
      [
        "accepted_cast",
        {
          "ordinal": 9,
          "left": {
            "event_seq": 14608,
            "kind": "cast_success",
            "callsite": "PlayerCombat.cast_active",
            "body": "doho0",
            "tick": 874,
            "process_frame": 2068,
            "physics": true,
            "game_relative": "14.54999999999917600"
          },
          "right": {
            "event_seq": 14512,
            "kind": "cast_success",
            "callsite": "PlayerCombat.cast_active",
            "body": "doho0",
            "tick": 868,
            "process_frame": 2055,
            "physics": true,
            "game_relative": "14.44999999999918200"
          }
        }
      ],
      [
        "outgoing_impact",
        {
          "ordinal": 1,
          "left": {
            "event_seq": 823,
            "kind": "receive_attack_before",
            "callsite": "Enemy.receive_attack",
            "body": "heukrang0",
            "tick": 63,
            "process_frame": 111,
            "physics": false,
            "game_relative": "1.04999999999994030"
          },
          "right": {
            "event_seq": 838,
            "kind": "receive_attack_before",
            "callsite": "Enemy.receive_attack",
            "body": "heukrang0",
            "tick": 64,
            "process_frame": 112,
            "physics": false,
            "game_relative": "1.06666666666660600"
          }
        }
      ],
      [
        "incoming_receive",
        {
          "ordinal": 15,
          "left": {
            "event_seq": 15892,
            "kind": "receive_attack_before",
            "callsite": "PlayerCombat.receive_attack",
            "body": "doho0",
            "tick": 942,
            "process_frame": 2232,
            "physics": true,
            "game_relative": "15.69999999999911100"
          },
          "right": {
            "event_seq": 15793,
            "kind": "receive_attack_before",
            "callsite": "PlayerCombat.receive_attack",
            "body": "doho0",
            "tick": 936,
            "process_frame": 2218,
            "physics": true,
            "game_relative": "15.59999999999911700"
          }
        }
      ]
    ]
  },
  {
    "comparison": "focused_1_vs_full_1",
    "level": 3,
    "first_poll_decision_difference": null,
    "first_series_ticks": [
      [
        "accepted_cast",
        {
          "ordinal": 1,
          "left": {
            "event_seq": 159,
            "kind": "cast_success",
            "callsite": "PlayerCombat.cast_active",
            "body": "doho0",
            "tick": 22,
            "process_frame": 16,
            "physics": true,
            "game_relative": "0.35000000000000020"
          },
          "right": {
            "event_seq": 189,
            "kind": "cast_success",
            "callsite": "PlayerCombat.cast_active",
            "body": "doho0",
            "tick": 21,
            "process_frame": 21,
            "physics": true,
            "game_relative": "0.33333333333331439"
          }
        }
      ],
      [
        "outgoing_impact",
        {
          "ordinal": 1,
          "left": {
            "event_seq": 765,
            "kind": "receive_attack_before",
            "callsite": "Enemy.receive_attack",
            "body": "heukrang0",
            "tick": 58,
            "process_frame": 98,
            "physics": false,
            "game_relative": "0.96666666666666734"
          },
          "right": {
            "event_seq": 797,
            "kind": "receive_attack_before",
            "callsite": "Enemy.receive_attack",
            "body": "heukrang0",
            "tick": 56,
            "process_frame": 107,
            "physics": false,
            "game_relative": "0.93333333333328028"
          }
        }
      ],
      [
        "incoming_receive",
        {
          "ordinal": 1,
          "left": {
            "event_seq": 834,
            "kind": "receive_attack_before",
            "callsite": "PlayerCombat.receive_attack",
            "body": "doho0",
            "tick": 63,
            "process_frame": 105,
            "physics": true,
            "game_relative": "1.05000000000000030"
          },
          "right": {
            "event_seq": 896,
            "kind": "receive_attack_before",
            "callsite": "PlayerCombat.receive_attack",
            "body": "doho0",
            "tick": 62,
            "process_frame": 120,
            "physics": true,
            "game_relative": "1.03333333333327460"
          }
        }
      ]
    ]
  },
  {
    "comparison": "focused_1_vs_full_1",
    "level": 5,
    "first_poll_decision_difference": {
      "poll": 157,
      "left": {
        "event_seq": 16349,
        "kind": "cast_success",
        "callsite": "PlayerCombat.cast_active",
        "body": "doho0",
        "tick": 964,
        "process_frame": 2286,
        "physics": true,
        "game_relative": "16.04999999999909100",
        "actor": {
          "role": 1,
          "ordinal": 0
        },
        "fields": {
          "cost": "5.00000000000000000",
          "mult": "1.80000000000000000",
          "skill": "slash"
        },
        "state": {
          "position": [
            "10.10000038146972700",
            "0.00039062649011612",
            "8.50000000000000000"
          ],
          "velocity": [
            "0.00000000000000000",
            "0.00000000000000000",
            "0.00000000000000000"
          ],
          "clip": "idle",
          "clip_position": "0.16550400000000007",
          "clip_speed": "1.00000000000000000",
          "stopped": false,
          "stagger_remaining": "0.00000000000001421",
          "stagger_future": true,
          "busy_remaining": "0.00000000000000000",
          "busy_future": false,
          "committed": true,
          "hp": "80.00000000000000000",
          "mp": "15.60530566666433200",
          "cooldowns": [
            "1.50000000000000000",
            "0.00000000000000000",
            "0.00000000000000000",
            "0.00000000000000000",
            "0.00000000000000000",
            "0.00000000000000000",
            "0.00000000000000000",
            "0.00000000000000000"
          ],
          "target": "heukrang0",
          "target_position": [
            "8.49683761596679690",
            "0.00082686956739053",
            "8.50000000000000000"
          ],
          "target_distance": "1.60316276550292970",
          "swing": 13,
          "rng_state": "8287682726674717663",
          "slide_collisions": [
            {
              "body": "unbound",
              "depth": "0.00012250046711415",
              "normal": [
                "0.00000000000000000",
                "1.00000000000000000",
                "0.00000000000000000"
              ],
              "position": [
                "10.10000038146972700",
                "0.00000000000000000",
                "8.50000000000000000"
              ],
              "raw_name": "FloorBody"
            }
          ]
        }
      },
      "right": {
        "event_seq": 16352,
        "kind": "cast_rejected",
        "callsite": "PlayerCombat.cast_active",
        "body": "doho0",
        "tick": 964,
        "process_frame": 2287,
        "physics": true,
        "game_relative": "16.04999999999908800",
        "actor": {
          "role": 1,
          "ordinal": 0
        },
        "fields": {
          "cooldown_blocked": true,
          "cost": "5.00000000000000000",
          "mp_blocked": false,
          "reason": "cooldown_or_mp"
        },
        "state": {
          "position": [
            "10.10000038146972700",
            "0.00039062649011612",
            "8.50000000000000000"
          ],
          "velocity": [
            "0.00000000000000000",
            "0.00000000000000000",
            "0.00000000000000000"
          ],
          "clip": "idle",
          "clip_position": "0.15860800000000005",
          "clip_speed": "1.00000000000000000",
          "stopped": false,
          "stagger_remaining": "0.00000000000001421",
          "stagger_future": true,
          "busy_remaining": "0.00000000000000000",
          "busy_future": false,
          "committed": true,
          "hp": "80.00000000000000000",
          "mp": "20.60012811110891900",
          "cooldowns": [
            "0.00356799999999738",
            "0.00000000000000000",
            "0.00000000000000000",
            "0.00000000000000000",
            "0.00000000000000000",
            "0.00000000000000000",
            "0.00000000000000000",
            "0.00000000000000000"
          ],
          "target": "heukrang0",
          "target_position": [
            "8.49683761596679690",
            "0.00082686956739053",
            "8.50000000000000000"
          ],
          "target_distance": "1.60316276550292970",
          "swing": 13,
          "rng_state": "8287682726674717663",
          "slide_collisions": [
            {
              "body": "unbound",
              "depth": "0.00012250046711415",
              "normal": [
                "0.00000000000000000",
                "1.00000000000000000",
                "0.00000000000000000"
              ],
              "position": [
                "10.10000038146972700",
                "0.00000000000000000",
                "8.50000000000000000"
              ],
              "raw_name": "FloorBody"
            }
          ]
        }
      },
      "before_state_delta": [
        {
          "field": "clip_position",
          "left": "0.16550400000000007",
          "right": "0.15860800000000005"
        },
        {
          "field": "cooldowns[0]",
          "left": "0.00000000000000000",
          "right": "0.00356799999999738"
        },
        {
          "field": "mp",
          "left": "20.60530566666433200",
          "right": "20.60012811110891900"
        }
      ]
    },
    "first_series_ticks": [
      [
        "accepted_cast",
        {
          "ordinal": 10,
          "left": {
            "event_seq": 16349,
            "kind": "cast_success",
            "callsite": "PlayerCombat.cast_active",
            "body": "doho0",
            "tick": 964,
            "process_frame": 2286,
            "physics": true,
            "game_relative": "16.04999999999909100"
          },
          "right": {
            "event_seq": 17129,
            "kind": "cast_success",
            "callsite": "PlayerCombat.cast_active",
            "body": "doho0",
            "tick": 1000,
            "process_frame": 2374,
            "physics": true,
            "game_relative": "16.66666666666571900"
          }
        }
      ],
      [
        "outgoing_impact",
        {
          "ordinal": 9,
          "left": {
            "event_seq": 10018,
            "kind": "receive_attack_before",
            "callsite": "Enemy.receive_attack",
            "body": "heukrang0",
            "tick": 603,
            "process_frame": 1414,
            "physics": false,
            "game_relative": "10.04999999999943200"
          },
          "right": {
            "event_seq": 10009,
            "kind": "receive_attack_before",
            "callsite": "Enemy.receive_attack",
            "body": "heukrang0",
            "tick": 602,
            "process_frame": 1414,
            "physics": false,
            "game_relative": "10.03333333333276300"
          }
        }
      ],
      [
        "incoming_receive",
        {
          "ordinal": 31,
          "left": {
            "event_seq": 26394,
            "kind": "receive_attack_before",
            "callsite": "PlayerCombat.receive_attack",
            "body": "doho0",
            "tick": 1456,
            "process_frame": 3474,
            "physics": true,
            "game_relative": "24.26666666666529100"
          },
          "right": {
            "event_seq": 26421,
            "kind": "receive_attack_before",
            "callsite": "PlayerCombat.receive_attack",
            "body": "doho0",
            "tick": 1455,
            "process_frame": 3473,
            "physics": true,
            "game_relative": "24.24999999999862900"
          }
        }
      ]
    ]
  },
  {
    "comparison": "focused_2_vs_full_1",
    "level": 3,
    "first_poll_decision_difference": null,
    "first_series_ticks": [
      [
        "accepted_cast",
        {
          "ordinal": 8,
          "left": {
            "event_seq": 13352,
            "kind": "cast_success",
            "callsite": "PlayerCombat.cast_active",
            "body": "doho0",
            "tick": 774,
            "process_frame": 1840,
            "physics": true,
            "game_relative": "12.90000000000023300"
          },
          "right": {
            "event_seq": 13391,
            "kind": "cast_success",
            "callsite": "PlayerCombat.cast_active",
            "body": "doho0",
            "tick": 775,
            "process_frame": 1841,
            "physics": true,
            "game_relative": "12.91666666666593200"
          }
        }
      ],
      [
        "outgoing_impact",
        {
          "ordinal": 3,
          "left": {
            "event_seq": 2771,
            "kind": "receive_attack_before",
            "callsite": "Enemy.receive_attack",
            "body": "heukrang0",
            "tick": 173,
            "process_frame": 389,
            "physics": false,
            "game_relative": "2.88333333333332710"
          },
          "right": {
            "event_seq": 2806,
            "kind": "receive_attack_before",
            "callsite": "Enemy.receive_attack",
            "body": "heukrang0",
            "tick": 174,
            "process_frame": 390,
            "physics": false,
            "game_relative": "2.89999999999983520"
          }
        }
      ],
      [
        "incoming_receive",
        {
          "ordinal": 12,
          "left": {
            "event_seq": 12115,
            "kind": "receive_attack_before",
            "callsite": "PlayerCombat.receive_attack",
            "body": "doho0",
            "tick": 716,
            "process_frame": 1700,
            "physics": true,
            "game_relative": "11.93333333333351800"
          },
          "right": {
            "event_seq": 12157,
            "kind": "receive_attack_before",
            "callsite": "PlayerCombat.receive_attack",
            "body": "doho0",
            "tick": 717,
            "process_frame": 1701,
            "physics": true,
            "game_relative": "11.94999999999932100"
          }
        }
      ]
    ]
  },
  {
    "comparison": "focused_2_vs_full_1",
    "level": 5,
    "first_poll_decision_difference": {
      "poll": 141,
      "left": {
        "event_seq": 14512,
        "kind": "cast_success",
        "callsite": "PlayerCombat.cast_active",
        "body": "doho0",
        "tick": 868,
        "process_frame": 2055,
        "physics": true,
        "game_relative": "14.44999999999918200",
        "actor": {
          "role": 1,
          "ordinal": 0
        },
        "fields": {
          "cost": "5.00000000000000000",
          "mult": "1.80000000000000000",
          "skill": "slash"
        },
        "state": {
          "position": [
            "10.16666698455810500",
            "0.00039062649011612",
            "8.50000000000000000"
          ],
          "velocity": [
            "0.00000000000000000",
            "0.00000000000000000",
            "0.00000000000000000"
          ],
          "clip": "idle",
          "clip_position": "0.15860800000000005",
          "clip_speed": "1.00000000000000000",
          "stopped": false,
          "stagger_remaining": "0.00000000000000000",
          "stagger_future": false,
          "busy_remaining": "0.00000000000000000",
          "busy_future": false,
          "committed": true,
          "hp": "91.00000000000000000",
          "mp": "18.99792799999798400",
          "cooldowns": [
            "1.50000000000000000",
            "0.00000000000000000",
            "0.00000000000000000",
            "0.00000000000000000",
            "0.00000000000000000",
            "0.00000000000000000",
            "0.00000000000000000",
            "0.00000000000000000"
          ],
          "target": "heukrang0",
          "target_position": [
            "8.47333240509033200",
            "0.00000000000000000",
            "8.50000000000000000"
          ],
          "target_distance": "1.69333457946777340",
          "swing": 12,
          "rng_state": "-8936760622420917439",
          "slide_collisions": [
            {
              "body": "unbound",
              "depth": "0.00012250046711415",
              "normal": [
                "0.00000000000000000",
                "1.00000000000000000",
                "0.00000000000000000"
              ],
              "position": [
                "10.16666698455810500",
                "0.00000000000000000",
                "8.50000000000000000"
              ],
              "raw_name": "FloorBody"
            }
          ]
        }
      },
      "right": {
        "event_seq": 14512,
        "kind": "cast_rejected",
        "callsite": "PlayerCombat.cast_active",
        "body": "doho0",
        "tick": 868,
        "process_frame": 2055,
        "physics": true,
        "game_relative": "14.44999999999917900",
        "actor": {
          "role": 1,
          "ordinal": 0
        },
        "fields": {
          "cooldown_blocked": true,
          "cost": "5.00000000000000000",
          "mp_blocked": false,
          "reason": "cooldown_or_mp"
        },
        "state": {
          "position": [
            "10.16666698455810500",
            "0.00039062649011612",
            "8.50000000000000000"
          ],
          "velocity": [
            "0.00000000000000000",
            "0.00000000000000000",
            "0.00000000000000000"
          ],
          "clip": "idle",
          "clip_position": "0.15860800000000005",
          "clip_speed": "1.00000000000000000",
          "stopped": false,
          "stagger_remaining": "0.00000000000000000",
          "stagger_future": false,
          "busy_remaining": "0.00000000000000000",
          "busy_future": false,
          "committed": true,
          "hp": "91.00000000000000000",
          "mp": "24.00025611110865900",
          "cooldowns": [
            "0.00356799999999738",
            "0.00000000000000000",
            "0.00000000000000000",
            "0.00000000000000000",
            "0.00000000000000000",
            "0.00000000000000000",
            "0.00000000000000000",
            "0.00000000000000000"
          ],
          "target": "heukrang0",
          "target_position": [
            "8.47333240509033200",
            "0.00000000000000000",
            "8.50000000000000000"
          ],
          "target_distance": "1.69333457946777340",
          "swing": 12,
          "rng_state": "-8936760622420917439",
          "slide_collisions": [
            {
              "body": "unbound",
              "depth": "0.00012250046711415",
              "normal": [
                "0.00000000000000000",
                "1.00000000000000000",
                "0.00000000000000000"
              ],
              "position": [
                "10.16666698455810500",
                "0.00000000000000000",
                "8.50000000000000000"
              ],
              "raw_name": "FloorBody"
            }
          ]
        }
      },
      "before_state_delta": [
        {
          "field": "cooldowns[0]",
          "left": "0.00000000000000000",
          "right": "0.00356799999999738"
        },
        {
          "field": "mp",
          "left": "23.99792799999798400",
          "right": "24.00025611110865900"
        }
      ]
    },
    "first_series_ticks": [
      [
        "accepted_cast",
        {
          "ordinal": 9,
          "left": {
            "event_seq": 14512,
            "kind": "cast_success",
            "callsite": "PlayerCombat.cast_active",
            "body": "doho0",
            "tick": 868,
            "process_frame": 2055,
            "physics": true,
            "game_relative": "14.44999999999918200"
          },
          "right": {
            "event_seq": 14614,
            "kind": "cast_success",
            "callsite": "PlayerCombat.cast_active",
            "body": "doho0",
            "tick": 874,
            "process_frame": 2070,
            "physics": true,
            "game_relative": "14.54999999999917300"
          }
        }
      ],
      [
        "outgoing_impact",
        {
          "ordinal": 1,
          "left": {
            "event_seq": 838,
            "kind": "receive_attack_before",
            "callsite": "Enemy.receive_attack",
            "body": "heukrang0",
            "tick": 64,
            "process_frame": 112,
            "physics": false,
            "game_relative": "1.06666666666660600"
          },
          "right": {
            "event_seq": 829,
            "kind": "receive_attack_before",
            "callsite": "Enemy.receive_attack",
            "body": "heukrang0",
            "tick": 63,
            "process_frame": 113,
            "physics": false,
            "game_relative": "1.04999999999994030"
          }
        }
      ],
      [
        "incoming_receive",
        {
          "ordinal": 15,
          "left": {
            "event_seq": 15793,
            "kind": "receive_attack_before",
            "callsite": "PlayerCombat.receive_attack",
            "body": "doho0",
            "tick": 936,
            "process_frame": 2218,
            "physics": true,
            "game_relative": "15.59999999999911700"
          },
          "right": {
            "event_seq": 15898,
            "kind": "receive_attack_before",
            "callsite": "PlayerCombat.receive_attack",
            "body": "doho0",
            "tick": 942,
            "process_frame": 2234,
            "physics": true,
            "game_relative": "15.69999999999910800"
          }
        }
      ]
    ]
  }
]
