ffmpeg -hide_banner -y -ss 5.300000 -t 3.000000 -i C:\workspace\joseon\tmp\ile_497\work\capture_1080.avi -ss 15.700000 -t 3.000000 -i C:\workspace\joseon\tmp\ile_497\work\capture_1080.avi -ss 39.200000 -t 2.000000 -i C:\workspace\joseon\tmp\ile_497\work\capture_1080.avi -ss 48.733333 -t 2.000000 -i C:\workspace\joseon\tmp\ile_497\work\capture_1080.avi -ss 59.800000 -t 3.000000 -i C:\workspace\joseon\tmp\ile_497\work\capture_1080.avi -ss 70.800000 -t 3.000000 -i C:\workspace\joseon\tmp\ile_497\work\capture_1080.avi -ss 123.533333 -t 1.500000 -i C:\workspace\joseon\tmp\ile_497\work\capture_1080.
ffmpeg -hide_banner -i C:\workspace\joseon\tmp\ile_497\work\joseonhunters_full.mp4.mid.mkv -map 0:a -af loudnorm=I=-15:TP=-1.5:LRA=20:print_format=json -f null -
1Â÷ ÃøÁ¤ -14.76 -0.19 13.30
ffmpeg -hide_banner -y -i C:\workspace\joseon\tmp\ile_497\work\joseonhunters_full.mp4.mid.mkv -c:v libx264 -preset slow -profile:v high -level:v 4.2 -pix_fmt yuv420p -b:v 24M -maxrate 32M -bufsize 48M -g 30 -r 30 -passlogfile C:\workspace\joseon\tmp\ile_497\work\joseonhunters_full.mp4.x264 -pass 1 -an -f mp4 NUL
ffmpeg -hide_banner -y -i C:\workspace\joseon\tmp\ile_497\work\joseonhunters_full.mp4.mid.mkv -c:v libx264 -preset slow -profile:v high -level:v 4.2 -pix_fmt yuv420p -b:v 24M -maxrate 32M -bufsize 48M -g 30 -r 30 -passlogfile C:\workspace\joseon\tmp\ile_497\work\joseonhunters_full.mp4.x264 -pass 2 -af loudnorm=I=-15:TP=-1.5:LRA=20:measured_I=-14.76:measured_TP=-0.19:measured_LRA=13.30:measured_thresh=-25.90:offset=-0.93:linear=true,aresample=48000 -c:a aac -b:a 320k -ar 48000 -ac 2 -movflags +faststart ../drive/joseonhunters_full.mp4
ffmpeg -hide_banner -i ../drive/joseonhunters_full.mp4 -map 0:a -af ebur128=peak=true -f null -
Summary:

  Integrated loudness:
    I:         -14.5 LUFS
    Threshold: -25.3 LUFS

  Loudness range:
    LRA:        13.6 LU
    Threshold: -35.5 LUFS
    LRA low:   -26.2 LUFS
    LRA high:  -12.6 LUFS

  True peak:
    Peak:       -1.2 dBFS
[out#0/null @ 0000016db9f59840] video:0KiB audio:6284KiB subtitle:0KiB other streams:0KiB global headers:0KiB muxing overhead: unknown
size=N/A time=00:00:33.51 bitrate=N/A speed= 317x elapsed=0:00:00.10    

ffprobe -v error -show_entries format=duration,bit_rate:stream=codec_name,width,height,r_frame_rate,bit_rate,sample_rate,channels -of compact ../drive/joseonhunters_full.mp4
stream|codec_name=h264|width=1920|height=1080|r_frame_rate=30/1|bit_rate=23499385
stream|codec_name=aac|sample_rate=48000|channels=2|r_frame_rate=0/0|bit_rate=272898
format|duration=33.500000|bit_rate=23781554

