ffmpeg -hide_banner -y -ss 5.300000 -t 1.500000 -i C:\workspace\joseon\tmp\ile_497\work\capture_1080.avi -ss 71.133333 -t 3.000000 -i C:\workspace\joseon\tmp\ile_497\work\capture_1080.avi -ss 59.800000 -t 2.000000 -i C:\workspace\joseon\tmp\ile_497\work\capture_1080.avi -ss 100.466667 -t 6.500000 -i C:\workspace\joseon\tmp\ile_497\work\capture_1080.avi -ss 117.100000 -t 2.000000 -i C:\workspace\joseon\tmp\ile_497\work\capture_1080.avi -filter_complex_script C:\workspace\joseon\tmp\ile_497\work\joseonhunters.mp4.filter.txt -map [vc] -map [acf] -frames:v 450 -c:v libx264 -preset fast -crf 8 -pix
ffmpeg -hide_banner -i C:\workspace\joseon\tmp\ile_497\work\joseonhunters.mp4.mid.mkv -map 0:a -af loudnorm=I=-15:TP=-1.5:LRA=20:print_format=json -f null -
1Â÷ ÃøÁ¤ -13.35 -0.19 8.90
ffmpeg -hide_banner -y -i C:\workspace\joseon\tmp\ile_497\work\joseonhunters.mp4.mid.mkv -c:v libx264 -preset slow -profile:v high -level:v 4.2 -pix_fmt yuv420p -b:v 24M -maxrate 32M -bufsize 48M -g 30 -r 30 -passlogfile C:\workspace\joseon\tmp\ile_497\work\joseonhunters.mp4.x264 -pass 1 -an -f mp4 NUL
ffmpeg -hide_banner -y -i C:\workspace\joseon\tmp\ile_497\work\joseonhunters.mp4.mid.mkv -c:v libx264 -preset slow -profile:v high -level:v 4.2 -pix_fmt yuv420p -b:v 24M -maxrate 32M -bufsize 48M -g 30 -r 30 -passlogfile C:\workspace\joseon\tmp\ile_497\work\joseonhunters.mp4.x264 -pass 2 -af loudnorm=I=-15:TP=-1.5:LRA=20:measured_I=-13.35:measured_TP=-0.19:measured_LRA=8.90:measured_thresh=-24.24:offset=-0.33:linear=true,aresample=48000 -c:a aac -b:a 320k -ar 48000 -ac 2 -movflags +faststart ../drive/joseonhunters.mp4
ffmpeg -hide_banner -i ../drive/joseonhunters.mp4 -map 0:a -af ebur128=peak=true -f null -
Summary:

  Integrated loudness:
    I:         -14.5 LUFS
    Threshold: -25.3 LUFS

  Loudness range:
    LRA:         6.7 LU
    Threshold: -34.7 LUFS
    LRA low:   -19.3 LUFS
    LRA high:  -12.6 LUFS

  True peak:
    Peak:       -1.9 dBFS
[out#0/null @ 0000026d542f0ec0] video:0KiB audio:2816KiB subtitle:0KiB other streams:0KiB global headers:0KiB muxing overhead: unknown
size=N/A time=00:00:15.01 bitrate=N/A speed= 396x elapsed=0:00:00.03    

ffprobe -v error -show_entries format=duration,bit_rate:stream=codec_name,width,height,r_frame_rate,bit_rate,sample_rate,channels -of compact ../drive/joseonhunters.mp4
stream|codec_name=h264|width=1920|height=1080|r_frame_rate=30/1|bit_rate=22675030
stream|codec_name=aac|sample_rate=48000|channels=2|r_frame_rate=0/0|bit_rate=291780
format|duration=15.000000|bit_rate=22976747

