{
  "card": 466,
  "phase": "gallery_ready_waiting_root_landing",
  "before3_byte_exact": true,
  "after3_byte_copied": true,
  "gallery_jpgs": 6,
  "gallery_bytes": 1045709,
  "windowed_after": {
    "checks": 316,
    "scenarios_passed": 1,
    "scenarios_total": 1,
    "stderr_bytes": 0,
    "returncode": 0,
    "native_size": [
      1280,
      720
    ],
    "elapsed_seconds_including_semaphore": 164.77641677856445,
    "capture_owner": "root",
    "semaphore": "existing exclusive E2E slots"
  },
  "visual_review": "C:\\workspace\\joseon\\._tmp\\intake_466_20261002\\worker\\VISUAL_GALLERY.json"
}
