SCRIPT ERROR: Parse Error: Cannot infer the type of "last" variable because the value doesn't have a set type.
   at: GDScript::reload (res://tests/e2e/helpers/approved_icons_466.gd:108)
   GDScript backtrace (most recent call first):
       [0] _run_scenario (res://tests/e2e/e2e_runner.gd:365)
       [1] _run_all (res://tests/e2e/e2e_runner.gd:351)
SCRIPT ERROR: Compile Error: Failed to compile depended scripts.
   at: GDScript::reload (res://tests/e2e/scenarios/icon_intake.gd:0)
   GDScript backtrace (most recent call first):
       [0] _run_scenario (res://tests/e2e/e2e_runner.gd:365)
       [1] _run_all (res://tests/e2e/e2e_runner.gd:351)
ERROR: Failed to load script "res://tests/e2e/scenarios/icon_intake.gd" with error "Compilation failed".
   at: load (modules/gdscript/gdscript_resource_format.cpp:46)
   GDScript backtrace (most recent call first):
       [0] _run_scenario (res://tests/e2e/e2e_runner.gd:365)
       [1] _run_all (res://tests/e2e/e2e_runner.gd:351)
SCRIPT ERROR: Invalid call. Nonexistent function 'new' in base 'GDScript'.
   at: run (res://tests/e2e/scenarios/icon_intake.gd:22)
   GDScript backtrace (most recent call first):
       [0] run (res://tests/e2e/scenarios/icon_intake.gd:22)
       [1] _run_one (res://tests/e2e/e2e_runner.gd:416)
       [2] _run_scenario (res://tests/e2e/e2e_runner.gd:383)
WARNING: 8 ObjectDB instances were leaked at exit (run with `--verbose` for details).
   at: cleanup (core/object/object.cpp:2536)
ERROR: 4 resources still in use at exit (run with --verbose for details).
   at: clear (core/io/resource.cpp:822)
