{
  "card": 466,
  "args": [
    "C:\\Users\\FORYOUCOM\\bin\\godot.BAT",
    "--verbose",
    "--headless",
    "--",
    "--e2e=icon_intake",
    "--icon-intake-466-only",
    "--icon-intake-before"
  ],
  "returncode": 0,
  "elapsed_seconds": 31.164507150650024,
  "before_head": "a823f323e50ce0fc2bf43d7e90c323d27ed72edb",
  "after_head": "a823f323e50ce0fc2bf43d7e90c323d27ed72edb",
  "after_status": "M tests/e2e/scenarios/icon_intake.gd\n?? docs/art/466_item_icons/\n?? docs/design/item_icons_466.md\n?? docs/design/item_icons_466_log.md\n?? tests/e2e/helpers/",
  "after_preservation": {
    "png_preserved_count": 1125,
    "png_changed": [],
    "production_gd_changed": [],
    "definition_changed": []
  }
}
RAW_PREFIX=C:\workspace\joseon\._tmp\intake_466_20261002\worker\helper_exit_verbose_1
d8d5a96239abdb8.scn
Completed load for: 'res://assets/models/buildings/choga.glb' remapped 'res://assets/models/buildings/choga.glb' at thread -1
Loading resource: res://assets/models/buildings/choga.glb remapped: res://assets/models/buildings/choga.glb
Loading resource: res://.godot/imported/choga.glb-bb0a809ba110183a6d8d5a96239abdb8.scn remapped: res://.godot/imported/choga.glb-bb0a809ba110183a6d8d5a96239abdb8.scn
Completed load for: 'res://assets/models/buildings/choga.glb' remapped 'res://assets/models/buildings/choga.glb' at thread -1
Loading resource: res://assets/models/buildings/choga.glb remapped: res://assets/models/buildings/choga.glb
Loading resource: res://.godot/imported/choga.glb-bb0a809ba110183a6d8d5a96239abdb8.scn remapped: res://.godot/imported/choga.glb-bb0a809ba110183a6d8d5a96239abdb8.scn
Completed load for: 'res://assets/models/buildings/choga.glb' remapped 'res://assets/models/buildings/choga.glb' at thread -1
Loading resource: res://assets/models/buildings/giwa.glb remapped: res://assets/models/buildings/giwa.glb
Loading resource: res://.godot/imported/giwa.glb-fe705f9639f6c6ede75b7cd091b06c6b.scn remapped: res://.godot/imported/giwa.glb-fe705f9639f6c6ede75b7cd091b06c6b.scn
Completed load for: 'res://assets/models/buildings/giwa.glb' remapped 'res://assets/models/buildings/giwa.glb' at thread -1
[Click] world=(5.4, 0.0, -2.4) cell=(5, -3)
[Click] world=(5.4, 0.0, -2.4) cell=(5, -3)
Loading resource: res://assets/models/props/paper_talisman.glb remapped: res://assets/models/props/paper_talisman.glb
Loading resource: res://.godot/imported/paper_talisman.glb-8d90c0fb49d3e62a7bda4a8fb9412420.scn remapped: res://.godot/imported/paper_talisman.glb-8d90c0fb49d3e62a7bda4a8fb9412420.scn
Completed load for: 'res://assets/models/props/paper_talisman.glb' remapped 'res://assets/models/props/paper_talisman.glb' at thread -1
[Click] world=(5.033968, 0.0, -0.461725) cell=(5, -1)
Loading resource: res://assets/models/props/paper_talisman.glb remapped: res://assets/models/props/paper_talisman.glb
Loading resource: res://.godot/imported/paper_talisman.glb-8d90c0fb49d3e62a7bda4a8fb9412420.scn remapped: res://.godot/imported/paper_talisman.glb-8d90c0fb49d3e62a7bda4a8fb9412420.scn
Completed load for: 'res://assets/models/props/paper_talisman.glb' remapped 'res://assets/models/props/paper_talisman.glb' at thread -1
[Click] world=(5.859774, 0.0, -0.006343) cell=(5, -1)
Loading resource: res://assets/models/props/paper_talisman.glb remapped: res://assets/models/props/paper_talisman.glb
Loading resource: res://.godot/imported/paper_talisman.glb-8d90c0fb49d3e62a7bda4a8fb9412420.scn remapped: res://.godot/imported/paper_talisman.glb-8d90c0fb49d3e62a7bda4a8fb9412420.scn
Completed load for: 'res://assets/models/props/paper_talisman.glb' remapped 'res://assets/models/props/paper_talisman.glb' at thread -1
[Click] world=(5.653237, 0.0, -0.82713) cell=(5, -1)
Loading resource: res://assets/models/props/jade_ring.glb remapped: res://assets/models/props/jade_ring.glb
Loading resource: res://.godot/imported/jade_ring.glb-9a5f2523e6402baf14971b606667cbdb.scn remapped: res://.godot/imported/jade_ring.glb-9a5f2523e6402baf14971b606667cbdb.scn
Loading resource: res://assets/models/props/jade_ring_Image_0.jpg remapped: res://assets/models/props/jade_ring_Image_0.jpg
Loading resource: res://.godot/imported/jade_ring_Image_0.jpg-5e52a0319420759cce3ea715a2a5d221.s3tc.ctex remapped: res://.godot/imported/jade_ring_Image_0.jpg-5e52a0319420759cce3ea715a2a5d221.s3tc.ctex
Completed load for: 'res://assets/models/props/jade_ring_Image_0.jpg' remapped 'res://assets/models/props/jade_ring_Image_0.jpg' at thread -1
Completed load for: 'res://assets/models/props/jade_ring.glb' remapped 'res://assets/models/props/jade_ring.glb' at thread -1
[Click] world=(5.308594, 0.0, 0.088752) cell=(5, 0)
Loading resource: res://assets/models/props/jade_ring.glb remapped: res://assets/models/props/jade_ring.glb
Loading resource: res://.godot/imported/jade_ring.glb-9a5f2523e6402baf14971b606667cbdb.scn remapped: res://.godot/imported/jade_ring.glb-9a5f2523e6402baf14971b606667cbdb.scn
Loading resource: res://assets/models/props/jade_ring_Image_0.jpg remapped: res://assets/models/props/jade_ring_Image_0.jpg
Loading resource: res://.godot/imported/jade_ring_Image_0.jpg-5e52a0319420759cce3ea715a2a5d221.s3tc.ctex remapped: res://.godot/imported/jade_ring_Image_0.jpg-5e52a0319420759cce3ea715a2a5d221.s3tc.ctex
Completed load for: 'res://assets/models/props/jade_ring_Image_0.jpg' remapped 'res://assets/models/props/jade_ring_Image_0.jpg' at thread -1
Completed load for: 'res://assets/models/props/jade_ring.glb' remapped 'res://assets/models/props/jade_ring.glb' at thread -1
[Click] world=(5.885686, 0.0, -0.323594) cell=(5, -1)
Loading resource: res://assets/models/tilekit_stone/stairs_down.glb remapped: res://assets/models/tilekit_stone/stairs_down.glb
Loading resource: res://.godot/imported/stairs_down.glb-345f07b8642e8fc0d2cf84f36210206b.scn remapped: res://.godot/imported/stairs_down.glb-345f07b8642e8fc0d2cf84f36210206b.scn
Completed load for: 'res://assets/models/tilekit_stone/stairs_down.glb' remapped 'res://assets/models/tilekit_stone/stairs_down.glb' at thread -1
Loading resource: res://assets/models/buildings/giwa.glb remapped: res://assets/models/buildings/giwa.glb
Loading resource: res://.godot/imported/giwa.glb-fe705f9639f6c6ede75b7cd091b06c6b.scn remapped: res://.godot/imported/giwa.glb-fe705f9639f6c6ede75b7cd091b06c6b.scn
Completed load for: 'res://assets/models/buildings/giwa.glb' remapped 'res://assets/models/buildings/giwa.glb' at thread -1
Loading resource: res://assets/models/buildings/giwa.glb remapped: res://assets/models/buildings/giwa.glb
Loading resource: res://.godot/imported/giwa.glb-fe705f9639f6c6ede75b7cd091b06c6b.scn remapped: res://.godot/imported/giwa.glb-fe705f9639f6c6ede75b7cd091b06c6b.scn
Completed load for: 'res://assets/models/buildings/giwa.glb' remapped 'res://assets/models/buildings/giwa.glb' at thread -1
Loading resource: res://assets/models/buildings/giwa.glb remapped: res://assets/models/buildings/giwa.glb
Loading resource: res://.godot/imported/giwa.glb-fe705f9639f6c6ede75b7cd091b06c6b.scn remapped: res://.godot/imported/giwa.glb-fe705f9639f6c6ede75b7cd091b06c6b.scn
Completed load for: 'res://assets/models/buildings/giwa.glb' remapped 'res://assets/models/buildings/giwa.glb' at thread -1
Loading resource: res://assets/models/merchant_v2/merchant_v2.glb remapped: res://assets/models/merchant_v2/merchant_v2.glb
Loading resource: res://.godot/imported/merchant_v2.glb-502f4ef3c7dbafcfd31d67818cfbbf17.scn remapped: res://.godot/imported/merchant_v2.glb-502f4ef3c7dbafcfd31d67818cfbbf17.scn
Completed load for: 'res://assets/models/merchant_v2/merchant_v2.glb' remapped 'res://assets/models/merchant_v2/merchant_v2.glb' at thread -1
Loading resource: res://assets/models/shaman_v2/shaman_v2.glb remapped: res://assets/models/shaman_v2/shaman_v2.glb
Loading resource: res://.godot/imported/shaman_v2.glb-7ba1f77af1da10341b520694bf59a87b.scn remapped: res://.godot/imported/shaman_v2.glb-7ba1f77af1da10341b520694bf59a87b.scn
Completed load for: 'res://assets/models/shaman_v2/shaman_v2.glb' remapped 'res://assets/models/shaman_v2/shaman_v2.glb' at thread -1
Loading resource: res://assets/models/elder_v2/elder_v2.glb remapped: res://assets/models/elder_v2/elder_v2.glb
Loading resource: res://.godot/imported/elder_v2.glb-9e1394c8f8a6ef4eec8a3774a68bd902.scn remapped: res://.godot/imported/elder_v2.glb-9e1394c8f8a6ef4eec8a3774a68bd902.scn
Completed load for: 'res://assets/models/elder_v2/elder_v2.glb' remapped 'res://assets/models/elder_v2/elder_v2.glb' at thread -1
Loading resource: res://assets/models/jumo/jumo.glb remapped: res://assets/models/jumo/jumo.glb
Loading resource: res://.godot/imported/jumo.glb-6d89cd0e149d66a65239b41395362caa.scn remapped: res://.godot/imported/jumo.glb-6d89cd0e149d66a65239b41395362caa.scn
Completed load for: 'res://assets/models/jumo/jumo.glb' remapped 'res://assets/models/jumo/jumo.glb' at thread -1
Loading resource: res://assets/models/props/cairn.glb remapped: res://assets/models/props/cairn.glb
Loading resource: res://.godot/imported/cairn.glb-25b09ae329f74e59efdf0a18ca54ec90.scn remapped: res://.godot/imported/cairn.glb-25b09ae329f74e59efdf0a18ca54ec90.scn
Completed load for: 'res://assets/models/props/cairn.glb' remapped 'res://assets/models/props/cairn.glb' at thread -1
Loading resource: res://assets/models/buildings/choga.glb remapped: res://assets/models/buildings/choga.glb
Loading resource: res://.godot/imported/choga.glb-bb0a809ba110183a6d8d5a96239abdb8.scn remapped: res://.godot/imported/choga.glb-bb0a809ba110183a6d8d5a96239abdb8.scn
Completed load for: 'res://assets/models/buildings/choga.glb' remapped 'res://assets/models/buildings/choga.glb' at thread -1
Loading resource: res://assets/models/buildings/choga.glb remapped: res://assets/models/buildings/choga.glb
Loading resource: res://.godot/imported/choga.glb-bb0a809ba110183a6d8d5a96239abdb8.scn remapped: res://.godot/imported/choga.glb-bb0a809ba110183a6d8d5a96239abdb8.scn
Completed load for: 'res://assets/models/buildings/choga.glb' remapped 'res://assets/models/buildings/choga.glb' at thread -1
Loading resource: res://assets/models/buildings/choga.glb remapped: res://assets/models/buildings/choga.glb
Loading resource: res://.godot/imported/choga.glb-bb0a809ba110183a6d8d5a96239abdb8.scn remapped: res://.godot/imported/choga.glb-bb0a809ba110183a6d8d5a96239abdb8.scn
Completed load for: 'res://assets/models/buildings/choga.glb' remapped 'res://assets/models/buildings/choga.glb' at thread -1
Loading resource: res://assets/models/buildings/choga.glb remapped: res://assets/models/buildings/choga.glb
Loading resource: res://.godot/imported/choga.glb-bb0a809ba110183a6d8d5a96239abdb8.scn remapped: res://.godot/imported/choga.glb-bb0a809ba110183a6d8d5a96239abdb8.scn
Completed load for: 'res://assets/models/buildings/choga.glb' remapped 'res://assets/models/buildings/choga.glb' at thread -1
Loading resource: res://assets/models/buildings/choga.glb remapped: res://assets/models/buildings/choga.glb
Loading resource: res://.godot/imported/choga.glb-bb0a809ba110183a6d8d5a96239abdb8.scn remapped: res://.godot/imported/choga.glb-bb0a809ba110183a6d8d5a96239abdb8.scn
Completed load for: 'res://assets/models/buildings/choga.glb' remapped 'res://assets/models/buildings/choga.glb' at thread -1
Loading resource: res://assets/models/buildings/giwa.glb remapped: res://assets/models/buildings/giwa.glb
Loading resource: res://.godot/imported/giwa.glb-fe705f9639f6c6ede75b7cd091b06c6b.scn remapped: res://.godot/imported/giwa.glb-fe705f9639f6c6ede75b7cd091b06c6b.scn
Completed load for: 'res://assets/models/buildings/giwa.glb' remapped 'res://assets/models/buildings/giwa.glb' at thread -1
[Click] world=(5.4, 0.0, -2.4) cell=(5, -3)
[Click] world=(5.4, 0.0, -2.4) cell=(5, -3)
Loading resource: res://assets/models/props/cloth_sash.glb remapped: res://assets/models/props/cloth_sash.glb
Loading resource: res://.godot/imported/cloth_sash.glb-3dbd2da513e7033aae85fa1643407bae.scn remapped: res://.godot/imported/cloth_sash.glb-3dbd2da513e7033aae85fa1643407bae.scn
Loading resource: res://assets/models/props/cloth_sash_Image_0.jpg remapped: res://assets/models/props/cloth_sash_Image_0.jpg
Loading resource: res://.godot/imported/cloth_sash_Image_0.jpg-4441a3edc5ec80fa3695b12c360131ba.s3tc.ctex remapped: res://.godot/imported/cloth_sash_Image_0.jpg-4441a3edc5ec80fa3695b12c360131ba.s3tc.ctex
Completed load for: 'res://assets/models/props/cloth_sash_Image_0.jpg' remapped 'res://assets/models/props/cloth_sash_Image_0.jpg' at thread -1
Completed load for: 'res://assets/models/props/cloth_sash.glb' remapped 'res://assets/models/props/cloth_sash.glb' at thread -1
[Click] world=(5.140648, 0.0, 0.172207) cell=(5, 0)
Loading resource: res://assets/models/props/straw_sandals.glb remapped: res://assets/models/props/straw_sandals.glb
Loading resource: res://.godot/imported/straw_sandals.glb-d61c2182e3692a89e74ea034e5bdd8e6.scn remapped: res://.godot/imported/straw_sandals.glb-d61c2182e3692a89e74ea034e5bdd8e6.scn
Loading resource: res://assets/models/props/straw_sandals_Image_0.jpg remapped: res://assets/models/props/straw_sandals_Image_0.jpg
Loading resource: res://.godot/imported/straw_sandals_Image_0.jpg-fd4b518ee8cc3a604115eafc28b337d7.s3tc.ctex remapped: res://.godot/imported/straw_sandals_Image_0.jpg-fd4b518ee8cc3a604115eafc28b337d7.s3tc.ctex
Completed load for: 'res://assets/models/props/straw_sandals_Image_0.jpg' remapped 'res://assets/models/props/straw_sandals_Image_0.jpg' at thread -1
Completed load for: 'res://assets/models/props/straw_sandals.glb' remapped 'res://assets/models/props/straw_sandals.glb' at thread -1
[Click] world=(5.322628, 0.0, -0.859461) cell=(5, -1)
Loading resource: res://assets/models/props/paper_talisman.glb remapped: res://assets/models/props/paper_talisman.glb
Loading resource: res://.godot/imported/paper_talisman.glb-8d90c0fb49d3e62a7bda4a8fb9412420.scn remapped: res://.godot/imported/paper_talisman.glb-8d90c0fb49d3e62a7bda4a8fb9412420.scn
Completed load for: 'res://assets/models/props/paper_talisman.glb' remapped 'res://assets/models/props/paper_talisman.glb' at thread -1
[Click] world=(4.99946, 0.0, 0.034704) cell=(4, 0)
Loading resource: res://assets/models/props/paper_talisman.glb remapped: res://assets/models/props/paper_talisman.glb
Loading resource: res://.godot/imported/paper_talisman.glb-8d90c0fb49d3e62a7bda4a8fb9412420.scn remapped: res://.godot/imported/paper_talisman.glb-8d90c0fb49d3e62a7bda4a8fb9412420.scn
Completed load for: 'res://assets/models/props/paper_talisman.glb' remapped 'res://assets/models/props/paper_talisman.glb' at thread -1
[Click] world=(5.051755, 0.0, -0.288471) cell=(5, -1)
E2E icon_intake PASS (검사 286)
E2E SUMMARY: 1/1 PASS
  E2E icon_intake PASS (검사 286)
XR: Clearing primary interface
XR: Removed interface "Native mobile"
XR: Removed interface "OpenXR"


