AUDITION_OK audio/doho_2_2.mp3
AUDITION_OK audio/merchant_2_2.mp3
AUDITION_OK audio/merchant_3_2.mp3
AUDITION_OK audio/merchant_3_1.mp3
AUDITION_OK audio/merchant_0_1.mp3
AUDITION_OK audio/merchant_0_2.mp3
AUDITION_OK audio/elder_1_2.mp3
AUDITION_OK audio/elder_1_1.mp3
AUDITION_OK audio/elder_2_1.mp3
AUDITION_OK audio/elder_2_2.mp3
AUDITION_OK audio/elder_3_1.mp3
AUDITION_OK audio/elder_3_2.mp3
AUDITION_OK audio/elder_0_1.mp3
AUDITION_OK audio/elder_0_2.mp3
AUDITION_OK audio/shaman_1_1.mp3
AUDITION_OK audio/shaman_1_2.mp3
AUDITION_OK audio/shaman_2_2.mp3
AUDITION_OK audio/shaman_2_1.mp3
AUDITION_OK audio/shaman_3_1.mp3
AUDITION_OK audio/shaman_3_2.mp3
AUDITION_OK audio/shaman_0_1.mp3
AUDITION_OK audio/shaman_0_2.mp3
AUDITION_OK audio/jumo_1_1.mp3
AUDITION_OK audio/jumo_1_2.mp3
AUDITION_OK audio/jumo_2_2.mp3
AUDITION_OK audio/jumo_2_1.mp3
AUDITION_OK audio/jumo_3_2.mp3
AUDITION_OK audio/jumo_3_1.mp3
AUDITION_OK audio/jumo_0_1.mp3
AUDITION_OK audio/jumo_0_2.mp3
AUDITION_OK audio/iksoe_1_2.mp3
AUDITION_OK audio/iksoe_1_1.mp3
AUDITION_OK audio/iksoe_2_1.mp3
AUDITION_OK audio/iksoe_2_2.mp3
AUDITION_OK audio/iksoe_3_2.mp3
AUDITION_OK audio/iksoe_3_1.mp3
AUDITION_OK audio/dokkaebi_1_2.mp3
AUDITION_OK audio/dokkaebi_1_1.mp3
AUDITION_OK audio/dokkaebi_2_2.mp3
AUDITION_OK audio/dokkaebi_2_1.mp3
AUDITION_OK audio/dokkaebi_3_1.mp3
AUDITION_OK audio/dokkaebi_3_2.mp3
DONE 52
