AUDITION_OK audio/doho_1_2.mp3
AUDITION_OK audio/doho_3_1.mp3
AUDITION_OK audio/doho_3_2.mp3
AUDITION_OK audio/doho_0_1.mp3
AUDITION_OK audio/doho_0_2.mp3
AUDITION_OK audio/merchant_1_1.mp3
AUDITION_OK audio/merchant_1_2.mp3
AUDITION_OK audio/doho_2_1.mp3
AUDITION_OK audio/merchant_2_1.mp3
Traceback (most recent call last):
  File "C:\workspace\joseon\tmp\cast608_generate.py", line 13, in gen
    with urllib.request.urlopen(req,timeout=120,context=ssl.create_default_context()) as r:data=r.read();headers={k:r.headers.get(k) for k in ['request-id','history-item-id','character-cost']}
         ^^^^^^^^^^^^^^^^^^^^^^^^^^^^^^^^^^^^^^^^^^^^^^^^^^^^^^^^^^^^^^^^^^^^^^^^^^^^
  File "C:\Users\FORYOUCOM\miniconda3\Lib\urllib\request.py", line 215, in urlopen
    return opener.open(url, data, timeout)
           ^^^^^^^^^^^^^^^^^^^^^^^^^^^^^^^
  File "C:\Users\FORYOUCOM\miniconda3\Lib\urllib\request.py", line 521, in open
    response = meth(req, response)
               ^^^^^^^^^^^^^^^^^^^
  File "C:\Users\FORYOUCOM\miniconda3\Lib\urllib\request.py", line 630, in http_response
    response = self.parent.error(
               ^^^^^^^^^^^^^^^^^^
  File "C:\Users\FORYOUCOM\miniconda3\Lib\urllib\request.py", line 559, in error
    return self._call_chain(*args)
           ^^^^^^^^^^^^^^^^^^^^^^^
  File "C:\Users\FORYOUCOM\miniconda3\Lib\urllib\request.py", line 492, in _call_chain
    result = func(*args)
             ^^^^^^^^^^^
  File "C:\Users\FORYOUCOM\miniconda3\Lib\urllib\request.py", line 639, in http_error_default
    raise HTTPError(req.full_url, code, msg, hdrs, fp)
urllib.error.HTTPError: HTTP Error 409: Conflict

During handling of the above exception, another exception occurred:

Traceback (most recent call last):
  File "C:\workspace\joseon\tmp\cast608_generate.py", line 24, in <module>
    with concurrent.futures.ThreadPoolExecutor(max_workers=2) as pool:list(pool.map(gen,jobs))
                                                                      ^^^^^^^^^^^^^^^^^^^^^^^^
  File "C:\Users\FORYOUCOM\miniconda3\Lib\concurrent\futures\_base.py", line 619, in result_iterator
    yield _result_or_cancel(fs.pop())
          ^^^^^^^^^^^^^^^^^^^^^^^^^^^
  File "C:\Users\FORYOUCOM\miniconda3\Lib\concurrent\futures\_base.py", line 317, in _result_or_cancel
    return fut.result(timeout)
           ^^^^^^^^^^^^^^^^^^^
  File "C:\Users\FORYOUCOM\miniconda3\Lib\concurrent\futures\_base.py", line 449, in result
    return self.__get_result()
           ^^^^^^^^^^^^^^^^^^^
  File "C:\Users\FORYOUCOM\miniconda3\Lib\concurrent\futures\_base.py", line 401, in __get_result
    raise self._exception
  File "C:\Users\FORYOUCOM\miniconda3\Lib\concurrent\futures\thread.py", line 59, in run
    result = self.fn(*self.args, **self.kwargs)
             ^^^^^^^^^^^^^^^^^^^^^^^^^^^^^^^^^^
  File "C:\workspace\joseon\tmp\cast608_generate.py", line 17, in gen
    message=e.read().decode();(p/(j['role']+'_error.log')).write_text(message,encoding='utf-8');raise RuntimeError(message)
                                                                                                ^^^^^^^^^^^^^^^^^^^^^^^^^^^
RuntimeError: {"detail":{"type":"conflict","code":"already_running","message":"Multiple voice additions/deletions for the same voice were called at the same time. Please retry shortly.","status":"already_running","request_id":"a356670207e0d899d69df49aee823a18"}}
