workbench/production/item_icons_534/rank_v3_2026-10-02/preserved_basic_sources.json:1: trailing whitespace.
+[
workbench/production/item_icons_534/rank_v3_2026-10-02/preserved_basic_sources.json:2: trailing whitespace.
+  {
workbench/production/item_icons_534/rank_v3_2026-10-02/preserved_basic_sources.json:3: trailing whitespace.
+    "path": "C:\\workspace\\joseon\\._tmp\\assets_534\\workbench\\production\\item_icons_534\\refs\\hp_potion_basic.png",
workbench/production/item_icons_534/rank_v3_2026-10-02/preserved_basic_sources.json:4: trailing whitespace.
+    "bytes": 1705046,
workbench/production/item_icons_534/rank_v3_2026-10-02/preserved_basic_sources.json:5: trailing whitespace.
+    "sha256": "e7012bdc080fc57c2777c811e01e54beac15f82f21da28cbe167e524d8e28773",
workbench/production/item_icons_534/rank_v3_2026-10-02/preserved_basic_sources.json:6: trailing whitespace.
+    "use": "Local comparison and proportional packing only; not uploaded."
workbench/production/item_icons_534/rank_v3_2026-10-02/preserved_basic_sources.json:7: trailing whitespace.
+  },
workbench/production/item_icons_534/rank_v3_2026-10-02/preserved_basic_sources.json:8: trailing whitespace.
+  {
workbench/production/item_icons_534/rank_v3_2026-10-02/preserved_basic_sources.json:9: trailing whitespace.
+    "path": "C:\\workspace\\joseon\\._tmp\\assets_534\\workbench\\production\\item_icons_534\\refs\\mp_potion_basic.png",
workbench/production/item_icons_534/rank_v3_2026-10-02/preserved_basic_sources.json:10: trailing whitespace.
+    "bytes": 999012,
workbench/production/item_icons_534/rank_v3_2026-10-02/preserved_basic_sources.json:11: trailing whitespace.
+    "sha256": "b87f9c4219b163468825bb27a5c0fa674c6767a0fa2dbbf8d70fffcfb1304a17",
workbench/production/item_icons_534/rank_v3_2026-10-02/preserved_basic_sources.json:12: trailing whitespace.
+    "use": "Local comparison and proportional packing only; not uploaded."
workbench/production/item_icons_534/rank_v3_2026-10-02/preserved_basic_sources.json:13: trailing whitespace.
+  }
workbench/production/item_icons_534/rank_v3_2026-10-02/preserved_basic_sources.json:14: trailing whitespace.
+]
