-filter_complex_script is deprecated, use -/filter_complex C:\workspace\joseon-assets\reports\456\filter_graph.txt instead
Input #0, mov,mp4,m4a,3gp,3g2,mj2, from 'C:\workspace\joseon-assets\reports\455\final\01_motgol_walk.mp4':
  Metadata:
    major_brand     : isom
    minor_version   : 512
    compatible_brands: isomiso2avc1mp41
    encoder         : Lavf62.12.100
  Duration: 00:00:12.43, start: 0.000000, bitrate: 6458 kb/s
  Stream #0:0[0x1](und): Video: h264 (High) (avc1 / 0x31637661), yuvj420p(pc, bt470bg/unknown/unknown, progressive), 1280x720 [SAR 1:1 DAR 16:9], 6250 kb/s, 30 fps, 30 tbr, 15360 tbn (default)
      Metadata:
        handler_name    : VideoHandler
        vendor_id       : [0][0][0][0]
        encoder         : Lavc62.28.100 libx264
  Stream #0:1[0x2](und): Audio: aac (LC) (mp4a / 0x6134706D), 48000 Hz, stereo, fltp, 197 kb/s (default)
      Metadata:
        handler_name    : SoundHandler
        vendor_id       : [0][0][0][0]
Input #1, mov,mp4,m4a,3gp,3g2,mj2, from 'C:\workspace\joseon-assets\reports\455\final\02_dialogue_quest.mp4':
  Metadata:
    major_brand     : isom
    minor_version   : 512
    compatible_brands: isomiso2avc1mp41
    encoder         : Lavf62.12.100
  Duration: 00:00:21.00, start: 0.000000, bitrate: 2169 kb/s
  Stream #1:0[0x1](und): Video: h264 (High) (avc1 / 0x31637661), yuvj420p(pc, bt470bg/unknown/unknown, progressive), 1280x720 [SAR 1:1 DAR 16:9], 1965 kb/s, 30 fps, 30 tbr, 15360 tbn (default)
      Metadata:
        handler_name    : VideoHandler
        vendor_id       : [0][0][0][0]
        encoder         : Lavc62.28.100 libx264
  Stream #1:1[0x2](und): Audio: aac (LC) (mp4a / 0x6134706D), 48000 Hz, stereo, fltp, 195 kb/s (default)
      Metadata:
        handler_name    : SoundHandler
        vendor_id       : [0][0][0][0]
Input #2, mov,mp4,m4a,3gp,3g2,mj2, from 'C:\workspace\joseon-assets\reports\455\final\03_field_exploration.mp4':
  Metadata:
    major_brand     : isom
    minor_version   : 512
    compatible_brands: isomiso2avc1mp41
    encoder         : Lavf62.12.100
  Duration: 00:00:07.37, start: 0.000000, bitrate: 3193 kb/s
  Stream #2:0[0x1](und): Video: h264 (High) (avc1 / 0x31637661), yuvj420p(pc, bt470bg/unknown/unknown, progressive), 1280x720 [SAR 1:1 DAR 16:9], 2989 kb/s, 30 fps, 30 tbr, 15360 tbn (default)
      Metadata:
        handler_name    : VideoHandler
        vendor_id       : [0][0][0][0]
        encoder         : Lavc62.28.100 libx264
  Stream #2:1[0x2](und): Audio: aac (LC) (mp4a / 0x6134706D), 48000 Hz, stereo, fltp, 192 kb/s (default)
      Metadata:
        handler_name    : SoundHandler
        vendor_id       : [0][0][0][0]
Input #3, mov,mp4,m4a,3gp,3g2,mj2, from 'C:\workspace\joseon-assets\reports\455\final\04_cave_entry.mp4':
  Metadata:
    major_brand     : isom
    minor_version   : 512
    compatible_brands: isomiso2avc1mp41
    encoder         : Lavf61.7.100
  Duration: 00:00:07.53, start: 0.000000, bitrate: 2778 kb/s
  Stream #3:0[0x1](und): Video: h264 (High) (avc1 / 0x31637661), yuvj420p(pc, bt470bg/unknown/unknown, progressive), 1280x720 [SAR 1:1 DAR 16:9], 2573 kb/s, 30 fps, 30 tbr, 15360 tbn (default)
      Metadata:
        handler_name    : VideoHandler
        vendor_id       : [0][0][0][0]
        encoder         : Lavc61.19.100 libx264
  Stream #3:1[0x2](und): Audio: aac (LC) (mp4a / 0x6134706D), 48000 Hz, stereo, fltp, 194 kb/s (default)
      Metadata:
        handler_name    : SoundHandler
        vendor_id       : [0][0][0][0]
Input #4, mov,mp4,m4a,3gp,3g2,mj2, from 'C:\workspace\joseon-assets\reports\455\final\05_dungeon_combat.mp4':
  Metadata:
    major_brand     : isom
    minor_version   : 512
    compatible_brands: isomiso2avc1mp41
    encoder         : Lavf62.12.100
  Duration: 00:00:24.10, start: 0.000000, bitrate: 4533 kb/s
  Stream #4:0[0x1](und): Video: h264 (High) (avc1 / 0x31637661), yuvj420p(pc, bt470bg/unknown/unknown, progressive), 1280x720 [SAR 1:1 DAR 16:9], 4331 kb/s, 30 fps, 30 tbr, 15360 tbn (default)
      Metadata:
        handler_name    : VideoHandler
        vendor_id       : [0][0][0][0]
        encoder         : Lavc62.28.100 libx264
  Stream #4:1[0x2](und): Audio: aac (LC) (mp4a / 0x6134706D), 48000 Hz, stereo, fltp, 192 kb/s (default)
      Metadata:
        handler_name    : SoundHandler
        vendor_id       : [0][0][0][0]
Input #5, mov,mp4,m4a,3gp,3g2,mj2, from 'C:\workspace\joseon-assets\reports\455\final\05_dungeon_combat.mp4':
  Metadata:
    major_brand     : isom
    minor_version   : 512
    compatible_brands: isomiso2avc1mp41
    encoder         : Lavf62.12.100
  Duration: 00:00:24.10, start: 0.000000, bitrate: 4533 kb/s
  Stream #5:0[0x1](und): Video: h264 (High) (avc1 / 0x31637661), yuvj420p(pc, bt470bg/unknown/unknown, progressive), 1280x720 [SAR 1:1 DAR 16:9], 4331 kb/s, 30 fps, 30 tbr, 15360 tbn (default)
      Metadata:
        handler_name    : VideoHandler
        vendor_id       : [0][0][0][0]
        encoder         : Lavc62.28.100 libx264
  Stream #5:1[0x2](und): Audio: aac (LC) (mp4a / 0x6134706D), 48000 Hz, stereo, fltp, 192 kb/s (default)
      Metadata:
        handler_name    : SoundHandler
        vendor_id       : [0][0][0][0]
Input #6, mov,mp4,m4a,3gp,3g2,mj2, from 'C:\workspace\joseon-assets\reports\455\final\08_skills_equipment.mp4':
  Metadata:
    major_brand     : isom
    minor_version   : 512
    compatible_brands: isomiso2avc1mp41
    encoder         : Lavf62.12.100
  Duration: 00:00:11.10, start: 0.000000, bitrate: 1662 kb/s
  Stream #6:0[0x1](und): Video: h264 (High) (avc1 / 0x31637661), yuvj420p(pc, bt470bg/unknown/unknown, progressive), 1280x720 [SAR 1:1 DAR 16:9], 1460 kb/s, 30 fps, 30 tbr, 15360 tbn (default)
      Metadata:
        handler_name    : VideoHandler
        vendor_id       : [0][0][0][0]
        encoder         : Lavc62.28.100 libx264
  Stream #6:1[0x2](und): Audio: aac (LC) (mp4a / 0x6134706D), 48000 Hz, stereo, fltp, 192 kb/s (default)
      Metadata:
        handler_name    : SoundHandler
        vendor_id       : [0][0][0][0]
Input #7, mov,mp4,m4a,3gp,3g2,mj2, from 'C:\workspace\joseon-assets\reports\455\final\08_skills_equipment.mp4':
  Metadata:
    major_brand     : isom
    minor_version   : 512
    compatible_brands: isomiso2avc1mp41
    encoder         : Lavf62.12.100
  Duration: 00:00:11.10, start: 0.000000, bitrate: 1662 kb/s
  Stream #7:0[0x1](und): Video: h264 (High) (avc1 / 0x31637661), yuvj420p(pc, bt470bg/unknown/unknown, progressive), 1280x720 [SAR 1:1 DAR 16:9], 1460 kb/s, 30 fps, 30 tbr, 15360 tbn (default)
      Metadata:
        handler_name    : VideoHandler
        vendor_id       : [0][0][0][0]
        encoder         : Lavc62.28.100 libx264
  Stream #7:1[0x2](und): Audio: aac (LC) (mp4a / 0x6134706D), 48000 Hz, stereo, fltp, 192 kb/s (default)
      Metadata:
        handler_name    : SoundHandler
        vendor_id       : [0][0][0][0]
Input #8, mov,mp4,m4a,3gp,3g2,mj2, from 'C:\workspace\joseon-assets\reports\455\final\06_heukrang_boss.mp4':
  Metadata:
    major_brand     : isom
    minor_version   : 512
    compatible_brands: isomiso2avc1mp41
    encoder         : Lavf62.12.100
  Duration: 00:00:29.87, start: 0.000000, bitrate: 3176 kb/s
  Stream #8:0[0x1](und): Video: h264 (High) (avc1 / 0x31637661), yuvj420p(pc, bt470bg/unknown/unknown, progressive), 1280x720 [SAR 1:1 DAR 16:9], 2970 kb/s, 30 fps, 30 tbr, 15360 tbn (default)
      Metadata:
        handler_name    : VideoHandler
        vendor_id       : [0][0][0][0]
        encoder         : Lavc62.28.100 libx264
  Stream #8:1[0x2](und): Audio: aac (LC) (mp4a / 0x6134706D), 48000 Hz, stereo, fltp, 196 kb/s (default)
      Metadata:
        handler_name    : SoundHandler
        vendor_id       : [0][0][0][0]
Input #9, mov,mp4,m4a,3gp,3g2,mj2, from 'C:\workspace\joseon-assets\reports\455\final\07_loot_inventory.mp4':
  Metadata:
    major_brand     : isom
    minor_version   : 512
    compatible_brands: isomiso2avc1mp41
    encoder         : Lavf62.12.100
  Duration: 00:00:12.17, start: 0.000000, bitrate: 2126 kb/s
  Stream #9:0[0x1](und): Video: h264 (High) (avc1 / 0x31637661), yuvj420p(pc, bt470bg/unknown/unknown, progressive), 1280x720 [SAR 1:1 DAR 16:9], 1912 kb/s, 30 fps, 30 tbr, 15360 tbn (default)
      Metadata:
        handler_name    : VideoHandler
        vendor_id       : [0][0][0][0]
        encoder         : Lavc62.28.100 libx264
  Stream #9:1[0x2](und): Audio: aac (LC) (mp4a / 0x6134706D), 48000 Hz, stereo, fltp, 203 kb/s (default)
      Metadata:
        handler_name    : SoundHandler
        vendor_id       : [0][0][0][0]
Stream mapping:
  Stream #0:0 (h264) -> trim:default
  Stream #0:1 (aac) -> atrim:default
  Stream #1:0 (h264) -> trim:default
  Stream #1:1 (aac) -> atrim:default
  Stream #2:0 (h264) -> trim:default
  Stream #2:1 (aac) -> atrim:default
  Stream #3:0 (h264) -> trim:default
  Stream #3:1 (aac) -> atrim:default
  Stream #4:0 (h264) -> trim:default
  Stream #4:1 (aac) -> atrim:default
  Stream #5:0 (h264) -> trim:default
  Stream #5:1 (aac) -> atrim:default
  Stream #6:0 (h264) -> trim:default
  Stream #6:1 (aac) -> atrim:default
  Stream #7:0 (h264) -> trim:default
  Stream #7:1 (aac) -> atrim:default
  Stream #8:0 (h264) -> trim:default
  Stream #8:1 (aac) -> atrim:default
  Stream #9:0 (h264) -> trim:default
  Stream #9:1 (aac) -> atrim:default
  fade:default -> Stream #0:0 (libx264)
  afade:default -> Stream #0:1 (aac)
Press [q] to stop, [?] for help
[swscaler @ 000002233a146280] deprecated pixel format used, make sure you did set range correctly
[swscaler @ 000002233a228400] deprecated pixel format used, make sure you did set range correctly
[swscaler @ 000002233a336700] deprecated pixel format used, make sure you did set range correctly
[swscaler @ 000002233a51a080] deprecated pixel format used, make sure you did set range correctly
[swscaler @ 000002233a61ee80] deprecated pixel format used, make sure you did set range correctly
[swscaler @ 000002233a723c80] deprecated pixel format used, make sure you did set range correctly
[swscaler @ 000002233a800a40] deprecated pixel format used, make sure you did set range correctly
[swscaler @ 000002233a905840] deprecated pixel format used, make sure you did set range correctly
[swscaler @ 000002233aa02640] deprecated pixel format used, make sure you did set range correctly
[swscaler @ 000002233aaeb440] deprecated pixel format used, make sure you did set range correctly
[libx264 @ 0000022308d72440] using SAR=1/1
[libx264 @ 0000022308d72440] using cpu capabilities: MMX2 SSE2Fast SSSE3 SSE4.2 AVX FMA3 BMI2 AVX2
[libx264 @ 0000022308d72440] profile High, level 3.1, 4:2:0, 8-bit
[libx264 @ 0000022308d72440] 264 - core 164 r3192 c24e06c - H.264/MPEG-4 AVC codec - Copyleft 2003-2024 - http://www.videolan.org/x264.html - options: cabac=1 ref=2 deblock=1:0:0 analyse=0x3:0x113 me=hex subme=6 psy=1 psy_rd=1.00:0.00 mixed_ref=1 me_range=16 chroma_me=1 trellis=1 8x8dct=1 cqm=0 deadzone=21,11 fast_pskip=1 chroma_qp_offset=-2 threads=22 lookahead_threads=3 sliced_threads=0 nr=0 decimate=1 interlaced=0 bluray_compat=0 constrained_intra=0 bframes=3 b_pyramid=2 b_adapt=1 b_bias=0 direct=1 weightb=1 open_gop=0 weightp=1 keyint=250 keyint_min=25 scenecut=40 intra_refresh=0 rc_lookahead=30 rc=crf mbtree=1 crf=18.0 qcomp=0.60 qpmin=0 qpmax=69 qpstep=4 ip_ratio=1.40 aq=1:1.00
Output #0, mp4, to 'C:\workspace\joseon-assets\reports\456\joseon_hunters_vertical_slice_30s.mp4':
  Metadata:
    major_brand     : isom
    minor_version   : 512
    compatible_brands: isomiso2avc1mp41
    encoder         : Lavf61.7.100
  Stream #0:0: Video: h264 (avc1 / 0x31637661), yuv420p(pc, bt470bg/unknown/unknown, progressive), 1280x720 [SAR 1:1 DAR 16:9], q=2-31, 30 fps, 15360 tbn
      Metadata:
        encoder         : Lavc61.19.100 libx264
      Side data:
        cpb: bitrate max/min/avg: 0/0/0 buffer size: 0 vbv_delay: N/A
  Stream #0:1: Audio: aac (LC) (mp4a / 0x6134706D), 48000 Hz, stereo, fltp, 192 kb/s
      Metadata:
        encoder         : Lavc61.19.100 aac
frame=   72 fps=0.0 q=24.0 size=    2048KiB time=00:00:02.33 bitrate=7190.4kbits/s speed=4.46x    frame=  318 fps=307 q=24.0 size=    5632KiB time=00:00:10.53 bitrate=4380.2kbits/s speed=10.2x    frame=  506 fps=328 q=24.0 size=    8448KiB time=00:00:16.80 bitrate=4119.4kbits/s speed=10.9x    frame=  754 fps=365 q=24.0 size=   11264KiB time=00:00:25.06 bitrate=3681.2kbits/s speed=12.1x    [mp4 @ 0000022307ee6340] Starting second pass: moving the moov atom to the beginning of the file
[out#0/mp4 @ 00000223080e0300] video:11752KiB audio:721KiB subtitle:0KiB other streams:0KiB global headers:0KiB muxing overhead: 0.269035%
frame=  900 fps=395 q=-1.0 Lsize=   12507KiB time=00:00:29.93 bitrate=3422.8kbits/s speed=13.1x    
[libx264 @ 0000022308d72440] frame I:6     Avg QP:11.69  size:104432
[libx264 @ 0000022308d72440] frame P:332   Avg QP:16.54  size: 22496
[libx264 @ 0000022308d72440] frame B:562   Avg QP:21.53  size:  7008
[libx264 @ 0000022308d72440] consecutive B-frames:  4.1% 36.7%  3.7% 55.6%
[libx264 @ 0000022308d72440] mb I  I16..4: 29.4% 59.5% 11.1%
[libx264 @ 0000022308d72440] mb P  I16..4:  1.2%  6.4%  0.6%  P16..4: 26.2%  7.8%  8.1%  0.0%  0.0%    skip:49.7%
[libx264 @ 0000022308d72440] mb B  I16..4:  0.9%  2.9%  0.2%  B16..8:  9.5%  4.1%  0.7%  direct:11.5%  skip:70.2%  L0:40.2% L1:42.8% BI:17.0%
[libx264 @ 0000022308d72440] 8x8 transform intra:73.6% inter:74.0%
[libx264 @ 0000022308d72440] coded y,uvDC,uvAC intra: 63.0% 52.2% 16.4% inter: 16.1% 19.6% 2.1%
[libx264 @ 0000022308d72440] i16 v,h,dc,p: 47% 27% 18%  8%
[libx264 @ 0000022308d72440] i8 v,h,dc,ddl,ddr,vr,hd,vl,hu: 17% 19% 39%  3%  4%  2%  7%  3%  6%
[libx264 @ 0000022308d72440] i4 v,h,dc,ddl,ddr,vr,hd,vl,hu: 20% 19% 16%  7%  8%  6% 11%  5%  9%
[libx264 @ 0000022308d72440] i8c dc,h,v,p: 53% 25% 17%  4%
[libx264 @ 0000022308d72440] Weighted P-Frames: Y:1.5% UV:1.5%
[libx264 @ 0000022308d72440] ref P L0: 75.4% 24.6%
[libx264 @ 0000022308d72440] ref B L0: 83.9% 16.1%
[libx264 @ 0000022308d72440] ref B L1: 96.7%  3.3%
[libx264 @ 0000022308d72440] kb/s:3208.93
[aac @ 0000022308d71580] Qavg: 719.193
