Input #0, mov,mp4,m4a,3gp,3g2,mj2, from 'C:\workspace\joseon-assets\reports\456\joseon_hunters_vertical_slice_30s.mp4':
  Metadata:
    major_brand     : isom
    minor_version   : 512
    compatible_brands: isomiso2avc1mp41
    encoder         : Lavf61.7.100
  Duration: 00:00:30.00, start: 0.000000, bitrate: 3415 kb/s
  Stream #0:0[0x1](und): Video: h264 (High) (avc1 / 0x31637661), yuvj420p(pc, bt470bg/unknown/unknown, progressive), 1280x720 [SAR 1:1 DAR 16:9], 3209 kb/s, 30 fps, 30 tbr, 15360 tbn (default)
      Metadata:
        handler_name    : VideoHandler
        vendor_id       : [0][0][0][0]
        encoder         : Lavc61.19.100 libx264
  Stream #0:1[0x2](und): Audio: aac (LC) (mp4a / 0x6134706D), 48000 Hz, stereo, fltp, 196 kb/s (default)
      Metadata:
        handler_name    : SoundHandler
        vendor_id       : [0][0][0][0]
[Parsed_volumedetect_0 @ 0000021055e47f00] n_samples: 0
Stream mapping:
  Stream #0:0 -> #0:0 (h264 (native) -> wrapped_avframe (native))
  Stream #0:1 -> #0:1 (aac (native) -> pcm_s16le (native))
Press [q] to stop, [?] for help
Output #0, null, to 'pipe:':
  Metadata:
    major_brand     : isom
    minor_version   : 512
    compatible_brands: isomiso2avc1mp41
    encoder         : Lavf61.7.100
  Stream #0:0(und): Video: wrapped_avframe, yuvj420p(pc, bt470bg/unknown/unknown, progressive), 1280x720 [SAR 1:1 DAR 16:9], q=2-31, 200 kb/s, 30 fps, 30 tbn (default)
      Metadata:
        handler_name    : VideoHandler
        vendor_id       : [0][0][0][0]
        encoder         : Lavc61.19.100 wrapped_avframe
  Stream #0:1(und): Audio: pcm_s16le, 48000 Hz, stereo, s16, 1536 kb/s (default)
      Metadata:
        handler_name    : SoundHandler
        vendor_id       : [0][0][0][0]
        encoder         : Lavc61.19.100 pcm_s16le
[Parsed_volumedetect_0 @ 00000210568a2080] n_samples: 2881536
[Parsed_volumedetect_0 @ 00000210568a2080] mean_volume: -16.7 dB
[Parsed_volumedetect_0 @ 00000210568a2080] max_volume: -0.3 dB
[Parsed_volumedetect_0 @ 00000210568a2080] histogram_0db: 127
[Parsed_volumedetect_0 @ 00000210568a2080] histogram_1db: 1224
[Parsed_volumedetect_0 @ 00000210568a2080] histogram_2db: 4441
[out#0/null @ 0000021055a39500] video:387KiB audio:5628KiB subtitle:0KiB other streams:0KiB global headers:0KiB muxing overhead: unknown
frame=  900 fps=0.0 q=-0.0 Lsize=N/A time=00:00:30.00 bitrate=N/A speed= 132x    
