계획: 클립 12, 지정 길이 합 9.6s, 예상 크레딧 ≈ 115 (초당 12), 출력 pcm_44100 → C:\workspace\joseon\tmp\audio572\sfx
  boss_roar      v5   1.0s inf 0.3  A terrifying huge spectral wolf deep brief roar, restrained bass. One 
  boss_roar      v6   1.0s inf 0.3  A terrifying huge spectral wolf deep brief roar, restrained bass. One 
  enemy_die      v5   1.4s inf 0.3  One dark fantasy beast dies, short subdued fading growl and breath. On
  enemy_die      v6   1.4s inf 0.3  One dark fantasy beast dies, short subdued fading growl and breath. On
  enemy_hurt     v5   0.6s inf 0.3  One dark fantasy beast brief low pain growl, no words. One isolated cl
  enemy_hurt     v6   0.6s inf 0.3  One dark fantasy beast brief low pain growl, no words. One isolated cl
  skill_dash_strike_impact v5   0.6s inf 0.3  A rushing sword thrust enters a monster body, compact sharp wet thud. 
  skill_dash_strike_impact v6   0.6s inf 0.3  A rushing sword thrust enters a monster body, compact sharp wet thud. 
  skill_slash_impact v5   0.6s inf 0.3  A strong sweeping sword impact, short close heavy flesh thud. One isol
  skill_slash_impact v6   0.6s inf 0.3  A strong sweeping sword impact, short close heavy flesh thud. One isol
  talisman_master_attack v5   0.6s inf 0.3  A sinister adult male short attack exertion grunt with paper snap, no 
  talisman_master_attack v6   0.6s inf 0.3  A sinister adult male short attack exertion grunt with paper snap, no 
구독: creator, 사용 9839 / 127961
SFX_OK C:\workspace\joseon\tmp\audio572\sfx\boss_roar\boss_roar_v5.wav (0.99s, -11.8 LUFS, peak 0.0, pcm_44100, req -) 끝 −12 ms · 25 Hz 안 걺(-3.7 LU) · 20 Hz 아래 11 → 12.1 % · **CLIP 1612**
SFX_OK C:\workspace\joseon\tmp\audio572\sfx\boss_roar\boss_roar_v6.wav (0.99s, -9.7 LUFS, peak 0.0, pcm_44100, req -) 끝 −10 ms · 25 Hz 안 걺(-3.1 LU) · 20 Hz 아래 11.9 → 13.2 % · **CLIP 1819 · DC +0.026**
SFX_OK C:\workspace\joseon\tmp\audio572\sfx\enemy_die\enemy_die_v6.wav (1.35s, -18.6 LUFS, peak -1.5, pcm_44100, req -) 끝 −11 ms · 25 Hz(+0.1 LU) · 20 Hz 아래 0 → 0 %
SFX_OK C:\workspace\joseon\tmp\audio572\sfx\enemy_die\enemy_die_v5.wav (1.35s, -11.2 LUFS, peak 0.3, pcm_44100, req -) 끝 −10 ms · 25 Hz(-0.2 LU) · 20 Hz 아래 0 → 0 % · **CLIP 18**
SFX_OK C:\workspace\joseon\tmp\audio572\sfx\enemy_hurt\enemy_hurt_v6.wav (0.58s, -8.4 LUFS, peak 0.5, pcm_44100, req -) 끝 −18 ms · 25 Hz(-0.3 LU) · 20 Hz 아래 0 → 0 % · **CLIP 184**
SFX_OK C:\workspace\joseon\tmp\audio572\sfx\enemy_hurt\enemy_hurt_v5.wav (0.59s, -19.3 LUFS, peak -3.3, pcm_44100, req -) 끝 −9 ms · 25 Hz(+0.1 LU) · 20 Hz 아래 9 → 1 %
SFX_OK C:\workspace\joseon\tmp\audio572\sfx\skill_dash_strike_impact\skill_dash_strike_impact_v5.wav (0.59s, -12.8 LUFS, peak 0.8, pcm_44100, req -) 끝 −7 ms · 25 Hz(+0.2 LU) · 20 Hz 아래 2.2 → 0.4 % · **CLIP 2**
SFX_OK C:\workspace\joseon\tmp\audio572\sfx\skill_dash_strike_impact\skill_dash_strike_impact_v6.wav (0.58s, -15.5 LUFS, peak -0.4, pcm_44100, req -) 끝 −22 ms · 25 Hz(+0.1 LU) · 20 Hz 아래 1.1 → 0.2 %
SFX_OK C:\workspace\joseon\tmp\audio572\sfx\skill_slash_impact\skill_slash_impact_v6.wav (0.58s, -10.9 LUFS, peak 0.6, pcm_44100, req -) 끝 −21 ms · 25 Hz(-0.2 LU) · 20 Hz 아래 0 → 0 % · **CLIP 9**
SFX_OK C:\workspace\joseon\tmp\audio572\sfx\skill_slash_impact\skill_slash_impact_v5.wav (0.58s, -10.4 LUFS, peak 0.1, pcm_44100, req -) 끝 −25 ms · 25 Hz(+0.0 LU) · 20 Hz 아래 0 → 0 % · **CLIP 4**
SFX_OK C:\workspace\joseon\tmp\audio572\sfx\talisman_master_attack\talisman_master_attack_v6.wav (0.58s, -12.7 LUFS, peak 0.1, pcm_44100, req -) 끝 −20 ms · 25 Hz(+0.0 LU) · 20 Hz 아래 0 → 0 % · **CLIP 52**
SFX_OK C:\workspace\joseon\tmp\audio572\sfx\talisman_master_attack\talisman_master_attack_v5.wav (0.59s, -12.2 LUFS, peak 0.5, pcm_44100, req -) 끝 −14 ms · 25 Hz(-0.3 LU) · 20 Hz 아래 0.1 → 0 % · **CLIP 118**
SFX_DONE n=12 credits=80 fmt=pcm_44100 out=C:\workspace\joseon\tmp\audio572\sfx
