INTAKE_OK bandit_attack_2.wav 선형 게인 +3.7 dB (측정 -25.8 LUFS · TP -5.2 dBTP · TP 상한에 걸려 목표보다 6.1 LU 낮음)
INTAKE_OK bat_attack_1.wav 선형 게인 +8.5 dB (측정 -30.7 LUFS · TP -10.0 dBTP · TP 상한에 걸려 목표보다 6.2 LU 낮음)
INTAKE_OK bandit_attack_1.wav 선형 게인 +3.7 dB (측정 -25.8 LUFS · TP -5.2 dBTP · TP 상한에 걸려 목표보다 6.1 LU 낮음)
INTAKE_OK bisect_1.wav 선형 게인 -2.2 dB (측정 -16.6 LUFS · TP 0.7 dBTP · TP 상한에 걸려 목표보다 2.9 LU 낮음)
INTAKE_OK blood_splat_1.wav 선형 게인 +2.0 dB (측정 -26.9 LUFS · TP -3.5 dBTP · TP 상한에 걸려 목표보다 8.9 LU 낮음)
INTAKE_OK bat_attack_2.wav 선형 게인 +2.7 dB (측정 -26.9 LUFS · TP -4.2 dBTP · TP 상한에 걸려 목표보다 8.2 LU 낮음)
INTAKE_OK body_fall_1.wav 선형 게인 +8.4 dB (측정 -30.4 LUFS · TP -9.9 dBTP · TP 상한에 걸려 목표보다 6.0 LU 낮음)
INTAKE_OK boss_die_1.wav 선형 게인 -5.2 dB (측정 -10.8 LUFS · TP 2.3 dBTP)
INTAKE_OK boss_heukrang_attack_1.wav 선형 게인 -4.2 dB (측정 -11.8 LUFS · TP 2.0 dBTP)
INTAKE_OK boss_heukrang_attack_3.wav 선형 게인 -4.2 dB (측정 -11.8 LUFS · TP 2.0 dBTP)
INTAKE_OK boss_heukrang_attack_2.wav 선형 게인 -4.2 dB (측정 -11.8 LUFS · TP 2.0 dBTP)
INTAKE_OK boss_roar_1.wav 선형 게인 +21.8 dB (측정 -43.8 LUFS · TP -23.3 dBTP · TP 상한에 걸려 목표보다 6.0 LU 낮음)
INTAKE_OK burn_1.wav 선형 게인 +8.8 dB (측정 -31.9 LUFS · TP -10.3 dBTP · TP 상한에 걸려 목표보다 7.0 LU 낮음)
INTAKE_OK boss_roar_2.wav 선형 게인 +26.1 dB (측정 -44.0 LUFS · TP -27.6 dBTP · TP 상한에 걸려 목표보다 1.9 LU 낮음)
INTAKE_OK combo_3_1.wav 선형 게인 +8.7 dB (측정 -31.8 LUFS · TP -10.2 dBTP · TP 상한에 걸려 목표보다 7.0 LU 낮음)
INTAKE_OK combo_8_1.wav 선형 게인 +15.8 dB (측정 -38.6 LUFS · TP -17.2 dBTP · TP 상한에 걸려 목표보다 6.8 LU 낮음)
INTAKE_OK combo_5_1.wav 선형 게인 +25.7 dB (측정 -45.5 LUFS · TP -27.2 dBTP · TP 상한에 걸려 목표보다 3.8 LU 낮음)
INTAKE_OK doho_die_1.wav 선형 게인 -3.1 dB (측정 -12.9 LUFS · TP 0.7 dBTP)
INTAKE_OK doho_hurt_2.wav 선형 게인 -4.3 dB (측정 -14.2 LUFS · TP 2.8 dBTP · TP 상한에 걸려 목표보다 2.5 LU 낮음)
INTAKE_OK doho_hurt_1.wav 선형 게인 -2.1 dB (측정 -14.7 LUFS · TP 0.6 dBTP · TP 상한에 걸려 목표보다 0.8 LU 낮음)
INTAKE_OK doho_kiai_1.wav 선형 게인 -3.8 dB (측정 -15.5 LUFS · TP 2.3 dBTP · TP 상한에 걸려 목표보다 3.3 LU 낮음)
INTAKE_OK doho_kiai_2.wav 선형 게인 -3.8 dB (측정 -15.5 LUFS · TP 2.3 dBTP · TP 상한에 걸려 목표보다 3.3 LU 낮음)
INTAKE_OK doho_kiai_3.wav 선형 게인 -3.8 dB (측정 -15.5 LUFS · TP 2.3 dBTP · TP 상한에 걸려 목표보다 3.3 LU 낮음)
INTAKE_OK enemy_attack_1.wav 선형 게인 -4.9 dB (측정 -13.1 LUFS · TP 3.4 dBTP · TP 상한에 걸려 목표보다 2.1 LU 낮음)
INTAKE_OK enemy_attack_2.wav 선형 게인 -4.9 dB (측정 -13.1 LUFS · TP 3.4 dBTP · TP 상한에 걸려 목표보다 2.1 LU 낮음)
INTAKE_OK enemy_attack_3.wav 선형 게인 -4.9 dB (측정 -13.1 LUFS · TP 3.4 dBTP · TP 상한에 걸려 목표보다 2.1 LU 낮음)
INTAKE_OK enemy_die_1.wav 선형 게인 -1.9 dB (측정 -19.0 LUFS · TP 0.4 dBTP · TP 상한에 걸려 목표보다 4.9 LU 낮음)
INTAKE_OK enemy_die_2.wav 선형 게인 -1.9 dB (측정 -19.0 LUFS · TP 0.4 dBTP · TP 상한에 걸려 목표보다 4.9 LU 낮음)
INTAKE_OK enemy_hurt_1.wav 선형 게인 -1.1 dB (측정 -19.3 LUFS · TP -0.4 dBTP · TP 상한에 걸려 목표보다 4.4 LU 낮음)
INTAKE_OK enemy_hurt_2.wav 선형 게인 -1.1 dB (측정 -19.3 LUFS · TP -0.4 dBTP · TP 상한에 걸려 목표보다 4.4 LU 낮음)
INTAKE_OK enemy_hurt_3.wav 선형 게인 -1.1 dB (측정 -19.3 LUFS · TP -0.4 dBTP · TP 상한에 걸려 목표보다 4.4 LU 낮음)
INTAKE_OK freeze_1.wav 선형 게인 -2.1 dB (측정 -22.6 LUFS · TP 0.6 dBTP · TP 상한에 걸려 목표보다 8.7 LU 낮음)
INTAKE_OK hit_1.wav 선형 게인 -1.6 dB (측정 -22.3 LUFS · TP 0.1 dBTP · TP 상한에 걸려 목표보다 7.9 LU 낮음)
INTAKE_OK hit_2.wav 선형 게인 +1.7 dB (측정 -24.0 LUFS · TP -3.2 dBTP · TP 상한에 걸려 목표보다 6.3 LU 낮음)
INTAKE_OK hit_3.wav 선형 게인 +0.2 dB (측정 -22.3 LUFS · TP -1.7 dBTP · TP 상한에 걸려 목표보다 6.1 LU 낮음)
INTAKE_OK hit_4.wav 선형 게인 -1.6 dB (측정 -22.3 LUFS · TP 0.1 dBTP · TP 상한에 걸려 목표보다 7.9 LU 낮음)
INTAKE_OK hit_crit_1.wav 선형 게인 -4.5 dB (측정 -19.3 LUFS · TP 3.0 dBTP · TP 상한에 걸려 목표보다 7.8 LU 낮음)
INTAKE_OK hit_crit_2.wav 선형 게인 -4.5 dB (측정 -19.3 LUFS · TP 3.0 dBTP · TP 상한에 걸려 목표보다 7.8 LU 낮음)
INTAKE_OK hit_crit_low_1.wav 선형 게인 -0.4 dB (측정 -20.4 LUFS · TP -1.1 dBTP · TP 상한에 걸려 목표보다 4.8 LU 낮음)
INTAKE_OK player_die_1.wav 선형 게인 -0.3 dB (측정 -17.5 LUFS · TP -1.2 dBTP · TP 상한에 걸려 목표보다 1.8 LU 낮음)
INTAKE_OK kill_extra_1.wav 선형 게인 +18.5 dB (측정 -40.6 LUFS · TP -20.0 dBTP · TP 상한에 걸려 목표보다 6.1 LU 낮음)
INTAKE_OK player_hurt_1.wav 선형 게인 -0.2 dB (측정 -20.3 LUFS · TP -1.2 dBTP · TP 상한에 걸려 목표보다 4.6 LU 낮음)
INTAKE_OK player_hurt_3.wav 선형 게인 -0.2 dB (측정 -20.3 LUFS · TP -1.2 dBTP · TP 상한에 걸려 목표보다 4.6 LU 낮음)
INTAKE_OK player_hurt_2.wav 선형 게인 -0.2 dB (측정 -20.3 LUFS · TP -1.2 dBTP · TP 상한에 걸려 목표보다 4.6 LU 낮음)
INTAKE_OK shatter_1.wav 선형 게인 -0.8 dB (측정 -32.4 LUFS · TP -0.7 dBTP · TP 상한에 걸려 목표보다 17.2 LU 낮음)
INTAKE_OK shoot_1.wav 선형 게인 +33.7 dB (측정 -54.5 LUFS · TP -35.2 dBTP · TP 상한에 걸려 목표보다 4.8 LU 낮음)
INTAKE_OK shoot_2.wav 선형 게인 +33.7 dB (측정 -54.5 LUFS · TP -35.2 dBTP · TP 상한에 걸려 목표보다 4.8 LU 낮음)
INTAKE_OK skill_dash_strike_1.wav 선형 게인 -2.6 dB (측정 -13.4 LUFS · TP 0.4 dBTP)
INTAKE_OK skill_dash_strike_3.wav 선형 게인 -2.6 dB (측정 -13.4 LUFS · TP 0.4 dBTP)
INTAKE_OK skill_dash_strike_impact_1.wav 선형 게인 -4.0 dB (측정 -15.6 LUFS · TP 2.5 dBTP · TP 상한에 걸려 목표보다 3.6 LU 낮음)
INTAKE_OK skill_dash_strike_2.wav 선형 게인 -2.6 dB (측정 -13.4 LUFS · TP 0.4 dBTP)
INTAKE_OK skill_dash_strike_impact_2.wav 선형 게인 -4.0 dB (측정 -15.6 LUFS · TP 2.5 dBTP · TP 상한에 걸려 목표보다 3.6 LU 낮음)
INTAKE_OK skill_slash_1.wav 선형 게인 -4.1 dB (측정 -11.9 LUFS · TP 1.5 dBTP)
INTAKE_OK skill_slash_2.wav 선형 게인 -4.1 dB (측정 -11.9 LUFS · TP 1.5 dBTP)
INTAKE_OK skill_slash_3.wav 선형 게인 -4.1 dB (측정 -11.9 LUFS · TP 1.5 dBTP)
INTAKE_OK skill_slash_impact_1.wav 선형 게인 +10.0 dB (측정 -31.4 LUFS · TP -11.5 dBTP · TP 상한에 걸려 목표보다 5.4 LU 낮음)
INTAKE_OK skill_slash_impact_2.wav 선형 게인 +10.0 dB (측정 -31.4 LUFS · TP -11.5 dBTP · TP 상한에 걸려 목표보다 5.4 LU 낮음)
INTAKE_OK skill_slash_impact_3.wav 선형 게인 +10.0 dB (측정 -31.4 LUFS · TP -11.5 dBTP · TP 상한에 걸려 목표보다 5.4 LU 낮음)
INTAKE_OK skill_whirl_1.wav 선형 게인 -3.2 dB (측정 -12.8 LUFS · TP -1.9 dBTP)
INTAKE_OK skill_whirl_2.wav 선형 게인 -1.2 dB (측정 -16.0 LUFS · TP -0.3 dBTP · TP 상한에 걸려 목표보다 1.2 LU 낮음)
INTAKE_OK skill_whirl_impact_1.wav 선형 게인 -4.1 dB (측정 -11.9 LUFS · TP 2.2 dBTP)
INTAKE_OK skill_whirl_impact_2.wav 선형 게인 -4.1 dB (측정 -11.9 LUFS · TP 2.2 dBTP)
INTAKE_OK soul_scatter_1.wav 선형 게인 +4.7 dB (측정 -20.7 LUFS · TP -8.0 dBTP)
INTAKE_OK step_stone_1.wav 선형 게인 +16.2 dB (측정 -36.3 LUFS · TP -17.8 dBTP · TP 상한에 걸려 목표보다 4.1 LU 낮음)
INTAKE_OK step_stone_2.wav 선형 게인 +25.9 dB (측정 -49.9 LUFS · TP -27.4 dBTP · TP 상한에 걸려 목표보다 8.0 LU 낮음)
INTAKE_OK step_stone_3.wav 선형 게인 +16.2 dB (측정 -36.3 LUFS · TP -17.8 dBTP · TP 상한에 걸려 목표보다 4.1 LU 낮음)
INTAKE_OK step_stone_4.wav 선형 게인 +25.9 dB (측정 -49.9 LUFS · TP -27.4 dBTP · TP 상한에 걸려 목표보다 8.0 LU 낮음)
INTAKE_OK sword_swing_1.wav 선형 게인 +4.9 dB (측정 -27.2 LUFS · TP -6.4 dBTP · TP 상한에 걸려 목표보다 6.3 LU 낮음)
INTAKE_OK sword_swing_2.wav 선형 게인 +4.9 dB (측정 -27.2 LUFS · TP -6.4 dBTP · TP 상한에 걸려 목표보다 6.3 LU 낮음)
INTAKE_OK sword_swing_3.wav 선형 게인 +4.9 dB (측정 -27.2 LUFS · TP -6.4 dBTP · TP 상한에 걸려 목표보다 6.3 LU 낮음)
INTAKE_OK sword_swing_4.wav 선형 게인 +4.9 dB (측정 -27.2 LUFS · TP -6.4 dBTP · TP 상한에 걸려 목표보다 6.3 LU 낮음)
INTAKE_OK talisman_cold_burst_2.wav 선형 게인 -4.7 dB (측정 -21.5 LUFS · TP 3.2 dBTP · TP 상한에 걸려 목표보다 10.2 LU 낮음)
INTAKE_OK talisman_cold_burst_1.wav 선형 게인 -4.7 dB (측정 -21.5 LUFS · TP 3.2 dBTP · TP 상한에 걸려 목표보다 10.2 LU 낮음)
INTAKE_OK talisman_fire_hit_1.wav 선형 게인 +8.3 dB (측정 -29.9 LUFS · TP -9.8 dBTP · TP 상한에 걸려 목표보다 5.6 LU 낮음)
INTAKE_OK talisman_master_attack_1.wav 선형 게인 -3.3 dB (측정 -12.7 LUFS · TP 1.2 dBTP)
INTAKE_OK talisman_master_attack_2.wav 선형 게인 -3.3 dB (측정 -12.7 LUFS · TP 1.2 dBTP)
INTAKE_OK talisman_throw_2.wav 선형 게인 -4.2 dB (측정 -22.3 LUFS · TP 2.7 dBTP · TP 상한에 걸려 목표보다 10.5 LU 낮음)
INTAKE_OK talisman_throw_1.wav 선형 게인 +8.4 dB (측정 -35.2 LUFS · TP -9.9 dBTP · TP 상한에 걸려 목표보다 10.8 LU 낮음)
INTAKE_OK talisman_throw_3.wav 선형 게인 +2.9 dB (측정 -31.2 LUFS · TP -4.4 dBTP · TP 상한에 걸려 목표보다 12.2 LU 낮음)
INTAKE_OK whiff_1.wav 선형 게인 +0.8 dB (측정 -29.1 LUFS · TP -2.2 dBTP · TP 상한에 걸려 목표보다 12.3 LU 낮음)
INTAKE_OK whiff_2.wav 선형 게인 +0.8 dB (측정 -29.1 LUFS · TP -2.2 dBTP · TP 상한에 걸려 목표보다 12.3 LU 낮음)
INTAKE_OK coin_1.wav 선형 게인 +4.5 dB (측정 -24.9 LUFS · TP -6.0 dBTP · TP 상한에 걸려 목표보다 4.4 LU 낮음)
INTAKE_OK coin_2.wav 선형 게인 -0.7 dB (측정 -22.5 LUFS · TP -0.8 dBTP · TP 상한에 걸려 목표보다 7.2 LU 낮음)
INTAKE_OK equip_1.wav 선형 게인 +1.6 dB (측정 -17.6 LUFS · TP -4.1 dBTP)
INTAKE_OK equip_2.wav 선형 게인 -4.1 dB (측정 -18.6 LUFS · TP 2.6 dBTP · TP 상한에 걸려 목표보다 6.7 LU 낮음)
INTAKE_OK ui_open_1.wav 선형 게인 +11.4 dB (측정 -35.6 LUFS · TP -12.9 dBTP · TP 상한에 걸려 목표보다 8.2 LU 낮음)
INTAKE_OK ui_close_1.wav 선형 게인 -1.8 dB (측정 -19.1 LUFS · TP 0.3 dBTP · TP 상한에 걸려 목표보다 4.9 LU 낮음)
INTAKE_OK doho_levelup_1.wav 선형 게인 +4.9 dB (측정 -23.3 LUFS · TP -6.4 dBTP · TP 상한에 걸려 목표보다 2.4 LU 낮음)
INTAKE_OK drop_1.wav 선형 게인 +16.3 dB (측정 -40.4 LUFS · TP -17.8 dBTP · TP 상한에 걸려 목표보다 8.1 LU 낮음)
INTAKE_OK drop_2.wav 선형 게인 +19.2 dB (측정 -44.1 LUFS · TP -20.7 dBTP · TP 상한에 걸려 목표보다 8.9 LU 낮음)
INTAKE_OK level_up_1.wav 선형 게인 +15.2 dB (측정 -31.2 LUFS · TP -17.0 dBTP)
INTAKE_OK pickup_1.wav 선형 게인 +1.6 dB (측정 -17.6 LUFS · TP -4.1 dBTP)
INTAKE_OK pickup_2.wav 선형 게인 -4.1 dB (측정 -18.6 LUFS · TP 2.6 dBTP · TP 상한에 걸려 목표보다 6.7 LU 낮음)
INTAKE_OK pickup_coin_1.wav 선형 게인 +4.5 dB (측정 -24.9 LUFS · TP -6.0 dBTP · TP 상한에 걸려 목표보다 4.4 LU 낮음)
INTAKE_OK pickup_coin_2.wav 선형 게인 -0.7 dB (측정 -22.5 LUFS · TP -0.8 dBTP · TP 상한에 걸려 목표보다 7.2 LU 낮음)
INTAKE_OK portal_open_1.wav 선형 게인 +8.8 dB (측정 -29.6 LUFS · TP -10.3 dBTP · TP 상한에 걸려 목표보다 4.7 LU 낮음)
INTAKE_OK portal_use_1.wav 선형 게인 +8.8 dB (측정 -29.6 LUFS · TP -10.3 dBTP · TP 상한에 걸려 목표보다 4.7 LU 낮음)
INTAKE_OK portal_open_2.wav 선형 게인 +8.8 dB (측정 -29.6 LUFS · TP -10.3 dBTP · TP 상한에 걸려 목표보다 4.7 LU 낮음)
INTAKE_OK potion_1.wav 선형 게인 -0.2 dB (측정 -23.8 LUFS · TP -1.3 dBTP · TP 상한에 걸려 목표보다 8.0 LU 낮음)
INTAKE_OK revive_1.wav 선형 게인 +1.3 dB (측정 -17.3 LUFS · TP -4.7 dBTP)
INTAKE_OK stairs_1.wav 선형 게인 -2.6 dB (측정 -23.9 LUFS · TP 1.1 dBTP · TP 상한에 걸려 목표보다 10.5 LU 낮음)
INTAKE_OK seal_release_1.wav 선형 게인 +9.4 dB (측정 -27.9 LUFS · TP -10.9 dBTP · TP 상한에 걸려 목표보다 2.5 LU 낮음)
INTAKE_OK step_dirt_1.wav 선형 게인 +22.5 dB (측정 -51.7 LUFS · TP -24.0 dBTP · TP 상한에 걸려 목표보다 13.2 LU 낮음)
INTAKE_OK step_dirt_2.wav 선형 게인 +22.4 dB (측정 -49.3 LUFS · TP -23.9 dBTP · TP 상한에 걸려 목표보다 10.8 LU 낮음)
INTAKE_OK step_dirt_3.wav 선형 게인 +23.4 dB (측정 -52.4 LUFS · TP -24.9 dBTP · TP 상한에 걸려 목표보다 12.9 LU 낮음)
INTAKE_OK step_dirt_4.wav 선형 게인 +28.0 dB (측정 -51.7 LUFS · TP -29.5 dBTP · TP 상한에 걸려 목표보다 7.7 LU 낮음)
INTAKE_OK waypoint_use_1.wav 선형 게인 +2.0 dB (측정 -21.7 LUFS · TP -3.5 dBTP · TP 상한에 걸려 목표보다 3.7 LU 낮음)
INTAKE_OK stone_door_sink_1.wav 선형 게인 -2.8 dB (측정 -14.6 LUFS · TP 1.3 dBTP · TP 상한에 걸려 목표보다 1.4 LU 낮음)
INTAKE_OK waypoint_wake_1.wav 선형 게인 +1.3 dB (측정 -18.2 LUFS · TP -2.8 dBTP · TP 상한에 걸려 목표보다 0.9 LU 낮음)
INTAKE_OK amb_town.ogg 선형 게인 +23.2 dB (측정 -47.2 LUFS · TP -24.9 dBTP)
INTAKE_OK amb_dungeon.ogg 선형 게인 +10.7 dB (측정 -34.7 LUFS · TP -16.8 dBTP)
INTAKE_DONE sfx 111
