계획: 클립 55, 지정 길이 합 38.6s, 예상 크레딧 ≈ 463 (초당 12), 출력 pcm_44100 → C:\workspace\joseon\tmp\audio572\sfx
  doho_kiai      v2   0.6s inf 0.3  One adult Korean male energetic martial arts exertion grunt, no words.
  enemy_hurt     v1   0.6s inf 0.3  One dark fantasy beast brief low pain growl, no words. One isolated cl
  enemy_hurt     v2   0.6s inf 0.3  One dark fantasy beast brief low pain growl, no words. One isolated cl
  freeze         v1   0.6s inf 0.3  A small localized ice frost burst, sharp crisp crack with tiny icy tai
  freeze         v2   0.6s inf 0.3  A small localized ice frost burst, sharp crisp crack with tiny icy tai
  hit_crit_low   v1   0.6s inf 0.3  One low compact blunt critical sword impact, firm fleshy thud, control
  hit_crit_low   v2   0.6s inf 0.3  One low compact blunt critical sword impact, firm fleshy thud, control
  kill_extra     v1   0.6s inf 0.3  A dense brief sword finishing impact into flesh, dry wet thud. One iso
  kill_extra     v2   0.6s inf 0.3  A dense brief sword finishing impact into flesh, dry wet thud. One iso
  player_die     v1   1.4s inf 0.3  One adult male swordsman brief final gasp and fading breath, no words.
  player_die     v2   1.4s inf 0.3  One adult male swordsman brief final gasp and fading breath, no words.
  player_hurt    v1   0.6s inf 0.3  One adult male swordsman restrained brief pain grunt, no words. One is
  player_hurt    v2   0.6s inf 0.3  One adult male swordsman restrained brief pain grunt, no words. One is
  shatter        v1   0.6s inf 0.3  A frozen monster body shatters with a compact icy crack and few fragme
  shatter        v2   0.6s inf 0.3  A frozen monster body shatters with a compact icy crack and few fragme
  shoot          v1   0.6s inf 0.3  A short wooden bow release, taut string snap and swift arrow whoosh. O
  shoot          v2   0.6s inf 0.3  A short wooden bow release, taut string snap and swift arrow whoosh. O
  skill_dash_strike v1   0.6s inf 0.3  Rapid forward sword lunge, rushing air then sharp steel slash, compact
  skill_dash_strike v2   0.6s inf 0.3  Rapid forward sword lunge, rushing air then sharp steel slash, compact
  skill_dash_strike_impact v1   0.6s inf 0.3  A rushing sword thrust enters a monster body, compact sharp wet thud. 
  skill_dash_strike_impact v2   0.6s inf 0.3  A rushing sword thrust enters a monster body, compact sharp wet thud. 
  skill_slash    v1   0.6s inf 0.3  One forceful sword draw and fast sweeping air cut, accented with a tin
  skill_slash    v2   0.6s inf 0.3  One forceful sword draw and fast sweeping air cut, accented with a tin
  skill_slash_impact v1   0.6s inf 0.3  A strong sweeping sword impact, short close heavy flesh thud. One isol
  skill_slash_impact v2   0.6s inf 0.3  A strong sweeping sword impact, short close heavy flesh thud. One isol
  skill_whirl_impact v1   0.6s inf 0.3  A compact circular sword hit, crisp dense flesh thud and brief steel e
  skill_whirl_impact v2   0.6s inf 0.3  A compact circular sword hit, crisp dense flesh thud and brief steel e
  soul_scatter   v1   0.6s inf 0.3  A spirit disperses into a thin airy hiss and faint ceramic-like crackl
  soul_scatter   v2   0.6s inf 0.3  A spirit disperses into a thin airy hiss and faint ceramic-like crackl
  sword_swing    v1   0.6s inf 0.3  Single sharp steel sword slash through air, fast dry airy whoosh, clos
  sword_swing    v2   0.6s inf 0.3  Single sharp steel sword slash through air, fast dry airy whoosh, clos
  talisman_cold_burst v1   0.6s inf 0.3  Sudden localized freezing burst, crisp ice crack with a short crystall
  talisman_cold_burst v2   0.6s inf 0.3  Sudden localized freezing burst, crisp ice crack with a short crystall
  talisman_master_attack v1   0.6s inf 0.3  A sinister adult male short attack exertion grunt with paper snap, no 
  talisman_master_attack v2   0.6s inf 0.3  A sinister adult male short attack exertion grunt with paper snap, no 
  whiff          v1   0.6s inf 0.3  A light rapid sword whoosh through empty air, no impact. One isolated 
  whiff          v2   0.6s inf 0.3  A light rapid sword whoosh through empty air, no impact. One isolated 
  ui_close       v1   0.6s inf 0.3  One old wooden chest lid gently shuts with soft latch click. One isola
  ui_close       v2   0.6s inf 0.3  One old wooden chest lid gently shuts with soft latch click. One isola
  doho_levelup   v1   0.6s inf 0.3  One confident adult Korean male relieved exhalation, no words. One iso
  doho_levelup   v2   0.6s inf 0.3  One confident adult Korean male relieved exhalation, no words. One iso
  drop           v1   0.6s inf 0.3  One small leather equipment bundle falls onto stone with a dull compac
  drop           v2   0.6s inf 0.3  One small leather equipment bundle falls onto stone with a dull compac
  level_up       v1   1.0s inf 0.3  A satisfying short traditional Korean bronze bell reward accent, no me
  level_up       v2   1.0s inf 0.3  A satisfying short traditional Korean bronze bell reward accent, no me
  revive         v1   1.4s inf 0.3  A quiet inhalation and restrained airy life returning shimmer. One iso
  revive         v2   1.4s inf 0.3  A quiet inhalation and restrained airy life returning shimmer. One iso
  stairs         v1   0.6s inf 0.3  A short leather boot step across a stone threshold then faint hollow m
  stairs         v2   0.6s inf 0.3  A short leather boot step across a stone threshold then faint hollow m
  stone_door_sink v1   0.6s inf 0.3  Heavy ancient stone door sinks into the floor, slow gritty stone frict
  stone_door_sink v2   0.6s inf 0.3  Heavy ancient stone door sinks into the floor, slow gritty stone frict
  waypoint_use   v1   0.6s inf 0.3  A brief airy spatial passage with a soft low bronze chime. One isolate
  waypoint_use   v2   0.6s inf 0.3  A brief airy spatial passage with a soft low bronze chime. One isolate
  waypoint_wake  v1   1.4s inf 0.3  An ancient stone waypoint awakens, small resonant bronze chime and air
  waypoint_wake  v2   1.4s inf 0.3  An ancient stone waypoint awakens, small resonant bronze chime and air
구독: creator, 사용 9100 / 127961
SFX_OK C:\workspace\joseon\tmp\audio572\sfx\doho_kiai\doho_kiai_v2.wav (0.58s, -13.6 LUFS, peak 0.0, pcm_44100, req -) 끝 −22 ms · 25 Hz(+0.1 LU) · 20 Hz 아래 0 → 0 % · **CLIP 3**
SFX_OK C:\workspace\joseon\tmp\audio572\sfx\enemy_hurt\enemy_hurt_v1.wav (0.58s, -5.9 LUFS, peak 0.1, pcm_44100, req -) 끝 −23 ms · 25 Hz 안 걺(-0.8 LU) · 20 Hz 아래 0 → 0.1 % · **CLIP 1092**
SFX_OK C:\workspace\joseon\tmp\audio572\sfx\enemy_hurt\enemy_hurt_v2.wav (0.58s, -10.7 LUFS, peak 0.5, pcm_44100, req -) 끝 −19 ms · 25 Hz(-0.0 LU) · 20 Hz 아래 0 → 0 % · **CLIP 41**
SFX_OK C:\workspace\joseon\tmp\audio572\sfx\freeze\freeze_v1.wav (0.60s, -22.6 LUFS, peak -2.3, pcm_44100, req -) 끝 −5 ms · 25 Hz(-0.0 LU) · 20 Hz 아래 0 → 0 %
SFX_OK C:\workspace\joseon\tmp\audio572\sfx\hit_crit_low\hit_crit_low_v1.wav (0.58s, -18.9 LUFS, peak -1.6, pcm_44100, req -) 끝 −22 ms · 25 Hz(+2.1 LU) · 20 Hz 아래 35.1 → 12.7 %
SFX_OK C:\workspace\joseon\tmp\audio572\sfx\freeze\freeze_v2.wav (0.60s, -28.3 LUFS, peak -5.9, pcm_44100, req -) 끝 −5 ms · 25 Hz(+0.0 LU) · 20 Hz 아래 0 → 0 %
SFX_OK C:\workspace\joseon\tmp\audio572\sfx\hit_crit_low\hit_crit_low_v2.wav (0.59s, -13.5 LUFS, peak 0.6, pcm_44100, req -) 끝 −12 ms · 25 Hz(+0.0 LU) · 20 Hz 아래 21.7 → 3.8 % · **CLIP 7**
SFX_OK C:\workspace\joseon\tmp\audio572\sfx\kill_extra\kill_extra_v1.wav (0.58s, -40.5 LUFS, peak -22.2, pcm_44100, req -) 끝 −17 ms · 25 Hz(+0.2 LU) · 20 Hz 아래 24.7 → 0.2 %
SFX_OK C:\workspace\joseon\tmp\audio572\sfx\kill_extra\kill_extra_v2.wav (0.58s, -15.9 LUFS, peak 0.1, pcm_44100, req -) 끝 −23 ms · 25 Hz(-0.0 LU) · 20 Hz 아래 0.1 → 0 % · **CLIP 2**
SFX_OK C:\workspace\joseon\tmp\audio572\sfx\player_die\player_die_v1.wav (1.35s, -17.3 LUFS, peak -3.5, pcm_44100, req -) 끝 −8 ms · 25 Hz(-0.2 LU) · 20 Hz 아래 0 → 0 %
SFX_OK C:\workspace\joseon\tmp\audio572\sfx\player_hurt\player_hurt_v1.wav (0.58s, -20.3 LUFS, peak -3.9, pcm_44100, req -) 끝 −17 ms · 25 Hz(+0.1 LU) · 20 Hz 아래 0 → 0 %
SFX_OK C:\workspace\joseon\tmp\audio572\sfx\player_die\player_die_v2.wav (1.35s, -14.8 LUFS, peak 0.5, pcm_44100, req -) 끝 −12 ms · 25 Hz(-0.3 LU) · 20 Hz 아래 0 → 0 % · **CLIP 48**
SFX_OK C:\workspace\joseon\tmp\audio572\sfx\shatter\shatter_v1.wav (0.59s, -31.2 LUFS, peak -3.0, pcm_44100, req -) 끝 −6 ms · 25 Hz(-0.1 LU) · 20 Hz 아래 0 → 0 %
SFX_OK C:\workspace\joseon\tmp\audio572\sfx\player_hurt\player_hurt_v2.wav (0.59s, -9.0 LUFS, peak 0.4, pcm_44100, req -) 끝 −9 ms · 25 Hz(-0.2 LU) · 20 Hz 아래 0 → 0 % · **CLIP 313**
SFX_OK C:\workspace\joseon\tmp\audio572\sfx\shoot\shoot_v1.wav (0.59s, -17.5 LUFS, peak 0.4, pcm_44100, req -) 끝 −9 ms · 25 Hz(-0.1 LU) · 20 Hz 아래 0 → 0 % · **CLIP 19**
SFX_OK C:\workspace\joseon\tmp\audio572\sfx\shatter\shatter_v2.wav (0.57s, -24.2 LUFS, peak -0.6, pcm_44100, req -) 끝 −27 ms · 25 Hz(-0.1 LU) · 20 Hz 아래 0.9 → 0 %
SFX_OK C:\workspace\joseon\tmp\audio572\sfx\shoot\shoot_v2.wav (0.59s, -53.8 LUFS, peak -37.3, pcm_44100, req -) 끝 −7 ms · 25 Hz(+0.7 LU) · 20 Hz 아래 1.6 → 0.2 %
SFX_OK C:\workspace\joseon\tmp\audio572\sfx\skill_dash_strike\skill_dash_strike_v1.wav (0.59s, -11.8 LUFS, peak -0.2, pcm_44100, req -) 끝 −6 ms · 25 Hz(-0.0 LU) · 20 Hz 아래 0 → 0 %
SFX_OK C:\workspace\joseon\tmp\audio572\sfx\skill_dash_strike\skill_dash_strike_v2.wav (0.57s, -15.1 LUFS, peak -0.1, pcm_44100, req -) 끝 −29 ms · 25 Hz(+0.0 LU) · 20 Hz 아래 1 → 0 % · **CLIP 1**
SFX_OK C:\workspace\joseon\tmp\audio572\sfx\skill_dash_strike_impact\skill_dash_strike_impact_v1.wav (0.60s, -12.1 LUFS, peak 0.8, pcm_44100, req -) 끝 그대로 · 25 Hz 안 걺(-1.0 LU) · 20 Hz 아래 0.3 → 0.3 % · **CLIP 24**
SFX_OK C:\workspace\joseon\tmp\audio572\sfx\skill_dash_strike_impact\skill_dash_strike_impact_v2.wav (0.58s, -10.8 LUFS, peak 0.3, pcm_44100, req -) 끝 −20 ms · 25 Hz 안 걺(-0.6 LU) · 20 Hz 아래 0 → 0 % · **CLIP 11**
SFX_OK C:\workspace\joseon\tmp\audio572\sfx\skill_slash\skill_slash_v1.wav (0.59s, -8.7 LUFS, peak 0.4, pcm_44100, req -) 끝 −6 ms · 25 Hz(+0.1 LU) · 20 Hz 아래 0 → 0 % · **CLIP 3**
SFX_OK C:\workspace\joseon\tmp\audio572\sfx\skill_slash\skill_slash_v2.wav (0.58s, -11.2 LUFS, peak 0.2, pcm_44100, req -) 끝 −18 ms · 25 Hz(+0.0 LU) · 20 Hz 아래 0 → 0 % · **CLIP 8**
SFX_OK C:\workspace\joseon\tmp\audio572\sfx\skill_slash_impact\skill_slash_impact_v1.wav (0.58s, -15.9 LUFS, peak 0.6, pcm_44100, req -) 끝 −21 ms · 25 Hz 안 걺(-2.8 LU) · 20 Hz 아래 7 → 7.4 % · **CLIP 71**
SFX_OK C:\workspace\joseon\tmp\audio572\sfx\skill_slash_impact\skill_slash_impact_v2.wav (0.58s, -11.5 LUFS, peak 0.2, pcm_44100, req -) 끝 −22 ms · 25 Hz(+0.1 LU) · 20 Hz 아래 0.1 → 0 % · **CLIP 3**
SFX_OK C:\workspace\joseon\tmp\audio572\sfx\skill_whirl_impact\skill_whirl_impact_v1.wav (0.58s, -11.8 LUFS, peak -0.2, pcm_44100, req -) 끝 −25 ms · 25 Hz(+0.0 LU) · 20 Hz 아래 0.4 → 0.1 %
SFX_OK C:\workspace\joseon\tmp\audio572\sfx\soul_scatter\soul_scatter_v1.wav (0.59s, -20.6 LUFS, peak -10.9, pcm_44100, req -) 끝 −8 ms · 25 Hz(+0.0 LU) · 20 Hz 아래 0 → 0 %
SFX_OK C:\workspace\joseon\tmp\audio572\sfx\skill_whirl_impact\skill_whirl_impact_v2.wav (0.58s, -14.2 LUFS, peak 0.6, pcm_44100, req -) 끝 −25 ms · 25 Hz(-0.0 LU) · 20 Hz 아래 0 → 0 % · **CLIP 1**
SFX_OK C:\workspace\joseon\tmp\audio572\sfx\soul_scatter\soul_scatter_v2.wav (0.58s, -23.3 LUFS, peak -9.1, pcm_44100, req -) 끝 −18 ms · 25 Hz(+0.1 LU) · 20 Hz 아래 0 → 0 %
SFX_OK C:\workspace\joseon\tmp\audio572\sfx\sword_swing\sword_swing_v1.wav (0.58s, -11.5 LUFS, peak 0.8, pcm_44100, req -) 끝 −18 ms · 25 Hz 안 걺(-1.0 LU) · 20 Hz 아래 43.1 → 43.3 % · **CLIP 97 · SUB20 43% · DC -0.048**
SFX_OK C:\workspace\joseon\tmp\audio572\sfx\sword_swing\sword_swing_v2.wav (0.58s, -25.8 LUFS, peak -7.9, pcm_44100, req -) 끝 −17 ms · 25 Hz(+0.1 LU) · 20 Hz 아래 0.1 → 0 %
SFX_OK C:\workspace\joseon\tmp\audio572\sfx\talisman_cold_burst\talisman_cold_burst_v1.wav (0.59s, -17.1 LUFS, peak 0.2, pcm_44100, req -) 끝 −9 ms · 25 Hz(-0.0 LU) · 20 Hz 아래 0 → 0 % · **CLIP 2**
SFX_OK C:\workspace\joseon\tmp\audio572\sfx\talisman_cold_burst\talisman_cold_burst_v2.wav (0.59s, -16.7 LUFS, peak 0.1, pcm_44100, req -) 끝 −9 ms · 25 Hz(-0.0 LU) · 20 Hz 아래 0 → 0 % · **CLIP 2**
SFX_OK C:\workspace\joseon\tmp\audio572\sfx\talisman_master_attack\talisman_master_attack_v1.wav (0.59s, -10.2 LUFS, peak 0.2, pcm_44100, req -) 끝 −9 ms · 25 Hz(-0.0 LU) · 20 Hz 아래 0 → 0 % · **CLIP 41**
SFX_OK C:\workspace\joseon\tmp\audio572\sfx\talisman_master_attack\talisman_master_attack_v2.wav (0.58s, -15.5 LUFS, peak -0.1, pcm_44100, req -) 끝 −22 ms · 25 Hz(+0.0 LU) · 20 Hz 아래 0 → 0 % · **CLIP 1**
SFX_OK C:\workspace\joseon\tmp\audio572\sfx\whiff\whiff_v1.wav (0.58s, -11.1 LUFS, peak 0.3, pcm_44100, req -) 끝 −24 ms · 25 Hz(+0.4 LU) · 20 Hz 아래 0 → 0 % · **CLIP 8**
SFX_OK C:\workspace\joseon\tmp\audio572\sfx\whiff\whiff_v2.wav (0.58s, -29.0 LUFS, peak -4.5, pcm_44100, req -) 끝 −20 ms · 25 Hz(+2.7 LU) · 20 Hz 아래 85.2 → 19 %
SFX_OK C:\workspace\joseon\tmp\audio572\sfx\ui_close\ui_close_v1.wav (0.58s, -21.5 LUFS, peak -2.0, pcm_44100, req -) 끝 −18 ms · 25 Hz(+0.4 LU) · 20 Hz 아래 0 → 0 %
SFX_OK C:\workspace\joseon\tmp\audio572\sfx\doho_levelup\doho_levelup_v1.wav (0.59s, -23.0 LUFS, peak -9.0, pcm_44100, req -) 끝 −10 ms · 25 Hz(+0.0 LU) · 20 Hz 아래 0 → 0 %
SFX_OK C:\workspace\joseon\tmp\audio572\sfx\ui_close\ui_close_v2.wav (0.59s, -20.2 LUFS, peak -0.2, pcm_44100, req -) 끝 −9 ms · 25 Hz(-0.2 LU) · 20 Hz 아래 0 → 0 %
SFX_OK C:\workspace\joseon\tmp\audio572\sfx\doho_levelup\doho_levelup_v2.wav (0.59s, -23.1 LUFS, peak -8.9, pcm_44100, req -) 끝 −6 ms · 25 Hz(+0.1 LU) · 20 Hz 아래 0 → 0 %
SFX_OK C:\workspace\joseon\tmp\audio572\sfx\drop\drop_v1.wav (0.58s, -41.2 LUFS, peak -17.5, pcm_44100, req -) 끝 −25 ms · 25 Hz(+1.9 LU) · 20 Hz 아래 90.3 → 65.7 % · **SUB20 66%**
SFX_OK C:\workspace\joseon\tmp\audio572\sfx\drop\drop_v2.wav (0.59s, -36.8 LUFS, peak -14.1, pcm_44100, req -) 끝 −7 ms · 25 Hz(+1.2 LU) · 20 Hz 아래 14.9 → 1.7 %
SFX_OK C:\workspace\joseon\tmp\audio572\sfx\level_up\level_up_v1.wav (0.99s, -17.4 LUFS, peak 0.2, pcm_44100, req -) 끝 −11 ms · 25 Hz(-0.0 LU) · 20 Hz 아래 0 → 0 % · **CLIP 13**
SFX_OK C:\workspace\joseon\tmp\audio572\sfx\level_up\level_up_v2.wav (0.99s, -10.3 LUFS, peak 0.4, pcm_44100, req -) 끝 −10 ms · 25 Hz(-0.1 LU) · 20 Hz 아래 0 → 0 % · **CLIP 47**
SFX_OK C:\workspace\joseon\tmp\audio572\sfx\revive\revive_v1.wav (1.35s, -10.4 LUFS, peak 0.0, pcm_44100, req -) 끝 −13 ms · 25 Hz(+0.0 LU) · 20 Hz 아래 0 → 0 % · **CLIP 1**
SFX_OK C:\workspace\joseon\tmp\audio572\sfx\stairs\stairs_v1.wav (0.59s, -23.9 LUFS, peak -1.9, pcm_44100, req -) 끝 −7 ms · 25 Hz(+0.1 LU) · 20 Hz 아래 0.1 → 0 %
SFX_OK C:\workspace\joseon\tmp\audio572\sfx\revive\revive_v2.wav (1.35s, -7.4 LUFS, peak 0.7, pcm_44100, req -) 끝 −7 ms · 25 Hz(+0.1 LU) · 20 Hz 아래 0 → 0 % · **CLIP 42**
SFX_OK C:\workspace\joseon\tmp\audio572\sfx\stairs\stairs_v2.wav (0.57s, -33.1 LUFS, peak -10.1, pcm_44100, req -) 끝 −28 ms · 25 Hz(-0.5 LU) · 20 Hz 아래 1 → 0.1 %
SFX_OK C:\workspace\joseon\tmp\audio572\sfx\stone_door_sink\stone_door_sink_v1.wav (0.58s, -13.0 LUFS, peak 0.0, pcm_44100, req -) 끝 −18 ms · 25 Hz 안 걺(-0.5 LU) · 20 Hz 아래 0.1 → 0.1 % · **CLIP 3**
SFX_OK C:\workspace\joseon\tmp\audio572\sfx\stone_door_sink\stone_door_sink_v2.wav (0.59s, -11.8 LUFS, peak -1.4, pcm_44100, req -) 끝 −7 ms · 25 Hz 안 걺(-0.5 LU) · 20 Hz 아래 0.1 → 0.1 %
SFX_OK C:\workspace\joseon\tmp\audio572\sfx\waypoint_use\waypoint_use_v1.wav (0.58s, -13.4 LUFS, peak 0.1, pcm_44100, req -) 끝 −23 ms · 25 Hz(-0.0 LU) · 20 Hz 아래 0 → 0 % · **CLIP 1**
SFX_OK C:\workspace\joseon\tmp\audio572\sfx\waypoint_use\waypoint_use_v2.wav (0.58s, -20.1 LUFS, peak -3.8, pcm_44100, req -) 끝 −23 ms · 25 Hz(+0.0 LU) · 20 Hz 아래 0 → 0 %
SFX_OK C:\workspace\joseon\tmp\audio572\sfx\waypoint_wake\waypoint_wake_v2.wav (1.36s, -26.3 LUFS, peak -16.2, pcm_44100, req -) 끝 −4 ms · 25 Hz(-0.2 LU) · 20 Hz 아래 0 → 0 %
SFX_OK C:\workspace\joseon\tmp\audio572\sfx\waypoint_wake\waypoint_wake_v1.wav (1.35s, -17.7 LUFS, peak -4.7, pcm_44100, req -) 끝 −10 ms · 25 Hz(-0.1 LU) · 20 Hz 아래 0 → 0 %
SFX_DONE n=55 credits=212 fmt=pcm_44100 out=C:\workspace\joseon\tmp\audio572\sfx
