계획: 클립 86, 지정 길이 합 63.6s, 예상 크레딧 ≈ 763 (초당 12), 출력 pcm_44100 → tmp/audio572/sfx
  bandit_attack  v1   0.6s inf 0.3  One adult male bandit exertion grunt, no words, dry close. One isolate
  bandit_attack  v2   0.6s inf 0.3  One adult male bandit exertion grunt, no words, dry close. One isolate
  bat_attack     v1   0.6s inf 0.3  One large cave bat attacks with leathery wing snap and tiny squeak. On
  bat_attack     v2   0.6s inf 0.3  One large cave bat attacks with leathery wing snap and tiny squeak. On
  bisect         v1   0.6s inf 0.3  A decisive heavy blade slices thick flesh, brief tearing and dense wet
  bisect         v2   0.6s inf 0.3  A decisive heavy blade slices thick flesh, brief tearing and dense wet
  blood_splat    v1   0.6s inf 0.3  A brief close wet blood spatter, compact moist slap. One isolated clos
  blood_splat    v2   0.6s inf 0.3  A brief close wet blood spatter, compact moist slap. One isolated clos
  body_fall      v1   0.6s inf 0.3  A heavy body collapses onto dry stone, one soft dense thud. One isolat
  body_fall      v2   0.6s inf 0.3  A heavy body collapses onto dry stone, one soft dense thud. One isolat
  boss_die       v1   1.4s inf 0.3  A large monstrous wolf dies with a deep fading growl and final breath.
  boss_die       v2   1.4s inf 0.3  A large monstrous wolf dies with a deep fading growl and final breath.
  boss_heukrang_attack v1   1.0s inf 0.3  A large spectral wolf makes one aggressive guttural short attack growl
  boss_heukrang_attack v2   1.0s inf 0.3  A large spectral wolf makes one aggressive guttural short attack growl
  boss_roar      v1   1.0s inf 0.3  A terrifying huge spectral wolf deep brief roar, restrained bass. One 
  boss_roar      v2   1.0s inf 0.3  A terrifying huge spectral wolf deep brief roar, restrained bass. One 
  burn           v1   0.6s inf 0.3  A compact small flame ignition and brief natural crackle. One isolated
  burn           v2   0.6s inf 0.3  A compact small flame ignition and brief natural crackle. One isolated
  combo_3        v1   0.6s inf 0.3  A small crisp steel accent marking a three-hit sword combo, no melody.
  combo_3        v2   0.6s inf 0.3  A small crisp steel accent marking a three-hit sword combo, no melody.
  combo_5        v1   0.6s inf 0.3  A weighty short steel snap marking a five-hit sword combo, no melody. 
  combo_5        v2   0.6s inf 0.3  A weighty short steel snap marking a five-hit sword combo, no melody. 
  combo_8        v1   0.6s inf 0.3  A forceful short steel crack with compact low thud marking a sword com
  combo_8        v2   0.6s inf 0.3  A forceful short steel crack with compact low thud marking a sword com
  doho_die       v1   1.4s inf 0.3  One adult Korean male death gasp and final fading exhale, no words. On
  doho_die       v2   1.4s inf 0.3  One adult Korean male death gasp and final fading exhale, no words. On
  doho_hurt      v1   0.6s inf 0.3  One adult Korean male brief restrained pain grunt, no words. One isola
  doho_hurt      v2   0.6s inf 0.3  One adult Korean male brief restrained pain grunt, no words. One isola
  doho_kiai      v1   0.6s inf 0.3  One adult Korean male energetic martial arts exertion grunt, no words.
  doho_kiai      v2   0.6s inf 0.3  One adult Korean male energetic martial arts exertion grunt, no words.
  enemy_die      v1   1.4s inf 0.3  One dark fantasy beast dies, short subdued fading growl and breath. On
  enemy_die      v2   1.4s inf 0.3  One dark fantasy beast dies, short subdued fading growl and breath. On
  enemy_hurt     v1   0.6s inf 0.3  One dark fantasy beast brief low pain growl, no words. One isolated cl
  enemy_hurt     v2   0.6s inf 0.3  One dark fantasy beast brief low pain growl, no words. One isolated cl
  freeze         v1   0.6s inf 0.3  A small localized ice frost burst, sharp crisp crack with tiny icy tai
  freeze         v2   0.6s inf 0.3  A small localized ice frost burst, sharp crisp crack with tiny icy tai
  hit_crit_low   v1   0.6s inf 0.3  One low compact blunt critical sword impact, firm fleshy thud, control
  hit_crit_low   v2   0.6s inf 0.3  One low compact blunt critical sword impact, firm fleshy thud, control
  kill_extra     v1   0.6s inf 0.3  A dense brief sword finishing impact into flesh, dry wet thud. One iso
  kill_extra     v2   0.6s inf 0.3  A dense brief sword finishing impact into flesh, dry wet thud. One iso
  player_die     v1   1.4s inf 0.3  One adult male swordsman brief final gasp and fading breath, no words.
  player_die     v2   1.4s inf 0.3  One adult male swordsman brief final gasp and fading breath, no words.
  player_hurt    v1   0.6s inf 0.3  One adult male swordsman restrained brief pain grunt, no words. One is
  player_hurt    v2   0.6s inf 0.3  One adult male swordsman restrained brief pain grunt, no words. One is
  shatter        v1   0.6s inf 0.3  A frozen monster body shatters with a compact icy crack and few fragme
  shatter        v2   0.6s inf 0.3  A frozen monster body shatters with a compact icy crack and few fragme
  shoot          v1   0.6s inf 0.3  A short wooden bow release, taut string snap and swift arrow whoosh. O
  shoot          v2   0.6s inf 0.3  A short wooden bow release, taut string snap and swift arrow whoosh. O
  skill_dash_strike v1   0.6s inf 0.3  Rapid forward sword lunge, rushing air then sharp steel slash, compact
  skill_dash_strike v2   0.6s inf 0.3  Rapid forward sword lunge, rushing air then sharp steel slash, compact
  skill_dash_strike_impact v1   0.6s inf 0.3  A rushing sword thrust enters a monster body, compact sharp wet thud. 
  skill_dash_strike_impact v2   0.6s inf 0.3  A rushing sword thrust enters a monster body, compact sharp wet thud. 
  skill_slash    v1   0.6s inf 0.3  One forceful sword draw and fast sweeping air cut, accented with a tin
  skill_slash    v2   0.6s inf 0.3  One forceful sword draw and fast sweeping air cut, accented with a tin
  skill_slash_impact v1   0.6s inf 0.3  A strong sweeping sword impact, short close heavy flesh thud. One isol
  skill_slash_impact v2   0.6s inf 0.3  A strong sweeping sword impact, short close heavy flesh thud. One isol
  skill_whirl_impact v1   0.6s inf 0.3  A compact circular sword hit, crisp dense flesh thud and brief steel e
  skill_whirl_impact v2   0.6s inf 0.3  A compact circular sword hit, crisp dense flesh thud and brief steel e
  soul_scatter   v1   0.6s inf 0.3  A spirit disperses into a thin airy hiss and faint ceramic-like crackl
  soul_scatter   v2   0.6s inf 0.3  A spirit disperses into a thin airy hiss and faint ceramic-like crackl
  sword_swing    v1   0.6s inf 0.3  Single sharp steel sword slash through air, fast dry airy whoosh, clos
  sword_swing    v2   0.6s inf 0.3  Single sharp steel sword slash through air, fast dry airy whoosh, clos
  talisman_cold_burst v1   0.6s inf 0.3  Sudden localized freezing burst, crisp ice crack with a short crystall
  talisman_cold_burst v2   0.6s inf 0.3  Sudden localized freezing burst, crisp ice crack with a short crystall
  talisman_master_attack v1   0.6s inf 0.3  A sinister adult male short attack exertion grunt with paper snap, no 
  talisman_master_attack v2   0.6s inf 0.3  A sinister adult male short attack exertion grunt with paper snap, no 
  whiff          v1   0.6s inf 0.3  A light rapid sword whoosh through empty air, no impact. One isolated 
  whiff          v2   0.6s inf 0.3  A light rapid sword whoosh through empty air, no impact. One isolated 
  ui_close       v1   0.6s inf 0.3  One old wooden chest lid gently shuts with soft latch click. One isola
  ui_close       v2   0.6s inf 0.3  One old wooden chest lid gently shuts with soft latch click. One isola
  doho_levelup   v1   0.6s inf 0.3  One confident adult Korean male relieved exhalation, no words. One iso
  doho_levelup   v2   0.6s inf 0.3  One confident adult Korean male relieved exhalation, no words. One iso
  drop           v1   0.6s inf 0.3  One small leather equipment bundle falls onto stone with a dull compac
  drop           v2   0.6s inf 0.3  One small leather equipment bundle falls onto stone with a dull compac
  level_up       v1   1.0s inf 0.3  A satisfying short traditional Korean bronze bell reward accent, no me
  level_up       v2   1.0s inf 0.3  A satisfying short traditional Korean bronze bell reward accent, no me
  revive         v1   1.4s inf 0.3  A quiet inhalation and restrained airy life returning shimmer. One iso
  revive         v2   1.4s inf 0.3  A quiet inhalation and restrained airy life returning shimmer. One iso
  stairs         v1   0.6s inf 0.3  A short leather boot step across a stone threshold then faint hollow m
  stairs         v2   0.6s inf 0.3  A short leather boot step across a stone threshold then faint hollow m
  stone_door_sink v1   0.6s inf 0.3  Heavy ancient stone door sinks into the floor, slow gritty stone frict
  stone_door_sink v2   0.6s inf 0.3  Heavy ancient stone door sinks into the floor, slow gritty stone frict
  waypoint_use   v1   0.6s inf 0.3  A brief airy spatial passage with a soft low bronze chime. One isolate
  waypoint_use   v2   0.6s inf 0.3  A brief airy spatial passage with a soft low bronze chime. One isolate
  waypoint_wake  v1   1.4s inf 0.3  An ancient stone waypoint awakens, small resonant bronze chime and air
  waypoint_wake  v2   1.4s inf 0.3  An ancient stone waypoint awakens, small resonant bronze chime and air
구독: creator, 사용 8466 / 127961
SFX_OK tmp/audio572/sfx\bandit_attack\bandit_attack_v2.wav (0.58s, -13.6 LUFS, peak 0.3, pcm_44100, req -) 끝 −19 ms · 25 Hz(-0.2 LU) · 20 Hz 아래 0 → 0 % · **CLIP 41**
SFX_OK tmp/audio572/sfx\bandit_attack\bandit_attack_v1.wav (0.59s, -14.9 LUFS, peak 0.1, pcm_44100, req -) 끝 −12 ms · 25 Hz(-0.0 LU) · 20 Hz 아래 0 → 0 % · **CLIP 6**
SFX_OK tmp/audio572/sfx\bat_attack\bat_attack_v1.wav (0.59s, -23.5 LUFS, peak -2.6, pcm_44100, req -) 끝 −15 ms · 25 Hz(+0.9 LU) · 20 Hz 아래 67.1 → 5 %
SFX_OK tmp/audio572/sfx\bat_attack\bat_attack_v2.wav (0.59s, -27.7 LUFS, peak -8.3, pcm_44100, req -) 끝 −10 ms · 25 Hz(+0.0 LU) · 20 Hz 아래 0 → 0 %
SFX_OK tmp/audio572/sfx\bisect\bisect_v1.wav (0.59s, -9.7 LUFS, peak 0.3, pcm_44100, req -) 끝 −7 ms · 25 Hz(+0.0 LU) · 20 Hz 아래 0 → 0 % · **CLIP 4**
SFX_OK tmp/audio572/sfx\bisect\bisect_v2.wav (0.58s, -16.6 LUFS, peak -1.7, pcm_44100, req -) 끝 −22 ms · 25 Hz(+0.5 LU) · 20 Hz 아래 8.7 → 2 %
SFX_OK tmp/audio572/sfx\blood_splat\blood_splat_v1.wav (0.58s, -12.5 LUFS, peak 0.8, pcm_44100, req -) 끝 −25 ms · 25 Hz(-0.2 LU) · 20 Hz 아래 0 → 0 % · **CLIP 31**
SFX_OK tmp/audio572/sfx\blood_splat\blood_splat_v2.wav (0.58s, -26.9 LUFS, peak -6.3, pcm_44100, req -) 끝 −17 ms · 25 Hz(-0.1 LU) · 20 Hz 아래 0 → 0 %
SFX_OK tmp/audio572/sfx\body_fall\body_fall_v2.wav (0.59s, -30.4 LUFS, peak -12.9, pcm_44100, req -) 끝 −9 ms · 25 Hz(+1.6 LU) · 20 Hz 아래 3.2 → 0.5 %
SFX_OK tmp/audio572/sfx\body_fall\body_fall_v1.wav (0.59s, -35.4 LUFS, peak -12.5, pcm_44100, req -) 끝 −12 ms · 25 Hz 안 걺(-1.9 LU) · 20 Hz 아래 6.3 → 6.9 %
SFX_OK tmp/audio572/sfx\boss_die\boss_die_v1.wav (1.35s, -9.1 LUFS, peak 0.1, pcm_44100, req -) 끝 −11 ms · 25 Hz 안 걺(-2.2 LU) · 20 Hz 아래 1.4 → 1.3 % · **CLIP 229**
SFX_OK tmp/audio572/sfx\boss_die\boss_die_v2.wav (1.33s, -5.7 LUFS, peak 0.0, pcm_44100, req -) 끝 −31 ms · 25 Hz 안 걺(-1.2 LU) · 20 Hz 아래 0.3 → 0.3 % · **CLIP 292**
SFX_OK tmp/audio572/sfx\boss_heukrang_attack\boss_heukrang_attack_v1.wav (0.99s, -6.8 LUFS, peak 0.1, pcm_44100, req -) 끝 −11 ms · 25 Hz(-0.0 LU) · 20 Hz 아래 0 → 0 % · **CLIP 30**
SFX_OK tmp/audio572/sfx\boss_heukrang_attack\boss_heukrang_attack_v2.wav (0.98s, -6.8 LUFS, peak 0.3, pcm_44100, req -) 끝 −25 ms · 25 Hz(-0.1 LU) · 20 Hz 아래 0 → 0 % · **CLIP 130**
SFX_OK tmp/audio572/sfx\boss_roar\boss_roar_v2.wav (0.99s, -6.9 LUFS, peak 0.0, pcm_44100, req -) 끝 −12 ms · 25 Hz 안 걺(-3.3 LU) · 20 Hz 아래 1.2 → 1.2 % · **CLIP 250**
SFX_OK tmp/audio572/sfx\boss_roar\boss_roar_v1.wav (0.99s, -10.3 LUFS, peak 0.0, pcm_44100, req -) 끝 −12 ms · 25 Hz 안 걺(-1.2 LU) · 20 Hz 아래 4.2 → 4.4 % · **CLIP 61**
SFX_OK tmp/audio572/sfx\burn\burn_v2.wav (0.59s, -36.8 LUFS, peak -19.4, pcm_44100, req -) 끝 −7 ms · 25 Hz(+0.1 LU) · 20 Hz 아래 1.6 → 0.3 %
SFX_OK tmp/audio572/sfx\burn\burn_v1.wav (0.60s, -29.3 LUFS, peak -10.2, pcm_44100, req -) 끝 그대로 · 25 Hz(+0.1 LU) · 20 Hz 아래 66.3 → 0.1 %
SFX_OK tmp/audio572/sfx\combo_3\combo_3_v1.wav (0.59s, -31.6 LUFS, peak -12.4, pcm_44100, req -) 끝 −8 ms · 25 Hz(+0.0 LU) · 20 Hz 아래 0 → 0 %
SFX_OK tmp/audio572/sfx\combo_3\combo_3_v2.wav (0.59s, -22.1 LUFS, peak -4.1, pcm_44100, req -) 끝 −11 ms · 25 Hz(+0.0 LU) · 20 Hz 아래 0 → 0 %
SFX_OK tmp/audio572/sfx\combo_5\combo_5_v1.wav (0.59s, -17.1 LUFS, peak 0.1, pcm_44100, req -) 끝 −12 ms · 25 Hz(-0.0 LU) · 20 Hz 아래 0 → 0 % · **CLIP 1**
SFX_OK tmp/audio572/sfx\combo_5\combo_5_v2.wav (0.58s, -43.9 LUFS, peak -26.5, pcm_44100, req -) 끝 −20 ms · 25 Hz(-0.0 LU) · 20 Hz 아래 0 → 0 %
SFX_OK tmp/audio572/sfx\combo_8\combo_8_v1.wav (0.58s, -14.8 LUFS, peak 0.7, pcm_44100, req -) 끝 −18 ms · 25 Hz(-0.4 LU) · 20 Hz 아래 0.1 → 0 % · **CLIP 9**
SFX_OK tmp/audio572/sfx\combo_8\combo_8_v2.wav (0.58s, -38.5 LUFS, peak -19.8, pcm_44100, req -) 끝 −22 ms · 25 Hz(+0.7 LU) · 20 Hz 아래 4 → 0.8 %
SFX_OK tmp/audio572/sfx\doho_die\doho_die_v2.wav (1.35s, -11.5 LUFS, peak 0.1, pcm_44100, req -) 끝 −13 ms · 25 Hz(+0.1 LU) · 20 Hz 아래 0 → 0 % · **CLIP 45**
SFX_OK tmp/audio572/sfx\doho_die\doho_die_v1.wav (1.35s, -11.5 LUFS, peak 0.0, pcm_44100, req -) 끝 −13 ms · 25 Hz(+0.1 LU) · 20 Hz 아래 0 → 0 % · **CLIP 6**
SFX_OK tmp/audio572/sfx\doho_hurt\doho_hurt_v1.wav (0.59s, -12.9 LUFS, peak -0.0, pcm_44100, req -) 끝 −8 ms · 25 Hz(+0.1 LU) · 20 Hz 아래 0 → 0 % · **CLIP 7**
SFX_OK tmp/audio572/sfx\doho_hurt\doho_hurt_v2.wav (0.58s, -14.3 LUFS, peak -0.0, pcm_44100, req -) 끝 −23 ms · 25 Hz(+0.0 LU) · 20 Hz 아래 0 → 0 % · **CLIP 1**
SFX_OK tmp/audio572/sfx\doho_kiai\doho_kiai_v1.wav (0.59s, -15.5 LUFS, peak -0.5, pcm_44100, req -) 끝 −8 ms · 25 Hz(-0.1 LU) · 20 Hz 아래 0 → 0 %
SFX_OK tmp/audio572/sfx\enemy_die\enemy_die_v1.wav (1.33s, -8.6 LUFS, peak 0.8, pcm_44100, req -) 끝 −33 ms · 25 Hz(-0.4 LU) · 20 Hz 아래 0.8 → 0.1 % · **CLIP 198**
Traceback (most recent call last):
SFX_OK tmp/audio572/sfx\enemy_die\enemy_die_v2.wav (1.35s, -11.6 LUFS, peak 0.2, pcm_44100, req -) 끝 −15 ms · 25 Hz(-0.2 LU) · 20 Hz 아래 0.1 → 0 % · **CLIP 11**
  File "C:\Users\FORYOUCOM\miniconda3\Lib\urllib\request.py", line 1344, in do_open
    h.request(req.get_method(), req.selector, req.data, headers,
  File "C:\Users\FORYOUCOM\miniconda3\Lib\http\client.py", line 1338, in request
    self._send_request(method, url, body, headers, encode_chunked)
  File "C:\Users\FORYOUCOM\miniconda3\Lib\http\client.py", line 1384, in _send_request
    self.endheaders(body, encode_chunked=encode_chunked)
  File "C:\Users\FORYOUCOM\miniconda3\Lib\http\client.py", line 1333, in endheaders
    self._send_output(message_body, encode_chunked=encode_chunked)
  File "C:\Users\FORYOUCOM\miniconda3\Lib\http\client.py", line 1093, in _send_output
    self.send(msg)
  File "C:\Users\FORYOUCOM\miniconda3\Lib\http\client.py", line 1037, in send
    self.connect()
  File "C:\Users\FORYOUCOM\miniconda3\Lib\http\client.py", line 1479, in connect
    self.sock = self._context.wrap_socket(self.sock,
                ^^^^^^^^^^^^^^^^^^^^^^^^^^^^^^^^^^^^
  File "C:\Users\FORYOUCOM\miniconda3\Lib\ssl.py", line 455, in wrap_socket
    return self.sslsocket_class._create(
           ^^^^^^^^^^^^^^^^^^^^^^^^^^^^^
  File "C:\Users\FORYOUCOM\miniconda3\Lib\ssl.py", line 1041, in _create
    self.do_handshake()
  File "C:\Users\FORYOUCOM\miniconda3\Lib\ssl.py", line 1319, in do_handshake
    self._sslobj.do_handshake()
ssl.SSLError: [SSL: INVALID_SESSION_ID] invalid session id (_ssl.c:1010)

During handling of the above exception, another exception occurred:

Traceback (most recent call last):
  File "C:\workspace\joseon\tools\sfx_gen.py", line 942, in <module>
    main()
  File "C:\workspace\joseon\tools\sfx_gen.py", line 927, in main
    for meta, path in ex.map(lambda j: run_job(key, j, a.format), jobs):
                      ^^^^^^^^^^^^^^^^^^^^^^^^^^^^^^^^^^^^^^^^^^^^^^^^^
  File "C:\Users\FORYOUCOM\miniconda3\Lib\concurrent\futures\_base.py", line 619, in result_iterator
    yield _result_or_cancel(fs.pop())
          ^^^^^^^^^^^^^^^^^^^^^^^^^^^
  File "C:\Users\FORYOUCOM\miniconda3\Lib\concurrent\futures\_base.py", line 317, in _result_or_cancel
    return fut.result(timeout)
           ^^^^^^^^^^^^^^^^^^^
  File "C:\Users\FORYOUCOM\miniconda3\Lib\concurrent\futures\_base.py", line 449, in result
    return self.__get_result()
           ^^^^^^^^^^^^^^^^^^^
  File "C:\Users\FORYOUCOM\miniconda3\Lib\concurrent\futures\_base.py", line 401, in __get_result
    raise self._exception
  File "C:\Users\FORYOUCOM\miniconda3\Lib\concurrent\futures\thread.py", line 59, in run
    result = self.fn(*self.args, **self.kwargs)
             ^^^^^^^^^^^^^^^^^^^^^^^^^^^^^^^^^^
  File "C:\workspace\joseon\tools\sfx_gen.py", line 927, in <lambda>
    for meta, path in ex.map(lambda j: run_job(key, j, a.format), jobs):
                                       ^^^^^^^^^^^^^^^^^^^^^^^^^
  File "C:\workspace\joseon\tools\sfx_gen.py", line 501, in run_job
    raw, used, rid = generate(key, job["prompt"], job["seconds"], job["influence"], job["loop"], fmt)
                     ^^^^^^^^^^^^^^^^^^^^^^^^^^^^^^^^^^^^^^^^^^^^^^^^^^^^^^^^^^^^^^^^^^^^^^^^^^^^^^^^
  File "C:\workspace\joseon\tools\sfx_gen.py", line 110, in generate
    r = _http(req)
        ^^^^^^^^^^
  File "C:\workspace\joseon\tools\sfx_gen.py", line 86, in _http
    return urllib.request.urlopen(req, timeout=timeout)
           ^^^^^^^^^^^^^^^^^^^^^^^^^^^^^^^^^^^^^^^^^^^^
  File "C:\Users\FORYOUCOM\miniconda3\Lib\urllib\request.py", line 215, in urlopen
    return opener.open(url, data, timeout)
           ^^^^^^^^^^^^^^^^^^^^^^^^^^^^^^^
  File "C:\Users\FORYOUCOM\miniconda3\Lib\urllib\request.py", line 515, in open
    response = self._open(req, data)
               ^^^^^^^^^^^^^^^^^^^^^
  File "C:\Users\FORYOUCOM\miniconda3\Lib\urllib\request.py", line 532, in _open
    result = self._call_chain(self.handle_open, protocol, protocol +
             ^^^^^^^^^^^^^^^^^^^^^^^^^^^^^^^^^^^^^^^^^^^^^^^^^^^^^^^
  File "C:\Users\FORYOUCOM\miniconda3\Lib\urllib\request.py", line 492, in _call_chain
    result = func(*args)
             ^^^^^^^^^^^
  File "C:\Users\FORYOUCOM\miniconda3\Lib\urllib\request.py", line 1392, in https_open
    return self.do_open(http.client.HTTPSConnection, req,
           ^^^^^^^^^^^^^^^^^^^^^^^^^^^^^^^^^^^^^^^^^^^^^^
  File "C:\Users\FORYOUCOM\miniconda3\Lib\urllib\request.py", line 1347, in do_open
    raise URLError(err)
urllib.error.URLError: <urlopen error [SSL: INVALID_SESSION_ID] invalid session id (_ssl.c:1010)>
