계획: 클립 30, 지정 길이 합 26.8s, 예상 크레딧 ≈ 321 (초당 12), 출력 pcm_44100 → C:\workspace\joseon\tmp\audio572\sfx
  bandit_attack  v3   0.6s inf 0.3  One adult male bandit exertion grunt, no words, dry close. One isolate
  bandit_attack  v4   0.6s inf 0.3  One adult male bandit exertion grunt, no words, dry close. One isolate
  boss_die       v3   1.4s inf 0.3  A large monstrous wolf dies with a deep fading growl and final breath.
  boss_die       v4   1.4s inf 0.3  A large monstrous wolf dies with a deep fading growl and final breath.
  boss_heukrang_attack v3   1.0s inf 0.3  A large spectral wolf makes one aggressive guttural short attack growl
  boss_heukrang_attack v4   1.0s inf 0.3  A large spectral wolf makes one aggressive guttural short attack growl
  boss_roar      v3   1.0s inf 0.3  A terrifying huge spectral wolf deep brief roar, restrained bass. One 
  boss_roar      v4   1.0s inf 0.3  A terrifying huge spectral wolf deep brief roar, restrained bass. One 
  doho_die       v3   1.4s inf 0.3  One adult Korean male death gasp and final fading exhale, no words. On
  doho_die       v4   1.4s inf 0.3  One adult Korean male death gasp and final fading exhale, no words. On
  doho_hurt      v3   0.6s inf 0.3  One adult Korean male brief restrained pain grunt, no words. One isola
  doho_hurt      v4   0.6s inf 0.3  One adult Korean male brief restrained pain grunt, no words. One isola
  enemy_die      v3   1.4s inf 0.3  One dark fantasy beast dies, short subdued fading growl and breath. On
  enemy_die      v4   1.4s inf 0.3  One dark fantasy beast dies, short subdued fading growl and breath. On
  enemy_hurt     v3   0.6s inf 0.3  One dark fantasy beast brief low pain growl, no words. One isolated cl
  enemy_hurt     v4   0.6s inf 0.3  One dark fantasy beast brief low pain growl, no words. One isolated cl
  skill_dash_strike_impact v3   0.6s inf 0.3  A rushing sword thrust enters a monster body, compact sharp wet thud. 
  skill_dash_strike_impact v4   0.6s inf 0.3  A rushing sword thrust enters a monster body, compact sharp wet thud. 
  skill_slash    v3   0.6s inf 0.3  One forceful sword draw and fast sweeping air cut, accented with a tin
  skill_slash    v4   0.6s inf 0.3  One forceful sword draw and fast sweeping air cut, accented with a tin
  skill_slash_impact v3   0.6s inf 0.3  A strong sweeping sword impact, short close heavy flesh thud. One isol
  skill_slash_impact v4   0.6s inf 0.3  A strong sweeping sword impact, short close heavy flesh thud. One isol
  talisman_cold_burst v3   0.6s inf 0.3  Sudden localized freezing burst, crisp ice crack with a short crystall
  talisman_cold_burst v4   0.6s inf 0.3  Sudden localized freezing burst, crisp ice crack with a short crystall
  talisman_master_attack v3   0.6s inf 0.3  A sinister adult male short attack exertion grunt with paper snap, no 
  talisman_master_attack v4   0.6s inf 0.3  A sinister adult male short attack exertion grunt with paper snap, no 
  level_up       v3   1.0s inf 0.3  A satisfying short traditional Korean bronze bell reward accent, no me
  level_up       v4   1.0s inf 0.3  A satisfying short traditional Korean bronze bell reward accent, no me
  revive         v3   1.4s inf 0.3  A quiet inhalation and restrained airy life returning shimmer. One iso
  revive         v4   1.4s inf 0.3  A quiet inhalation and restrained airy life returning shimmer. One iso
구독: creator, 사용 9541 / 127961
SFX_OK C:\workspace\joseon\tmp\audio572\sfx\bandit_attack\bandit_attack_v4.wav (0.58s, -11.6 LUFS, peak 0.4, pcm_44100, req -) 끝 −22 ms · 25 Hz(-0.3 LU) · 20 Hz 아래 0 → 0 % · **CLIP 39**
SFX_OK C:\workspace\joseon\tmp\audio572\sfx\bandit_attack\bandit_attack_v3.wav (0.59s, -25.8 LUFS, peak -8.1, pcm_44100, req -) 끝 −13 ms · 25 Hz(+0.3 LU) · 20 Hz 아래 0 → 0 %
SFX_OK C:\workspace\joseon\tmp\audio572\sfx\boss_die\boss_die_v3.wav (1.35s, -10.7 LUFS, peak -0.7, pcm_44100, req -) 끝 −9 ms · 25 Hz(-0.4 LU) · 20 Hz 아래 0.1 → 0 %
SFX_OK C:\workspace\joseon\tmp\audio572\sfx\boss_die\boss_die_v4.wav (1.34s, -12.7 LUFS, peak 0.0, pcm_44100, req -) 끝 −17 ms · 25 Hz 안 걺(-0.8 LU) · 20 Hz 아래 0.1 → 0.1 % · **CLIP 66**
SFX_OK C:\workspace\joseon\tmp\audio572\sfx\boss_heukrang_attack\boss_heukrang_attack_v3.wav (0.99s, -11.5 LUFS, peak 0.0, pcm_44100, req -) 끝 −10 ms · 25 Hz(+0.0 LU) · 20 Hz 아래 0 → 0 % · **CLIP 6**
SFX_OK C:\workspace\joseon\tmp\audio572\sfx\boss_heukrang_attack\boss_heukrang_attack_v4.wav (0.99s, -11.7 LUFS, peak -0.9, pcm_44100, req -) 끝 −11 ms · 25 Hz(-0.1 LU) · 20 Hz 아래 0.9 → 0 %
SFX_OK C:\workspace\joseon\tmp\audio572\sfx\boss_roar\boss_roar_v4.wav (0.99s, -7.4 LUFS, peak 0.0, pcm_44100, req -) 끝 −10 ms · 25 Hz 안 걺(-0.5 LU) · 20 Hz 아래 3.5 → 3.5 % · **CLIP 68 · DC -0.039**
SFX_OK C:\workspace\joseon\tmp\audio572\sfx\boss_roar\boss_roar_v3.wav (0.99s, -8.4 LUFS, peak 0.0, pcm_44100, req -) 끝 −14 ms · 25 Hz 안 걺(-5.3 LU) · 20 Hz 아래 2.4 → 2.5 % · **CLIP 2077**
SFX_OK C:\workspace\joseon\tmp\audio572\sfx\doho_die\doho_die_v4.wav (1.35s, -13.1 LUFS, peak -1.1, pcm_44100, req -) 끝 −13 ms · 25 Hz(+0.1 LU) · 20 Hz 아래 0 → 0 %
SFX_OK C:\workspace\joseon\tmp\audio572\sfx\doho_die\doho_die_v3.wav (1.33s, -12.9 LUFS, peak -2.1, pcm_44100, req -) 끝 −33 ms · 25 Hz(-0.2 LU) · 20 Hz 아래 0 → 0 %
SFX_OK C:\workspace\joseon\tmp\audio572\sfx\doho_hurt\doho_hurt_v4.wav (0.59s, -14.1 LUFS, peak -0.1, pcm_44100, req -) 끝 −7 ms · 25 Hz(+0.0 LU) · 20 Hz 아래 0 → 0 %
SFX_OK C:\workspace\joseon\tmp\audio572\sfx\doho_hurt\doho_hurt_v3.wav (0.58s, -14.5 LUFS, peak -1.4, pcm_44100, req -) 끝 −24 ms · 25 Hz(+0.1 LU) · 20 Hz 아래 0 → 0 %
SFX_OK C:\workspace\joseon\tmp\audio572\sfx\enemy_die\enemy_die_v3.wav (1.35s, -8.7 LUFS, peak 0.3, pcm_44100, req -) 끝 −13 ms · 25 Hz(-0.3 LU) · 20 Hz 아래 0 → 0 % · **CLIP 13**
SFX_OK C:\workspace\joseon\tmp\audio572\sfx\enemy_die\enemy_die_v4.wav (1.35s, -11.0 LUFS, peak 0.5, pcm_44100, req -) 끝 −10 ms · 25 Hz(-0.2 LU) · 20 Hz 아래 0 → 0 % · **CLIP 111**
SFX_OK C:\workspace\joseon\tmp\audio572\sfx\enemy_hurt\enemy_hurt_v3.wav (0.59s, -11.3 LUFS, peak 0.4, pcm_44100, req -) 끝 −10 ms · 25 Hz(-0.2 LU) · 20 Hz 아래 0 → 0 % · **CLIP 43**
SFX_OK C:\workspace\joseon\tmp\audio572\sfx\enemy_hurt\enemy_hurt_v4.wav (0.58s, -9.5 LUFS, peak 0.4, pcm_44100, req -) 끝 −25 ms · 25 Hz(-0.1 LU) · 20 Hz 아래 0 → 0 % · **CLIP 28**
SFX_OK C:\workspace\joseon\tmp\audio572\sfx\skill_dash_strike_impact\skill_dash_strike_impact_v3.wav (0.58s, -29.7 LUFS, peak -4.3, pcm_44100, req -) 끝 −18 ms · 25 Hz(+7.5 LU) · 20 Hz 아래 84.4 → 26.7 % · **CLIP 6**
SFX_OK C:\workspace\joseon\tmp\audio572\sfx\skill_dash_strike_impact\skill_dash_strike_impact_v4.wav (0.59s, -14.6 LUFS, peak 1.3, pcm_44100, req -) 끝 −9 ms · 25 Hz(+0.2 LU) · 20 Hz 아래 53.3 → 5.7 % · **CLIP 13**
SFX_OK C:\workspace\joseon\tmp\audio572\sfx\skill_slash\skill_slash_v3.wav (0.58s, -10.3 LUFS, peak 0.2, pcm_44100, req -) 끝 −21 ms · 25 Hz(+0.0 LU) · 20 Hz 아래 0.2 → 0 % · **CLIP 4**
SFX_OK C:\workspace\joseon\tmp\audio572\sfx\skill_slash\skill_slash_v4.wav (0.58s, -11.8 LUFS, peak -1.3, pcm_44100, req -) 끝 −19 ms · 25 Hz(+0.0 LU) · 20 Hz 아래 0 → 0 %
SFX_OK C:\workspace\joseon\tmp\audio572\sfx\skill_slash_impact\skill_slash_impact_v3.wav (0.58s, -10.5 LUFS, peak 0.7, pcm_44100, req -) 끝 −25 ms · 25 Hz(+0.1 LU) · 20 Hz 아래 0.4 → 0 % · **CLIP 15**
SFX_OK C:\workspace\joseon\tmp\audio572\sfx\skill_slash_impact\skill_slash_impact_v4.wav (0.58s, -10.8 LUFS, peak 0.7, pcm_44100, req -) 끝 −23 ms · 25 Hz(-0.1 LU) · 20 Hz 아래 0.1 → 0 % · **CLIP 22**
SFX_OK C:\workspace\joseon\tmp\audio572\sfx\talisman_cold_burst\talisman_cold_burst_v3.wav (0.59s, -20.8 LUFS, peak 0.3, pcm_44100, req -) 끝 −6 ms · 25 Hz(-0.1 LU) · 20 Hz 아래 0.1 → 0 %
SFX_OK C:\workspace\joseon\tmp\audio572\sfx\talisman_cold_burst\talisman_cold_burst_v4.wav (0.58s, -18.9 LUFS, peak 0.3, pcm_44100, req -) 끝 −19 ms · 25 Hz(+0.2 LU) · 20 Hz 아래 34.4 → 13 % · **CLIP 1**
SFX_OK C:\workspace\joseon\tmp\audio572\sfx\talisman_master_attack\talisman_master_attack_v3.wav (0.56s, -11.6 LUFS, peak 0.3, pcm_44100, req -) 끝 −43 ms · 25 Hz(-0.2 LU) · 20 Hz 아래 0 → 0 % · **CLIP 3**
SFX_OK C:\workspace\joseon\tmp\audio572\sfx\talisman_master_attack\talisman_master_attack_v4.wav (0.60s, -11.4 LUFS, peak 0.6, pcm_44100, req -) 끝 −5 ms · 25 Hz(-0.5 LU) · 20 Hz 아래 0 → 0 % · **CLIP 127**
SFX_OK C:\workspace\joseon\tmp\audio572\sfx\level_up\level_up_v3.wav (0.99s, -29.8 LUFS, peak -15.4, pcm_44100, req -) 끝 −12 ms · 25 Hz(-0.0 LU) · 20 Hz 아래 0 → 0 %
SFX_OK C:\workspace\joseon\tmp\audio572\sfx\level_up\level_up_v4.wav (0.98s, -15.2 LUFS, peak -1.4, pcm_44100, req -) 끝 −17 ms · 25 Hz(+0.1 LU) · 20 Hz 아래 0 → 0 %
SFX_OK C:\workspace\joseon\tmp\audio572\sfx\revive\revive_v3.wav (1.35s, -16.0 LUFS, peak -6.8, pcm_44100, req -) 끝 −8 ms · 25 Hz(-0.0 LU) · 20 Hz 아래 0 → 0 %
SFX_OK C:\workspace\joseon\tmp\audio572\sfx\revive\revive_v4.wav (1.35s, -9.9 LUFS, peak -0.6, pcm_44100, req -) 끝 −13 ms · 25 Hz(-0.1 LU) · 20 Hz 아래 0 → 0 %
SFX_DONE n=30 credits=66 fmt=pcm_44100 out=C:\workspace\joseon\tmp\audio572\sfx
