PLAN 155 lines 4399 chars
VOICE_OK EV_SHAMAN_QUEST_1
VOICE_OK EV_SHAMAN_QUEST_3
VOICE_OK EV_SHAMAN_QUEST_3B
VOICE_OK EV_SHAMAN_QUEST_3C
VOICE_OK EV_SHAMAN_QUEST_2
VOICE_OK EV_SHAMAN_QUEST_4
VOICE_OK EV_SHAMAN_QUEST_5
VOICE_OK EV_SHAMAN_QUEST_7
VOICE_OK EV_SHAMAN_QUEST_6
VOICE_OK EV_SHAMAN_QUEST_8
VOICE_OK EV_SHAMAN_QUEST_9
VOICE_OK NPC_ELDER_FIRST_1
VOICE_OK NPC_ELDER_FIRST_2
VOICE_OK NPC_ELDER_AFTER_1
VOICE_OK NPC_ELDER_THANKS_NUDGE
VOICE_OK NPC_ELDER_CLEAR_DONE_1
VOICE_OK NPC_ELDER_CLEAR_DONE_2
VOICE_OK NPC_ELDER_CLEAR_ACTIVE_1
VOICE_OK NPC_ELDER_CLEAR_ACTIVE_2
VOICE_OK NPC_ELDER_OFFER_AGAIN
VOICE_OK NPC_ELDER_ACTIVE_1
VOICE_OK NPC_ELDER_ACTIVE_2
VOICE_OK NPC_ELDER_OFFER_1
VOICE_OK NPC_ELDER_OFFER_3
VOICE_OK NPC_ELDER_OFFER_2
VOICE_OK NPC_ELDER_GREET_1
VOICE_OK NPC_ELDER_GREET_2
VOICE_OK NPC_ELDER_OFFER_4
VOICE_OK NPC_ELDER_GREET_3
VOICE_OK NPC_ELDER_GREET_4
VOICE_OK NPC_ELDER_ACCEPT_1
VOICE_OK NPC_ELDER_REPORT_1
VOICE_OK NPC_ELDER_REPORT_2
VOICE_OK NPC_ELDER_THANKS_1
VOICE_OK NPC_ELDER_REPORT_3
VOICE_OK NPC_ELDER_AFTER_2
VOICE_OK NPC_ELDER_VOUCH_1
VOICE_OK NPC_JUMO_FIRST_2
VOICE_OK NPC_JUMO_FIRST_1
VOICE_OK NPC_JUMO_FIRST_3
VOICE_OK NPC_JUMO_MAIN_1
VOICE_OK NPC_JUMO_MAIN_2
VOICE_OK NPC_JUMO_MAIN_3
VOICE_OK NPC_JUMO_MAIN_3B
VOICE_OK NPC_JUMO_MAIN_3C
VOICE_OK NPC_JUMO_MAIN_4
VOICE_OK NPC_JUMO_MAIN_4B
VOICE_OK NPC_JUMO_MAIN_5
VOICE_OK NPC_JUMO_MAIN_7
VOICE_OK NPC_JUMO_MAIN_6
VOICE_OK NPC_JUMO_MAIN_9
VOICE_OK NPC_JUMO_MAIN_8
VOICE_OK NPC_JUMO_GAKSI_DONE_1
VOICE_OK NPC_JUMO_MAIN_10
VOICE_OK NPC_JUMO_GAKSI_DONE_2
VOICE_OK NPC_JUMO_NEWS2_1
VOICE_OK NPC_JUMO_NEWS2_LAST_HEUK
VOICE_OK NPC_JUMO_NEWS2_LAST_BEOM
VOICE_OK NPC_JUMO_NEWS2_3
VOICE_OK NPC_JUMO_NEWS2_LAST_SOE
VOICE_OK NPC_JUMO_NEWS2_5
VOICE_OK NPC_JUMO_NEWS2_4
VOICE_OK NPC_JUMO_NEWS1_1
VOICE_OK NPC_JUMO_NEWS1_3
VOICE_OK NPC_JUMO_NEWS1_4
VOICE_OK NPC_JUMO_NEWS1_HEUK
VOICE_OK NPC_JUMO_NEWS1_LEFT_BEOM_SOE
VOICE_OK NPC_JUMO_NEWS1_LEFT_HEUK_SOE
VOICE_OK NPC_JUMO_NEWS1_LEFT_HEUK_BEOM
VOICE_OK NPC_JUMO_NEWS1_END
VOICE_OK NPC_JUMO_GREET_1
VOICE_OK NPC_JUMO_GREET_2
VOICE_OK NPC_JUMO_GREET_3
VOICE_OK NPC_JUMO_BUSY_1
VOICE_OK NPC_JUMO_BUSY_2
VOICE_OK NPC_JUMO_RUMOR_1
VOICE_OK NPC_JUMO_RUMOR_2
VOICE_OK NPC_JUMO_RUMOR_3
VOICE_OK NPC_JUMO_RUMOR_4
VOICE_OK NPC_JUMO_RUMOR_5
VOICE_OK NPC_JUMO_RUMOR_6
VOICE_OK NPC_JUMO_RUMOR_7
VOICE_OK NPC_JUMO_RUMOR_8
VOICE_OK NPC_JUMO_OFFER_1
VOICE_OK NPC_JUMO_OFFER_2
VOICE_OK NPC_JUMO_OFFER_3
VOICE_OK NPC_MERCHANT_FIRST_2
VOICE_OK NPC_MERCHANT_FIRST_1
VOICE_OK NPC_MERCHANT_FIRST_3
VOICE_OK NPC_MERCHANT_ACTIVE_1
VOICE_OK NPC_MERCHANT_ACTIVE_2
VOICE_OK NPC_MERCHANT_AFTER_1
VOICE_OK NPC_MERCHANT_GREET_1
VOICE_OK NPC_MERCHANT_GREET_2
VOICE_OK NPC_MERCHANT_GREET_4
VOICE_OK NPC_MERCHANT_GREET_3
VOICE_OK NPC_MERCHANT_GREET_5
VOICE_OK NPC_MERCHANT_VOUCH_1
VOICE_OK NPC_SHAMAN_OFFER_1
VOICE_OK NPC_SHAMAN_OFFER_2
VOICE_OK NPC_SHAMAN_OFFER_3
VOICE_OK NPC_SHAMAN_OFFER_3B
VOICE_OK NPC_SHAMAN_OFFER_3C
VOICE_OK NPC_SHAMAN_OFFER_5
VOICE_OK NPC_SHAMAN_OFFER_4
VOICE_OK NPC_SHAMAN_OFFER_6
VOICE_OK NPC_SHAMAN_OFFER_8
VOICE_OK NPC_SHAMAN_OFFER_7
VOICE_OK NPC_SHAMAN_OFFER_9
VOICE_OK NPC_SHAMAN_HEAL_INTRO_1
VOICE_OK NPC_SHAMAN_PROGRESS_1
VOICE_OK NPC_SHAMAN_PROGRESS_2
VOICE_OK NPC_SHAMAN_NUDGE_1
VOICE_OK NPC_SHAMAN_DONE_1
VOICE_OK NPC_SHAMAN_DONE_2
VOICE_OK NPC_SHAMAN_PROXY_1
VOICE_OK NPC_SHAMAN_DONE_3
VOICE_OK NPC_SHAMAN_REPORT_3
VOICE_OK NPC_SHAMAN_REPORT_2
VOICE_OK NPC_SHAMAN_TAVERN_1
VOICE_OK NPC_SHAMAN_TAVERN_2
VOICE_OK NPC_SHAMAN_AFTER_LORE_1
VOICE_OK NPC_SHAMAN_AFTER_LORE_2
VOICE_OK NPC_SHAMAN_AFTER_LORE_4
VOICE_OK NPC_SHAMAN_AFTER_SRC_2
VOICE_OK NPC_SHAMAN_AFTER_SRC_1
VOICE_OK NPC_SHAMAN_AFTER_SRC_3
VOICE_OK NPC_SHAMAN_AFTER_ALL_2
VOICE_OK NPC_SHAMAN_AFTER_ALL_1
VOICE_OK NPC_SHAMAN_AFTER_ALL_3
VOICE_OK NPC_SHAMAN_WARN_1
VOICE_OK NPC_SHAMAN_AFTER_HAND_1
VOICE_OK NPC_SHAMAN_WARN_2
VOICE_OK NPC_SHAMAN_AFTER_LAST_HEUK_1
VOICE_OK NPC_SHAMAN_AFTER_LAST_HEUK_3
VOICE_OK NPC_SHAMAN_AFTER_LAST_HEUK_2
VOICE_OK NPC_SHAMAN_AFTER_LAST_BEOM_1
VOICE_OK NPC_SHAMAN_AFTER_LAST_BEOM_2
VOICE_OK NPC_SHAMAN_AFTER_LAST_BEOM_3
VOICE_OK NPC_SHAMAN_AFTER_LAST_SOE_1
VOICE_OK NPC_SHAMAN_AFTER_LAST_SOE_2
VOICE_OK NPC_SHAMAN_AFTER_LAST_SOE_3
VOICE_OK NPC_SHAMAN_SMELL_2
VOICE_OK NPC_SHAMAN_SMELL_1
VOICE_OK NPC_SHAMAN_SMELL_3
VOICE_OK NPC_SHAMAN_GREET_1
VOICE_OK NPC_SHAMAN_GREET_2
VOICE_OK NPC_SHAMAN_GREET_4
VOICE_OK NPC_SHAMAN_GREET_3
VOICE_OK NPC_SHAMAN_REPEAT_4
VOICE_OK NPC_SHAMAN_REPEAT_3
VOICE_OK NPC_SHAMAN_REPEAT_2
VOICE_OK NPC_SHAMAN_REPEAT_1
VOICE_OK NPC_SHAMAN_IDENTIFY_1
VOICE_OK NPC_SHAMAN_IDENTIFY_2
VOICE_DONE 155
