INTAKE_OK EV_SHAMAN_QUEST_1.wav 선형 게인 -1.8 dB (측정 -16.2 LUFS · TP -0.5 dBTP)
INTAKE_OK EV_SHAMAN_QUEST_2.wav 선형 게인 +2.7 dB (측정 -23.6 LUFS · TP -4.2 dBTP · TP 상한에 걸려 목표보다 3.0 LU 낮음)
INTAKE_OK EV_SHAMAN_QUEST_3.wav 선형 게인 -0.5 dB (측정 -17.5 LUFS · TP -2.5 dBTP)
INTAKE_OK EV_SHAMAN_QUEST_3C.wav 선형 게인 -4.1 dB (측정 -13.9 LUFS · TP -0.7 dBTP)
INTAKE_OK EV_SHAMAN_QUEST_3B.wav 선형 게인 -1.7 dB (측정 -16.3 LUFS · TP -1.2 dBTP)
INTAKE_OK EV_SHAMAN_QUEST_4.wav 선형 게인 +0.1 dB (측정 -18.4 LUFS · TP -1.6 dBTP · TP 상한에 걸려 목표보다 0.3 LU 낮음)
INTAKE_OK EV_SHAMAN_QUEST_5.wav 선형 게인 +5.2 dB (측정 -23.2 LUFS · TP -8.7 dBTP)
INTAKE_OK EV_SHAMAN_QUEST_7.wav 선형 게인 +3.5 dB (측정 -23.2 LUFS · TP -5.0 dBTP · TP 상한에 걸려 목표보다 1.7 LU 낮음)
INTAKE_OK EV_SHAMAN_QUEST_6.wav 선형 게인 -0.2 dB (측정 -18.4 LUFS · TP -1.3 dBTP · TP 상한에 걸려 목표보다 0.6 LU 낮음)
INTAKE_OK EV_SHAMAN_QUEST_8.wav 선형 게인 -1.7 dB (측정 -16.3 LUFS · TP -2.5 dBTP)
INTAKE_OK EV_SHAMAN_QUEST_9.wav 선형 게인 +0.6 dB (측정 -23.8 LUFS · TP -2.1 dBTP · TP 상한에 걸려 목표보다 5.2 LU 낮음)
INTAKE_OK NPC_ELDER_FIRST_1.wav 선형 게인 +6.9 dB (측정 -25.7 LUFS · TP -8.4 dBTP · TP 상한에 걸려 목표보다 0.8 LU 낮음)
INTAKE_OK NPC_ELDER_FIRST_2.wav 선형 게인 +6.9 dB (측정 -27.4 LUFS · TP -8.4 dBTP · TP 상한에 걸려 목표보다 2.5 LU 낮음)
INTAKE_OK NPC_ELDER_AFTER_1.wav 선형 게인 +1.8 dB (측정 -23.4 LUFS · TP -3.2 dBTP · TP 상한에 걸려 목표보다 3.7 LU 낮음)
INTAKE_OK NPC_ELDER_THANKS_NUDGE.wav 선형 게인 +6.0 dB (측정 -27.4 LUFS · TP -7.5 dBTP · TP 상한에 걸려 목표보다 3.5 LU 낮음)
INTAKE_OK NPC_ELDER_CLEAR_DONE_1.wav 선형 게인 +4.7 dB (측정 -27.3 LUFS · TP -6.2 dBTP · TP 상한에 걸려 목표보다 4.7 LU 낮음)
INTAKE_OK NPC_ELDER_CLEAR_DONE_2.wav 선형 게인 +4.0 dB (측정 -22.3 LUFS · TP -5.5 dBTP · TP 상한에 걸려 목표보다 0.3 LU 낮음)
INTAKE_OK NPC_ELDER_CLEAR_ACTIVE_1.wav 선형 게인 +4.6 dB (측정 -26.3 LUFS · TP -6.1 dBTP · TP 상한에 걸려 목표보다 3.7 LU 낮음)
INTAKE_OK NPC_ELDER_CLEAR_ACTIVE_2.wav 선형 게인 +3.7 dB (측정 -24.1 LUFS · TP -5.2 dBTP · TP 상한에 걸려 목표보다 2.5 LU 낮음)
INTAKE_OK NPC_ELDER_OFFER_AGAIN.wav 선형 게인 +6.4 dB (측정 -26.4 LUFS · TP -7.9 dBTP · TP 상한에 걸려 목표보다 2.0 LU 낮음)
INTAKE_OK NPC_ELDER_ACTIVE_1.wav 선형 게인 +2.4 dB (측정 -25.6 LUFS · TP -3.9 dBTP · TP 상한에 걸려 목표보다 5.2 LU 낮음)
INTAKE_OK NPC_ELDER_ACTIVE_2.wav 선형 게인 +11.3 dB (측정 -31.1 LUFS · TP -12.8 dBTP · TP 상한에 걸려 목표보다 1.8 LU 낮음)
INTAKE_OK NPC_ELDER_OFFER_1.wav 선형 게인 +5.7 dB (측정 -24.6 LUFS · TP -7.2 dBTP · TP 상한에 걸려 목표보다 1.0 LU 낮음)
INTAKE_OK NPC_ELDER_OFFER_2.wav 선형 게인 +5.8 dB (측정 -26.9 LUFS · TP -7.3 dBTP · TP 상한에 걸려 목표보다 3.0 LU 낮음)
INTAKE_OK NPC_ELDER_OFFER_3.wav 선형 게인 +5.3 dB (측정 -29.3 LUFS · TP -6.8 dBTP · TP 상한에 걸려 목표보다 6.0 LU 낮음)
INTAKE_OK NPC_ELDER_GREET_1.wav 선형 게인 +8.4 dB (측정 -26.4 LUFS · TP -10.0 dBTP)
INTAKE_OK NPC_ELDER_OFFER_4.wav 선형 게인 +3.1 dB (측정 -22.2 LUFS · TP -4.6 dBTP · TP 상한에 걸려 목표보다 1.1 LU 낮음)
INTAKE_OK NPC_ELDER_GREET_2.wav 선형 게인 +6.9 dB (측정 -26.9 LUFS · TP -8.4 dBTP · TP 상한에 걸려 목표보다 2.1 LU 낮음)
INTAKE_OK NPC_ELDER_GREET_3.wav 선형 게인 +6.7 dB (측정 -25.9 LUFS · TP -8.2 dBTP · TP 상한에 걸려 목표보다 1.3 LU 낮음)
INTAKE_OK NPC_ELDER_GREET_4.wav 선형 게인 +6.5 dB (측정 -28.6 LUFS · TP -8.0 dBTP · TP 상한에 걸려 목표보다 4.1 LU 낮음)
INTAKE_OK NPC_ELDER_ACCEPT_1.wav 선형 게인 +6.7 dB (측정 -27.1 LUFS · TP -8.2 dBTP · TP 상한에 걸려 목표보다 2.4 LU 낮음)
INTAKE_OK NPC_ELDER_REPORT_2.wav 선형 게인 +2.8 dB (측정 -20.8 LUFS · TP -4.8 dBTP)
INTAKE_OK NPC_ELDER_REPORT_1.wav 선형 게인 +6.0 dB (측정 -26.7 LUFS · TP -7.5 dBTP · TP 상한에 걸려 목표보다 2.7 LU 낮음)
INTAKE_OK NPC_ELDER_REPORT_3.wav 선형 게인 +6.0 dB (측정 -25.4 LUFS · TP -7.5 dBTP · TP 상한에 걸려 목표보다 1.5 LU 낮음)
INTAKE_OK NPC_ELDER_THANKS_1.wav 선형 게인 +6.0 dB (측정 -27.7 LUFS · TP -7.5 dBTP · TP 상한에 걸려 목표보다 3.7 LU 낮음)
INTAKE_OK NPC_ELDER_AFTER_2.wav 선형 게인 +6.3 dB (측정 -28.0 LUFS · TP -7.8 dBTP · TP 상한에 걸려 목표보다 3.7 LU 낮음)
INTAKE_OK NPC_ELDER_VOUCH_1.wav 선형 게인 +4.9 dB (측정 -26.2 LUFS · TP -6.4 dBTP · TP 상한에 걸려 목표보다 3.3 LU 낮음)
INTAKE_OK NPC_JUMO_FIRST_1.wav 선형 게인 +0.8 dB (측정 -21.0 LUFS · TP -2.3 dBTP · TP 상한에 걸려 목표보다 2.1 LU 낮음)
INTAKE_OK NPC_JUMO_FIRST_2.wav 선형 게인 +2.7 dB (측정 -20.7 LUFS · TP -5.0 dBTP)
INTAKE_OK NPC_JUMO_FIRST_3.wav 선형 게인 -0.4 dB (측정 -18.6 LUFS · TP -1.1 dBTP · TP 상한에 걸려 목표보다 1.0 LU 낮음)
INTAKE_OK NPC_JUMO_MAIN_1.wav 선형 게인 +1.4 dB (측정 -20.9 LUFS · TP -2.9 dBTP · TP 상한에 걸려 목표보다 1.5 LU 낮음)
INTAKE_OK NPC_JUMO_MAIN_2.wav 선형 게인 +2.8 dB (측정 -22.4 LUFS · TP -4.3 dBTP · TP 상한에 걸려 목표보다 1.6 LU 낮음)
INTAKE_OK NPC_JUMO_MAIN_3.wav 선형 게인 -0.7 dB (측정 -20.1 LUFS · TP -0.8 dBTP · TP 상한에 걸려 목표보다 2.7 LU 낮음)
INTAKE_OK NPC_JUMO_MAIN_3B.wav 선형 게인 +0.9 dB (측정 -20.6 LUFS · TP -2.4 dBTP · TP 상한에 걸려 목표보다 1.7 LU 낮음)
INTAKE_OK NPC_JUMO_MAIN_3C.wav 선형 게인 -0.6 dB (측정 -19.1 LUFS · TP -0.9 dBTP · TP 상한에 걸려 목표보다 1.7 LU 낮음)
INTAKE_OK NPC_JUMO_MAIN_4.wav 선형 게인 +3.9 dB (측정 -21.9 LUFS · TP -5.4 dBTP)
INTAKE_OK NPC_JUMO_MAIN_4B.wav 선형 게인 -0.2 dB (측정 -21.7 LUFS · TP -1.3 dBTP · TP 상한에 걸려 목표보다 3.9 LU 낮음)
INTAKE_OK NPC_JUMO_MAIN_5.wav 선형 게인 +0.8 dB (측정 -19.7 LUFS · TP -2.3 dBTP · TP 상한에 걸려 목표보다 0.9 LU 낮음)
INTAKE_OK NPC_JUMO_MAIN_6.wav 선형 게인 +0.7 dB (측정 -20.6 LUFS · TP -2.2 dBTP · TP 상한에 걸려 목표보다 2.0 LU 낮음)
INTAKE_OK NPC_JUMO_MAIN_7.wav 선형 게인 +3.9 dB (측정 -21.9 LUFS · TP -5.5 dBTP)
INTAKE_OK NPC_JUMO_MAIN_8.wav 선형 게인 +2.0 dB (측정 -20.5 LUFS · TP -3.5 dBTP · TP 상한에 걸려 목표보다 0.5 LU 낮음)
INTAKE_OK NPC_JUMO_MAIN_9.wav 선형 게인 +2.6 dB (측정 -20.8 LUFS · TP -4.1 dBTP · TP 상한에 걸려 목표보다 0.2 LU 낮음)
INTAKE_OK NPC_JUMO_GAKSI_DONE_1.wav 선형 게인 -1.2 dB (측정 -17.3 LUFS · TP -0.3 dBTP · TP 상한에 걸려 목표보다 0.5 LU 낮음)
INTAKE_OK NPC_JUMO_MAIN_10.wav 선형 게인 -0.4 dB (측정 -20.6 LUFS · TP -1.1 dBTP · TP 상한에 걸려 목표보다 3.0 LU 낮음)
INTAKE_OK NPC_JUMO_GAKSI_DONE_2.wav 선형 게인 -0.8 dB (측정 -20.6 LUFS · TP -0.7 dBTP · TP 상한에 걸려 목표보다 3.5 LU 낮음)
INTAKE_OK NPC_JUMO_NEWS2_1.wav 선형 게인 -0.1 dB (측정 -20.3 LUFS · TP -1.4 dBTP · TP 상한에 걸려 목표보다 2.4 LU 낮음)
INTAKE_OK NPC_JUMO_NEWS2_LAST_HEUK.wav 선형 게인 -1.0 dB (측정 -18.3 LUFS · TP -0.5 dBTP · TP 상한에 걸려 목표보다 1.3 LU 낮음)
INTAKE_OK NPC_JUMO_NEWS2_LAST_BEOM.wav 선형 게인 -0.5 dB (측정 -18.8 LUFS · TP -1.0 dBTP · TP 상한에 걸려 목표보다 1.3 LU 낮음)
INTAKE_OK NPC_JUMO_NEWS2_3.wav 선형 게인 +0.5 dB (측정 -21.9 LUFS · TP -2.0 dBTP · TP 상한에 걸려 목표보다 3.4 LU 낮음)
INTAKE_OK NPC_JUMO_NEWS2_LAST_SOE.wav 선형 게인 -1.0 dB (측정 -19.3 LUFS · TP -0.5 dBTP · TP 상한에 걸려 목표보다 2.3 LU 낮음)
INTAKE_OK NPC_JUMO_NEWS2_4.wav 선형 게인 +1.8 dB (측정 -21.8 LUFS · TP -3.2 dBTP · TP 상한에 걸려 목표보다 2.0 LU 낮음)
INTAKE_OK NPC_JUMO_NEWS2_5.wav 선형 게인 -0.6 dB (측정 -18.6 LUFS · TP -0.9 dBTP · TP 상한에 걸려 목표보다 1.2 LU 낮음)
INTAKE_OK NPC_JUMO_NEWS1_1.wav 선형 게인 +2.8 dB (측정 -23.0 LUFS · TP -4.2 dBTP · TP 상한에 걸려 목표보다 2.3 LU 낮음)
INTAKE_OK NPC_JUMO_NEWS1_3.wav 선형 게인 -0.1 dB (측정 -19.6 LUFS · TP -1.4 dBTP · TP 상한에 걸려 목표보다 1.7 LU 낮음)
INTAKE_OK NPC_JUMO_NEWS1_HEUK.wav 선형 게인 -0.5 dB (측정 -18.8 LUFS · TP -1.0 dBTP · TP 상한에 걸려 목표보다 1.3 LU 낮음)
INTAKE_OK NPC_JUMO_NEWS1_4.wav 선형 게인 +2.6 dB (측정 -21.8 LUFS · TP -4.1 dBTP · TP 상한에 걸려 목표보다 1.2 LU 낮음)
INTAKE_OK NPC_JUMO_NEWS1_LEFT_BEOM_SOE.wav 선형 게인 -0.6 dB (측정 -20.2 LUFS · TP -0.9 dBTP · TP 상한에 걸려 목표보다 2.9 LU 낮음)
INTAKE_OK NPC_JUMO_NEWS1_LEFT_HEUK_BEOM.wav 선형 게인 -0.7 dB (측정 -19.4 LUFS · TP -0.8 dBTP · TP 상한에 걸려 목표보다 2.2 LU 낮음)
INTAKE_OK NPC_JUMO_NEWS1_LEFT_HEUK_SOE.wav 선형 게인 -0.5 dB (측정 -20.1 LUFS · TP -1.0 dBTP · TP 상한에 걸려 목표보다 2.5 LU 낮음)
INTAKE_OK NPC_JUMO_NEWS1_END.wav 선형 게인 +7.5 dB (측정 -27.4 LUFS · TP -9.0 dBTP · TP 상한에 걸려 목표보다 1.9 LU 낮음)
INTAKE_OK NPC_JUMO_GREET_1.wav 선형 게인 +2.1 dB (측정 -20.1 LUFS · TP -4.0 dBTP)
INTAKE_OK NPC_JUMO_GREET_2.wav 선형 게인 -1.1 dB (측정 -18.2 LUFS · TP -0.4 dBTP · TP 상한에 걸려 목표보다 1.3 LU 낮음)
INTAKE_OK NPC_JUMO_GREET_3.wav 선형 게인 +1.0 dB (측정 -19.4 LUFS · TP -2.5 dBTP · TP 상한에 걸려 목표보다 0.5 LU 낮음)
INTAKE_OK NPC_JUMO_BUSY_2.wav 선형 게인 +1.7 dB (측정 -20.9 LUFS · TP -3.2 dBTP · TP 상한에 걸려 목표보다 1.2 LU 낮음)
INTAKE_OK NPC_JUMO_BUSY_1.wav 선형 게인 +0.6 dB (측정 -21.1 LUFS · TP -2.1 dBTP · TP 상한에 걸려 목표보다 2.5 LU 낮음)
INTAKE_OK NPC_JUMO_RUMOR_1.wav 선형 게인 +0.1 dB (측정 -19.4 LUFS · TP -1.6 dBTP · TP 상한에 걸려 목표보다 1.3 LU 낮음)
INTAKE_OK NPC_JUMO_RUMOR_2.wav 선형 게인 -0.6 dB (측정 -18.4 LUFS · TP -0.9 dBTP · TP 상한에 걸려 목표보다 1.0 LU 낮음)
INTAKE_OK NPC_JUMO_RUMOR_3.wav 선형 게인 +1.5 dB (측정 -20.1 LUFS · TP -3.0 dBTP · TP 상한에 걸려 목표보다 0.7 LU 낮음)
INTAKE_OK NPC_JUMO_RUMOR_4.wav 선형 게인 +2.3 dB (측정 -23.5 LUFS · TP -3.8 dBTP · TP 상한에 걸려 목표보다 3.2 LU 낮음)
INTAKE_OK NPC_JUMO_RUMOR_5.wav 선형 게인 +2.5 dB (측정 -22.0 LUFS · TP -4.0 dBTP · TP 상한에 걸려 목표보다 1.5 LU 낮음)
INTAKE_OK NPC_JUMO_RUMOR_6.wav 선형 게인 -0.4 dB (측정 -20.6 LUFS · TP -1.1 dBTP · TP 상한에 걸려 목표보다 3.1 LU 낮음)
INTAKE_OK NPC_JUMO_RUMOR_7.wav 선형 게인 -0.4 dB (측정 -20.3 LUFS · TP -1.1 dBTP · TP 상한에 걸려 목표보다 2.7 LU 낮음)
INTAKE_OK NPC_JUMO_RUMOR_8.wav 선형 게인 -0.6 dB (측정 -20.1 LUFS · TP -0.9 dBTP · TP 상한에 걸려 목표보다 2.7 LU 낮음)
INTAKE_OK NPC_JUMO_OFFER_1.wav 선형 게인 +2.5 dB (측정 -21.6 LUFS · TP -4.0 dBTP · TP 상한에 걸려 목표보다 1.1 LU 낮음)
INTAKE_OK NPC_JUMO_OFFER_2.wav 선형 게인 -0.6 dB (측정 -19.8 LUFS · TP -0.9 dBTP · TP 상한에 걸려 목표보다 2.4 LU 낮음)
INTAKE_OK NPC_JUMO_OFFER_3.wav 선형 게인 +1.5 dB (측정 -22.2 LUFS · TP -3.0 dBTP · TP 상한에 걸려 목표보다 2.8 LU 낮음)
INTAKE_OK NPC_MERCHANT_FIRST_1.wav 선형 게인 +3.4 dB (측정 -24.5 LUFS · TP -4.9 dBTP · TP 상한에 걸려 목표보다 3.1 LU 낮음)
INTAKE_OK NPC_MERCHANT_FIRST_2.wav 선형 게인 +0.1 dB (측정 -22.2 LUFS · TP -1.6 dBTP · TP 상한에 걸려 목표보다 4.1 LU 낮음)
INTAKE_OK NPC_MERCHANT_FIRST_3.wav 선형 게인 +10.3 dB (측정 -29.1 LUFS · TP -11.8 dBTP · TP 상한에 걸려 목표보다 0.8 LU 낮음)
INTAKE_OK NPC_MERCHANT_ACTIVE_1.wav 선형 게인 +5.0 dB (측정 -24.8 LUFS · TP -6.5 dBTP · TP 상한에 걸려 목표보다 1.8 LU 낮음)
INTAKE_OK NPC_MERCHANT_ACTIVE_2.wav 선형 게인 +4.7 dB (측정 -25.3 LUFS · TP -6.2 dBTP · TP 상한에 걸려 목표보다 2.6 LU 낮음)
INTAKE_OK NPC_MERCHANT_AFTER_1.wav 선형 게인 +4.9 dB (측정 -25.0 LUFS · TP -6.4 dBTP · TP 상한에 걸려 목표보다 2.1 LU 낮음)
INTAKE_OK NPC_MERCHANT_GREET_1.wav 선형 게인 +4.0 dB (측정 -25.7 LUFS · TP -5.5 dBTP · TP 상한에 걸려 목표보다 3.7 LU 낮음)
INTAKE_OK NPC_MERCHANT_GREET_2.wav 선형 게인 +9.2 dB (측정 -28.1 LUFS · TP -10.7 dBTP · TP 상한에 걸려 목표보다 0.9 LU 낮음)
INTAKE_OK NPC_MERCHANT_GREET_3.wav 선형 게인 +4.4 dB (측정 -25.9 LUFS · TP -5.9 dBTP · TP 상한에 걸려 목표보다 3.5 LU 낮음)
INTAKE_OK NPC_MERCHANT_GREET_5.wav 선형 게인 +5.2 dB (측정 -25.0 LUFS · TP -6.7 dBTP · TP 상한에 걸려 목표보다 1.8 LU 낮음)
INTAKE_OK NPC_MERCHANT_GREET_4.wav 선형 게인 +7.3 dB (측정 -26.4 LUFS · TP -8.8 dBTP · TP 상한에 걸려 목표보다 1.0 LU 낮음)
INTAKE_OK NPC_MERCHANT_VOUCH_1.wav 선형 게인 +4.2 dB (측정 -24.4 LUFS · TP -5.7 dBTP · TP 상한에 걸려 목표보다 2.2 LU 낮음)
INTAKE_OK NPC_SHAMAN_OFFER_2.wav 선형 게인 +2.8 dB (측정 -23.2 LUFS · TP -4.3 dBTP · TP 상한에 걸려 목표보다 2.4 LU 낮음)
INTAKE_OK NPC_SHAMAN_OFFER_1.wav 선형 게인 -0.1 dB (측정 -19.1 LUFS · TP -1.4 dBTP · TP 상한에 걸려 목표보다 1.1 LU 낮음)
INTAKE_OK NPC_SHAMAN_OFFER_3.wav 선형 게인 -0.8 dB (측정 -17.2 LUFS · TP -2.1 dBTP)
INTAKE_OK NPC_SHAMAN_OFFER_3C.wav 선형 게인 -3.0 dB (측정 -15.0 LUFS · TP -0.7 dBTP)
INTAKE_OK NPC_SHAMAN_OFFER_3B.wav 선형 게인 -0.2 dB (측정 -17.9 LUFS · TP -1.3 dBTP · TP 상한에 걸려 목표보다 0.1 LU 낮음)
INTAKE_OK NPC_SHAMAN_OFFER_4.wav 선형 게인 +1.7 dB (측정 -19.7 LUFS · TP -3.7 dBTP)
INTAKE_OK NPC_SHAMAN_OFFER_5.wav 선형 게인 +6.1 dB (측정 -24.1 LUFS · TP -8.2 dBTP)
INTAKE_OK NPC_SHAMAN_OFFER_6.wav 선형 게인 -0.5 dB (측정 -17.5 LUFS · TP -1.4 dBTP)
INTAKE_OK NPC_SHAMAN_OFFER_7.wav 선형 게인 +3.8 dB (측정 -23.6 LUFS · TP -5.3 dBTP · TP 상한에 걸려 목표보다 1.8 LU 낮음)
INTAKE_OK NPC_SHAMAN_OFFER_8.wav 선형 게인 -1.7 dB (측정 -16.3 LUFS · TP -1.7 dBTP)
INTAKE_OK NPC_SHAMAN_OFFER_9.wav 선형 게인 +3.9 dB (측정 -23.0 LUFS · TP -5.4 dBTP · TP 상한에 걸려 목표보다 1.0 LU 낮음)
INTAKE_OK NPC_SHAMAN_HEAL_INTRO_1.wav 선형 게인 -0.3 dB (측정 -17.7 LUFS · TP -1.7 dBTP)
INTAKE_OK NPC_SHAMAN_PROGRESS_1.wav 선형 게인 -2.2 dB (측정 -15.8 LUFS · TP -0.4 dBTP)
INTAKE_OK NPC_SHAMAN_PROGRESS_2.wav 선형 게인 -2.0 dB (측정 -16.0 LUFS · TP -0.8 dBTP)
INTAKE_OK NPC_SHAMAN_NUDGE_1.wav 선형 게인 -1.6 dB (측정 -16.4 LUFS · TP -0.5 dBTP)
INTAKE_OK NPC_SHAMAN_DONE_1.wav 선형 게인 +3.1 dB (측정 -21.7 LUFS · TP -4.6 dBTP · TP 상한에 걸려 목표보다 0.6 LU 낮음)
INTAKE_OK NPC_SHAMAN_PROXY_1.wav 선형 게인 -1.8 dB (측정 -16.2 LUFS · TP -0.5 dBTP)
INTAKE_OK NPC_SHAMAN_DONE_2.wav 선형 게인 +4.9 dB (측정 -22.9 LUFS · TP -6.4 dBTP)
INTAKE_OK NPC_SHAMAN_DONE_3.wav 선형 게인 +0.3 dB (측정 -21.4 LUFS · TP -1.8 dBTP · TP 상한에 걸려 목표보다 3.1 LU 낮음)
INTAKE_OK NPC_SHAMAN_REPORT_3.wav 선형 게인 -1.4 dB (측정 -16.6 LUFS · TP -1.8 dBTP)
INTAKE_OK NPC_SHAMAN_REPORT_2.wav 선형 게인 -0.8 dB (측정 -17.2 LUFS · TP -1.4 dBTP)
INTAKE_OK NPC_SHAMAN_TAVERN_1.wav 선형 게인 -0.8 dB (측정 -18.7 LUFS · TP -0.7 dBTP · TP 상한에 걸려 목표보다 1.4 LU 낮음)
INTAKE_OK NPC_SHAMAN_TAVERN_2.wav 선형 게인 +1.3 dB (측정 -20.5 LUFS · TP -2.8 dBTP · TP 상한에 걸려 목표보다 1.2 LU 낮음)
INTAKE_OK NPC_SHAMAN_AFTER_LORE_1.wav 선형 게인 -0.1 dB (측정 -17.9 LUFS · TP -2.0 dBTP)
INTAKE_OK NPC_SHAMAN_AFTER_LORE_2.wav 선형 게인 -1.8 dB (측정 -16.2 LUFS · TP -0.6 dBTP)
INTAKE_OK NPC_SHAMAN_AFTER_LORE_4.wav 선형 게인 +1.9 dB (측정 -22.0 LUFS · TP -3.4 dBTP · TP 상한에 걸려 목표보다 2.1 LU 낮음)
INTAKE_OK NPC_SHAMAN_AFTER_SRC_1.wav 선형 게인 -0.4 dB (측정 -17.6 LUFS · TP -1.2 dBTP)
INTAKE_OK NPC_SHAMAN_AFTER_SRC_2.wav 선형 게인 +4.1 dB (측정 -22.1 LUFS · TP -6.1 dBTP)
INTAKE_OK NPC_SHAMAN_AFTER_SRC_3.wav 선형 게인 +6.0 dB (측정 -24.0 LUFS · TP -10.6 dBTP)
INTAKE_OK NPC_SHAMAN_AFTER_ALL_2.wav 선형 게인 +8.8 dB (측정 -26.8 LUFS · TP -12.2 dBTP)
INTAKE_OK NPC_SHAMAN_AFTER_ALL_1.wav 선형 게인 -0.7 dB (측정 -17.3 LUFS · TP -1.2 dBTP)
INTAKE_OK NPC_SHAMAN_AFTER_ALL_3.wav 선형 게인 -0.4 dB (측정 -17.6 LUFS · TP -1.2 dBTP)
INTAKE_OK NPC_SHAMAN_WARN_1.wav 선형 게인 -2.2 dB (측정 -15.8 LUFS · TP -1.2 dBTP)
INTAKE_OK NPC_SHAMAN_AFTER_HAND_1.wav 선형 게인 -0.9 dB (측정 -17.1 LUFS · TP -0.6 dBTP)
INTAKE_OK NPC_SHAMAN_WARN_2.wav 선형 게인 +2.9 dB (측정 -21.6 LUFS · TP -4.4 dBTP · TP 상한에 걸려 목표보다 0.7 LU 낮음)
INTAKE_OK NPC_SHAMAN_AFTER_LAST_HEUK_1.wav 선형 게인 -1.7 dB (측정 -16.3 LUFS · TP -1.1 dBTP)
INTAKE_OK NPC_SHAMAN_AFTER_LAST_HEUK_3.wav 선형 게인 +0.3 dB (측정 -20.6 LUFS · TP -1.8 dBTP · TP 상한에 걸려 목표보다 2.4 LU 낮음)
INTAKE_OK NPC_SHAMAN_AFTER_LAST_HEUK_2.wav 선형 게인 -2.2 dB (측정 -15.8 LUFS · TP -1.3 dBTP)
INTAKE_OK NPC_SHAMAN_AFTER_LAST_BEOM_1.wav 선형 게인 -2.9 dB (측정 -15.1 LUFS · TP -1.3 dBTP)
INTAKE_OK NPC_SHAMAN_AFTER_LAST_BEOM_2.wav 선형 게인 -2.4 dB (측정 -15.6 LUFS · TP -0.7 dBTP)
INTAKE_OK NPC_SHAMAN_AFTER_LAST_BEOM_3.wav 선형 게인 +3.5 dB (측정 -22.7 LUFS · TP -5.0 dBTP · TP 상한에 걸려 목표보다 1.2 LU 낮음)
INTAKE_OK NPC_SHAMAN_AFTER_LAST_SOE_1.wav 선형 게인 -1.3 dB (측정 -16.7 LUFS · TP -1.4 dBTP)
INTAKE_OK NPC_SHAMAN_AFTER_LAST_SOE_2.wav 선형 게인 -1.4 dB (측정 -16.6 LUFS · TP -0.4 dBTP)
INTAKE_OK NPC_SHAMAN_AFTER_LAST_SOE_3.wav 선형 게인 +2.3 dB (측정 -23.0 LUFS · TP -3.8 dBTP · TP 상한에 걸려 목표보다 2.7 LU 낮음)
INTAKE_OK NPC_SHAMAN_SMELL_1.wav 선형 게인 +0.7 dB (측정 -18.7 LUFS · TP -2.5 dBTP)
INTAKE_OK NPC_SHAMAN_SMELL_3.wav 선형 게인 +5.1 dB (측정 -23.1 LUFS · TP -7.2 dBTP)
INTAKE_OK NPC_SHAMAN_SMELL_2.wav 선형 게인 -2.0 dB (측정 -16.0 LUFS · TP -1.0 dBTP)
INTAKE_OK NPC_SHAMAN_GREET_1.wav 선형 게인 -2.8 dB (측정 -15.2 LUFS · TP -1.3 dBTP)
INTAKE_OK NPC_SHAMAN_GREET_3.wav 선형 게인 -2.5 dB (측정 -15.5 LUFS · TP -0.6 dBTP)
INTAKE_OK NPC_SHAMAN_GREET_2.wav 선형 게인 -0.8 dB (측정 -17.2 LUFS · TP -0.9 dBTP)
INTAKE_OK NPC_SHAMAN_GREET_4.wav 선형 게인 -0.7 dB (측정 -17.3 LUFS · TP -1.4 dBTP)
INTAKE_OK NPC_SHAMAN_REPEAT_4.wav 선형 게인 -2.4 dB (측정 -15.6 LUFS · TP -0.4 dBTP)
INTAKE_OK NPC_SHAMAN_REPEAT_3.wav 선형 게인 -2.7 dB (측정 -15.3 LUFS · TP -0.4 dBTP)
INTAKE_OK NPC_SHAMAN_REPEAT_1.wav 선형 게인 -2.8 dB (측정 -15.2 LUFS · TP -0.6 dBTP)
INTAKE_OK NPC_SHAMAN_REPEAT_2.wav 선형 게인 +1.5 dB (측정 -19.5 LUFS · TP -3.4 dBTP)
INTAKE_OK NPC_SHAMAN_IDENTIFY_1.wav 선형 게인 -1.9 dB (측정 -16.1 LUFS · TP -2.5 dBTP)
INTAKE_OK NPC_SHAMAN_IDENTIFY_2.wav 선형 게인 -1.3 dB (측정 -16.7 LUFS · TP -1.5 dBTP)
INTAKE_DONE voice 155
