== 단위 테스트 ==
  PASS  test_affixes.gd  AFFIXES_TEST checks=666 fails=0 PASS (26.0초)  (28.2초)
  PASS  test_affix_combat.gd  AFFIX_COMBAT_TEST checks=46 fails=0 PASS  (2.8초)
  PASS  test_aoe_field.gd  AOE_FIELD_TEST fails=0 PASS  (1.6초)
  PASS  test_aoe_skills.gd  AOE_SKILLS_TEST checks=63 fails=0 PASS  (1.5초)
  PASS  test_aoe_skills_2.gd  AOE_SKILLS_2_TEST checks=69 fails=0 PASS  (1.5초)
  PASS  test_aspd_steps.gd  ASPD_STEPS_TEST checks=56 fails=0 PASS  (1.4초)
  PASS  test_attack_chain.gd  ATTACK_CHAIN_TEST checks=50 fails=0 PASS  (1.7초)
  PASS  test_attack_seam.gd  ATTACK_SEAM_TEST checks=46 fails=0 PASS  (1.4초)
  PASS  test_audio.gd  AUDIO_TEST fails=0 PASS  (2.0초)
  PASS  test_automap_data.gd  AUTOMAP_DATA_TEST checks=48 fails=0 PASS  (1.9초)
  PASS  test_balance.gd  BALANCE_TEST fails=0 PASS  (172.2초)
  PASS  test_beomgul.gd  BEOMGUL_TEST checks=39 fails=0 PASS  (3.0초)
  PASS  test_bongmil.gd  BONGMIL_TEST checks=173 fails=0 PASS  (19.5초)
  PASS  test_build_changers.gd  BUILD_CHANGERS_TEST checks=103 fails=0 PASS  (1.4초)
  PASS  test_build_info.gd  BUILD_INFO_TEST checks=19 fails=0 PASS  (1.3초)
  PASS  test_bulgasari.gd  BULGASARI_TEST checks=87 fails=0 PASS  (5.1초) · 허용 목록 오류 줄 1 거름
  PASS  test_char_light.gd  CHAR_LIGHT_TEST checks=71 fails=0 PASS  (1.9초)
  PASS  test_cursor_pick.gd  CURSOR_PICK_TEST fails=0 PASS  (1.3초)
  PASS  test_damage_calc.gd  DAMAGE_CALC_TEST element_checks=461 fails=0 PASS  (1.4초)
  PASS  test_damage_popup.gd  DAMAGE_POPUP_TEST fails=0 PASS  (1.4초)
  PASS  test_data_index.gd  DATA_INDEX_TEST checks=174 fails=0 PASS  (1.5초)
  PASS  test_death_pick.gd  DEATH_PICK_TEST fails=0 PASS  (1.4초)
  PASS  test_dialogue.gd  DIALOGUE_TEST fails=0 PASS  (1.8초)
  PASS  test_dialogue_band.gd  DIALOGUE_BAND_TEST fails=0 PASS  (4.8초)
  PASS  test_doho_moves.gd  DOHO_MOVES_TEST checks=64 fails=0 PASS  (1.4초)
  PASS  test_dungeon_gen.gd  DUNGEON_GEN_TEST seeds=20 fails=0 PASS  (2.1초) · 허용 목록 오류 줄 5 거름
  PASS  test_element_affixes.gd  ELEMENT_AFFIXES_TEST fails=0 PASS  (3.6초)
  PASS  test_elites.gd  ELITES_TEST checks=522 fails=0 PASS  (44.9초)
  PASS  test_enemy_ai.gd  ENEMY_AI_TEST checks=743 fails=0 PASS  (7.5초)
  PASS  test_enemy_cadence.gd  ENEMY_CADENCE_TEST checks=41 fails=0 PASS  (2.9초)
  PASS  test_enemy_moves.gd  ENEMY_MOVES_TEST checks=45 fails=0 PASS  (2.7초)
  PASS  test_export_safety.gd  EXPORT_SAFETY_TEST checks=26 fails=0 PASS  (1.5초)
  PASS  test_field_gen.gd  FIELD_GEN_TEST seeds=20 한 번 들녘 210ms · 정령재 440ms fails=0 PASS  (31.2초)
  PASS  test_float_motion.gd  FLOAT_MOTION_TEST checks=66 fails=0 PASS  (1.5초)
  PASS  test_floor_label_stack.gd  FLOOR_LABEL_STACK_TEST fails=0 PASS  (1.4초)
  PASS  test_footsteps.gd  FOOTSTEPS_TEST checks=39 fails=0 PASS  (1.6초)
  PASS  test_game_clock.gd  GAME_CLOCK_TEST checks=22 fails=0 PASS  (5.6초)
  PASS  test_hit_area.gd  HIT_AREA_TEST fails=0 PASS  (1.6초)
  PASS  test_ink_dissolve.gd  INK_DISSOLVE_TEST fails=0 PASS  (1.4초)
  PASS  test_items.gd  ITEMS_TEST fails=0 PASS  (44.5초)
  PASS  test_item_ui.gd  ITEM_UI_TEST checks=37 fails=0 PASS  (1.4초)
  PASS  test_jangsanbeom.gd  JANGSANBEOM_TEST checks=75 fails=0 PASS  (8.3초)
  PASS  test_kill_fx.gd  KILL_FX_TEST fails=0 PASS  (2.2초)
  PASS  test_knock_distance.gd  KNOCK_DISTANCE_TEST checks=64 fails=0 PASS  (3.1초)
  PASS  test_loot.gd  LOOT_TEST checks=54 fails=0 PASS · 13.6초  (15.0초) · 허용 목록 오류 줄 1 거름
  PASS  test_loot_sim.gd  LOOT_SIM_TEST runs=60×2 checks=40 fails=0 PASS · 목표 안 6/9 (밖: 흑랑 전 유니크 43% · 레벨 봉밀굴 앞 다 잡음 +1.6 · 가방 정령재 서낭단부터 48칸) · 16.3초  (18.6초)
  PASS  test_mine.gd  MINE_TEST checks=135 fails=0 PASS  (10.2초)
  PASS  test_models.gd  MODELS_TEST fails=0 PASS  (6.3초)
  PASS  test_monster_data.gd  MONSTER_DATA_TEST checks=612 fails=0 PASS  (1.5초)
  PASS  test_named.gd  NAMED_TEST checks=23 fails=0 PASS  (3.7초)
  PASS  test_pack_density.gd  PACK_DENSITY_TEST 들녘(Lv1~3): 무리 크기 2~5(평균 3.8, 323개 실측) · 무리 수 14~18 · 크기 데이터 3~5(easy 2~3)  (14.7초)
  PASS  test_progression.gd  PROGRESSION_TEST fails=0 PASS  (1.4초)
  PASS  test_pus_jar.gd  PUS_JAR_TEST checks=34 fails=0 PASS  (3.1초)
  PASS  test_quad_family.gd  QUAD_FAMILY_TEST checks=71 fails=0 PASS  (1.9초) · 허용 목록 오류 줄 1 거름
  PASS  test_quests.gd  QUEST_TEST fails=0 PASS  (1.9초)
  PASS  test_quest_journal.gd  QUEST_JOURNAL_TEST fails=0 PASS  (1.8초)
  PASS  test_role_stats.gd  ROLE_STATS_TEST checks=22 fails=0 PASS  (1.4초)
  PASS  test_roster.gd  ROSTER_TEST checks=177 fails=0 PASS  (36.7초)
  PASS  test_save.gd  SAVE_TEST fails=0 PASS  (2.0초)
  PASS  test_sets.gd  SETS_TEST checks=215 fails=0 PASS  (20.2초)
  PASS  test_status.gd  STATUS_TEST checks=80 fails=0 PASS  (1.3초)
  PASS  test_stat_caps.gd  STAT_CAPS_TEST checks=62 fails=0 PASS  (1.4초)
  PASS  test_surround.gd  SURROUND_TEST checks=37 fails=0 PASS  (1.3초)
  PASS  test_talismans.gd  TALISMANS_TEST checks=88 fails=0 PASS  (5.4초) · 허용 목록 오류 줄 1 거름
  PASS  test_title_first_launch.gd  TITLE_FIRST_LAUNCH_TEST fails=0 PASS  (3.3초) · 허용 목록 오류 줄 1 거름
  PASS  test_town.gd  TOWN_TEST fails=0 PASS  (2.5초)
  PASS  test_vfx.gd  VFX_TEST fails=0 PASS  (1.6초)
  PASS  settings restart write  SETTINGS_RESTART_TEST mode=write fails=0 PASS  (1.3초)
  PASS  settings restart read  SETTINGS_RESTART_TEST mode=read fails=0 PASS  (1.3초)
  PASS  motion_audit.gd --selftest  MOTION_AUDIT_TEST checks=66 fails=0 PASS  (1.4초)
  PASS  look_audit.gd --selftest  LOOK_AUDIT_TEST checks=36 fails=0 PASS  (1.4초)
  PASS  robe_probe.gd --selftest  ROBE_PROBE_TEST checks=13 fails=0 PASS  (1.4초)
  PASS  dungeon_stats.gd --selftest  DUNGEON_STATS_TEST checks=28 fails=0 PASS  (1.6초)
  PASS  vfx_sheet.py --selftest  VFX_SHEET_TEST fails=0 PASS  (0.4초)
  PASS  audio_intake.py --selftest  AUDIO_INTAKE_TEST fails=0 PASS  (1.9초)
  PASS  board.py --selftest  BOARD_TEST fails=0 PASS  (0.1초)
  PASS  sfx_gen.py --selftest  SFX_GEN_TEST fails=0 PASS  (1.1초)
  PASS  wt.py --selftest  WT_TEST checks=117 fails=0 PASS (62.8s)  (62.9초)
  PASS  doc_budget.py --selftest  DOC_BUDGET_TEST checks=7 fails=0 PASS  (0.5초)
  PASS  albedo_ops.py --selftest  ALBEDO_OPS_TEST checks=50 fails=0 PASS  (1.9초)
  PASS  comfy_char.py --selftest  COMFY_CHAR_TEST checks=59 fails=0 PASS  (0.3초)
  PASS  anim_retime.py --selftest  ANIM_RETIME_TEST checks=98 fails=0 PASS  (0.1초)
  PASS  glb_pose.py --selftest  GLB_POSE_TEST checks=32 fails=0 PASS  (0.3초)
  PASS  quad_gait.py --selftest  QUAD_GAIT_TEST checks=27 fails=0 PASS  (8.0초)
  PASS  export_check.py --selftest  EXPORT_CHECK_TEST checks=19 fails=0 PASS  (0.1초)
  PASS  build.py --selftest  BUILD_TEST checks=18 fails=0 PASS  (0.5초)
== 외형 표 (look_audit — 출력만, 실패로 세지 않음) ==
    가족         삼각형  텍스처     밝기   채도   대비   텍셀/유닛  판정
    PC 도호      11999   1024       0.241  0.288  0.155  602        OK
    적 산적      8112    2048       0.345  0.237  0.146  1205       X 밀도
    적 부적술사  8096    2048       0.380  0.160  0.151  1205       X 밀도
    보스 흑랑    10000   1024       0.220  0.184  0.085  589        OK
    NPC 김 영감  8243    1024       0.357  0.211  0.149  683        OK
    NPC 무당     8094    1024       0.362  0.380  0.150  683        X 채도
    NPC 촌장     7742    1024       0.253  0.183  0.151  640        OK
    배경 좌판    452     1254       0.357  0.222  0.206  468        X 채도
    배경 항아리  288     단색       0.098  0.633  0.000  -          X 밝기,채도
    배경 등롱    96      1254+단색  0.406  0.398  0.213  1990       X 채도,밀도
    배경 바닥    12      1024       0.320  0.190  0.090  1024       X 밀도
    배경 벽      20      1024       0.320  0.192  0.090  512        OK
    드랍 병      1200    512        0.231  0.375  0.068  1280       X 채도,밀도
    드랍 검      250     512+단색   0.377  0.250  0.245  1024       X 밀도
    LOOK_AUDIT 밴드 밖 9 / 14 — 적 산적(밀도), 적 부적술사(밀도), NPC 무당(채도), 배경 좌판(채도), 배경 항아리(밝기,채도), 배경 등롱(채도,밀도), 배경 바닥(밀도), 드랍 병(채도,밀도), 드랍 검(밀도)  (출력만)  (2.0초)
== e2e 러너 자기검사 ==
  PASS  E2E_SELFTEST PASS (판정 일치 5/5)  (4.3초)
== e2e (all) ==
E2E start: quest_journal, hud_orb_fx, npc_hover_view, elite_ui_view, hud_hierarchy_view, pickup_feedback_view, icon_intake, automap, pickup_equip, equipment_ui, inactive_gear, portal_roundtrip, waypoint, vendor_quest, vendor_prices, chief_quest, shaman_heal, save_continue, bodies_cap, boss_floor, boss_bulgasari, boss_jangsanbeom, heukrang_look, heukrang_pounce, visual_swap, run_upright, teleport_settle, hit_stagger, hit_feel, element_affix, affix_combat, attack_chain, aspd_steps, skill_then_attack, anim_commit, invisible_sword, heavy_react, pack_ai, kill_slump, kill_bisect, slice_deaths, monster_motion_gallery, element_status, element_ui, talisman_targeting, talisman_throw, talisman_aoe, loot_drop, potion_tiers, loot_props, elite_pack, elite_slots, flee_chase, verify_flows, balance_room, balance_boss, player_death, wall_cutaway, floor_seams, char_light, town_layout, town_approach, audio_cues, sfx_limiter, ui_windows, story_cutin, dialogue_band, dialogue_event, ui_docks, ui_tooltips, belt_unify, item_ui, skill_picker, skill_icons, vfx_cues, vfx_cap_blood, skill_area, skill_tiers, aoe_skills, aoe_skills_2, build_changers, footsteps, dungeon_layout, beomgul_walk, mine_walk, bongmil_walk, town_exits, field_layout, field2_layout, gate_hover, pack_density, pack_perf, slice_loop, plaza_light, town_tour, aoe_field, long_body, named_imugi, serpent_models, gimmicks, pus_jar, roles, roster_swap, gimmicks_m10, behaviors_m9, female_f1, female_float, m14_models, leader_options, surround, item_showcase, weapon_visibility, first_magic, hover_target, system_menu
E2E ▶ quest_journal
  · revision 타입: 저장 전 2 · JSON 복원 3
E2E quest_journal PASS (검사 48)
E2E ▶ hud_orb_fx
E2E hud_orb_fx PASS (검사 30)
E2E ▶ npc_hover_view
E2E npc_hover_view PASS (검사 42)
E2E ▶ elite_ui_view
E2E elite_ui_view PASS (검사 6)
E2E ▶ hud_hierarchy_view
E2E hud_hierarchy_view PASS (검사 4)
E2E ▶ pickup_feedback_view
E2E pickup_feedback_view PASS (검사 3)
E2E ▶ icon_intake
E2E icon_intake PASS (검사 315)
E2E ▶ automap
E2E automap PASS (검사 50)
E2E ▶ pickup_equip
E2E pickup_equip PASS (검사 37)
E2E ▶ equipment_ui
E2E equipment_ui PASS (검사 33)
E2E ▶ inactive_gear
  · 툴팁 줄 [name] 장검
  · 툴팁 줄 [base] 피해 8~14
  · 툴팁 줄 [base] 공격 속도 느림
  · 툴팁 줄 [req] 요구 레벨 5
  · 툴팁 줄 [req] 요구 힘 30
  · 툴팁 줄 [inactive] 요구치 부족 — 꺼짐
  · 툴팁 줄 [hint] 좌클릭: 벗어서 들기
  · 툴팁 줄 [hint] 우클릭 / Shift+클릭: 가방으로 벗기
  · 좌판 ilvl — 못골 들녘 1회차: 무리 레벨 1~3 · max_area_level 3 · 좌판 장비 ilvl [3, 3, 3, 3] · dev G ilvl 들머리 1 / 끝 무리 3
  · 좌판 ilvl — 정령재 1회차: 무리 레벨 4~7 · max_area_level 7 · 좌판 장비 ilvl [7, 7, 7, 7] · dev G ilvl 들머리 4 / 끝 무리 7
  · 좌판 ilvl — 정령재 2회차: 무리 레벨 4~7 · max_area_level 7 · 좌판 장비 ilvl [19, 19, 19, 19] · dev G ilvl 들머리 16 / 끝 무리 19
E2E inactive_gear PASS (검사 50)
E2E ▶ portal_roundtrip
E2E portal_roundtrip PASS (검사 18)
E2E ▶ waypoint
E2E waypoint PASS (검사 12)
E2E ▶ vendor_quest
E2E vendor_quest PASS (검사 42)
E2E ▶ vendor_prices
E2E vendor_prices PASS (검사 12)
E2E ▶ chief_quest
E2E chief_quest PASS (검사 57)
E2E ▶ shaman_heal
E2E shaman_heal PASS (검사 23)
E2E ▶ save_continue
E2E save_continue PASS (검사 12)
E2E ▶ bodies_cap
  · 몸 36(먹지네 마디 16 · 황충 4 · 어미 · 일으키는 자) — 0.5초에 70프레임 (평균 7.1ms)
  · 동시 몸 최고 36 / 상한 36
E2E bodies_cap PASS (검사 13)
E2E ▶ boss_floor
  · 겹침: 송곳니 금 광선 = 封 가운데에서 0.93유닛(封 반폭 1.8 · 반깊이 1.62) · 조각 자리에서 0.73유닛(파문 반지름 1.1)
  · 흑랑 처치 封: 먹 폭 3.6 → 0.36 · 사라짐 4.57초
E2E boss_floor PASS (검사 44)
E2E ▶ boss_bulgasari
  · 화로 Brazier_4_14 · 불가살이 (6.309781, 0.0, 12.90314) · 도호 (2.5, 0.000391, 15.5) · 달아오름 6.00초 · 출처 brazier
  · 달아오름 알림 = 달아오르고 0.67초 뒤 · 그때 도호 바크 없음 · 달아오름 5.3초 남음
  · 엽전 뜯기 물기 — 0.5초 · 선딜 1(코 0) · 닿은 한 대 1 · 맞음 1 · 달아오름 0 · 물러남 0 · 거리 1.42~1.42
  · 바닥 칼 (6.826933, 0.0, 11.78921) · 불가살이 (3.99967, 0.000942, 13.09992) · 붙듦  · 간 1 · 먹은 0
  ✗ 칼을 먹음 — 물건 사라짐 · 생명 +5% (1496 → 1496)
  · 삼키기 사진 틀 (화면 (1280.0, 720.0)) — 보스 머리 (605.9775, 185.9138) · 발 (605.9775, 386.3073) · 「무적」 (611.0101, 181.0625) · 도호 머리 (703.1843, 372.9857) · 몸집 × 1.22 · 겉칠 (0.74, 0.78, 0.86, 0.32)
  ✗ 포효 = 붙듦(몸 부풂 · 둥근 예고)
  ✗ 포효가 닿음 — 도호 밀림 · 경직
  · 포효 밀린 칸 0.000 (정격 3.0 · 경직 false · 도호 (6.5, 0.000391, 13.5) → (6.5, 0.000391, 13.5) · 불가살이 (3.99967, 0.000942, 13.09992))
  ✗ 포효 = 경직(0.4초) 중에도 3.0칸 밀림 (0.00칸 · 경직 false · #525)
  · 코 밀린 칸 2.521 (정격 2.0 · 맞음 false · 도호 (5.962988, 0.000391, 13.62346) → (8.39871, 0.000391, 14.27297) · 불가살이 (3.99967, 0.000942, 13.09992))
  ✗ 코가 맞음(경직 0.3초) — 그래도 2.0칸 밀림 (2.52칸 · 코 선딜 true · 닿음 false · 맞음 false · #525)
  ✗ P3 돌진 (0)
  · 처치 뒤 줄 — 처치 1.80초 · 스킬 포인트 3.50초 (드랍 다 앉음 ≤ 0.92초)
E2E boss_bulgasari FAIL (검사 47, 실패 6)
E2E ▶ boss_jangsanbeom
  · 앞선 덮치기 1번 · 미끼 「바위 이빨」 · 선딜까지 기다림 끝
  · 덮치기: 선딜 자리 (5.75702, 0.00094, 11.2427) · 도호 (15.5, 0.000391, 13.5) · 끝 (14.37815, 0.00094, 13.24008) · 끝난 까닭 hit · 도호 지금 (15.5, 0.000391, 13.5)
  · 덮치기·빛 안 물기 뒤 도호 생명 110 → 89 (명중 굴림)
  · 털 낚아채기 끌린 칸 2.809 (기대 2.809 = 거리 4.209 − 몸 앞 1.400 · 경직 true · 도호 (18.5, 0.000391, 13.5) → (15.69716, 0.000391, 13.31449))
E2E boss_jangsanbeom PASS (검사 42)
E2E ▶ heukrang_look
E2E heukrang_look PASS (검사 4)
E2E ▶ heukrang_pounce
  · 흑랑 클립 = attack, die, hit, idle, pounce, pounce_air, pounce_land, run, walk · 덮치기 클립 있음(#506 반입 뒤 — 클립 차례를 검사한다)
  · 돌격 1 — 선딜 0.50초 pounce · 돌진 0.65초 pounce →  → pounce_air · 착지 뒤 0.9초 pounce_land → idle · 뜬 몸 엉덩이 +23cm (선딜 전 높이 기준)
  ·   pounce 재생 배율 × 1.00
  ·   pounce_air 재생 배율 × 1.00
  ·   pounce_land 재생 배율 × 1.00
E2E heukrang_pounce PASS (검사 11)
E2E ▶ visual_swap
E2E visual_swap PASS (검사 63)
E2E ▶ run_upright
  · 달린 시간 1.50초 · 5.7칸 · 갱신 195(달리기 클립 195) · 머리−골반 최저 +0.442 (0.2 미만 0번) · 몸 뼈 최대 어긋남 0.0cm ()
  · 옷 뼈 최대 흔들림(애니와 벌어진 각): Hem_L 25.3°, Hem_R 27.0°, Sleeve_L 79.1°, Sleeve_R 29.9°, SashTail 46.9°
  · 순간이동 5.7칸 → 8번 잼 · 옷 뼈 최대 1.2° (Sleeve_L) · 몸 뼈 최대 0.0cm
E2E run_upright PASS (검사 16)
E2E ▶ teleport_settle
  · 자리 (22.5, 0.000391, 49.5) → 목적지 (27.5, 0.0, 49.5) (5.0칸)
  · 01_before (초기화 끔): 첫 프레임 옷 뼈 67.7° · 끝 18.9cm (Sleeve_L) · 8프레임 최대 111.8° · 끝 29.8cm (Sleeve_R) · 몸 뼈 0.0mm · 프레임별 [68°, 109°, 112°, 110°, 105°, 100°, 93°, 86°]
  · 02_after (초기화 켬): 첫 프레임 옷 뼈 0.1° · 끝 0.0cm (Sleeve_R) · 8프레임 최대 2.2° · 끝 0.7cm (Sleeve_L) · 몸 뼈 0.0mm · 프레임별 [0°, 1°, 1°, 1°, 2°, 2°, 2°, 2°]
E2E teleport_settle PASS (검사 10)
E2E ▶ hit_stagger
  · 넉백 실측 0.22유닛 (bandit def.knockback 0.35)
  · 보스 넉백 실측 0.06유닛 (def.knockback 0.10)
E2E hit_stagger PASS (검사 20)
E2E ▶ hit_feel
E2E hit_feel PASS (검사 27)
E2E ▶ element_affix
E2E element_affix PASS (검사 7)
E2E ▶ affix_combat
  · 산적 경직 구간 0.350~0.350 → 회초리 0.450~0.450 · 밀림 0.220 → 0.330
  · 받는 경직 구간 0.300~0.300 → −25% 0.225~0.225 → 상한 0.120~0.120
E2E affix_combat PASS (검사 40)
E2E ▶ attack_chain
  · ① 칸 [0, 1, 2, 0, 1] · 클립 ["attack", "attack2", "attack3", "attack", "attack2"] · 섞기 ["0.12", "0.10", "0.10", "0.10", "0.10"]
E2E attack_chain PASS (검사 21)
E2E ▶ aspd_steps
  · 0단계: 공속 1.100 · 간격 0.9091초 · 실제 휘두름 사이 0.917초
  · 10단계(예도 합 15): 공속 1.210 · 간격 0.8264초 · 실제 휘두름 사이 0.833초
  · 툴팁(예도) ["공격 속도", "장비 없이 1.10", "현재 1.21", "공속 +15% → 단계 +10% · 다음 단계까지 +5%"]
  · 20단계(예도 + 빠른 5, 합 20): 공속 1.320 · 간격 0.7576초 · 실제 휘두름 사이 0.767초
  · 툴팁(예도 + 빠른 5) ["공격 속도", "장비 없이 1.10", "현재 1.32", "공속 +20% → 단계 +20% · 다음 단계까지 +10%"]
E2E aspd_steps PASS (검사 27)
E2E ▶ skill_then_attack
  · ① 참격: 시전 → 다음 평타 1.33초 (동작 1.33초) · 그 사이 클립 ["skill_strike"] · 평타가 시작될 때 skill_strike 94% 돎 · 다음 평타 attack2
  · ② 회오리: 시전 → 다음 평타 1.17초 (동작 1.15초) · 그 사이 클립 ["skill_whirl"] · 평타가 시작될 때 skill_whirl 95% 돎 · 다음 평타 attack2
  · ③ 돌진베기: 시전 → 다음 평타 1.73초 (동작 1.74초) · 그 사이 클립 ["skill_leap"] · 평타가 시작될 때 skill_leap 96% 돎 · 다음 평타 attack
  · ④ 부적: 시전 → 다음 평타 0.80초 (동작 0.80초) · 그 사이 클립 ["cast"] · 평타가 시작될 때 cast 99% 돎 · 다음 평타 attack2
E2E skill_then_attack PASS (검사 64)
E2E ▶ anim_commit
  · 무대 = 방 가운데 (22.5, 0.0, 49.5) · 적 쪽 (1.0, 0.0, 0.0)(트임 6.0) · 땅 클릭 (19.5, 0.0, 49.5) · 먼 적 (22.5, 0.0, 53.5)
  · 땅 클릭 (휘두름 시작 + 0.054초 · 칼이 닿기 0.216초 전 · 누를 때 클립 attack): 0.15초 뒤 0.00유닛 움직임 · 클립 attack · 그 칼 맞음 (피해 틱 0.272초) · 동작 끝(시작 + 0.600초)까지 0.00유닛 · 끝나고 0.1초 뒤 클립 run · 첫 걸음 = 클릭 뒤 +0.550초(동작 끝 = 클릭 뒤 0.550초) · 끝나고 1.5초 뒤 클릭 자리까지 0.13유닛
  · 먼 적 클릭(4.0유닛 옆) (휘두름 시작 + 0.053초 · 칼이 닿기 0.217초 전 · 누를 때 클립 attack): 0.15초 뒤 0.00유닛 움직임 · 클립 attack · 그 칼 맞음 (피해 틱 0.274초) · 동작 끝(시작 + 0.600초)까지 0.00유닛 · 끝나고 0.1초 뒤 클립 run · 첫 걸음 = 클릭 뒤 +0.576초(동작 끝 = 클릭 뒤 0.552초) · 끝나고 1.5초 뒤 먼 적까지 1.53유닛 · 먼 적 피해 2번 · 타깃 = 먼 적
  · 평타 중 참격 (평타 attack 시작 + 0.034초 = 칼 닿기 0.236초 전 우클릭): 평타 클립이 돈 창 0.604초(동작 0.60) · skill_strike 시작 = 우클릭 +0.570초 · 이 사이 피해(맞을 때 클립 · 우클릭 기준) ["attack 46% @ 우클릭 +0.241초", "skill_strike 45% @ 우클릭 +1.176초"] · 평타: attack attack: 동작 0.60초 · 예약 피해 0.270초 · 피해 틱 0.275초(클립 45.9%) · 칼끝 최고속 0.264초(클립 44.0%, 245.3 u/s) · 차이(피해 − 최고속) +0.011초 = +0.7틱 · 피해 틱 칼끝 79% · [뾰족1.3%] 90% 이상 프레임 [-1] · 곡선 56 123 193 245 [195] 0 0 0 0 0 0 0 0 0 120 84 59 · 곁들이(피해 틱 기준 초) 타격 소리 +0.000 · 먹 튐 +0.000 · 도장 — · 반달·고리 — · 검광 끝 +0.152 · 참격 skill_strike: 동작 1.33초 · 예약 피해 0.600초 · 피해 틱 0.606초(클립 45.4%) · 칼끝 최고속 0.594초(클립 44.5%, 114.0 u/s) · 차이(피해 − 최고속) +0.012초 = +0.7틱 · 피해 틱 칼끝 65% · [뾰족1.1%] 90% 이상 프레임 [-2, -1] · 곡선 91 70 104 114 [74] 0 0 0 0 0 0 0 0 0 62 43 33 · 곁들이(피해 틱 기준 초) 타격 소리 +0.000 · 먹 튐 +0.000 · 도장 +0.000 · 반달·고리 -0.039 · 검광 끝 +0.145
  · 피격 중 평타: 맞음 1 · 맞은 뒤 클립 attack · 평타 attack: 동작 0.60초 · 예약 피해 0.270초 · 피해 틱 0.274초(클립 45.7%) · 칼끝 최고속 0.270초(클립 45.0%, 218.3 u/s) · 차이(피해 − 최고속) +0.004초 = +0.2틱 · 피해 틱 칼끝 100% · [평평2.5%] 90% 이상 프레임 [-1, 0] · 곡선 49 82 165 215 [218] 0 0 0 0 0 0 0 0 123 84 54 · 곁들이(피해 틱 기준 초) 타격 소리 +0.000 · 먹 튐 +0.000 · 도장 — · 반달·고리 — · 검광 끝 +0.150
  · 피격 중 참격: 맞음 1 · 맞은 뒤 클립 skill_strike · 참격 skill_strike: 동작 1.33초 · 예약 피해 0.600초 · 피해 틱 0.603초(클립 45.2%) · 칼끝 최고속 0.592초(클립 44.4%, 113.7 u/s) · 차이(피해 − 최고속) +0.011초 = +0.6틱 · 피해 틱 칼끝 79% · [뾰족0.6%] 90% 이상 프레임 [-1] · 곡선 86 75 94 114 [90] 0 0 0 0 0 0 0 0 0 60 61 35 · 곁들이(피해 틱 기준 초) 타격 소리 +0.000 · 먹 튐 +0.000 · 도장 +0.000 · 반달·고리 -0.037 · 검광 끝 +0.159
  · 누른 채 땅 (휘두름 시작 + 0.058초 · 칼이 닿기 0.212초 전 · 누를 때 클립 attack): 0.15초 뒤 0.00유닛 움직임 · 클립 attack · 그 칼 맞음 (피해 틱 0.275초) · 동작 끝(시작 + 0.600초)까지 0.00유닛 · 끝나고 0.1초 뒤 클립 run · 첫 걸음 = 클릭 뒤 +0.552초(동작 끝 = 클릭 뒤 0.552초) · 끝나고 1.5초 뒤 누른 자리까지 3.87유닛
  · 표 — 행마다: 동작 길이 · 예약 피해(impact_frac × 동작) · 피해 틱(시작 뒤 초 · 클립 %) · 칼끝 최고속(시작 뒤 초 · 클립 % · Visual 공간 u/s) · 차이(피해 − 최고속, 초 · 60Hz 틱) · 피해 틱 칼끝 속도 ÷ 최고속 · 90% 이상 프레임(피해 프레임 기준) · 칼끝 곡선(u/s, [피해 프레임]) · 곁들이(피해 틱 기준 초)
  · 평타1 attack: 동작 0.60초 · 예약 피해 0.270초 · 피해 틱 0.272초(클립 45.3%) · 칼끝 최고속 0.268초(클립 44.7%, 248.7 u/s) · 차이(피해 − 최고속) +0.004초 = +0.2틱 · 피해 틱 칼끝 100% · [뾰족1.1%] 90% 이상 프레임 [0] · 곡선 50 86 167 216 [249] 0 0 0 0 0 0 0 0 0 144 93 69 · 곁들이(피해 틱 기준 초) 타격 소리 +0.000 · 먹 튐 +0.000 · 도장 — · 반달·고리 — · 검광 끝 +0.151
  · 평타2 attack2: 동작 0.60초 · 예약 피해 0.276초 · 피해 틱 0.282초(클립 47.0%) · 칼끝 최고속 0.271초(클립 45.1%, 124.0 u/s) · 차이(피해 − 최고속) +0.012초 = +0.7틱 · 피해 틱 칼끝 87% · [뾰족1.3%] 90% 이상 프레임 [-1] · 곡선 31 62 100 124 [108] 0 0 0 0 0 0 0 0 91 55 35 · 곁들이(피해 틱 기준 초) 타격 소리 +0.000 · 먹 튐 +0.000 · 도장 — · 반달·고리 — · 검광 끝 +0.150
  · 평타3 attack3: 동작 0.60초 · 예약 피해 0.270초 · 피해 틱 0.270초(클립 45.1%) · 칼끝 최고속 0.267초(클립 44.4%, 167.4 u/s) · 차이(피해 − 최고속) +0.004초 = +0.2틱 · 피해 틱 칼끝 100% · [뾰족1.2%] 90% 이상 프레임 [0] · 곡선 11 37 63 129 [167] 0 0 0 0 0 0 0 0 112 94 62 · 곁들이(피해 틱 기준 초) 타격 소리 +0.000 · 먹 튐 +0.000 · 도장 — · 반달·고리 — · 검광 끝 +0.152
  · 참격 skill_strike: 동작 1.33초 · 예약 피해 0.600초 · 피해 틱 0.606초(클립 45.4%) · 칼끝 최고속 0.594초(클립 44.6%, 113.5 u/s) · 차이(피해 − 최고속) +0.012초 = +0.7틱 · 피해 틱 칼끝 62% · [뾰족1.2%] 90% 이상 프레임 [-2, -1] · 곡선 92 70 107 114 [70] 0 0 0 0 0 0 0 0 62 46 33 · 곁들이(피해 틱 기준 초) 타격 소리 +0.000 · 먹 튐 +0.000 · 도장 +0.000 · 반달·고리 -0.039 · 검광 끝 +0.155
  · 회오리베기 skill_whirl: 동작 1.15초 · 예약 피해 0.450초 · 피해 틱 0.457초(클립 39.7%) · 칼끝 최고속 0.444초(클립 38.6%, 81.9 u/s) · 차이(피해 − 최고속) +0.013초 = +0.8틱 · 피해 틱 칼끝 90% · [평평2.2%] 90% 이상 프레임 [-2, -1, 0] · 곡선 50 66 74 82 [74] 0 0 0 0 0 0 0 0 70 67 47 · 곁들이(피해 틱 기준 초) 타격 소리 +0.000 · 먹 튐 +0.000 · 도장 +0.000 · 반달·고리 -0.039 · 검광 끝 +0.158
  · 돌진베기 skill_leap: 동작 1.74초 · 예약 피해 0.548초 · 피해 틱 0.548초(클립 31.5%) · 칼끝 최고속 0.544초(클립 31.3%, 109.3 u/s) · 차이(피해 − 최고속) +0.004초 = +0.2틱 · 피해 틱 칼끝 100% · [뾰족0.4%] 90% 이상 프레임 [0] · 곡선 14 21 41 79 [109] 0 0 0 0 0 0 0 0 0 67 59 44 · 곁들이(피해 틱 기준 초) 타격 소리 +0.000 · 먹 튐 +0.000 · 도장 +0.000 · 반달·고리 — · 검광 끝 +0.164 · 몸 5.0유닛 이동 — 이동 끝 0.548초 · 도착 0.548초 · 적 곁을 지난 때 0.408초(피해 틱은 그 +0.140초 뒤)
  · 찌르기 skill_thrust: 동작 0.63초 · 예약 피해 0.322초 · 피해 틱 0.326초(클립 51.6%) · 칼끝 최고속 0.232초(클립 36.7%, 72.1 u/s) · 차이(피해 − 최고속) +0.094초 = +5.7틱 · 피해 틱 칼끝 97% · [평평5.0%] 90% 이상 프레임 [-13, -12, -11, -1, 0] · 곡선 46 46 48 69 [70] 0 0 0 0 0 0 0 0 43 28 28 · 곁들이(피해 틱 기준 초) 타격 소리 +0.000 · 먹 튐 +0.000 · 도장 +0.000 · 반달·고리 — · 검광 끝 +0.155
  · 도약 베기 skill_leap: 동작 1.74초 · 예약 피해 0.548초 · 피해 틱 0.552초(클립 31.7%) · 칼끝 최고속 0.540초(클립 31.0%, 101.3 u/s) · 차이(피해 − 최고속) +0.012초 = +0.7틱 · 피해 틱 칼끝 94% · [뾰족0.9%] 90% 이상 프레임 [-1, 0] · 곡선 15 32 44 101 [95] 0 0 0 0 0 0 0 0 65 60 44 · 곁들이(피해 틱 기준 초) 타격 소리 +0.000 · 먹 튐 +0.000 · 도장 +0.000 · 반달·고리 — · 검광 끝 +0.155
  · 평타 중 참격 skill_strike: 동작 1.33초 · 예약 피해 0.600초 · 피해 틱 0.606초(클립 45.4%) · 칼끝 최고속 0.594초(클립 44.5%, 114.0 u/s) · 차이(피해 − 최고속) +0.012초 = +0.7틱 · 피해 틱 칼끝 65% · [뾰족1.1%] 90% 이상 프레임 [-2, -1] · 곡선 91 70 104 114 [74] 0 0 0 0 0 0 0 0 0 62 43 33 · 곁들이(피해 틱 기준 초) 타격 소리 +0.000 · 먹 튐 +0.000 · 도장 +0.000 · 반달·고리 -0.039 · 검광 끝 +0.145
  · 그림 프레임 간격 가운데 0.0076초 · 가장 긴 0.1471초 (3870프레임)
E2E anim_commit PASS (검사 65)
E2E ▶ invisible_sword
  · ① 순서(시작 뒤 초) 평타 0.00 → 참격 0.60 → 평타 1.93 → 참격 2.53 → 평타 3.87 → 참격 4.47 → 평타 5.80 → 참격 6.40
  · ④ 옛 자리 ↔ 새 자리 24.0유닛 · 층 이동 뒤 피해 0 (옛 자리 허수아비 0) · 곁들이 []
  · ② 평타 — 시작 뒤 0.22초에 쓰러짐 · 그 전 피해 0 · 뒤 피해 0 · 뒤 곁들이 []
  · ② 참격 — 시작 뒤 0.32초에 쓰러짐 · 그 전 피해 0 · 뒤 피해 0 · 뒤 곁들이 []
  · ② 회오리 — 시작 뒤 0.17초에 쓰러짐 · 그 전 피해 0 · 뒤 피해 0 · 뒤 곁들이 []
  · ② 돌진 · 떠나기 전 — 시작 뒤 0.12초에 쓰러짐 · 그 전 피해 0 · 뒤 피해 0 · 뒤 곁들이 []
  · ② 돌진 · 도약 중 — 시작 뒤 0.47초에 쓰러짐 · 그 전 피해 0 · 뒤 피해 0 · 뒤 곁들이 []
  · ② 부적 시전 — 시작 뒤 0.27초에 쓰러짐 · 그 전 피해 0 · 뒤 피해 0 · 뒤 곁들이 []
E2E invisible_sword PASS (검사 68)
E2E ▶ heavy_react
  · ① 평타 1타: 뜬 높이 0.00 · 앞 0.22 · 옆 0.00 · 밀림 속도 3.67 · 반응 0.37초 · 클립 hit, run · 공격 0
  · ② 평타 3타: 뜬 높이 0.00 · 앞 0.33 · 옆 0.03 · 밀림 속도 5.50 · 반응 0.37초 · 클립 hit, run · 공격 0
  · ③ 강타(참격): 뜬 높이 0.52 · 앞 1.40 · 옆 0.00 · 밀림 속도 0.00 · 반응 1.45초 · 클립 hit, die, idle · 공격 0
  · ④ 회오리: 뜬 높이 0.47 · 앞 1.20 · 옆 0.00 · 밀림 속도 0.00 · 반응 1.43초 · 클립 hit, die, idle · 공격 0
  · ⑤ 돌진베기: 뜬 높이 0.00 · 앞 0.22 · 옆 0.00 · 밀림 속도 3.67 · 반응 0.37초 · 클립 hit, run · 공격 0
  · ⑥ 부적술사 강타: 뜬 높이 0.52 · 앞 1.40 · 옆 0.00 · 밀림 속도 0.00 · 반응 1.43초 · 클립 attack, die, idle · 공격 0
  · ⑦ 박쥐 강타: 뜬 높이 0.69 · 앞 1.96 · 옆 0.00 · 밀림 속도 0.00 · 반응 1.55초 · 클립  · 공격 0
  · ⑧ 흑랑 강타(제외): 뜬 높이 0.00 · 앞 0.08 · 옆 0.00 · 밀림 속도 1.33 · 반응 0.13초 · 클립 hit, idle · 공격 0
  · ⑨ 쿨다운 3.0초: 넘어져 있는 1.43초 + 쿨다운 = 한 판 4.43초 중 32%가 누움 (쿨다운 0이면 강타 쿨 1.5초에 걸려 96%)
  · ⑫ 돌진베기 넘어뜨리기 시험: 적 3.02u에서 맞아 4.32u에 누움 · 도호는 5.00u에 섬 → 사이 0.68u (겹침 문턱 0.80u) · 날아가는 내내 가장 가까웠던 거리 0.68u
  · ── 표 | 타격 · 적 | 뜬 높이 | 앞 거리 | 밀림 속도 | 반응 | 클립
  · 표 | ① 평타 1타 · 산적 | 0.00 | 0.22 | 3.67 | 0.37초 | hit, run
  · 표 | ② 평타 3타 · 산적 | 0.00 | 0.33 | 5.50 | 0.37초 | hit, run
  · 표 | ③ 강타(참격) · 산적 | 0.52 | 1.40 | 0.00 | 1.45초 | hit, die, idle
  · 표 | ④ 회오리 · 산적 | 0.47 | 1.20 | 0.00 | 1.43초 | hit, die, idle
  · 표 | ⑤ 돌진베기 · 산적 | 0.00 | 0.22 | 3.67 | 0.37초 | hit, run
  · 표 | ⑥ 강타 · 부적술사 | 0.52 | 1.40 | 0.00 | 1.43초 | attack, die, idle
  · 표 | ⑦ 강타 · 박쥐 | 0.69 | 1.96 | 0.00 | 1.55초 | (없음)
  · 표 | ⑧ 강타 · 흑랑(제외) | 0.00 | 0.08 | 1.33 | 0.13초 | hit, idle
  · §6.6 구현 있음(2단계 판정선) · 넘어짐 = 날아감 + 누움 0.5초 + 일어남 0.45초 · 쿨다운 3.0초
E2E heavy_react PASS (검사 97)
E2E ▶ pack_ai
  · 띠 첫 자리 (18.5, 0.0, 64.5)
  · §13.4.1 구현 있음 — 판정선을 본다
  · ── 표 (§13.4.1 전/후)
  · 표 | ① 무리 어그로: 한 대 뒤 깬 A 3/3 · B 0/3 · 신호 1+2 · 4.5초 뒤 A 곁 3/3 · B 깸 0
  · 표 | ② 놓침: 붙은 뒤 도호 24.9u 밖 → LOST 6.02초 · 도호 쪽 끝 x +5.75 (본 자리 +6.00) · 두리번 3.02초(517°) · 쉼 = 본 자리 0.25u · 처음 자리 8.75u · 숨음 → LOST 0.02초
  · 표 | ③ 흩어짐: 하수인 셋 — 멀어진 거리(가장 적은 몸) +5.55u · 흩어지는 2.5초 동안 공격 시작 0 · 돌아옴 [2.51666666666438, 2.51666666666438, 2.51666666666438] · 4.5초 뒤 다시 다가옴 3/3 · 곁(3칸) 3/3 · 박쥐 흩어짐 false
  · 표 | ④ 넘어뜨림: 산적 선딜 넘어짐 true · 한 대 0 | 우두머리 선딜 넘어짐 false · 선딜 그대로 true · 한 대 1 | 쫓던 우두머리 넘어짐 false · 경직 0.11초 · 넉백 속도 1.10 | 흑랑 넘어짐 false
E2E pack_ai PASS (검사 46)
E2E ▶ kill_slump
  · ① 평타 막타: 누움 0.79초 · 이동 0.00 · 누운 골반 0.12 · 비틀림 0
  · ② 비틀림 갈래 [-1, 0, 1, -1, 1, 0] · 누운 방향 [-25.9999986745346, -0.00000250447817, 26.0000004957675, -25.9999986745346, 26.0000004957675, -0.00000250447817]°
  · ⑥ 박쥐 평타: 이동 0.00 · 모델 높이 0.93 → 0.19
  · 시체 10 · 핏자국 14 (상한 32) · 피 튐 크기 1.00
E2E kill_slump PASS (검사 51)
E2E ▶ kill_bisect
  · ① 평타 치명 (게임 367.3초에 막타 · +0.22초 갈라짐): 윗몸 옆으로 0.44 · 아랫몸 75° · 뿜음 5
  · ③ 강타 치명 (게임 369.6초에 막타): cleave · 윗몸 0.41u (계획 0.41) · 최고 +0.00
  · ⑦ 평타 (게임 371.4초에 막타): 칼 방향 (0.895792, 0.023651, 0.443844) · 칼끝 속도 (18.00071, -6.605869, -6.918084) → 궤적 18.9° · 갈래 h · 단면 18.9° · slide · 윗몸 계획 0.43u
  · ⑦ 회오리베기 (게임 373.3초에 막타): 칼 방향 (-0.892065, 0.369231, -0.260555) · 칼끝 속도 (-8.671007, -0.37396, -14.91928) → 궤적 1.2° · 갈래 h · 단면 1.2° · cleave · 윗몸 계획 0.45u
  · ⑦ 참격 (게임 375.3초에 막타): 칼 방향 (0.01068, -0.472266, -0.881391) · 칼끝 속도 (2.807322, -14.93048, -8.945686) → 궤적 57.9° · 갈래 d · 단면 55.0° · slide · 윗몸 계획 0.34u
  · 무대 17곳 · 단면 기울기 평타 18.9° · 회오리 1.2° · 참격 55.0° · 시체 10 · 핏자국 17
E2E kill_bisect PASS (검사 68)
E2E ▶ slice_deaths
  · 무대 = (23.5, 0.0, 46.5) · 간격 ×1.00 · 도호 = 줄 앞 3.0u
  · ① 평타 막타 — 게임 379.40초에 막타 (여섯 몸 같은 프레임)
  ·   사람형: 이동 0.00 · 뜸 0.00 · 두 동강 false · 윗몸 0.00 · 단면 - · 누움 0.80초 · die 클립 true · 죽음 slump/slump
  ·   짐승: 이동 0.00 · 뜸 0.00 · 두 동강 false · 윗몸 0.00 · 단면 - · 누움 0.67초 · die 클립 true · 죽음 plague/slump
  ·   벌레: 이동 0.00 · 뜸 0.00 · 두 동강 false · 윗몸 0.00 · 단면 - · 누움 0.52초 · die 클립 false · 죽음 plague/drop
  ·   떠다님·피: 이동 0.00 · 뜸 0.00 · 두 동강 false · 윗몸 0.00 · 단면 - · 누움 0.52초 · die 클립 false · 죽음 drop/drop
  ·   떠다님·넋: 이동 0.00 · 뜸 0.00 · 두 동강 false · 윗몸 0.00 · 단면 - · 누움 0.52초 · die 클립 false · 죽음 scatter/scatter
  ·   큰 덩치: 이동 0.00 · 뜸 0.00 · 두 동강 false · 윗몸 0.00 · 단면 - · 누움 0.80초 · die 클립 true · 죽음 slump/slump
  · ② 평타 치명 막타 — 게임 381.67초에 막타 (여섯 몸 같은 프레임)
  ·   사람형: 이동 0.00 · 뜸 0.00 · 두 동강 true · 윗몸 0.44 · 단면 0° · 누움 0.82초 · die 클립 true · 죽음 cleave/cleave
  ·   짐승: 이동 0.00 · 뜸 0.00 · 두 동강 true · 윗몸 0.41 · 단면 90° · 누움 0.82초 · die 클립 true · 죽음 plague/cleave
  ·   벌레: 이동 0.00 · 뜸 0.00 · 두 동강 false · 윗몸 0.00 · 단면 - · 누움 0.52초 · die 클립 false · 죽음 plague/slashed
  ·   떠다님·피: 이동 0.00 · 뜸 0.00 · 두 동강 false · 윗몸 0.00 · 단면 - · 누움 0.52초 · die 클립 false · 죽음 slashed/slashed
  ·   떠다님·넋: 이동 0.00 · 뜸 0.00 · 두 동강 false · 윗몸 0.00 · 단면 - · 누움 0.52초 · die 클립 false · 죽음 scatter/scatter
  ·   큰 덩치: 이동 0.00 · 뜸 0.00 · 두 동강 true · 윗몸 0.44 · 단면 0° · 누움 1.12초 · die 클립 true · 죽음 slide/slide
  · ③ 참격 막타 — 사선 칼 — 게임 383.93초에 막타 (여섯 몸 같은 프레임)
  ·   사람형: 이동 0.00 · 뜸 0.00 · 두 동강 true · 윗몸 0.33 · 단면 45° · 누움 0.82초 · die 클립 true · 죽음 cleave/cleave
  ·   짐승: 이동 0.00 · 뜸 0.00 · 두 동강 true · 윗몸 0.41 · 단면 90° · 누움 0.82초 · die 클립 true · 죽음 plague/cleave
  ·   벌레: 이동 0.00 · 뜸 0.00 · 두 동강 false · 윗몸 0.00 · 단면 - · 누움 0.52초 · die 클립 false · 죽음 plague/slashed
  ·   떠다님·피: 이동 0.00 · 뜸 0.00 · 두 동강 false · 윗몸 0.00 · 단면 - · 누움 0.52초 · die 클립 false · 죽음 slashed/slashed
  ·   떠다님·넋: 이동 0.00 · 뜸 0.00 · 두 동강 false · 윗몸 0.00 · 단면 - · 누움 0.52초 · die 클립 false · 죽음 scatter/scatter
  ·   큰 덩치: 이동 0.00 · 뜸 0.00 · 두 동강 true · 윗몸 0.37 · 단면 45° · 누움 1.12초 · die 클립 true · 죽음 slide/slide
  · ④ 회오리 막타 — 가로 칼 — 게임 386.20초에 막타 (여섯 몸 같은 프레임)
  ·   사람형: 이동 0.00 · 뜸 0.00 · 두 동강 true · 윗몸 0.33 · 단면 0° · 누움 0.82초 · die 클립 true · 죽음 cleave/cleave
  ·   짐승: 이동 0.00 · 뜸 0.00 · 두 동강 true · 윗몸 0.41 · 단면 90° · 누움 0.82초 · die 클립 true · 죽음 plague/cleave
  ·   벌레: 이동 0.00 · 뜸 0.00 · 두 동강 false · 윗몸 0.00 · 단면 - · 누움 0.53초 · die 클립 false · 죽음 plague/slashed
  ·   떠다님·피: 이동 0.00 · 뜸 0.00 · 두 동강 false · 윗몸 0.00 · 단면 - · 누움 0.53초 · die 클립 false · 죽음 slashed/slashed
  ·   떠다님·넋: 이동 0.00 · 뜸 0.00 · 두 동강 false · 윗몸 0.00 · 단면 - · 누움 0.53초 · die 클립 false · 죽음 scatter/scatter
  ·   큰 덩치: 이동 0.00 · 뜸 0.00 · 두 동강 true · 윗몸 0.44 · 단면 0° · 누움 1.13초 · die 클립 true · 죽음 slide/slide
  · ⑤ 도약 베기 막타 — 세로 칼 — 게임 388.47초에 막타 (여섯 몸 같은 프레임)
  ·   사람형: 이동 0.00 · 뜸 0.00 · 두 동강 true · 윗몸 0.99 · 단면 90° · 누움 0.68초 · die 클립 true · 죽음 cleave/cleave
  ·   짐승: 이동 0.00 · 뜸 0.00 · 두 동강 true · 윗몸 0.41 · 단면 90° · 누움 0.83초 · die 클립 true · 죽음 plague/cleave
  ·   벌레: 이동 0.00 · 뜸 0.00 · 두 동강 false · 윗몸 0.00 · 단면 - · 누움 0.53초 · die 클립 false · 죽음 plague/slashed
  ·   떠다님·피: 이동 0.00 · 뜸 0.00 · 두 동강 false · 윗몸 0.00 · 단면 - · 누움 0.53초 · die 클립 false · 죽음 slashed/slashed
  ·   떠다님·넋: 이동 0.00 · 뜸 0.00 · 두 동강 false · 윗몸 0.00 · 단면 - · 누움 0.53초 · die 클립 false · 죽음 scatter/scatter
  ·   큰 덩치: 이동 0.00 · 뜸 0.00 · 두 동강 true · 윗몸 1.77 · 단면 90° · 누움 0.83초 · die 클립 true · 죽음 cleave/cleave
  · ⑥ 참격 치명 + 넘친 피해 — 게임 390.73초에 막타 (여섯 몸 같은 프레임)
  ·   사람형: 이동 0.00 · 뜸 0.00 · 두 동강 true · 윗몸 0.45 · 단면 45° · 누움 0.82초 · die 클립 true · 죽음 gibs/cleave
  ·   짐승: 이동 0.00 · 뜸 0.00 · 두 동강 true · 윗몸 0.41 · 단면 90° · 누움 0.82초 · die 클립 true · 죽음 plague/cleave
  ·   벌레: 이동 0.00 · 뜸 0.00 · 두 동강 false · 윗몸 0.00 · 단면 - · 누움 0.52초 · die 클립 false · 죽음 plague/slashed
  ·   떠다님·피: 이동 0.00 · 뜸 0.00 · 두 동강 false · 윗몸 0.00 · 단면 - · 누움 0.52초 · die 클립 false · 죽음 slashed/slashed
  ·   떠다님·넋: 이동 0.00 · 뜸 0.00 · 두 동강 false · 윗몸 0.00 · 단면 - · 누움 0.52초 · die 클립 false · 죽음 scatter/scatter
  ·   큰 덩치: 이동 0.00 · 뜸 0.00 · 두 동강 true · 윗몸 0.37 · 단면 45° · 누움 1.13초 · die 클립 true · 죽음 gibs/slide
  · ⑦ 화염 막타 (부적, dev 강제) — 게임 393.00초에 막타 (여섯 몸 같은 프레임)
  ·   사람형: 이동 0.00 · 뜸 0.00 · 두 동강 false · 윗몸 0.00 · 단면 - · 누움 0.52초 · die 클립 true · 죽음 ash/ash
  ·   짐승: 이동 0.00 · 뜸 0.00 · 두 동강 false · 윗몸 0.00 · 단면 - · 누움 0.52초 · die 클립 true · 죽음 ash/ash
  ·   벌레: 이동 0.00 · 뜸 0.00 · 두 동강 false · 윗몸 0.00 · 단면 - · 누움 0.52초 · die 클립 false · 죽음 ash/ash
  ·   떠다님·피: 이동 0.00 · 뜸 0.00 · 두 동강 false · 윗몸 0.00 · 단면 - · 누움 0.52초 · die 클립 false · 죽음 ash/ash
  ·   떠다님·넋: 이동 0.00 · 뜸 0.00 · 두 동강 false · 윗몸 0.00 · 단면 - · 누움 0.52초 · die 클립 false · 죽음 ash/ash
  ·   큰 덩치: 이동 0.00 · 뜸 0.00 · 두 동강 false · 윗몸 0.00 · 단면 - · 누움 0.52초 · die 클립 true · 죽음 ash/ash
  · ⑧ 냉기 막타 (빙결 뒤 참격, dev 강제) — 게임 395.27초에 막타 (여섯 몸 같은 프레임)
  ·   사람형: 이동 0.00 · 뜸 0.00 · 두 동강 false · 윗몸 0.00 · 단면 - · 누움 0.53초 · die 클립 true · 죽음 shatter/shatter
  ·   짐승: 이동 0.00 · 뜸 0.00 · 두 동강 false · 윗몸 0.00 · 단면 - · 누움 0.53초 · die 클립 true · 죽음 shatter/shatter
  ·   벌레: 이동 0.00 · 뜸 0.00 · 두 동강 false · 윗몸 0.00 · 단면 - · 누움 0.53초 · die 클립 false · 죽음 shatter/shatter
  ·   떠다님·피: 이동 0.00 · 뜸 0.00 · 두 동강 false · 윗몸 0.00 · 단면 - · 누움 0.53초 · die 클립 false · 죽음 shatter/shatter
  ·   떠다님·넋: 이동 0.00 · 뜸 0.00 · 두 동강 false · 윗몸 0.00 · 단면 - · 누움 0.53초 · die 클립 false · 죽음 shatter/shatter
  ·   큰 덩치: 이동 0.00 · 뜸 0.00 · 두 동강 false · 윗몸 0.00 · 단면 - · 누움 0.53초 · die 클립 true · 죽음 shatter/shatter
  · ⑨ 피 끄기 + 참격 막타 — 게임 397.53초에 막타 (여섯 몸 같은 프레임)
  ·   사람형: 이동 0.00 · 뜸 0.00 · 두 동강 true · 윗몸 0.33 · 단면 45° · 누움 0.82초 · die 클립 true · 죽음 cleave/cleave
  ·   짐승: 이동 0.00 · 뜸 0.00 · 두 동강 true · 윗몸 0.41 · 단면 90° · 누움 0.82초 · die 클립 true · 죽음 plague/cleave
  ·   벌레: 이동 0.00 · 뜸 0.00 · 두 동강 false · 윗몸 0.00 · 단면 - · 누움 0.52초 · die 클립 false · 죽음 plague/slashed
  ·   떠다님·피: 이동 0.00 · 뜸 0.00 · 두 동강 false · 윗몸 0.00 · 단면 - · 누움 0.52초 · die 클립 false · 죽음 slashed/slashed
  ·   떠다님·넋: 이동 0.00 · 뜸 0.00 · 두 동강 false · 윗몸 0.00 · 단면 - · 누움 0.52초 · die 클립 false · 죽음 scatter/scatter
  ·   큰 덩치: 이동 0.00 · 뜸 0.00 · 두 동강 true · 윗몸 0.37 · 단면 45° · 누움 1.12초 · die 클립 true · 죽음 slide/slide
  · ⑩ 산적1 — 게임 399.80초에 막타
  · ⑩ 산적2 — 게임 400.62초에 막타
  · ⑩ 산적3 — 게임 401.43초에 막타
  · ⑩ 산적4 — 게임 402.25초에 막타
  · ⑩ 산적5 — 게임 403.07초에 막타
  · ⑩ 반복 — 같은 참격(사선 칼) 다섯 번:
  ·   산적1: 이동 0.00 · 뜸 0.00 · 두 동강 true · 윗몸 0.33 · 단면 45° · 누움 0.83초 · die 클립 true · 죽음 cleave/cleave
  ·   산적2: 이동 0.00 · 뜸 0.00 · 두 동강 true · 윗몸 0.37 · 단면 45° · 누움 1.12초 · die 클립 true · 죽음 slide/slide
  ·   산적3: 이동 0.00 · 뜸 0.00 · 두 동강 true · 윗몸 0.33 · 단면 45° · 누움 0.82초 · die 클립 true · 죽음 cleave/cleave
  ·   산적4: 이동 0.00 · 뜸 0.00 · 두 동강 true · 윗몸 0.37 · 단면 45° · 누움 1.12초 · die 클립 true · 죽음 slide/slide
  ·   산적5: 이동 0.00 · 뜸 0.00 · 두 동강 true · 윗몸 0.33 · 단면 45° · 누움 0.82초 · die 클립 true · 죽음 cleave/cleave
E2E slice_deaths PASS (검사 111)
E2E ▶ monster_motion_gallery
  · 봉우리 셈 자기검사 — 표본 위상 20가지 × 봉우리 셋: 꼭짓점 폭 0.0025초 (표본 그대로면 0.0158초) · 대칭 봉우리 오차 0.0002초
  · 무대 = (34.5, 0.0, 14.5) · 숨긴 풀·꽃 0 · 도호 = 오른쪽 8.4u
  · 사진 = 구간마다 틀(쉼 (-8.4, 5.4) · 걷기 (-8.4, 5.8) · 달리기 (-8.4, 7.9), 여백 5%) · 무대 조명 = 가운데 위 6.0u · 세기 3.5 · 반경 18 · 감쇠 0.5 (대본 끝에 치움)
  · 떠다님·넋 (떠도는 넋) = tteodoneun_neok (크기 ×1.00) · 뼈 없음(정지 메시) · 클립 없음
  · 떠다님·몸 (나찰녀) = nachalnyeo (크기 ×1.00) · 뼈 없음(정지 메시) · 클립 없음
  · 네발·짐승 (역병 든 들개) = plague_dog (크기 ×0.91) · 뼈 19 · 발 4 · 골반 Hips · 머리 Head · 손 0 · attack 0.50 · die 1.25 · hit 0.30 · idle 2.20 · pounce 0.60 · pounce_air 0.40 · pounce_land 0.25 · run 0.55 · walk 0.85
  · 네발·족속 (흑랑 새끼 대역) = heukrang_kin (크기 ×0.55) · 뼈 19 · 발 4 · 골반 Hips · 머리 Head · 손 0 · attack 0.67 · die 1.25 · hit 0.30 · idle 2.20 · pounce 0.65 · pounce_air 0.40 · pounce_land 0.25 · run 0.77 · walk 1.02
  · 두 발·Tripo (산적) = bandit (크기 ×1.00) · 뼈 65 · 발 2 · 골반 mixamorig_Hips · 머리 mixamorig_Head · 손 2 · attack 0.55 · attack2 0.55 · die 3.00 · hit 0.30 · idle 7.67 · run 0.58 · walk 1.12
  · 두 발·Meshy (홀린 여창) = hollin_yeogung_spear (크기 ×1.00) · 뼈 24 · 발 2 · 골반 Hips · 머리 Head · 손 2 · attack_bow 5.03 · attack_spear 3.03 · die 3.00 · hit 0.30 · idle 1.30 · run 0.63 · walk 1.03
  · 떠다님 2몸 = 그림 틱을 물리 틱에 묶어 잰다 (_tick_float)
  · ① 대기 3.0초 — 뼈 있는 몸 = 머리 봉우리-봉우리(목표 2~15cm) · 떠다님 = 둥실 반폭(3~8cm)·주기(1.8~3.2초):
  ·   떠다님·넋 (떠도는 넋): 둥실 5.0cm ○ · 주기 2.22초 ○ · 옆 흔들림 4.5° · 뼈 없음
  ·   떠다님·몸 (나찰녀): 둥실 6.0cm ○ · 주기 2.00초 ○ · 옆 흔들림 4.5° · 뼈 없음
  ·   네발·짐승 (역병 든 들개): 들썩임 4.6cm ○ · 클립 idle
  ·   네발·족속 (흑랑 새끼 대역): 들썩임 3.3cm ○ · 클립 idle
  ·   두 발·Tripo (산적): 들썩임 9.5cm ○ · 클립 idle
  ·   두 발·Meshy (홀린 여창): 들썩임 6.4cm ○ · 클립 idle
  · ② 걷기 1.2u/s — 1.5초 · 화면 오른쪽으로 곧게 (발 미끄러짐 목표 ≤ 5cm/s · 떠다님 앞 기울기 목표 3~8°):
  ·   떠다님·넋 (떠도는 넋): 빠르기 1.20u/s · 뼈 없음 · 앞 기울기 5.4° ○ · 옆 흔들림 7.0° · 둥실 2.4cm · 옷자락 끌림 4.2cm (물결 메시 2)
  ·   떠다님·몸 (나찰녀): 빠르기 1.20u/s · 뼈 없음 · 앞 기울기 5.4° ○ · 옆 흔들림 7.0° · 둥실 4.4cm · 옷자락 끌림 3.6cm (물결 메시 2)
  ·   네발·짐승 (역병 든 들개): 빠르기 1.20u/s · 클립 walk × 1.55 · 발 미끄러짐 0cm/s (몸의 0%) ○ · 걸음마다 0.1cm · 디딤 몫 0.57 · 걸음 4.3/초
  ·   네발·족속 (흑랑 새끼 대역): 빠르기 1.20u/s · 클립 walk × 1.72 · 발 미끄러짐 1cm/s (몸의 0%) ○ · 걸음마다 0.1cm · 디딤 몫 0.57 · 걸음 3.9/초
  ·   두 발·Tripo (산적): 빠르기 1.20u/s · 클립 walk × 1.40 · 발 미끄러짐 1cm/s (몸의 1%) ○ · 걸음마다 0.2cm · 디딤 몫 0.49 · 걸음 3.2/초
  ·   두 발·Meshy (홀린 여창): 빠르기 1.20u/s · 클립 walk × 0.97 · 발 미끄러짐 2cm/s (몸의 2%) ○ · 걸음마다 0.3cm · 디딤 몫 0.28 · 걸음 2.4/초
  · ③ 달리기(쫓는 빠르기 = move_speed) — 1.0초 · 화면 오른쪽으로 곧게 (발 미끄러짐 목표 ≤ 10cm/s · 떠다님 앞 기울기 목표 9~16°):
  ·   떠다님·넋 (떠도는 넋): 빠르기 2.80u/s · 뼈 없음 · 앞 기울기 12.5° ○ · 옆 흔들림 13.3° · 둥실 2.1cm · 옷자락 끌림 9.8cm (물결 메시 2)
  ·   떠다님·몸 (나찰녀): 빠르기 3.60u/s · 뼈 없음 · 앞 기울기 15.9° ○ · 옆 흔들림 16.6° · 둥실 4.4cm · 옷자락 끌림 10.8cm (물결 메시 2)
  ·   네발·짐승 (역병 든 들개): 빠르기 4.50u/s · 클립 run × 1.29 · 발 미끄러짐 2cm/s (몸의 0%) ○ · 걸음마다 0.1cm · 디딤 몫 0.24 · 걸음 4.6/초
  ·   네발·족속 (흑랑 새끼 대역): 빠르기 4.50u/s · 클립 run × 1.66 · 발 미끄러짐 1cm/s (몸의 0%) ○ · 걸음마다 0.1cm · 디딤 몫 0.24 · 걸음 4.6/초
  ·   두 발·Tripo (산적): 빠르기 3.50u/s · 클립 run × 1.20 · 발 미끄러짐 1cm/s (몸의 0%) ○ · 걸음마다 0.1cm · 디딤 몫 0.26 · 걸음 5.2/초
  ·   두 발·Meshy (홀린 여창): 빠르기 3.80u/s · 클립 run × 0.87 · 발 미끄러짐 26cm/s (몸의 7%) ✗ · 걸음마다 1.7cm · 디딤 몫 0.23 · 걸음 3.9/초
  · ④ 공격 — 같은 틱에 선딜(피해 = 선딜 끝 · 타격 몫 목표 0.50~0.70 · 치는 곳 가장 빠른 때 = 선딜 끝 ± 0.08초, 2u/s 이상):
  ·   떠다님·넋 (떠도는 넋): 선딜 0.30초 · 잠금 0.55초 · 공격 클립 없음 · 가장 빠른 때 0.270초(타격 -0.030) ○ · 12.4u/s · 당김 10cm (0.23초) · 쏘기 40cm (0.30초) · 머리 쏘기 40cm
  ·   떠다님·몸 (나찰녀): 선딜 0.50초 · 잠금 0.75초 · 공격 클립 없음 · 가장 빠른 때 0.460초(타격 -0.040) ○ · 4.7u/s · 당김 8cm (0.42초) · 쏘기 15cm (0.50초) · 머리 쏘기 15cm
  ·   네발·짐승 (역병 든 들개): 선딜 0.30초 · 잠금 0.50초 · 클립 attack 0.50초 × 1.00배 · 타격 몫 0.60 ○ · 가장 빠른 때 0.280초(타격 -0.020) ○ · 6.6u/s · 당김 5cm (0.23초) · 쏘기 15cm (0.30초) · 머리 쏘기 17cm
  ·   네발·족속 (흑랑 새끼 대역): 선딜 0.40초 · 잠금 0.67초 · 클립 attack 0.67초 × 1.00배 · 타격 몫 0.60 ○ · 가장 빠른 때 0.352초(타격 -0.048) ○ · 5.0u/s · 당김 5cm (0.30초) · 쏘기 16cm (0.40초) · 머리 쏘기 22cm
  ·   두 발·Tripo (산적): 선딜 0.30초 · 잠금 0.55초 · 클립 attack2 0.55초 × 1.00배 · 타격 몫 0.55 ○ · 가장 빠른 때 0.280초(타격 -0.020) ○ · 18.8u/s · 당김 0cm (0.00초) · 쏘기 0cm (0.00초) · 머리 쏘기 43cm
  ·   두 발·Meshy (홀린 여창): 선딜 0.40초 · 잠금 3.03초 · 클립 attack_spear 3.03초 × 1.00배 · 타격 몫 0.13 ✗ · 가장 빠른 때 0.750초(타격 +0.350) ✗ · 8.9u/s · 당김 0cm (0.00초) · 쏘기 110cm (1.02초) · 머리 쏘기 110cm
  · ⑤ 맞기 — 한 대(오른쪽에서 · 반응 ≥ 6cm 또는 젖힘 ≥ 8° · 피격 동작 0.20~0.40초):
  ·   떠다님·넋 (떠도는 넋): 경직 0.35초 · 피격 동작 없음 · 반응 15cm · 젖힘 12° ○ · 몸 밀림 22cm
  ·   떠다님·몸 (나찰녀): 경직 0.35초 · 피격 동작 없음 · 반응 10cm · 젖힘 8° ○ · 몸 밀림 22cm
  ·   네발·짐승 (역병 든 들개): 경직 0.35초 · 클립 hit 0.30초 × 1.0배 = 0.30초 ○ · 반응 8cm · 젖힘 6° ○ · 몸 밀림 22cm
  ·   네발·족속 (흑랑 새끼 대역): 경직 0.35초 · 클립 hit 0.30초 × 1.0배 = 0.30초 ○ · 반응 8cm · 젖힘 2° ○ · 몸 밀림 22cm
  ·   두 발·Tripo (산적): 경직 0.35초 · 클립 hit 0.30초 × 1.0배 = 0.30초 ○ · 반응 0cm · 젖힘 26° ○ · 몸 밀림 22cm
  ·   두 발·Meshy (홀린 여창): 경직 0.35초 · 클립 hit 0.30초 × 1.0배 = 0.30초 ○ · 반응 8cm · 젖힘 6° ○ · 몸 밀림 22cm
  · 요약 (○ = 목표 안 · 사양 monster_motion_v2 §2):
  ·   떠다님·넋 (떠도는 넋): 둥실 5.0cm○·2.2초○ · 기울기 걷기 5.4°○·쫓기 12.5°○ · 빠른 때○ · 당김 10○·쏘기 40○ · 맞기 15cm·12°○
  ·   떠다님·몸 (나찰녀): 둥실 6.0cm○·2.0초○ · 기울기 걷기 5.4°○·쫓기 15.9°○ · 빠른 때○ · 당김 8○·쏘기 15○ · 맞기 10cm·8°○
  ·   네발·짐승 (역병 든 들개): 대기 4.6cm○ · 미끄러짐 걷기 0○·달리기 2○ · 타격 몫 0.60○ · 빠른 때○ · 머리 쏘기 17○ · 맞기 8cm·6°○·동작 0.30초○
  ·   네발·족속 (흑랑 새끼 대역): 대기 3.3cm○ · 미끄러짐 걷기 1○·달리기 1○ · 타격 몫 0.60○ · 빠른 때○ · 머리 쏘기 22○ · 맞기 8cm·2°○·동작 0.30초○
  ·   두 발·Tripo (산적): 대기 9.5cm○ · 미끄러짐 걷기 1○·달리기 1○ · 타격 몫 0.55○ · 빠른 때○ · 맞기 0cm·26°○·동작 0.30초○
  ·   두 발·Meshy (홀린 여창): 대기 6.4cm○ · 미끄러짐 걷기 2○·달리기 26✗ · 타격 몫 0.13✗ · 빠른 때✗ · 맞기 8cm·6°○·동작 0.30초○
E2E monster_motion_gallery PASS (검사 70)
E2E ▶ element_status
  · 무대 = 방 [P: (15, 43), S: (14, 13)], 가로 11.0u
  · 한기 이동 실측 2.27 / 3.50 = ×0.65 (사양 ×0.65)
E2E element_status PASS (검사 78)
E2E ▶ element_ui
E2E element_ui PASS (검사 4)
E2E ▶ talisman_targeting
E2E talisman_targeting PASS (검사 75)
E2E ▶ talisman_throw
  · 무대 = 방 [P: (15, 43), S: (14, 13)]
E2E talisman_throw PASS (검사 56)
E2E ▶ talisman_aoe
  · fire: 겨눈 자리 (20.0, 0.0, 49.5) · 끝 = burst (radius=1.50)
  ·   [터지는 순간] #0 hp0=3 죽음 — 막타 속성=fire · kind=ash play=ash
  ·   [터지는 순간] #1 hp0=3 그대로(반경 밖)
  ·   [터지는 순간] #2 hp0=3 죽음 — 막타 속성=fire · kind=ash play=ash
  ·   [터지는 순간] #3 hp0=3 그대로(반경 밖)
  ·   [터지는 순간] #4 hp0=15 hp=2.0 화상=true 빙결=false 한기=false
  ·   [터지는 순간] #5 hp0=15 그대로(반경 밖)
  ·   [0.5초] #0 hp0=3 죽음 — 막타 속성=fire · kind=ash play=ash
  ·   [0.5초] #1 hp0=3 그대로(반경 밖)
  ·   [0.5초] #2 hp0=3 죽음 — 막타 속성=fire · kind=ash play=ash
  ·   [0.5초] #3 hp0=3 그대로(반경 밖)
  ·   [0.5초] #4 hp0=15 hp=1.0 화상=true 빙결=false 한기=false
  ·   [0.5초] #5 hp0=15 그대로(반경 밖)
  ·   [1.5초] #0 hp0=3 죽음 — 막타 속성=fire · kind=ash play=ash
  ·   [1.5초] #1 hp0=3 그대로(반경 밖)
  ·   [1.5초] #2 hp0=3 죽음 — 막타 속성=fire · kind=ash play=ash
  ·   [1.5초] #3 hp0=3 그대로(반경 밖)
  ·   [1.5초] #4 hp0=15 죽음 — 막타 속성=fire · kind=ash play=ash
  ·   [1.5초] #5 hp0=15 그대로(반경 밖)
  · fire: 요약 — 맞은 마릿수 3/6 · 죽음 3/6 · 막타 속성 [&"fire"] · 죽음 종류 [&"ash"]
  · cold: 겨눈 자리 (20.0, 0.0, 49.5) · 끝 = burst (radius=1.50)
  ·   [터지는 순간] #0 hp0=3 죽음 — 막타 속성=cold · kind=shatter play=shatter
  ·   [터지는 순간] #1 hp0=3 그대로(반경 밖)
  ·   [터지는 순간] #2 hp0=3 죽음 — 막타 속성=cold · kind=shatter play=shatter
  ·   [터지는 순간] #3 hp0=3 그대로(반경 밖)
  ·   [터지는 순간] #4 hp0=15 hp=8.0 화상=false 빙결=true 한기=true
  ·   [터지는 순간] #5 hp0=15 그대로(반경 밖)
  ·   [0.5초] #0 hp0=3 죽음 — 막타 속성=cold · kind=shatter play=shatter
  ·   [0.5초] #1 hp0=3 그대로(반경 밖)
  ·   [0.5초] #2 hp0=3 죽음 — 막타 속성=cold · kind=shatter play=shatter
  ·   [0.5초] #3 hp0=3 그대로(반경 밖)
  ·   [0.5초] #4 hp0=15 hp=8.0 화상=false 빙결=true 한기=true
  ·   [0.5초] #5 hp0=15 그대로(반경 밖)
  ·   [1.5초] #0 hp0=3 죽음 — 막타 속성=cold · kind=shatter play=shatter
  ·   [1.5초] #1 hp0=3 그대로(반경 밖)
  ·   [1.5초] #2 hp0=3 죽음 — 막타 속성=cold · kind=shatter play=shatter
  ·   [1.5초] #3 hp0=3 그대로(반경 밖)
  ·   [1.5초] #4 hp0=15 hp=8.0 화상=false 빙결=false 한기=true
  ·   [1.5초] #5 hp0=15 그대로(반경 밖)
  · cold: 요약 — 맞은 마릿수 3/6 · 죽음 2/6 · 막타 속성 [&"cold"] · 죽음 종류 [&"shatter"]
E2E talisman_aoe PASS (검사 16)
E2E ▶ loot_drop
E2E loot_drop PASS (검사 24)
E2E ▶ potion_tiers
E2E potion_tiers PASS (검사 10)
E2E ▶ loot_props
E2E loot_props PASS (검사 19)
E2E ▶ elite_pack
  · 층 지역 레벨 2
E2E elite_pack PASS (검사 52)
E2E ▶ elite_slots
  · 시드 3340239649 · 무리 11/18 · 구간 2 · 레벨 2 · 산적 ×4 · 강화 fierce
  · 시드 160326318 · 방 3 (깊이 0.71) · 산적 · 대머리 판돌이 + 하수인 4 · 옵션 cold_enchanted
E2E elite_slots PASS (검사 31)
E2E ▶ flee_chase
  · 띠 첫 자리 (18.5, 0.0, 64.5) (들머리에서 11.0u)
  · 표 — 판 · 붙잡음(첫 칼) · 닿음 · 휘두름 · 도망친 거리 · 물러나는 빠르기(가운데/최대) | 맞은 뒤 4초: 멀어지며 걸은 시간·거리 · 공격 시작 · 첫 공격 · 닿은 공격 · 적 칼 맞음/휘두름 · 적이 움직인 거리
  · 부적술사      걷기 3.00 | 붙잡음 2.13초 · 닿음 1.72초 · 휘두름 1 · 도망친 거리 2.97u (1.42초) · 물러나는 빠르기 2.10/2.10 | 맞은 뒤: 멀어지며 0.00초 0.00u · 공격 시작 1 · 첫 공격 2.20초 · 닿은 공격 2 · 적 칼 맞음 4/4 · 움직인 거리 0.81u
  · 박쥐        걷기 4.50 | 붙잡음 0.97초 · 닿음 0.55초 · 휘두름 1 · 도망친 거리 1.73u (0.55초) · 물러나는 빠르기 3.15/3.15 | 맞은 뒤: 멀어지며 0.00초 0.00u · 공격 시작 1 · 첫 공격 2.30초 · 닿은 공격 2 · 적 칼 맞음 4/4 · 움직인 거리 0.60u
  · 날랜 박쥐     걷기 6.08 | 붙잡음 1.00초 · 닿음 0.58초 · 휘두름 1 · 도망친 거리 1.87u (0.58초) · 물러나는 빠르기 3.20/3.20 | 맞은 뒤: 멀어지며 0.00초 0.00u · 공격 시작 2 · 첫 공격 1.42초 · 닿은 공격 3 · 적 칼 맞음 4/4 · 움직인 거리 0.04u
E2E flee_chase PASS (검사 35)
E2E ▶ verify_flows
E2E verify_flows PASS (검사 16)
E2E ▶ balance_room
  · 명중 확정 끔 — 이 대본은 명중 굴림을 실전 그대로 쓴다 (#342)
  · 걸어감 2.3초 · 처치 3 · 13.4초 · 생명 110→87 (최저 87) · 적 공격 12 (명중 8) · Lv1
E2E balance_room PASS (검사 8)
E2E ▶ balance_boss
  · 명중 확정 끔 — 이 대본은 명중 굴림을 실전 그대로 쓴다 (#342)
  · 흑랑 Lv3 처치 · 30.2초 · 2페이즈 18.5초 · 생명 130→60 (최저 39 = 30%) · 탕약 3/3 · 적 공격 40 (명중 22)
  · 흑랑 Lv5 처치 · 21.4초 · 2페이즈 11.2초 · 생명 150→83 (최저 44 = 29%) · 탕약 3/3 · 적 공격 29 (명중 23)
  · Lv5 목표 대조(이 판 — 판정은 25판 표 §9.7): 21.4초 (15~30) · 탕약 3 (1 안팎) · 최저 생명 29% (35~60)
E2E balance_boss PASS (검사 20)
E2E ▶ player_death
E2E player_death PASS (검사 27)
E2E ▶ wall_cutaway
  · stand=(48, 51) wall=(49, 52) player=(48.5, 0.000391, 51.5) 후보 116칸
E2E wall_cutaway PASS (검사 17)
E2E ▶ floor_seams
  · 헤드리스 — 밝기 실측 생략
E2E floor_seams PASS (검사 3)
E2E ▶ char_light
  · 마을: 키 0.450 오는 쪽 (0.067, 0.643, 0.763) · 보조 0.060 오는 쪽 (-0.079, 0.423, -0.903) (카메라 자리 (0.577, 0.577, 0.577))
  · 헤드리스 — town 스윕 [0.45, 0.15, 0.8] 픽셀 실측 생략 (배우 4명 · glTF 기본값 금속 재질 0)
  · 던전 1층: 키 0.350 오는 쪽 (0.067, 0.643, 0.763) · 보조 0.047 오는 쪽 (-0.079, 0.423, -0.903) (카메라 자리 (0.577, 0.577, 0.577))
  · 헤드리스 — dungeon 스윕 [0.35, 0.8, 1.5] 픽셀 실측 생략 (배우 5명 · glTF 기본값 금속 재질 0)
  · 보스 층: 키 0.350 오는 쪽 (0.067, 0.643, 0.763) · 보조 0.047 오는 쪽 (-0.079, 0.423, -0.903) (카메라 자리 (0.577, 0.577, 0.577))
E2E char_light PASS (검사 100)
E2E ▶ town_layout
  · 광장→입구 내비 경로 41.7u
  · 갈대 154포기
  · 돌담 마디 64 · 바위 89 · 울타리 마디 1
E2E town_layout PASS (검사 60)
E2E ▶ town_approach
  · 문턱까지 클릭 주행 11.67s (캡처·입력 대기 포함)
E2E town_approach PASS (검사 133)
E2E ▶ audio_cues
  · Music 플레이어 재생 중 3 (헤드리스 드라이버에 따라 0일 수 있음)
  · 곡 순환 9곡: dungeon_2 → dungeon_3 → dungeon_1 → dungeon_4 → dungeon_2 → dungeon_1 → dungeon_4 → dungeon_3 → dungeon_4
  · 보통 타격 8번 피치×귀 피로: 1.056×1.0, 1.010×1.0, 0.969×1.0, 0.996×1.0, 0.957×1.0, 1.015×0.8, 0.959×0.8, 1.030×0.8
  · 치명 8번 피치×귀 피로: 1.000×1.0, 1.000×1.0, 1.000×1.0, 1.000×1.0, 1.000×1.0, 1.000×1.0, 1.000×1.0, 1.000×1.0
  · 참격: 시전 → 타격 겹 0.60초 (칼이 닿는 시각 0.60초)
  · 참격: 시전 → 타격 겹 0.60초 (칼이 닿는 시각 0.60초)
  · 돌진베기: 시전 → 타격 겹 0.55초 (칼이 닿는 시각 0.55초)
  · 회오리베기: 시전 → 타격 겹 0.45초 (칼이 닿는 시각 0.45초)
  · 앞 절 소리가 끝남 true (재생 중 0)
  · 동시 처치 5: 빼앗김 0 · 같은 큐 상한에 버림 4 · 동시 재생 최고 39/64 · 울림/호출 kill_extra 5/5 · blood_splat 5/5 · body_fall 5/5 · 막타 5번 실시간 폭 72 ms
  · 레벨업 추임새 doho_levelup = 레벨업 599 ms 뒤
E2E audio_cues PASS (검사 110)
E2E ▶ sfx_limiter
  · stop_music 뒤에도 돌던 음악 플레이어: town.ogg -36.0 dB
  · 소리 하나(enemy_die_1.wav): 끔 -1.500 · 켬 -1.500 dBFS
  · normal 끔: 봉우리 +3.54 dBFS · 1.0 넘는 표본 267 · 몸통 400 ms -9.5 dBFS · 울린 겹 6 · 동시에 울던 SFX 플레이어 5/64
  · normal 켬: 봉우리 -1.00 dBFS · 들어온 +3.41 dBFS → 넘침 2 ppm (한계 80 ppm) · 1.0 넘는 표본 0 · 몸통 400 ms -13.0 dBFS · 울린 겹 6 · 동시에 울던 SFX 플레이어 5/64
  · crit 끔: 봉우리 +8.35 dBFS · 1.0 넘는 표본 1317 · 몸통 400 ms -7.4 dBFS · 울린 겹 8 · 동시에 울던 SFX 플레이어 7/64
  · crit 켬: 봉우리 -1.00 dBFS · 들어온 +7.42 dBFS → 넘침 4 ppm (한계 196 ppm) · 1.0 넘는 표본 0 · 몸통 400 ms -13.5 dBFS · 울린 겹 8 · 동시에 울던 SFX 플레이어 7/64
  · 치명 막타 뒤 남는 줄어듦 -0.56 dB (기준음 -20.00 → -20.56 dBFS, 릴리스 0.20초)
  · triple 끔: 봉우리 +12.01 dBFS · 1.0 넘는 표본 2586 · 몸통 400 ms -6.1 dBFS · 울린 겹 19 · 동시에 울던 SFX 플레이어 16/64
  · triple 켬: 봉우리 -1.00 dBFS · 들어온 +10.91 dBFS → 넘침 8 ppm (한계 351 ppm) · 1.0 넘는 표본 0 · 몸통 400 ms -11.8 dBFS · 울린 겹 19 · 동시에 울던 SFX 플레이어 16/64
  · 엔진 넘침 한계 — 봉우리에서 시작하는 165 Hz +10.5 dB: 들어온 +10.50 dBFS → 넘침 275 ppm (+0.0024 dB, 한계 329 ppm · 옛 판정 200 ppm이면 FAIL)
E2E sfx_limiter PASS (검사 11)
E2E ▶ ui_windows
E2E ui_windows PASS (검사 65)
E2E ▶ story_cutin
E2E story_cutin PASS (검사 26)
E2E ▶ dialogue_band
  · 이름표 글꼴 = 궁서
E2E dialogue_band PASS (검사 71)
E2E ▶ dialogue_event
E2E dialogue_event PASS (검사 49)
E2E ▶ ui_docks
  · none camera settled, player x=640.00
  · right camera settled, player x=424.00
  · right after pickup camera settled, player x=424.00
  · left camera settled, player x=856.00
  · left after movement camera settled, player x=857.42
  · both camera settled, player x=640.27
  · skills and bag camera settled, player x=640.17
  · Esc restores center camera settled, player x=640.10
  · dialog alone camera settled, player x=641.50
  · vendor and bag camera settled, player x=640.00
  · after vendor close camera settled, player x=640.00
  · waypoint alone camera settled, player x=854.59
  · waypoint and bag camera settled, player x=639.73
  · final center camera settled, player x=639.84
E2E ui_docks PASS (검사 61)
E2E ▶ ui_tooltips
E2E ui_tooltips PASS (검사 97)
E2E ▶ belt_unify
E2E belt_unify PASS (검사 15)
E2E ▶ item_ui
E2E item_ui PASS (검사 42)
E2E ▶ skill_picker
E2E skill_picker PASS (검사 191)
E2E ▶ skill_icons
  · 찌르기 원화 대기 — 이름 첫 글자로 대신 (#477·#478 새 칸)
  · 도약 베기 원화 대기 — 이름 첫 글자로 대신 (#477·#478 새 칸)
  · 칼바람 원화 대기 — 이름 첫 글자로 대신 (#477·#478 새 칸)
  · 부적 진 원화 대기 — 이름 첫 글자로 대신 (#477·#478 새 칸)
  · 부적 비 원화 대기 — 이름 첫 글자로 대신 (#477·#478 새 칸)
E2E skill_icons PASS (검사 48)
E2E ▶ vfx_cues
  · 선딜 시트 pos=(44.5, 0.030391, 56.5) 적=(44.5, 0.000391, 56.5) 화면=(593.7165, 331.6754) visible=true frame=5/23
  · 레벨업 道: 발 위 4.30 · 칸 15장 · 흩어짐 0.36(1.55초) · 사라짐 2.02초
  · 루프 103 · 단발 2
E2E vfx_cues PASS (검사 74)
E2E ▶ vfx_cap_blood
  · #395 (고친 뒤) — 둘째 킬 직전 살아 있는 단발 21/24(장식성 패딩 15개) · 새로 생겼나=true · 킬 뒤 살아있는 단발 24 · 피 전용 4/24
E2E vfx_cap_blood PASS (검사 3)
E2E ▶ skill_area
  · 참격: 반지름 2.20 · 각 120° · 칼이 닿는 시각 0.60초
  · 회오리베기: 반지름 2.50 · 칼이 닿는 시각 0.45초
  · 돌진베기: 길이 5.00 (벽에서 끊김 반영) · 반폭 1.10 · 칼이 닿는 시각 0.55초
E2E skill_area PASS (검사 93)
E2E ▶ skill_tiers
  · Lv1: 반경 2.50 → 2.50(배수 1.00) · 타수 1 · 이펙트 등급 0(화면 판단)
  · Lv5: 반경 2.50 → 3.50(배수 1.40) · 타수 1 · 이펙트 등급 1(화면 판단)
  · Lv10: 반경 2.50 → 3.50(배수 1.40) · 타수 2 · 이펙트 등급 2(화면 판단)
E2E skill_tiers PASS (검사 72)
E2E ▶ aoe_skills
  · 무대 = 무리 한가운데 (44.5, 0.0, 56.5) · 도호 (47.32843, 0.0, 59.32843) (화면 아래 4.0u) · 트임 4.0
  · 도약 베기 요약 — 맞음 6/6 · 죽음 3 · 막타 속성 [&""] · 죽음 [&"slide", &"cleave", &"gibs"] · 경직 [0.60000000000002, 0.60000000000002, 0.60000000000002]
  · fire 진 요약 — 맞음 6/6 · 죽음 3 · 막타 속성 [&"fire"] · 죽음 [&"ash"] · 틱 5
  · cold 진 요약 — 맞음 6/6 · 죽음 3 · 막타 속성 [&"cold"] · 죽음 [&"shatter"] · 틱 10
E2E aoe_skills PASS (검사 66)
E2E ▶ aoe_skills_2
  · 무대 = 무리 한가운데 (44.5, 0.0, 56.5) · 트임 3.6 · 화면 위쪽 (-0.707107, 0.0, -0.707107)
  · 찌르기 요약 — 맞음 3/7 [0, 1, 4] · 죽음 3 · 막타 [&"slashed"] · 칼이 닿기까지 0.32초 · 동작 0.63초
  · 칼바람 요약 — 바퀴 9(누른 동안 9) · 박자 0.300초 · 도력 18.0 · 맞힌 합 30 · 맞음 7/7 · 죽음 4 [&"slide", &"cleave"] · 앞으로 6.4u · 뗀 뒤 0.25초에 섬
  · 흩뿌리기 요약 — 장당 맞힌 수 [3, 1, 1] · 맞음 3/7 · 죽음 2 [&"ash"]
  · 부적 비 요약 — 6장 · 맞음 7/7 · 죽음 4 [&"ash"] · 버티는 몸 타는 중 3
E2E aoe_skills_2 PASS (검사 68)
E2E ▶ build_changers
  · 무대 = 한가운데 (44.5, 0.0, 56.5) · 도호 (47.32843, 0.0, 59.32843) (화면 아래 4.0u) · 트임 4.0
  · 처형 — 죽음 cleave/cleave · 면 h
  · 망나니 칼 요약 — 대조 환도 남은 생명 131 · 처형 한 대 · 두 동강 4/8
  · 도깨비불 요약 — 첫 불씨 3 · 무리 재 6/6
  · 이무기 비늘 요약 — 3점 반경 2.50 → 3.50 · 5점 바퀴 1 → 2
  · 사인참사검 요약 — 진 셋 쳐서 선 수: 사인검 2 → 사인참사검 3
  · 본국검 요약 — 맞은 수 보통 [1, 0, 0, 0] → 검기 [1, 1, 1, 1] · 검기 길이 6.8
E2E build_changers PASS (검사 88)
E2E ▶ footsteps
  · step_dirt 15번 (14.8칸 달림), 그때 클립 ["run", "run", "run", "run", "run", "run", "run", "run", "run", "run", "run", "run", "run", "run", "run"]
  · 마을(흙) 발소리 간격 0.269, 0.255, 0.276, 0.262, 0.282, 0.260, 0.262, 0.261, 0.262, 0.262, 0.263, 0.278, 0.251, 0.267 (기대 0.265초)
  · step_stone 9번 (9.9칸 달림), 그때 클립 ["run", "run", "run", "run", "run", "run", "run", "run", "run"]
  · 던전(돌) 발소리 간격 0.259, 0.266, 0.263, 0.266, 0.269, 0.262, 0.260, 0.273 (기대 0.265초)
E2E footsteps PASS (검사 13)
E2E ▶ dungeon_layout
  · 1층 격자 64x64 · 방 6 (한 변 8~14) · 걷는 칸 882(복도 126) · 적 20 { "bandit": 15, "bat": 5 } · 보스 0 · 횃불 48 · 소품 9
  · 1층 모양 갈래 { "bandit_v2": 7, "bandit_v2_dagger": 8 } · 두 갈래가 같이 있는 방 4곳 [1, 2, 4, 5]
  · 2층 격자 28x28 · 방 2 (한 변 7~14) · 걷는 칸 274(복도 45) · 적 2 { "bat": 2 } · 보스 1 · 횃불 16 · 소품 2
  · 2층 모양 갈래 {  } · 두 갈래가 같이 있는 방 0곳 []
E2E dungeon_layout PASS (검사 34)
E2E ▶ beomgul_walk
  · 1층 64x64 · 적 41 · 명단 ["hwajeok", "vampire_bat", "spider"] · 장식 ["Rock 55", "RuinStone 68", "Bones 20", "Fur 12"] · 정예 자리 1
  · 2층 64x64 · 적 22 · 명단 ["hwajeok", "vampire_bat", "spider"] · 장식 ["Rock 40", "RuinStone 54", "Bones 22", "Fur 16"] · 정예 자리 1
  · 3층 32x30 · 적 0 · 명단 [] · 장식 ["Rock 12", "RuinStone 16", "Bones 9", "Fur 3"] · 정예 자리 0
E2E beomgul_walk PASS (검사 46)
E2E ▶ mine_walk
  · 1층 64x64 · 적 20 · 명단 ["plague_miner", "cave_bat", "soemeogi"] · 장식 { "Crate": 2, "Woodpile": 2, "SlagHeap": 1, "Slag": 34, "RuinStone": 17, "Bones": 9, "Timber": 20, "Chain": 3, "ChainFloor": 3, "Rail": 27, "OreCart": 1 } · 정예 자리 1 · 네임드 (-1, -1)
  · 2층 64x64 · 적 26 · 명단 ["plague_miner", "soemeogi", "yacha", "nachalnyeo"] · 장식 { "Woodpile": 1, "Crate": 2, "SlagHeap": 1, "Slag": 38, "RuinStone": 18, "Bones": 8, "Timber": 27, "Chain": 2, "ChainFloor": 2, "Rail": 47, "OreCart": 1 } · 정예 자리 2 · 네임드 (50, 21)
  · 3층 32x30 · 적 2 · 명단 ["soemeogi"] · 장식 { "Slag": 27, "RuinStone": 6, "Bones": 2, "Timber": 7, "Chain": 7, "ChainFloor": 10, "Rail": 13, "OreCart": 1 } · 정예 자리 0 · 네임드 (-1, -1)
E2E mine_walk PASS (검사 66)
E2E ▶ bongmil_walk
  · 1층 72x72 · 적 46 · 명단 ["honbureum_sulsa", "hollin_yeogung_bow2", "hollin_yeogung_spear", "yeou"] · 장식 { "Stele": 9, "SteleFallen": 8, "PaperBits": 47, "Bones": 15, "RuinStone": 54, "RopeIntact": 19 } · 정예 자리 2 · 네임드 (-1, -1) · 봉인석 [(26, 29), (33, 39), (30, 55)] · 고리 [(0, 2), (2, 5), (1, 9)]
  · 2층 72x72 · 적 35 · 명단 ["honbureum_sulsa", "hollin_yeogung_bow2", "hollin_yeogung_spear", "yeou"] · 장식 { "Stele": 3, "SteleFallen": 4, "PaperBits": 42, "Bones": 16, "RuinStone": 29, "RopeIntact": 11 } · 정예 자리 2 · 네임드 (-1, -1) · 봉인석 [(23, 20), (31, 12), (45, 7)] · 고리 [(4, 6), (3, 4), (0, 2), (4, 8)]
  · 3층 72x72 · 적 33 · 명단 ["hollin_yeogung_bow2", "hollin_yeogung_spear", "yeou", "wang_geomi"] · 장식 { "Stele": 6, "SteleFallen": 2, "PaperBits": 38, "Bones": 16, "RuinStone": 40, "RopeIntact": 11 } · 정예 자리 2 · 네임드 (6, 61) · 봉인석 [(22, 44), (59, 11), (63, 39)] · 고리 [(7, 8), (3, 8), (2, 6)]
  · 4층 32x30 · 적 3 · 명단 ["yeou", "yeoubul"] · 장식 { "PaperBits": 8, "Bones": 6, "RuinStone": 11, "RopeIntact": 2 } · 정예 자리 0 · 네임드 (-1, -1) · 봉인석 [] · 고리 []
E2E bongmil_walk PASS (검사 100)
E2E ▶ town_exits
E2E town_exits PASS (검사 8)
E2E ▶ field_layout
  · 자리 10곳 · 모닥불 3 · 자리 둘레 소품 77
  · 들녘 모양 갈래 { "bandit_v2_dagger": 38, "bandit_v2": 33 } · 산적 있는 무리 18 중 두 갈래가 섞인 무리 17
  · 들녘 적 74 { 1: 22, 2: 27, 3: 25 } · 장식 2252 · 무리 18 · 서낭단 (62, 65)
  · 거대 건축물 자리 { "fort_lintel": (119.5388, 38.16928), "stone_pagoda": (89.5, 45.5), "flag_pillar": (86.95444, 48.04556) } · 폐사지 닻 칸 (88.5, 0.0, 44.5)
E2E field_layout PASS (검사 32)
E2E ▶ field2_layout
  · 정령재 적 72 { 4: 21, 5: 23, 6: 14, 7: 14 } · 장식 2821 · 소나무 1028 · 무리 13 · 서낭단 (61, 66)
E2E field2_layout PASS (검사 20)
E2E ▶ gate_hover
E2E gate_hover PASS (검사 6)
E2E ▶ pack_density
  · 정령재 첫 무리(레벨 4 · 구간 1) 자리 둘레 4칸 적 3(무리 배정 3몸) · 층 총 적 72 · 무리 수 13
  · 범굴 1층 첫 방((12, 14)) 적 3 · 층 총 적 41
E2E pack_density PASS (검사 2)
E2E ▶ pack_perf
  · 성능 | N=10(산 10) process 5.74ms + physics 1.94ms = 7.68ms/프레임
  · 성능 | N=20(산 20) process 8.54ms + physics 6.55ms = 15.09ms/프레임
  · 성능 | N=30(산 30) process 9.89ms + physics 6.02ms = 15.92ms/프레임
  · 성능 | N=40(산 40) process 11.09ms + physics 8.56ms = 19.65ms/프레임
  · 성능 | N=60(산 60) process 15.22ms + physics 15.98ms = 31.20ms/프레임
  · ── 표 (§8 잴 것 「밀도: 동시 적 수 ↔ 프레임」)
  · 표 | N=10(산 10) process 5.74ms + physics 1.94ms = 7.68ms/프레임
  · 표 | N=20(산 20) process 8.54ms + physics 6.55ms = 15.09ms/프레임
  · 표 | N=30(산 30) process 9.89ms + physics 6.02ms = 15.92ms/프레임
  · 표 | N=40(산 40) process 11.09ms + physics 8.56ms = 19.65ms/프레임
  · 표 | N=60(산 60) process 15.22ms + physics 15.98ms = 31.20ms/프레임
  · 표 | 예산 8.0ms 안에 드는 가장 큰 N = 10 (동시 추적 적 상한 후보 — 판정 필요)
  · 12몸 무리 — 시작 평균 거리 3.21u → 5초 뒤 2.35u · 제자리 3/12
E2E pack_perf PASS (검사 8)
E2E ▶ slice_loop
E2E slice_loop PASS (검사 29)
E2E ▶ plaza_light
  · 환경광 0.18 · 해 0.33 · 등롱 2.20/4.6 · 플레이어 빛 1.40/4.5 · 캐릭터 빛 0.45
E2E plaza_light PASS (검사 8)
E2E ▶ town_tour
E2E town_tour PASS (검사 2)
E2E ▶ aoe_field
E2E aoe_field PASS (검사 20)
E2E ▶ long_body
E2E long_body PASS (검사 13)
E2E ▶ named_imugi
E2E named_imugi PASS (검사 13)
E2E ▶ serpent_models
E2E serpent_models PASS (검사 18)
E2E ▶ gimmicks
  · 밀치기 실측 0.800u (정격 0.8)
  · 몸 36 동시 — 0.5초에 69프레임 (평균 7.2ms)
E2E gimmicks PASS (검사 33)
E2E ▶ pus_jar
E2E pus_jar PASS (검사 15)
E2E ▶ roles
E2E roles PASS (검사 24)
E2E ▶ roster_swap
E2E roster_swap PASS (검사 19)
E2E ▶ gimmicks_m10
  · 끌림 실측 3.233u (정격 3.233 = 4.18 − 몸 0.35 − stop 0.6)
E2E gimmicks_m10 PASS (검사 23)
E2E ▶ behaviors_m9
  · ① 선 자리 거리 들개 6.0 · 넋 6.0 · 혼불 6.0
  · ① 도호 쪽 빠르기 들개 4.50 · 넋 2.34 · 혼불 4.62 · 넋 흔들림 최대 53°
E2E behaviors_m9 PASS (검사 13)
E2E ▶ female_f1
E2E female_f1 PASS (검사 7)
E2E ▶ female_float
E2E female_float PASS (검사 5)
E2E ▶ m14_models
  · 줄 가운데 = (76.5, 0.0, 74.5) (서낭단 닻 (64, 66))
  · 모양: hollin_yeogung_bow=hollin_yeogung, hollin_yeogung_spear=hollin_yeogung_spear, plague_dog=plague_dog, honbul=honbul, tteodoneun_neok=sobok_gwisin, gaekgwi=sobok_gwisin, mulgwishin=sobok_gwisin, nachalnyeo=nachalnyeo
E2E m14_models PASS (검사 13)
E2E ▶ leader_options
  · 축지 — 도호 곁 1.83칸 · 맞고 옆으로 4.47칸 (잣대 2.29~5.71)
E2E leader_options PASS (검사 20)
E2E ▶ surround
  · 제 자리 0.5u 안 9 (무리가 8 넘은 아홉째는 더 걸어야 하는 바깥 자리 포함)
E2E surround PASS (검사 7)
E2E ▶ item_showcase
  · 바닥 한 줄 6칸: (1.272792, 0.0, 3.687006) → (5.798276, 0.0, 0.858578) (화면 (574.5455, 465.8325) → (914.9091, 511.1803))
  · 더미(한 자리) (3.252691, 0.0, 1.141421) → 화면 (784.0001, 450.7165)
  · 더미 여섯 다시 쌓기 중앙값 0.11ms [0.17 0.11 0.11 0.11 0.11 0.11 0.11]
  · 무리(튀어나옴) (4.24264, 0.0, 1.0) → 화면 (836.3636, 473.3904)
  · 150개 한 점: 다시 쌓기 중앙값 7.15ms [7.27 6.81 7.15 6.88 8.62 7.29 7.04] · 가만히 있는 프레임 중앙값 0.527ms [0.53 0.54 0.51 0.48 0.53]
E2E item_showcase PASS (검사 1704)
E2E ▶ weapon_visibility
E2E weapon_visibility PASS (검사 25)
E2E ▶ first_magic
E2E first_magic PASS (검사 18)
E2E ▶ hover_target
E2E hover_target PASS (검사 45)
E2E ▶ system_menu
E2E system_menu PASS (검사 43)
E2E SUMMARY: 114/115 PASS
  e2e  (1209.1초) — 제한 3600초
실패 1
  ↻ main 에 새 커밋 7개 → git rebase main
  📦 들어온 main 변경: 스크립트 추가·삭제·이름 바뀜 4 (data/story_cutin_db.gd, tests/e2e/scenarios/story_cutin.gd, tests/test_title_first_launch.gd …) · 에셋 6 (assets/sprites/cutins/boss_bulgasari.png, assets/sprites/cutins/boss_heukrang.png, assets/sprites/cutins/boss_jangsanbeom.png …) → 시험 전에 이 자리 임포트 (godot --headless --import)
  ✓ 임포트 19초 · SCRIPT ERROR 1줄 — 판정은 시험이 한다
  ⚡ 빠른 검사 8초 (#396) — ✓ 부팅 검사 SCRIPT ERROR 0 · 오토로드 10/10 · 주 장면 OK (3초) · ✓ 러너 자기검사 PASS 5/5 (5초) → 전체 시험
  🧪 main 위에서 시험 — tools/test.ps1 (코드가 바뀐 착륙은 늘 시험)
✗ 테스트 실패 — main 은 그대로다. 고친 뒤 다시 land
