Godot Engine v4.7.2.stable.steam.ed1daf0bf - https://godotengine.org

ERROR: Failed to read the root certificate store.
   at: get_system_ca_certificates (platform/windows/os_windows.cpp:2582)
ERROR: Could not open 'user://' directory: 'user://'.
   at: _get_and_create_snapshot_storage_dir (modules/objectdb_profiler/editor/objectdb_profiler_panel.cpp:157)
[   0% ] first_scan_filesystem | Started 프로젝트 초기화 (5 steps)
[   0% ] first_scan_filesystem | 파일 구조 스캔 중...
[  16% ] first_scan_filesystem | 전역 클래스 이름을 불러오는 중...
[  33% ] first_scan_filesystem | GDExtensions 검증 중...
[  50% ] first_scan_filesystem | 오토로드 스크립트를 만드는 중...
[  66% ] first_scan_filesystem | 플러그인을 초기화 중...
[  83% ] first_scan_filesystem | 파일 스캔 시작 중...
[ DONE ] first_scan_filesystem

[   0% ] update_scripts_classes | Started 전역 클래스를 등록하는 중... (2 steps)
[   0% ] update_scripts_classes | 
[  33% ] update_scripts_classes | UiSkin
[ DONE ] update_scripts_classes

[   0% ] _update_scan_actions | Started 액션 스캔 중... (8 steps)
[   0% ] _update_scan_actions | lunge.png
[  11% ] _update_scan_actions | slash.png
[  22% ] _update_scan_actions | whirlwind.png
[  33% ] _update_scan_actions | slot.png
[  44% ] _update_scan_actions | blade_storm.png
[  55% ] _update_scan_actions | breath.png
[  66% ] _update_scan_actions | pouch.png
[  77% ] _update_scan_actions | seal_array.png
[ DONE ] _update_scan_actions

[   0% ] reimport | Started 애셋 (다시) 가져오는 중 (8 steps)
[   0% ] reimport | 다시 가져올 파일을 준비 중...
[  11% ] reimport | 다시 가져올 파일을 준비 중...
[  22% ] reimport | 다시 가져올 파일을 준비 중...
[  33% ] reimport | 다시 가져올 파일을 준비 중...
[  44% ] reimport | 다시 가져올 파일을 준비 중...
[  55% ] reimport | 다시 가져올 파일을 준비 중...
[  66% ] reimport | 다시 가져올 파일을 준비 중...
[  77% ] reimport | 다시 가져올 파일을 준비 중...
[   0% ] reimport | 다시 가져오기 전 작업을 수행 중...
[   0% ] reimport | lunge.png
[  11% ] reimport | slash.png
[  22% ] reimport | whirlwind.png
[  33% ] reimport | slot.png
[  44% ] reimport | blade_storm.png
[  55% ] reimport | breath.png
[  66% ] reimport | pouch.png
[  77% ] reimport | seal_array.png
[  88% ] reimport | 애셋 가져오기 마무리 중...
[ DONE ] reimport

[   0% ] reimport | Started 애셋 (다시) 가져오는 중 (8 steps)
[   0% ] reimport | 다시 가져오기 후 작업을 수행 중...
[ DONE ] reimport

[   0% ] loading_editor_layout | Started 편집기를 불러오는 중 (5 steps)
[   0% ] loading_editor_layout | 편집기 레이아웃을 불러오는 중...
[  16% ] loading_editor_layout | 독을 불러오는 중...
[ DONE ] loading_editor_layout

ERROR: Cannot save file 'C:/Program Files (x86)/Steam/steamapps/common/Godot Engine/editor_data/editor_settings-4.7.tres'.
   at: save (scene/resources/resource_format_text.cpp:1768)
ERROR: Error saving editor settings to C:/Program Files (x86)/Steam/steamapps/common/Godot Engine/editor_data/editor_settings-4.7.tres
   at: save (editor/settings/editor_settings.cpp:1525)
