== 단위 테스트 ==
  PASS  test_affixes.gd  AFFIXES_TEST checks=666 fails=0 PASS (14.3초)  (15.6초)
  PASS  test_affix_combat.gd  AFFIX_COMBAT_TEST checks=46 fails=0 PASS  (2.7초)
  PASS  test_aoe_field.gd  AOE_FIELD_TEST fails=0 PASS  (1.5초)
  PASS  test_attack_chain.gd  ATTACK_CHAIN_TEST checks=42 fails=0 PASS  (1.5초)
  PASS  test_attack_seam.gd  ATTACK_SEAM_TEST checks=42 fails=0 PASS  (1.3초)
  PASS  test_audio.gd  AUDIO_TEST fails=0 PASS  (1.9초)
  PASS  test_automap_data.gd  AUTOMAP_DATA_TEST checks=48 fails=0 PASS  (1.8초)
  PASS  test_balance.gd  BALANCE_TEST fails=0 PASS  (43.2초)
  PASS  test_beomgul.gd  BEOMGUL_TEST checks=36 fails=0 PASS  (2.9초)
  PASS  test_char_light.gd  CHAR_LIGHT_TEST checks=71 fails=0 PASS  (1.7초)
  PASS  test_cursor_pick.gd  CURSOR_PICK_TEST fails=0 PASS  (1.3초)
  PASS  test_damage_calc.gd  DAMAGE_CALC_TEST element_checks=258 fails=0 PASS  (1.4초)
  PASS  test_damage_popup.gd  DAMAGE_POPUP_TEST fails=0 PASS  (1.3초)
  PASS  test_data_index.gd  DATA_INDEX_TEST checks=174 fails=0 PASS  (1.4초)
  PASS  test_dialogue.gd  DIALOGUE_TEST fails=0 PASS  (1.6초)
  PASS  test_dialogue_band.gd  DIALOGUE_BAND_TEST fails=0 PASS  (4.6초)
  PASS  test_doho_moves.gd  DOHO_MOVES_TEST checks=64 fails=0 PASS  (1.4초)
  PASS  test_dungeon_gen.gd  DUNGEON_GEN_TEST seeds=20 fails=0 PASS  (1.6초) · 허용 목록 오류 줄 4 거름
  PASS  test_element_affixes.gd  ELEMENT_AFFIXES_TEST fails=0 PASS  (3.2초)
  PASS  test_elites.gd  ELITES_TEST checks=496 fails=0 PASS  (23.5초)
  PASS  test_enemy_ai.gd  ENEMY_AI_TEST checks=742 fails=0 PASS  (6.3초)
  PASS  test_enemy_cadence.gd  ENEMY_CADENCE_TEST checks=41 fails=0 PASS  (2.8초)
  PASS  test_enemy_moves.gd  ENEMY_MOVES_TEST checks=45 fails=0 PASS  (2.7초)
  PASS  test_export_safety.gd  EXPORT_SAFETY_TEST checks=26 fails=0 PASS  (1.5초)
  PASS  test_field_gen.gd  FIELD_GEN_TEST seeds=20 한 번 들녘 139ms · 정령재 214ms fails=0 PASS  (16.9초)
  PASS  test_floor_label_stack.gd  FLOOR_LABEL_STACK_TEST fails=0 PASS  (1.3초)
  PASS  test_footsteps.gd  FOOTSTEPS_TEST checks=39 fails=0 PASS  (1.5초)
  PASS  test_game_clock.gd  GAME_CLOCK_TEST checks=22 fails=0 PASS  (5.4초)
  PASS  test_hit_area.gd  HIT_AREA_TEST fails=0 PASS  (1.6초)
  PASS  test_ink_dissolve.gd  INK_DISSOLVE_TEST fails=0 PASS  (1.3초)
  PASS  test_items.gd  ITEMS_TEST fails=0 PASS  (23.8초)
  PASS  test_item_ui.gd  ITEM_UI_TEST checks=13 fails=0 PASS  (1.3초)
  PASS  test_kill_fx.gd  KILL_FX_TEST fails=0 PASS  (2.1초)
  PASS  test_knock_distance.gd  KNOCK_DISTANCE_TEST checks=44 fails=0 PASS  (2.7초)
  PASS  test_loot.gd  LOOT_TEST checks=54 fails=0 PASS · 8.3초  (9.6초) · 허용 목록 오류 줄 1 거름
  PASS  test_loot_sim.gd  LOOT_SIM_TEST runs=60×2 checks=39 fails=0 PASS · 목표 안 6/9 (밖: 흑랑 전 유니크 42% · 레벨 봉밀굴 앞 다 잡음 +1.7 · 가방 정령재 서낭단부터 55칸) · 9.6초  (10.9초)
  PASS  test_models.gd  MODELS_TEST fails=0 PASS  (3.4초)
  PASS  test_monster_data.gd  MONSTER_DATA_TEST checks=412 fails=0 PASS  (1.4초)
  PASS  test_named.gd  NAMED_TEST checks=23 fails=0 PASS  (3.6초)
  PASS  test_progression.gd  PROGRESSION_TEST fails=0 PASS  (1.3초)
  PASS  test_pus_jar.gd  PUS_JAR_TEST checks=34 fails=0 PASS  (2.9초)
  PASS  test_quests.gd  QUEST_TEST fails=0 PASS  (1.6초)
  PASS  test_quest_journal.gd  QUEST_JOURNAL_TEST fails=0 PASS  (1.6초)
  PASS  test_role_stats.gd  ROLE_STATS_TEST checks=15 fails=0 PASS  (1.3초)
  PASS  test_roster.gd  ROSTER_TEST checks=93 fails=0 PASS  (19.5초)
  PASS  test_save.gd  SAVE_TEST fails=0 PASS  (1.8초)
  PASS  test_sets.gd  SETS_TEST checks=214 fails=0 PASS  (11.5초)
  PASS  test_status.gd  STATUS_TEST checks=80 fails=0 PASS  (1.3초)
  PASS  test_stat_caps.gd  STAT_CAPS_TEST checks=62 fails=0 PASS  (1.3초)
  PASS  test_surround.gd  SURROUND_TEST checks=34 fails=0 PASS  (1.3초)
  PASS  test_talismans.gd  TALISMANS_TEST checks=88 fails=0 PASS  (4.7초)
  PASS  test_town.gd  TOWN_TEST fails=0 PASS  (2.0초)
  PASS  test_vfx.gd  VFX_TEST fails=0 PASS  (1.5초)
  PASS  settings restart write  SETTINGS_RESTART_TEST mode=write fails=0 PASS  (1.3초)
  PASS  settings restart read  SETTINGS_RESTART_TEST mode=read fails=0 PASS  (1.3초)
  PASS  motion_audit.gd --selftest  MOTION_AUDIT_TEST checks=39 fails=0 PASS  (1.3초)
  PASS  look_audit.gd --selftest  LOOK_AUDIT_TEST checks=36 fails=0 PASS  (1.3초)
  PASS  robe_probe.gd --selftest  ROBE_PROBE_TEST checks=13 fails=0 PASS  (1.3초)
  PASS  dungeon_stats.gd --selftest  DUNGEON_STATS_TEST checks=28 fails=0 PASS  (1.5초)
  PASS  vfx_sheet.py --selftest  VFX_SHEET_TEST fails=0 PASS  (0.4초)
  PASS  audio_intake.py --selftest  AUDIO_INTAKE_TEST fails=0 PASS  (1.6초)
  PASS  board.py --selftest  BOARD_TEST fails=0 PASS  (0.1초)
  PASS  sfx_gen.py --selftest  SFX_GEN_TEST fails=0 PASS  (1.2초)
  PASS  wt.py --selftest  WT_TEST checks=117 fails=0 PASS (50.4s)  (50.5초)
  PASS  doc_budget.py --selftest  DOC_BUDGET_TEST checks=7 fails=0 PASS  (0.5초)
  PASS  albedo_ops.py --selftest  ALBEDO_OPS_TEST checks=41 fails=0 PASS  (2.0초)
  PASS  anim_retime.py --selftest  ANIM_RETIME_TEST checks=98 fails=0 PASS  (0.1초)
  PASS  glb_pose.py --selftest  GLB_POSE_TEST checks=32 fails=0 PASS  (0.3초)
  PASS  export_check.py --selftest  EXPORT_CHECK_TEST checks=19 fails=0 PASS  (0.1초)
== 외형 표 (look_audit — 출력만, 실패로 세지 않음) ==
    가족         삼각형  텍스처     밝기   채도   대비   텍셀/유닛  판정
    PC 도호      11999   1024       0.241  0.288  0.155  602        OK
    적 산적      8112    2048       0.345  0.237  0.146  1205       X 밀도
    적 부적술사  8096    2048       0.380  0.160  0.151  1205       X 밀도
    보스 흑랑    10000   1024       0.220  0.184  0.085  589        OK
    NPC 김 영감  8243    1024       0.357  0.211  0.149  683        OK
    NPC 무당     8094    1024       0.362  0.380  0.150  683        X 채도
    NPC 촌장     7742    1024       0.253  0.183  0.151  640        OK
    배경 좌판    452     1254       0.357  0.222  0.206  468        X 채도
    배경 항아리  288     단색       0.098  0.633  0.000  -          X 밝기,채도
    배경 등롱    96      1254+단색  0.406  0.398  0.213  1990       X 채도,밀도
    배경 바닥    12      1024       0.320  0.190  0.090  1024       X 밀도
    배경 벽      20      1024       0.320  0.192  0.090  512        OK
    드랍 병      1200    512        0.231  0.375  0.068  1280       X 채도,밀도
    드랍 검      250     512+단색   0.377  0.250  0.245  1024       X 밀도
    LOOK_AUDIT 밴드 밖 9 / 14 — 적 산적(밀도), 적 부적술사(밀도), NPC 무당(채도), 배경 좌판(채도), 배경 항아리(밝기,채도), 배경 등롱(채도,밀도), 배경 바닥(밀도), 드랍 병(채도,밀도), 드랍 검(밀도)  (출력만)  (2.0초)
전부 PASS
