== e2e 러너 자기검사 ==
  PASS  E2E_SELFTEST PASS (판정 일치 5/5)  (3.4초)
== e2e (icon_intake,item_ui,ui_tooltips,ui_docks,ui_windows,hover_target,vendor_quest,pickup_equip,loot_drop,potion_tiers,quest_journal,boss_floor) ==
E2E start: icon_intake, item_ui, ui_tooltips, ui_docks, ui_windows, hover_target, vendor_quest, pickup_equip, loot_drop, potion_tiers, quest_journal, boss_floor
E2E ▶ icon_intake
E2E icon_intake PASS (검사 196)
E2E ▶ item_ui
E2E item_ui PASS (검사 42)
E2E ▶ ui_tooltips
E2E ui_tooltips PASS (검사 97)
E2E ▶ ui_docks
  · none camera settled, player x=640.00
  · right camera settled, player x=424.00
  · right after pickup camera settled, player x=424.00
  · left camera settled, player x=856.00
  · left after movement camera settled, player x=857.40
  · both camera settled, player x=640.27
  · skills and bag camera settled, player x=640.16
  · Esc restores center camera settled, player x=640.10
  · dialog alone camera settled, player x=641.50
  · vendor and bag camera settled, player x=640.00
  · after vendor close camera settled, player x=640.00
  · waypoint alone camera settled, player x=854.56
  · waypoint and bag camera settled, player x=639.72
  · final center camera settled, player x=639.83
E2E ui_docks PASS (검사 61)
E2E ▶ ui_windows
E2E ui_windows PASS (검사 60)
E2E ▶ hover_target
E2E hover_target PASS (검사 45)
E2E ▶ vendor_quest
E2E vendor_quest PASS (검사 36)
E2E ▶ pickup_equip
E2E pickup_equip PASS (검사 37)
E2E ▶ loot_drop
E2E loot_drop PASS (검사 24)
E2E ▶ potion_tiers
E2E potion_tiers PASS (검사 10)
E2E ▶ quest_journal
  · revision 타입: 저장 전 2 · JSON 복원 3
E2E quest_journal PASS (검사 48)
E2E ▶ boss_floor
  · 겹침: 송곳니 금 광선 = 封 가운데에서 0.92유닛(封 반폭 1.8 · 반깊이 1.62) · 조각 자리에서 0.86유닛(파문 반지름 1.1)
  · 흑랑 처치 封: 먹 폭 3.6 → 0.36 · 사라짐 4.57초
E2E boss_floor PASS (검사 43)
E2E SUMMARY: 12/12 PASS
  e2e  (98.9초) — 제한 3600초
전부 PASS
