[aist#0:1/pcm_s16le @ 000001480c01fa80] Guessed Channel Layout: stereo
Input #0, avi, from 'C:\workspace\joseon\._tmp\assets_545\reports\545\motion\motgol_title_native.avi':
  Duration: 00:00:06.00, start: 0.000000, bitrate: 24104 kb/s
  Stream #0:0: Video: mjpeg (Baseline) (MJPG / 0x47504A4D), yuvj420p(pc, bt470bg/unknown/unknown), 1280x720 [SAR 1:1 DAR 16:9], 22716 kb/s, 24 fps, 24 tbr, 24 tbn
  Stream #0:1: Audio: pcm_s16le ([1][0][0][0] / 0x0001), 48000 Hz, stereo, s16, 1536 kb/s
Stream mapping:
  Stream #0:0 -> #0:0 (mjpeg (native) -> h264 (libx264))
Press [q] to stop, [?] for help
[swscaler @ 000001480c29c980] deprecated pixel format used, make sure you did set range correctly
[libx264 @ 000001480c021200] using SAR=1/1
[libx264 @ 000001480c021200] using cpu capabilities: MMX2 SSE2Fast SSSE3 SSE4.2 AVX FMA3 BMI2 AVX2
[libx264 @ 000001480c021200] profile High, level 3.1, 4:2:0, 8-bit
[libx264 @ 000001480c021200] 264 - core 165 r3223 0480cb0 - H.264/MPEG-4 AVC codec - Copyleft 2003-2025 - http://www.videolan.org/x264.html - options: cabac=1 ref=3 deblock=1:0:0 analyse=0x3:0x113 me=hex subme=7 psy=1 psy_rd=1.00:0.00 mixed_ref=1 me_range=16 chroma_me=1 trellis=1 8x8dct=1 cqm=0 deadzone=21,11 fast_pskip=1 chroma_qp_offset=-2 threads=22 lookahead_threads=3 sliced_threads=0 nr=0 decimate=1 interlaced=0 bluray_compat=0 constrained_intra=0 bframes=3 b_pyramid=2 b_adapt=1 b_bias=0 direct=1 weightb=1 open_gop=0 weightp=2 keyint=250 keyint_min=24 scenecut=40 intra_refresh=0 rc_lookahead=40 rc=crf mbtree=1 crf=19.0 qcomp=0.60 qpmin=0 qpmax=69 qpstep=4 ip_ratio=1.40 aq=1:1.00
Output #0, mp4, to 'C:\workspace\joseon\._tmp\assets_545\reports\545\motion\motgol_title_fx.mp4':
  Metadata:
    encoder         : Lavf62.12.100
  Stream #0:0: Video: h264 (avc1 / 0x31637661), yuv420p(pc, bt470bg/unknown/unknown, progressive), 1280x720 [SAR 1:1 DAR 16:9], q=2-31, 24 fps, 12288 tbn
    Metadata:
      encoder         : Lavc62.28.100 libx264
    Side data:
      CPB properties: bitrate max/min/avg: 0/0/0 buffer size: 0 vbv_delay: N/A
[mp4 @ 000001480c026540] Starting second pass: moving the moov atom to the beginning of the file
[out#0/mp4 @ 000001480c01fd40] video:192KiB audio:0KiB subtitle:0KiB other streams:0KiB global headers:0KiB muxing overhead: 1.320335%
frame=  144 fps=0.0 q=-1.0 Lsize=     195KiB time=00:00:05.91 bitrate= 269.7kbits/s speed=17.5x elapsed=0:00:00.33    
[libx264 @ 000001480c021200] frame I:1     Avg QP:12.28  size:162384
[libx264 @ 000001480c021200] frame P:36    Avg QP:14.73  size:   672
[libx264 @ 000001480c021200] frame B:107   Avg QP:19.52  size:    90
[libx264 @ 000001480c021200] consecutive B-frames:  0.7%  0.0%  2.1% 97.2%
[libx264 @ 000001480c021200] mb I  I16..4: 11.0% 85.1%  3.9%
[libx264 @ 000001480c021200] mb P  I16..4:  0.0%  0.0%  0.0%  P16..4:  3.3%  0.2%  0.2%  0.0%  0.0%    skip:96.3%
[libx264 @ 000001480c021200] mb B  I16..4:  0.0%  0.0%  0.0%  B16..8:  0.9%  0.0%  0.0%  direct: 0.0%  skip:99.0%  L0:47.4% L1:51.8% BI: 0.7%
[libx264 @ 000001480c021200] 8x8 transform intra:85.1% inter:94.7%
[libx264 @ 000001480c021200] coded y,uvDC,uvAC intra: 82.4% 61.3% 39.5% inter: 0.2% 0.6% 0.0%
[libx264 @ 000001480c021200] i16 v,h,dc,p: 61% 29%  9%  1%
[libx264 @ 000001480c021200] i8 v,h,dc,ddl,ddr,vr,hd,vl,hu: 16% 26% 27%  4%  4%  3%  7%  5%  9%
[libx264 @ 000001480c021200] i4 v,h,dc,ddl,ddr,vr,hd,vl,hu: 27% 26% 15%  6%  6%  5%  5%  4%  7%
[libx264 @ 000001480c021200] i8c dc,h,v,p: 46% 31% 18%  5%
[libx264 @ 000001480c021200] Weighted P-Frames: Y:0.0% UV:0.0%
[libx264 @ 000001480c021200] ref P L0: 86.2%  2.4%  3.1%  8.2%
[libx264 @ 000001480c021200] ref B L0: 83.1% 13.0%  3.9%
[libx264 @ 000001480c021200] ref B L1: 91.2%  8.8%
[libx264 @ 000001480c021200] kb/s:261.54
