== 단위 테스트 ==
  PASS  test_affixes.gd  AFFIXES_TEST checks=666 fails=0 PASS (27.6초)  (30.4초) · 허용 목록 오류 줄 1 거름
  PASS  test_affix_combat.gd  AFFIX_COMBAT_TEST checks=49 fails=0 PASS  (3.1초) · 허용 목록 오류 줄 1 거름
  PASS  test_animation_clock.gd  ANIMATION_CLOCK_TEST checks=28 fails=0 PASS  (3.8초) · 허용 목록 오류 줄 1 거름
  PASS  test_animation_sample.gd  ANIMATION_SAMPLE_TEST checks=28 fails=0 PASS  (1.7초) · 허용 목록 오류 줄 1 거름
  PASS  test_animation_tick_sample.gd  ANIMATION_TICK_SAMPLE_TEST checks=11 fails=0 PASS  (1.8초) · 허용 목록 오류 줄 1 거름
  PASS  test_aoe_field.gd  AOE_FIELD_TEST fails=0 PASS  (1.9초) · 허용 목록 오류 줄 1 거름
  PASS  test_aoe_skills.gd  AOE_SKILLS_TEST checks=63 fails=0 PASS  (1.7초) · 허용 목록 오류 줄 1 거름
  PASS  test_aoe_skills_2.gd  AOE_SKILLS_2_TEST checks=69 fails=0 PASS  (1.8초) · 허용 목록 오류 줄 1 거름
  PASS  test_area_title.gd  AREA_TITLE_TEST fails=0 PASS  (2.9초) · 허용 목록 오류 줄 1 거름
  PASS  test_aspd_steps.gd  ASPD_STEPS_TEST checks=56 fails=0 PASS  (1.7초) · 허용 목록 오류 줄 1 거름
  PASS  test_attack_chain.gd  ATTACK_CHAIN_TEST checks=50 fails=0 PASS  (2.2초) · 허용 목록 오류 줄 1 거름
  PASS  test_attack_seam.gd  ATTACK_SEAM_TEST checks=46 fails=0 PASS  (1.9초) · 허용 목록 오류 줄 1 거름
  PASS  test_audio.gd  AUDIO_TEST fails=0 PASS  (2.3초) · 허용 목록 오류 줄 1 거름
  PASS  test_automap_data.gd  AUTOMAP_DATA_TEST checks=48 fails=0 PASS  (2.4초) · 허용 목록 오류 줄 1 거름
  PASS  test_balance.gd  BALANCE_TEST fails=0 PASS  (192.5초) · 허용 목록 오류 줄 1 거름
  PASS  test_balance_rng.gd  BALANCE_RNG_TEST checks=48 fails=0 PASS  (11.0초) · 허용 목록 오류 줄 1 거름
  PASS  test_beomgul.gd  BEOMGUL_TEST checks=39 fails=0 PASS  (3.6초) · 허용 목록 오류 줄 1 거름
  PASS  test_body_arts.gd  BODY_ARTS_TEST checks=96 fails=0 PASS  (2.1초) · 허용 목록 오류 줄 1 거름
  PASS  test_body_navigation.gd  BODY_NAVIGATION_TEST checks=31 fails=0 PASS  (1.8초) · 허용 목록 오류 줄 1 거름
  PASS  test_bongmil.gd  BONGMIL_TEST checks=173 fails=0 PASS  (20.5초) · 허용 목록 오류 줄 1 거름
  PASS  test_boss_uniques.gd  BOSS_UNIQUES_TEST checks=62 fails=0 PASS  (3.3초) · 허용 목록 오류 줄 1 거름
  PASS  test_build_changers.gd  BUILD_CHANGERS_TEST checks=103 fails=0 PASS  (1.7초) · 허용 목록 오류 줄 1 거름
  PASS  test_build_info.gd  BUILD_INFO_TEST checks=19 fails=0 PASS  (1.8초) · 허용 목록 오류 줄 1 거름
  PASS  test_bulgasari.gd  BULGASARI_TEST checks=87 fails=0 PASS  (5.7초) · 허용 목록 오류 줄 1 거름
  PASS  test_character_profiles.gd  CHARACTER_PROFILES_TEST checks=36 fails=0 PASS  (2.2초) · 허용 목록 오류 줄 1 거름
  PASS  test_char_light.gd  CHAR_LIGHT_TEST checks=71 fails=0 PASS  (2.1초) · 허용 목록 오류 줄 1 거름
  PASS  test_combat_trace.gd  COMBAT_TRACE_TEST checks=48 fails=0 PASS  (2.2초) · 허용 목록 오류 줄 1 거름
  PASS  test_combinations.gd  COMBINATIONS_TEST checks=50 fails=0 PASS  (2.6초) · 허용 목록 오류 줄 1 거름
  PASS  test_combo_codex.gd  COMBO_CODEX_TEST checks=82 fails=0 PASS  (2.4초) · 허용 목록 오류 줄 1 거름
  PASS  test_cursor_pick.gd  CURSOR_PICK_TEST fails=0 PASS  (1.7초) · 허용 목록 오류 줄 1 거름
  PASS  test_damage_calc.gd  DAMAGE_CALC_TEST element_checks=470 fails=0 PASS  (1.8초) · 허용 목록 오류 줄 1 거름
  PASS  test_damage_popup.gd  DAMAGE_POPUP_TEST fails=0 PASS  (1.7초) · 허용 목록 오류 줄 1 거름
  PASS  test_data_index.gd  DATA_INDEX_TEST checks=209 fails=0 PASS  (2.0초) · 허용 목록 오류 줄 1 거름
  PASS  test_death_pick.gd  DEATH_PICK_TEST fails=0 PASS  (1.7초) · 허용 목록 오류 줄 1 거름
  PASS  test_dialogue.gd  DIALOGUE_TEST fails=0 PASS  (2.2초) · 허용 목록 오류 줄 1 거름
  PASS  test_dialogue_band.gd  DIALOGUE_BAND_TEST fails=0 PASS  (5.1초) · 허용 목록 오류 줄 1 거름
  PASS  test_doho_moves.gd  DOHO_MOVES_TEST checks=64 fails=0 PASS  (1.8초) · 허용 목록 오류 줄 1 거름
  PASS  test_dungeon_gen.gd  DUNGEON_GEN_TEST seeds=20 fails=0 PASS  (2.4초) · 허용 목록 오류 줄 6 거름
  PASS  test_element_affixes.gd  ELEMENT_AFFIXES_TEST fails=0 PASS  (4.7초) · 허용 목록 오류 줄 1 거름
  PASS  test_elites.gd  ELITES_TEST checks=526 fails=0 PASS  (45.9초) · 허용 목록 오류 줄 1 거름
  PASS  test_enemy_ai.gd  ENEMY_AI_TEST checks=786 fails=0 PASS  (8.3초) · 허용 목록 오류 줄 1 거름
  PASS  test_enemy_cadence.gd  ENEMY_CADENCE_TEST checks=41 fails=0 PASS  (3.3초) · 허용 목록 오류 줄 1 거름
  PASS  test_enemy_moves.gd  ENEMY_MOVES_TEST checks=45 fails=0 PASS  (3.1초) · 허용 목록 오류 줄 1 거름
  PASS  test_export_safety.gd  EXPORT_SAFETY_TEST checks=26 fails=0 PASS  (4.9초) · 허용 목록 오류 줄 1 거름
  PASS  test_field_gen.gd  FIELD_GEN_TEST seeds=20 한 번 들녘 219ms · 정령재 446ms fails=0 PASS  (42.9초) · 허용 목록 오류 줄 1 거름
  PASS  test_float_motion.gd  FLOAT_MOTION_TEST checks=67 fails=0 PASS  (1.8초) · 허용 목록 오류 줄 1 거름
  PASS  test_floor_label_stack.gd  FLOOR_LABEL_STACK_TEST fails=0 PASS  (1.8초) · 허용 목록 오류 줄 1 거름
  PASS  test_footsteps.gd  FOOTSTEPS_TEST checks=39 fails=0 PASS  (1.9초) · 허용 목록 오류 줄 1 거름
  PASS  test_gamble.gd  GAMBLE_TEST checks=57 fails=0 PASS  (16.6초) · 허용 목록 오류 줄 1 거름
  PASS  test_game_clock.gd  GAME_CLOCK_TEST checks=22 fails=0 PASS  (6.0초) · 허용 목록 오류 줄 1 거름
  PASS  test_hit_area.gd  HIT_AREA_TEST fails=0 PASS  (2.0초) · 허용 목록 오류 줄 1 거름
  PASS  test_hud_resource_text.gd  HUD_RESOURCE_TEXT_TEST checks=15 fails=0 PASS  (1.7초) · 허용 목록 오류 줄 1 거름
  PASS  test_ink_dissolve.gd  INK_DISSOLVE_TEST fails=0 PASS  (1.7초) · 허용 목록 오류 줄 1 거름
  PASS  test_items.gd  ITEMS_TEST fails=0 PASS  (53.5초) · 허용 목록 오류 줄 1 거름
  PASS  test_item_dictionary.gd  ITEM_DICTIONARY_TEST checks=48 fails=0 PASS  (2.7초) · 허용 목록 오류 줄 1 거름
  PASS  test_item_services_ui.gd  ITEM_SERVICES_UI_TEST checks=125 fails=0 PASS  (2.0초) · 허용 목록 오류 줄 1 거름
  PASS  test_item_ui.gd  ITEM_UI_TEST checks=69 fails=0 PASS  (1.8초) · 허용 목록 오류 줄 1 거름
  PASS  test_jangsanbeom.gd  JANGSANBEOM_TEST checks=77 fails=0 PASS  (8.8초) · 허용 목록 오류 줄 1 거름
  PASS  test_kill_fx.gd  KILL_FX_TEST fails=0 PASS  (2.6초) · 허용 목록 오류 줄 1 거름
  PASS  test_knock_distance.gd  KNOCK_DISTANCE_TEST checks=68 fails=0 PASS  (3.8초) · 허용 목록 오류 줄 1 거름
  PASS  test_loot.gd  LOOT_TEST checks=68 fails=0 PASS · 26.2초  (28.1초) · 허용 목록 오류 줄 1 거름
  PASS  test_loot_sim.gd  LOOT_SIM_TEST runs=60×2 checks=44 fails=0 PASS · 목표 안 7/9 (밖: 레벨 봉밀굴 앞 다 잡음 +1.6 · 가방 정령재 서낭단부터 51칸) · 20.6초  (23.5초) · 허용 목록 오류 줄 1 거름
  PASS  test_mine.gd  MINE_TEST checks=135 fails=0 PASS  (10.7초) · 허용 목록 오류 줄 1 거름
  PASS  test_models.gd  MODELS_TEST fails=0 PASS  (7.1초) · 허용 목록 오류 줄 1 거름
  PASS  test_monster_data.gd  MONSTER_DATA_TEST checks=639 fails=0 PASS  (1.9초) · 허용 목록 오류 줄 1 거름
  PASS  test_named.gd  NAMED_TEST checks=36 fails=0 PASS  (4.4초) · 허용 목록 오류 줄 1 거름
  PASS  test_pack_density.gd  PACK_DENSITY_TEST 들녘(Lv1~3): 무리 크기 2~5(평균 3.8, 323개 실측) · 무리 수 14~18 · 크기 데이터 3~5(easy 2~3)  (15.1초) · 허용 목록 오류 줄 1 거름
  PASS  test_player_resource_clock.gd  PLAYER_RESOURCE_CLOCK_TEST checks=16 fails=0 PASS  (2.0초) · 허용 목록 오류 줄 1 거름
  PASS  test_potion_regen.gd  POTION_REGEN_TEST checks=46 fails=0 PASS  (2.0초) · 허용 목록 오류 줄 1 거름
  PASS  test_profiles_restart.gd  PROFILES_RESTART_TEST checks=2 fails=0 PASS  (15.0초) · 허용 목록 오류 줄 1 거름
  PASS  test_progression.gd  PROGRESSION_TEST fails=0 PASS  (1.8초) · 허용 목록 오류 줄 1 거름
  PASS  test_pus_jar.gd  PUS_JAR_TEST checks=34 fails=0 PASS  (3.6초) · 허용 목록 오류 줄 1 거름
  PASS  test_quad_family.gd  QUAD_FAMILY_TEST checks=71 fails=0 PASS  (2.3초) · 허용 목록 오류 줄 1 거름
  PASS  test_quests.gd  QUEST_TEST fails=0 PASS  (2.2초) · 허용 목록 오류 줄 1 거름
  PASS  test_quest_journal.gd  QUEST_JOURNAL_TEST fails=0 PASS  (2.1초) · 허용 목록 오류 줄 1 거름
  PASS  test_recipes.gd  RECIPES_TEST checks=346 fails=0 PASS  (2.6초) · 허용 목록 오류 줄 1 거름
  PASS  test_role_stats.gd  ROLE_STATS_TEST checks=22 fails=0 PASS  (1.8초) · 허용 목록 오류 줄 1 거름
  PASS  test_room_props.gd  ROOM_PROPS_TEST checks=65 fails=0 PASS  (22.6초) · 허용 목록 오류 줄 1 거름
  PASS  test_roster.gd  ROSTER_TEST checks=177 fails=0 PASS  (36.7초) · 허용 목록 오류 줄 1 거름
  PASS  test_save.gd  SAVE_TEST fails=0 PASS  (2.4초) · 허용 목록 오류 줄 1 거름
  PASS  test_sets.gd  SETS_TEST checks=215 fails=0 PASS  (22.6초) · 허용 목록 오류 줄 1 거름
  PASS  test_sockets.gd  SOCKETS_TEST checks=58 fails=0 PASS  (12.6초) · 허용 목록 오류 줄 1 거름
  PASS  test_stash.gd  STASH_TEST checks=100 fails=0 PASS  (2.3초) · 허용 목록 오류 줄 1 거름
  PASS  test_status.gd  STATUS_TEST checks=80 fails=0 PASS  (1.7초) · 허용 목록 오류 줄 1 거름
  PASS  test_stat_caps.gd  STAT_CAPS_TEST checks=62 fails=0 PASS  (1.7초) · 허용 목록 오류 줄 1 거름
  PASS  test_surround.gd  SURROUND_TEST checks=37 fails=0 PASS  (1.7초) · 허용 목록 오류 줄 1 거름
  PASS  test_sword_trail.gd  SWORD_TRAIL_TEST checks=39 fails=0 PASS  (1.7초) · 허용 목록 오류 줄 1 거름
  PASS  test_talismans.gd  TALISMANS_TEST checks=88 fails=0 PASS  (7.0초) · 허용 목록 오류 줄 1 거름
  PASS  test_title_first_launch.gd  TITLE_FIRST_LAUNCH_TEST fails=0 PASS  (4.7초) · 허용 목록 오류 줄 1 거름
  PASS  test_town.gd  TOWN_TEST fails=0 PASS  (3.3초) · 허용 목록 오류 줄 1 거름
  PASS  test_town_gate.gd  TOWN_GATE_TEST checks=24 fails=0 PASS  (1.9초) · 허용 목록 오류 줄 1 거름
  PASS  test_vfx.gd  VFX_TEST fails=0 PASS  (1.9초) · 허용 목록 오류 줄 1 거름
  PASS  settings restart write  SETTINGS_RESTART_TEST mode=write fails=0 PASS  (1.7초) · 허용 목록 오류 줄 1 거름
  PASS  settings restart read  SETTINGS_RESTART_TEST mode=read fails=0 PASS  (1.7초) · 허용 목록 오류 줄 1 거름
  PASS  motion_audit.gd --selftest  MOTION_AUDIT_TEST checks=66 fails=0 PASS  (2.0초) · 허용 목록 오류 줄 1 거름
  PASS  look_audit.gd --selftest  LOOK_AUDIT_TEST checks=36 fails=0 PASS  (1.7초) · 허용 목록 오류 줄 1 거름
  PASS  robe_probe.gd --selftest  ROBE_PROBE_TEST checks=13 fails=0 PASS  (1.7초) · 허용 목록 오류 줄 1 거름
  PASS  dungeon_stats.gd --selftest  DUNGEON_STATS_TEST checks=28 fails=0 PASS  (1.9초) · 허용 목록 오류 줄 1 거름
  PASS  unit_verdict.py --selftest  UNIT_VERDICT_TEST checks=33 fails=0 PASS  (0.2초)
  PASS  e2e_shards.py --selftest  E2E_SHARDS_TEST checks=22 fails=0 PASS  (0.1초)
  PASS  vfx_sheet.py --selftest  VFX_SHEET_TEST fails=0 PASS  (0.6초)
  PASS  audio_intake.py --selftest  AUDIO_INTAKE_TEST fails=0 PASS  (2.4초)
  PASS  board.py --selftest  BOARD_TEST fails=0 PASS  (0.2초)
  PASS  sfx_gen.py --selftest  SFX_GEN_TEST fails=0 PASS  (1.3초)
  PASS  balance_replay.py --selftest  BALANCE_REPLAY_TEST checks=57 fails=0 PASS  (0.4초)
  PASS  combat_trace_compare.py --selftest  COMBAT_TRACE_COMPARE_TEST checks=42 fails=0 PASS  (0.4초)
  PASS  wt.py --selftest  WT_TEST checks=150 fails=0 PASS (156.2s)  (156.4초)
  PASS  doc_budget.py --selftest  DOC_BUDGET_TEST checks=7 fails=0 PASS  (0.8초)
  PASS  albedo_ops.py --selftest  ALBEDO_OPS_TEST checks=50 fails=0 PASS  (2.1초)
  PASS  comfy_char.py --selftest  COMFY_CHAR_TEST checks=59 fails=0 PASS  (0.3초)
  PASS  anim_retime.py --selftest  ANIM_RETIME_TEST checks=98 fails=0 PASS  (0.2초)
  PASS  glb_pose.py --selftest  GLB_POSE_TEST checks=32 fails=0 PASS  (0.3초)
  PASS  quad_gait.py --selftest  QUAD_GAIT_TEST checks=27 fails=0 PASS  (8.6초)
  PASS  item_dictionary.py --selftest  ITEM_DICTIONARY_TEST checks=45 fails=0 PASS  (0.3초)
  PASS  export_check.py --selftest  EXPORT_CHECK_TEST checks=19 fails=0 PASS  (0.1초)
  PASS  build.py --selftest  BUILD_TEST checks=18 fails=0 PASS  (0.7초)
== 외형 표 (look_audit ? 출력만, 실패로 세지 않음) ==
    가족         삼각형  텍스처     밝기   채도   대비   텍셀/유닛  판정
    PC 도호      11999   1024       0.241  0.288  0.155  602        OK
    적 산적      8112    2048       0.345  0.237  0.146  1205       X 밀도
    적 부적술사  8096    2048       0.380  0.160  0.151  1205       X 밀도
    보스 흑랑    10000   1024       0.220  0.184  0.085  589        OK
    NPC 김 영감  8243    1024       0.357  0.211  0.149  683        OK
    NPC 무당     8094    1024       0.362  0.380  0.150  683        X 채도
    NPC 촌장     7742    1024       0.253  0.183  0.151  640        OK
    배경 좌판    452     1254       0.357  0.222  0.206  468        X 채도
    배경 항아리  288     단색       0.098  0.633  0.000  -          X 밝기,채도
    배경 등롱    96      1254+단색  0.406  0.398  0.213  1990       X 채도,밀도
    배경 바닥    12      1024       0.320  0.190  0.090  1024       X 밀도
    배경 벽      20      1024       0.320  0.192  0.090  512        OK
    드랍 병      1200    512        0.231  0.375  0.068  1280       X 채도,밀도
    드랍 검      250     512+단색   0.377  0.250  0.245  1024       X 밀도
    LOOK_AUDIT 밴드 밖 9 / 14 ? 적 산적(밀도), 적 부적술사(밀도), NPC 무당(채도), 배경 좌판(채도), 배경 항아리(밝기,채도), 배경 등롱(채도,밀도), 배경 바닥(밀도), 드랍 병(채도,밀도), 드랍 검(밀도)  (출력만)  (2.7초)
전부 PASS
