Input #0, mov,mp4,m4a,3gp,3g2,mj2, from 'C:\workspace\joseon-assets\reports\455\final\04_cave_entry.mp4':
  Metadata:
    major_brand     : isom
    minor_version   : 512
    compatible_brands: isomiso2avc1mp41
    encoder         : Lavf61.7.100
  Duration: 00:00:07.53, start: 0.000000, bitrate: 2778 kb/s
  Stream #0:0[0x1](und): Video: h264 (High) (avc1 / 0x31637661), yuvj420p(pc, bt470bg/unknown/unknown, progressive), 1280x720 [SAR 1:1 DAR 16:9], 2573 kb/s, 30 fps, 30 tbr, 15360 tbn (default)
      Metadata:
        handler_name    : VideoHandler
        vendor_id       : [0][0][0][0]
        encoder         : Lavc61.19.100 libx264
  Stream #0:1[0x2](und): Audio: aac (LC) (mp4a / 0x6134706D), 48000 Hz, stereo, fltp, 194 kb/s (default)
      Metadata:
        handler_name    : SoundHandler
        vendor_id       : [0][0][0][0]
[Parsed_volumedetect_0 @ 00000255d4210540] n_samples: 0
Stream mapping:
  Stream #0:0 -> #0:0 (h264 (native) -> wrapped_avframe (native))
  Stream #0:1 -> #0:1 (aac (native) -> pcm_s16le (native))
Press [q] to stop, [?] for help
Output #0, null, to 'pipe:':
  Metadata:
    major_brand     : isom
    minor_version   : 512
    compatible_brands: isomiso2avc1mp41
    encoder         : Lavf61.7.100
  Stream #0:0(und): Video: wrapped_avframe, yuvj420p(pc, bt470bg/unknown/unknown, progressive), 1280x720 [SAR 1:1 DAR 16:9], q=2-31, 200 kb/s, 30 fps, 30 tbn (default)
      Metadata:
        handler_name    : VideoHandler
        vendor_id       : [0][0][0][0]
        encoder         : Lavc61.19.100 wrapped_avframe
  Stream #0:1(und): Audio: pcm_s16le, 48000 Hz, stereo, s16, 1536 kb/s (default)
      Metadata:
        handler_name    : SoundHandler
        vendor_id       : [0][0][0][0]
        encoder         : Lavc61.19.100 pcm_s16le
[Parsed_volumedetect_0 @ 00000255d3710dc0] n_samples: 724992
[Parsed_volumedetect_0 @ 00000255d3710dc0] mean_volume: -24.8 dB
[Parsed_volumedetect_0 @ 00000255d3710dc0] max_volume: -2.1 dB
[Parsed_volumedetect_0 @ 00000255d3710dc0] histogram_2db: 12
[Parsed_volumedetect_0 @ 00000255d3710dc0] histogram_3db: 25
[Parsed_volumedetect_0 @ 00000255d3710dc0] histogram_4db: 46
[Parsed_volumedetect_0 @ 00000255d3710dc0] histogram_5db: 84
[Parsed_volumedetect_0 @ 00000255d3710dc0] histogram_6db: 105
[Parsed_volumedetect_0 @ 00000255d3710dc0] histogram_7db: 241
[Parsed_volumedetect_0 @ 00000255d3710dc0] histogram_8db: 395
[out#0/null @ 00000255d190f500] video:97KiB audio:1416KiB subtitle:0KiB other streams:0KiB global headers:0KiB muxing overhead: unknown
frame=  226 fps=0.0 q=-0.0 Lsize=N/A time=00:00:07.53 bitrate=N/A speed= 150x    
