Input #0, mov,mp4,m4a,3gp,3g2,mj2, from 'C:\workspace\joseon-assets\reports\455\final\07_loot_inventory.mp4':
  Metadata:
    major_brand     : isom
    minor_version   : 512
    compatible_brands: isomiso2avc1mp41
    encoder         : Lavf62.12.100
  Duration: 00:00:12.17, start: 0.000000, bitrate: 2126 kb/s
  Stream #0:0[0x1](und): Video: h264 (High) (avc1 / 0x31637661), yuvj420p(pc, bt470bg/unknown/unknown, progressive), 1280x720 [SAR 1:1 DAR 16:9], 1912 kb/s, 30 fps, 30 tbr, 15360 tbn (default)
    Metadata:
      handler_name    : VideoHandler
      encoder         : Lavc62.28.100 libx264
  Stream #0:1[0x2](und): Audio: aac (LC) (mp4a / 0x6134706D), 48000 Hz, stereo, fltp, 203 kb/s (default)
    Metadata:
      handler_name    : SoundHandler
[Parsed_volumedetect_0 @ 000001c6bca6cd40] n_samples: 0
Stream mapping:
  Stream #0:0 -> #0:0 (h264 (native) -> wrapped_avframe (native))
  Stream #0:1 -> #0:1 (aac (native) -> pcm_s16le (native))
Press [q] to stop, [?] for help
Output #0, null, to 'pipe:':
  Metadata:
    major_brand     : isom
    minor_version   : 512
    compatible_brands: isomiso2avc1mp41
    encoder         : Lavf62.12.100
  Stream #0:0(und): Video: wrapped_avframe, yuvj420p(pc, bt470bg/unknown/unknown, progressive), 1280x720 [SAR 1:1 DAR 16:9], q=2-31, 200 kb/s, 30 fps, 30 tbn (default)
    Metadata:
      encoder         : Lavc62.28.100 wrapped_avframe
      handler_name    : VideoHandler
  Stream #0:1(und): Audio: pcm_s16le, 48000 Hz, stereo, s16, 1536 kb/s (default)
    Metadata:
      encoder         : Lavc62.28.100 pcm_s16le
      handler_name    : SoundHandler
[Parsed_volumedetect_0 @ 000001c6bcfebf40] n_samples: 1169408
[Parsed_volumedetect_0 @ 000001c6bcfebf40] mean_volume: -25.0 dB
[Parsed_volumedetect_0 @ 000001c6bcfebf40] max_volume: -1.4 dB
[Parsed_volumedetect_0 @ 000001c6bcfebf40] histogram_1db: 2
[Parsed_volumedetect_0 @ 000001c6bcfebf40] histogram_2db: 3
[Parsed_volumedetect_0 @ 000001c6bcfebf40] histogram_3db: 11
[Parsed_volumedetect_0 @ 000001c6bcfebf40] histogram_4db: 11
[Parsed_volumedetect_0 @ 000001c6bcfebf40] histogram_5db: 31
[Parsed_volumedetect_0 @ 000001c6bcfebf40] histogram_6db: 47
[Parsed_volumedetect_0 @ 000001c6bcfebf40] histogram_7db: 53
[Parsed_volumedetect_0 @ 000001c6bcfebf40] histogram_8db: 87
[Parsed_volumedetect_0 @ 000001c6bcfebf40] histogram_9db: 160
[Parsed_volumedetect_0 @ 000001c6bcfebf40] histogram_10db: 243
[Parsed_volumedetect_0 @ 000001c6bcfebf40] histogram_11db: 547
[out#0/null @ 000001c6bca11a40] video:151KiB audio:2284KiB subtitle:0KiB other streams:0KiB global headers:0KiB muxing overhead: unknown
frame=  365 fps=0.0 q=-0.0 Lsize=N/A time=00:00:12.16 bitrate=N/A speed= 139x elapsed=0:00:00.08    
