== e2e 러너 자기검사 ==
  PASS  E2E_SELFTEST PASS (판정 일치 5/5)  (3.9초)
== e2e (balance_boss) ==
E2E start: balance_boss
E2E ▶ balance_boss
  · 명중 확정 끔 — 이 대본은 명중 굴림을 실전 그대로 쓴다 (#342)
  · 흑랑 RNG Lv3 판1 doho0 seed=23271941 initial=3718673984595126131
  · 흑랑 RNG Lv3 판1 guard_bat1 seed=23275069 initial=6699926644757452107
  · 흑랑 RNG Lv3 판1 guard_bat2 seed=23275170 initial=3841642673449239052
  · 흑랑 RNG Lv3 판1 heukrang0 seed=23272950 initial=5665186195085305808
  · 흑랑 파수2 Lv3 판1 entered tick=25 game=0.4167 state=0 XZ=(20.5000,15.5000) pack=6 target=none path=0/0 level_current=false rng=3841642673449239052
  · 흑랑 파수2 Lv3 판1 sample tick=28 game=0.4667 state=1 XZ=(20.5000,15.6500) pack=6 target=(23.5000,23.5000) path=0/8 level_current=true rng=3841642673449239052
  · 흑랑 파수2 Lv3 판1 before_V tick=31 game=0.5167 state=1 XZ=(20.5000,15.8750) pack=6 target=(23.5000,23.5000) path=0/8 level_current=true rng=3841642673449239052
  · 흑랑 파수2 Lv3 판1 after_V tick=36 game=0.6000 state=1 XZ=(20.5000,16.2500) pack=6 target=(10.5000,8.5000) path=1/8 level_current=true rng=3841642673449239052
  · 흑랑 파수2 Lv3 판1 sample tick=58 game=0.9667 state=1 XZ=(19.9399,16.1269) pack=6 target=(10.5000,8.5000) path=0/16 level_current=true rng=3841642673449239052
  · 흑랑 파수2 Lv3 판1 sample tick=89 game=1.4833 state=1 XZ=(19.5102,13.8946) pack=6 target=(10.5000,8.5000) path=0/14 level_current=true rng=3841642673449239052
  · 흑랑 파수2 Lv3 판1 sample tick=120 game=2.0000 state=1 XZ=(19.5003,11.5697) pack=6 target=(10.3667,8.5000) path=1/12 level_current=true rng=3841642673449239052
  · 흑랑 파수2 Lv3 판1 sample tick=151 game=2.5167 state=1 XZ=(19.1752,9.3572) pack=6 target=(10.3667,8.5000) path=1/10 level_current=true rng=3841642673449239052
  · 흑랑 파수2 Lv3 판1 sample tick=182 game=3.0333 state=3 XZ=(17.3488,8.5444) pack=6 target=(10.3667,8.5000) path=0/7 level_current=true rng=3841642673449239052
  · 흑랑 파수2 Lv3 판1 sample tick=213 game=3.5500 state=5 XZ=(16.5488,8.5393) pack=6 target=(10.3667,8.5000) path=0/7 level_current=true rng=3841642673449239052
  · 흑랑 파수2 Lv3 판1 sample tick=244 game=4.0667 state=5 XZ=(11.6177,8.5080) pack=6 target=(10.3667,8.5000) path=0/7 level_current=true rng=3841642673449239052
  · 흑랑 파수2 Lv3 판1 sample tick=275 game=4.5833 state=1 XZ=(11.7395,8.5082) pack=6 target=(10.3667,8.5000) path=0/7 level_current=true rng=3841642673449239052
  · 흑랑 파수2 Lv3 판1 sample tick=306 game=5.1000 state=1 XZ=(11.9442,8.5009) pack=6 target=(10.3667,8.5000) path=1/3 level_current=true rng=3841642673449239052
  · 흑랑 파수2 Lv3 판1 sample tick=337 game=5.6167 state=1 XZ=(11.6192,8.5000) pack=6 target=(10.3000,8.5000) path=0/1 level_current=true rng=3841642673449239052
  · 흑랑 파수2 Lv3 판1 sample tick=368 game=6.1333 state=1 XZ=(11.5660,8.5000) pack=6 target=(10.3000,8.5000) path=0/1 level_current=true rng=3841642673449239052
  · 흑랑 파수2 Lv3 판1 sample tick=399 game=6.6500 state=5 XZ=(11.5660,8.5000) pack=6 target=(10.3000,8.5000) path=0/1 level_current=true rng=3841642673449239052
  · 흑랑 파수2 Lv3 판1 sample tick=430 game=7.1667 state=4 XZ=(11.5660,8.5000) pack=6 target=(10.3000,8.5000) path=0/1 level_current=true rng=3841642673449239052
  · 흑랑 파수2 Lv3 판1 sample tick=461 game=7.6833 state=1 XZ=(11.5507,8.4998) pack=6 target=(10.3000,8.5000) path=0/1 level_current=true rng=3841642673449239052
  · 흑랑 파수2 Lv3 판1 sample tick=491 game=8.1833 state=1 XZ=(11.5507,8.4998) pack=6 target=(10.3000,8.5000) path=0/1 level_current=true rng=3841642673449239052
  · 흑랑 파수2 Lv3 판1 sample tick=521 game=8.6833 state=1 XZ=(11.5507,8.4998) pack=6 target=(10.3000,8.5000) path=0/1 level_current=true rng=3841642673449239052
  · 흑랑 파수2 Lv3 판1 sample tick=551 game=9.1833 state=3 XZ=(11.5507,8.4998) pack=6 target=(10.1667,8.5000) path=0/1 level_current=true rng=3841642673449239052
  · 흑랑 파수2 Lv3 판1 sample tick=581 game=9.6833 state=4 XZ=(11.4288,8.4998) pack=6 target=(10.1667,8.5000) path=0/1 level_current=true rng=3841642673449239052
  · 흑랑 파수2 Lv3 판1 sample tick=611 game=10.1833 state=1 XZ=(11.4287,8.4997) pack=6 target=(10.1667,8.5000) path=0/1 level_current=true rng=3841642673449239052
  · 흑랑 파수2 Lv3 판1 sample tick=641 game=10.6833 state=1 XZ=(11.4287,8.4997) pack=6 target=(10.1667,8.5000) path=0/1 level_current=true rng=3841642673449239052
  · 흑랑 파수2 Lv3 판1 sample tick=671 game=11.1833 state=1 XZ=(11.4287,8.4997) pack=6 target=(10.1667,8.5000) path=0/1 level_current=true rng=3841642673449239052
  · 흑랑 파수2 Lv3 판1 sample tick=701 game=11.6833 state=3 XZ=(11.4287,8.4997) pack=6 target=(10.1667,8.5000) path=0/1 level_current=true rng=3841642673449239052
  · 흑랑 RNG Lv3 판1 summon_bat1 seed=23274060 initial=4753414434267272430
  · 흑랑 RNG Lv3 판1 summon_bat2 seed=23274161 initial=1895130462959059375
  · 흑랑 파수2 Lv3 판1 sample tick=731 game=12.1833 state=5 XZ=(10.8329,8.5060) pack=6 target=(10.1667,8.5000) path=0/1 level_current=true rng=2984990500747020242
  · 흑랑 파수2 Lv3 판1 sample tick=761 game=12.6833 state=1 XZ=(10.7577,8.4697) pack=6 target=(10.1000,8.5000) path=0/1 level_current=true rng=2984990500747020242
  · 흑랑 파수2 Lv3 판1 sample tick=791 game=13.1833 state=1 XZ=(10.7577,8.4697) pack=6 target=(10.1000,8.5000) path=0/1 level_current=true rng=2984990500747020242
  · 흑랑 파수2 Lv3 판1 sample tick=821 game=13.6833 state=1 XZ=(10.7577,8.4697) pack=6 target=(10.1000,8.5000) path=0/1 level_current=true rng=2984990500747020242
  · 흑랑 파수2 Lv3 판1 sample tick=851 game=14.1833 state=1 XZ=(10.7577,8.4697) pack=6 target=(10.1000,8.5000) path=0/1 level_current=true rng=2984990500747020242
  · 흑랑 파수2 Lv3 판1 sample tick=881 game=14.6833 state=3 XZ=(10.7577,8.4697) pack=6 target=(10.1000,8.5000) path=0/1 level_current=true rng=2984990500747020242
  · 흑랑 파수2 Lv3 판1 sample tick=911 game=15.1833 state=4 XZ=(10.7577,8.4697) pack=6 target=(10.1000,8.5000) path=0/1 level_current=true rng=-1267280395400995224
  · 흑랑 파수2 Lv3 판1 sample tick=941 game=15.6833 state=1 XZ=(10.7494,8.4683) pack=6 target=(10.1000,8.5000) path=0/1 level_current=true rng=-1267280395400995224
  · 흑랑 파수2 Lv3 판1 sample tick=971 game=16.1833 state=1 XZ=(10.7494,8.4683) pack=6 target=(10.1000,8.5000) path=0/1 level_current=true rng=-1267280395400995224
  · 흑랑 파수2 Lv3 판1 sample tick=1002 game=16.7000 state=1 XZ=(10.7494,8.4683) pack=6 target=(10.1000,8.5000) path=0/1 level_current=true rng=-1267280395400995224
  · 흑랑 파수2 Lv3 판1 sample tick=1033 game=17.2167 state=3 XZ=(10.7494,8.4683) pack=6 target=(10.1000,8.5000) path=0/1 level_current=true rng=-1267280395400995224
  · 흑랑 파수2 Lv3 판1 sample tick=1064 game=17.7333 state=4 XZ=(10.7494,8.4683) pack=6 target=(10.1000,8.5000) path=0/1 level_current=true rng=7952870694343690062
  · 흑랑 파수2 Lv3 판1 sample tick=1095 game=18.2500 state=1 XZ=(10.7492,8.4669) pack=6 target=(10.1000,8.5000) path=0/1 level_current=true rng=7952870694343690062
  · 흑랑 파수2 Lv3 판1 sample tick=1126 game=18.7667 state=1 XZ=(10.7492,8.4669) pack=6 target=(10.1000,8.5000) path=0/1 level_current=true rng=7952870694343690062
  · 흑랑 파수2 Lv3 판1 sample tick=1157 game=19.2833 state=1 XZ=(10.7492,8.4669) pack=6 target=(10.1000,8.5000) path=0/1 level_current=true rng=7952870694343690062
  · 흑랑 파수2 Lv3 판1 sample tick=1188 game=19.8000 state=3 XZ=(10.7492,8.4669) pack=6 target=(10.1000,8.5000) path=0/1 level_current=true rng=7952870694343690062
  · 흑랑 파수2 Lv3 판1 sample tick=1219 game=20.3167 state=4 XZ=(10.7492,8.4669) pack=6 target=(10.1000,8.5000) path=0/1 level_current=true rng=-5111047397832607740
  · 흑랑 파수2 Lv3 판1 sample tick=1250 game=20.8333 state=1 XZ=(10.7493,8.4657) pack=6 target=(10.1000,8.5000) path=0/1 level_current=true rng=-5111047397832607740
  · 흑랑 파수2 Lv3 판1 sample tick=1281 game=21.3500 state=1 XZ=(10.7493,8.4657) pack=6 target=(10.1000,8.5000) path=0/1 level_current=true rng=-5111047397832607740
  · 흑랑 파수2 Lv3 판1 sample tick=1312 game=21.8667 state=1 XZ=(10.7493,8.4657) pack=6 target=(10.1000,8.5000) path=0/1 level_current=true rng=-5111047397832607740
  · 흑랑 파수2 Lv3 판1 sample tick=1343 game=22.3833 state=3 XZ=(10.7493,8.4657) pack=6 target=(10.1000,8.5000) path=0/1 level_current=true rng=-5111047397832607740
  · 흑랑 파수2 Lv3 판1 sample tick=1374 game=22.9000 state=4 XZ=(10.7493,8.4657) pack=6 target=(10.1000,8.5000) path=0/1 level_current=true rng=-5424752888238917110
  · 흑랑 파수2 Lv3 판1 sample tick=1405 game=23.4167 state=1 XZ=(10.7492,8.4648) pack=6 target=(10.1000,8.5000) path=0/1 level_current=true rng=-5424752888238917110
  · 흑랑 파수2 Lv3 판1 sample tick=1436 game=23.9333 state=1 XZ=(10.7492,8.4648) pack=6 target=(10.1000,8.5000) path=0/1 level_current=true rng=-5424752888238917110
  · 흑랑 파수2 Lv3 판1 sample tick=1467 game=24.4500 state=1 XZ=(10.7492,8.4648) pack=6 target=(10.1000,8.5000) path=0/1 level_current=true rng=-5424752888238917110
  · 흑랑 파수2 Lv3 판1 sample tick=1498 game=24.9667 state=3 XZ=(10.7492,8.4648) pack=6 target=(10.1000,8.5000) path=0/1 level_current=true rng=-5424752888238917110
  · 흑랑 파수2 Lv3 판1 sample tick=1529 game=25.4833 state=4 XZ=(10.7492,8.4648) pack=6 target=(10.1000,8.5000) path=0/1 level_current=true rng=602141716667985580
  · 흑랑 파수2 Lv3 판1 sample tick=1560 game=26.0000 state=1 XZ=(10.7493,8.4637) pack=6 target=(10.1000,8.5000) path=0/1 level_current=true rng=602141716667985580
  · 흑랑 파수2 Lv3 판1 sample tick=1591 game=26.5167 state=1 XZ=(10.7493,8.4637) pack=6 target=(10.1000,8.5000) path=0/1 level_current=true rng=602141716667985580
  · 흑랑 파수2 Lv3 판1 sample tick=1622 game=27.0333 state=1 XZ=(10.7493,8.4637) pack=6 target=(10.1000,8.5000) path=0/1 level_current=true rng=602141716667985580
  · 흑랑 파수2 Lv3 판1 sample tick=1653 game=27.5500 state=3 XZ=(10.7493,8.4637) pack=6 target=(10.1000,8.5000) path=0/1 level_current=true rng=602141716667985580
  · 흑랑 파수2 Lv3 판1 sample tick=1684 game=28.0667 state=4 XZ=(10.7493,8.4637) pack=6 target=(10.1000,8.5000) path=0/1 level_current=true rng=1286086405583097886
  · 흑랑 Lv3 처치 · 27.7초 · 2페이즈 11.1초 · 생명 130→34 (최저 34 = 26%) · 탕약 3/3 · 적 공격 41 (명중 25)
  · 흑랑 파수2 Lv3 판1 finish tick=1697 game=28.2833 state=4 XZ=(10.7493,8.4637) pack=6 target=(10.1000,8.5000) path=0/1 level_current=true rng=1286086405583097886
  · 흑랑 RNG Lv3 판1 doho0 seed=23271941 initial=3718673984595126131 final=210160255614176275
  · 흑랑 RNG Lv3 판1 guard_bat1 seed=23275069 initial=6699926644757452107 final=9053088838582101655
  · 흑랑 RNG Lv3 판1 guard_bat2 seed=23275170 initial=3841642673449239052 final=1286086405583097886
  · 흑랑 RNG Lv3 판1 heukrang0 seed=23272950 initial=5665186195085305808 final=-4334644856633984577
  · 흑랑 RNG Lv3 판1 summon_bat1 seed=23274060 initial=4753414434267272430 final=-7559868052669486168
  · 흑랑 RNG Lv3 판1 summon_bat2 seed=23274161 initial=1895130462959059375 final=481403823597241650
  · 흑랑 재생 Lv3 판1 win=true attacks=41 hits=25 guards=2 summoned=2
  · 흑랑 RNG Lv5 판1 doho0 seed=25271947 initial=5600093101942189313
  · 흑랑 RNG Lv5 판1 guard_bat1 seed=25275075 initial=8581345762104515289
  · 흑랑 RNG Lv5 판1 guard_bat2 seed=25275176 initial=5723061790796302234
  · 흑랑 RNG Lv5 판1 heukrang0 seed=25272956 initial=7546605312432368990
  · 흑랑 파수2 Lv5 판1 entered tick=1717 game=28.6167 state=0 XZ=(20.5000,15.5000) pack=12 target=none path=0/0 level_current=false rng=5723061790796302234
  · 흑랑 파수2 Lv5 판1 sample tick=1719 game=28.6500 state=1 XZ=(20.5000,15.5750) pack=12 target=(23.5000,23.5000) path=0/8 level_current=true rng=5723061790796302234
  · 흑랑 파수2 Lv5 판1 before_V tick=1723 game=28.7167 state=1 XZ=(20.5000,15.8750) pack=12 target=(23.5000,23.5000) path=0/8 level_current=true rng=5723061790796302234
  · 흑랑 파수2 Lv5 판1 after_V tick=1727 game=28.7833 state=1 XZ=(20.5000,16.1750) pack=12 target=(10.5000,8.5000) path=0/8 level_current=true rng=5723061790796302234
  · 흑랑 파수2 Lv5 판1 sample tick=1750 game=29.1667 state=1 XZ=(19.9399,16.1269) pack=12 target=(10.5000,8.5000) path=0/16 level_current=true rng=5723061790796302234
  · 흑랑 파수2 Lv5 판1 sample tick=1781 game=29.6833 state=1 XZ=(19.5102,13.8946) pack=12 target=(10.5000,8.5000) path=0/14 level_current=true rng=5723061790796302234
  · 흑랑 파수2 Lv5 판1 sample tick=1812 game=30.2000 state=1 XZ=(19.5003,11.5697) pack=12 target=(10.3667,8.5000) path=1/12 level_current=true rng=5723061790796302234
  · 흑랑 파수2 Lv5 판1 sample tick=1843 game=30.7167 state=1 XZ=(19.1752,9.3572) pack=12 target=(10.3667,8.5000) path=1/10 level_current=true rng=5723061790796302234
  · 흑랑 파수2 Lv5 판1 sample tick=1874 game=31.2333 state=3 XZ=(17.3488,8.5444) pack=12 target=(10.3667,8.5000) path=0/7 level_current=true rng=5723061790796302234
  · 흑랑 파수2 Lv5 판1 sample tick=1905 game=31.7500 state=5 XZ=(16.5488,8.5393) pack=12 target=(10.3667,8.5000) path=0/7 level_current=true rng=5723061790796302234
  · 흑랑 파수2 Lv5 판1 sample tick=1936 game=32.2667 state=5 XZ=(11.6177,8.5080) pack=12 target=(10.3667,8.5000) path=0/7 level_current=true rng=5723061790796302234
  · 흑랑 파수2 Lv5 판1 sample tick=1967 game=32.7833 state=1 XZ=(11.7395,8.5082) pack=12 target=(10.3667,8.5000) path=0/7 level_current=true rng=5723061790796302234
  · 흑랑 파수2 Lv5 판1 sample tick=1998 game=33.3000 state=1 XZ=(11.9442,8.5009) pack=12 target=(10.3667,8.5000) path=1/3 level_current=true rng=5723061790796302234
  · 흑랑 파수2 Lv5 판1 sample tick=2029 game=33.8167 state=1 XZ=(11.5660,8.5000) pack=12 target=(10.3000,8.5000) path=0/1 level_current=true rng=5723061790796302234
  · 흑랑 파수2 Lv5 판1 sample tick=2060 game=34.3333 state=1 XZ=(11.5660,8.5000) pack=12 target=(10.3000,8.5000) path=0/1 level_current=true rng=5723061790796302234
  · 흑랑 파수2 Lv5 판1 sample tick=2091 game=34.8500 state=5 XZ=(11.5660,8.5000) pack=12 target=(10.3000,8.5000) path=0/1 level_current=true rng=5723061790796302234
  · 흑랑 파수2 Lv5 판1 sample tick=2122 game=35.3667 state=4 XZ=(11.5660,8.5000) pack=12 target=(10.3000,8.5000) path=0/1 level_current=true rng=5723061790796302234
  · 흑랑 파수2 Lv5 판1 sample tick=2153 game=35.8833 state=1 XZ=(11.5502,8.4998) pack=12 target=(10.3000,8.5000) path=0/1 level_current=true rng=5723061790796302234
  · 흑랑 파수2 Lv5 판1 sample tick=2184 game=36.4000 state=1 XZ=(11.5502,8.4998) pack=12 target=(10.3000,8.5000) path=0/1 level_current=true rng=5723061790796302234
  · 흑랑 파수2 Lv5 판1 sample tick=2215 game=36.9167 state=1 XZ=(11.5502,8.4998) pack=12 target=(10.3000,8.5000) path=0/1 level_current=true rng=5723061790796302234
  · 흑랑 파수2 Lv5 판1 sample tick=2246 game=37.4333 state=3 XZ=(11.5502,8.4998) pack=12 target=(10.1667,8.5000) path=0/1 level_current=true rng=5723061790796302234
  · 흑랑 파수2 Lv5 판1 sample tick=2277 game=37.9500 state=4 XZ=(11.4291,8.4998) pack=12 target=(10.1667,8.5000) path=0/1 level_current=true rng=5723061790796302234
  · 흑랑 파수2 Lv5 판1 sample tick=2308 game=38.4667 state=1 XZ=(11.4284,8.4991) pack=12 target=(10.1667,8.5000) path=0/1 level_current=true rng=5723061790796302234
  · 흑랑 파수2 Lv5 판1 sample tick=2339 game=38.9833 state=1 XZ=(11.4284,8.4991) pack=12 target=(10.1667,8.5000) path=0/1 level_current=true rng=5723061790796302234
  · 흑랑 파수2 Lv5 판1 sample tick=2370 game=39.5000 state=1 XZ=(11.4284,8.4991) pack=12 target=(10.1667,8.5000) path=0/1 level_current=true rng=5723061790796302234
  · 흑랑 파수2 Lv5 판1 sample tick=2401 game=40.0167 state=3 XZ=(11.4284,8.4991) pack=12 target=(10.1667,8.5000) path=0/1 level_current=true rng=5723061790796302234
  · 흑랑 파수2 Lv5 판1 sample tick=2432 game=40.5333 state=4 XZ=(11.4284,8.4991) pack=12 target=(10.1667,8.5000) path=0/1 level_current=true rng=5723061790796302234
  · 흑랑 파수2 Lv5 판1 sample tick=2463 game=41.0500 state=1 XZ=(11.4285,8.4984) pack=12 target=(10.1667,8.5000) path=0/1 level_current=true rng=5723061790796302234
  · 흑랑 파수2 Lv5 판1 sample tick=2494 game=41.5667 state=1 XZ=(11.4285,8.4984) pack=12 target=(10.1667,8.5000) path=0/1 level_current=true rng=5723061790796302234
  · 흑랑 파수2 Lv5 판1 sample tick=2525 game=42.0833 state=1 XZ=(11.4285,8.4984) pack=12 target=(10.1667,8.5000) path=0/1 level_current=true rng=5723061790796302234
  · 흑랑 파수2 Lv5 판1 sample tick=2556 game=42.6000 state=3 XZ=(11.4285,8.4984) pack=12 target=(10.1667,8.5000) path=0/1 level_current=true rng=5723061790796302234
  · 흑랑 파수2 Lv5 판1 sample tick=2587 game=43.1167 state=4 XZ=(11.4285,8.4984) pack=12 target=(10.1667,8.5000) path=0/1 level_current=true rng=5723061790796302234
  · 흑랑 RNG Lv5 판1 summon_bat1 seed=25274066 initial=6634833551614335612
  · 흑랑 RNG Lv5 판1 summon_bat2 seed=25274167 initial=3776549580306122557
  · 흑랑 파수2 Lv5 판1 sample tick=2618 game=43.6333 state=1 XZ=(11.4277,8.4857) pack=12 target=(10.1667,8.5000) path=0/1 level_current=true rng=5723061790796302234
  · 흑랑 파수2 Lv5 판1 sample tick=2649 game=44.1500 state=1 XZ=(11.4277,8.4857) pack=12 target=(10.1667,8.5000) path=0/1 level_current=true rng=5723061790796302234
  · 흑랑 파수2 Lv5 판1 sample tick=2680 game=44.6667 state=1 XZ=(11.4277,8.4857) pack=12 target=(10.1667,8.5000) path=0/1 level_current=true rng=5723061790796302234
  · 흑랑 파수2 Lv5 판1 sample tick=2711 game=45.1833 state=3 XZ=(11.4277,8.4857) pack=12 target=(10.1667,8.5000) path=0/1 level_current=true rng=5723061790796302234
  · 흑랑 파수2 Lv5 판1 sample tick=2742 game=45.7000 state=5 XZ=(11.4277,8.4857) pack=12 target=(10.1667,8.5000) path=0/1 level_current=true rng=5723061790796302234
  · 흑랑 파수2 Lv5 판1 sample tick=2773 game=46.2167 state=1 XZ=(11.4262,8.4851) pack=12 target=(10.1667,8.5000) path=0/1 level_current=true rng=5723061790796302234
  · 흑랑 파수2 Lv5 판1 sample tick=2804 game=46.7333 state=1 XZ=(11.4262,8.4851) pack=12 target=(10.1667,8.5000) path=0/1 level_current=true rng=5723061790796302234
  · 흑랑 파수2 Lv5 판1 sample tick=2835 game=47.2500 state=1 XZ=(11.4262,8.4851) pack=12 target=(10.1667,8.5000) path=0/1 level_current=true rng=5723061790796302234
  · 흑랑 파수2 Lv5 판1 sample tick=2866 game=47.7667 state=1 XZ=(11.4262,8.4851) pack=12 target=(10.1667,8.5000) path=0/1 level_current=true rng=5723061790796302234
  · 흑랑 파수2 Lv5 판1 sample tick=2897 game=48.2833 state=5 XZ=(11.4262,8.4851) pack=12 target=(10.1667,8.5000) path=0/1 level_current=true rng=5723061790796302234
  · 흑랑 파수2 Lv5 판1 sample tick=2928 game=48.8000 state=4 XZ=(11.4262,8.4851) pack=12 target=(10.1667,8.5000) path=0/1 level_current=true rng=5723061790796302234
  · 흑랑 파수2 Lv5 판1 sample tick=2959 game=49.3167 state=1 XZ=(11.4240,8.4855) pack=12 target=(10.1667,8.5000) path=0/1 level_current=true rng=5723061790796302234
  · 흑랑 파수2 Lv5 판1 sample tick=2990 game=49.8333 state=1 XZ=(11.4240,8.4855) pack=12 target=(10.1667,8.5000) path=0/1 level_current=true rng=5723061790796302234
  · 흑랑 파수2 Lv5 판1 sample tick=3021 game=50.3500 state=1 XZ=(11.4240,8.4855) pack=12 target=(10.1667,8.5000) path=0/1 level_current=true rng=5723061790796302234
  · 흑랑 파수2 Lv5 판1 sample tick=3052 game=50.8667 state=3 XZ=(11.4240,8.4855) pack=12 target=(10.1667,8.5000) path=0/1 level_current=true rng=5723061790796302234
  · 흑랑 파수2 Lv5 판1 sample tick=3083 game=51.3833 state=4 XZ=(11.4240,8.4855) pack=12 target=(10.1667,8.5000) path=0/1 level_current=true rng=5723061790796302234
  · 흑랑 파수2 Lv5 판1 sample tick=3114 game=51.9000 state=1 XZ=(11.4139,8.4866) pack=12 target=(10.1667,8.5000) path=0/1 level_current=true rng=5723061790796302234
  · 흑랑 파수2 Lv5 판1 sample tick=3145 game=52.4167 state=1 XZ=(11.4139,8.4866) pack=12 target=(10.1667,8.5000) path=0/1 level_current=true rng=5723061790796302234
  · 흑랑 파수2 Lv5 판1 sample tick=3176 game=52.9333 state=1 XZ=(11.4139,8.4866) pack=12 target=(10.1667,8.5000) path=0/1 level_current=true rng=5723061790796302234
  · 흑랑 파수2 Lv5 판1 sample tick=3207 game=53.4500 state=3 XZ=(11.4139,8.4866) pack=12 target=(10.1667,8.5000) path=0/1 level_current=true rng=5723061790796302234
  · 흑랑 파수2 Lv5 판1 sample tick=3238 game=53.9667 state=4 XZ=(11.4139,8.4866) pack=12 target=(10.1667,8.5000) path=0/1 level_current=true rng=5723061790796302234
  · 흑랑 파수2 Lv5 판1 sample tick=3269 game=54.4833 state=1 XZ=(11.4100,8.4885) pack=12 target=(10.1667,8.5000) path=0/1 level_current=true rng=5723061790796302234
  · 흑랑 파수2 Lv5 판1 sample tick=3300 game=55.0000 state=1 XZ=(11.4100,8.4885) pack=12 target=(10.1667,8.5000) path=0/1 level_current=true rng=5723061790796302234
  · 흑랑 파수2 Lv5 판1 sample tick=3331 game=55.5167 state=1 XZ=(11.4100,8.4885) pack=12 target=(10.1667,8.5000) path=0/1 level_current=true rng=5723061790796302234
  · 흑랑 파수2 Lv5 판1 sample tick=3362 game=56.0333 state=3 XZ=(11.4100,8.4885) pack=12 target=(10.1667,8.5000) path=0/1 level_current=true rng=5723061790796302234
  · 흑랑 Lv5 처치 · 27.7초 · 2페이즈 14.6초 · 생명 150→64 (최저 41 = 27%) · 탕약 3/3 · 적 공격 32 (명중 21)
  · 흑랑 파수2 Lv5 판1 finish tick=3391 game=56.5167 state=4 XZ=(11.4100,8.4885) pack=12 target=(10.1667,8.5000) path=0/1 level_current=true rng=5723061790796302234
  · 흑랑 RNG Lv5 판1 doho0 seed=25271947 initial=5600093101942189313 final=-1456016979007014311
  · 흑랑 RNG Lv5 판1 guard_bat1 seed=25275075 initial=8581345762104515289 final=-4915985485660836923
  · 흑랑 RNG Lv5 판1 guard_bat2 seed=25275176 initial=5723061790796302234 final=5723061790796302234
  · 흑랑 RNG Lv5 판1 heukrang0 seed=25272956 initial=7546605312432368990 final=2395616564710220186
  · 흑랑 RNG Lv5 판1 summon_bat1 seed=25274066 initial=6634833551614335612 final=8077224405062169234
  · 흑랑 RNG Lv5 판1 summon_bat2 seed=25274167 initial=3776549580306122557 final=1002189368153405969
  · 흑랑 재생 Lv5 판1 win=true attacks=32 hits=21 guards=2 summoned=2
  · Lv5 목표 대조(이 판 — 판정은 25판 표 §9.7): 27.7초 (15~30) · 탕약 3 (1 안팎) · 최저 생명 27% (35~60)
E2E balance_boss PASS (검사 22)
E2E SUMMARY: 1/1 PASS
  e2e  (60.1초) — 제한 3600초
전부 PASS
