== e2e 러너 자기검사 ==
  PASS  E2E_SELFTEST PASS (판정 일치 5/5)  (4.5초)
== e2e (balance_boss) ==
E2E start: balance_boss
E2E ▶ balance_boss
  · 명중 확정 끔 — 이 대본은 명중 굴림을 실전 그대로 쓴다 (#342)
  · 흑랑 RNG Lv3 판1 doho0 seed=23271941 initial=3718673984595126131
  · 흑랑 준비 key=93 physics=6 expected=6
  · 흑랑 RNG Lv3 판1 guard_bat1 seed=23275069 initial=6699926644757452107
  · 흑랑 RNG Lv3 판1 guard_bat2 seed=23275170 initial=3841642673449239052
  · 흑랑 RNG Lv3 판1 heukrang0 seed=23272950 initial=5665186195085305808
  · 흑랑 파수2 Lv3 판1 entered tick=26 game=0.4167 state=0 XZ=(20.5000,15.5000) pack=6 target=none path=0/0 level_current=false rng=3841642673449239052
  · 흑랑 파수2 Lv3 판1 sample tick=28 game=0.4667 state=1 XZ=(20.5000,15.6500) pack=6 target=(23.5000,23.5000) path=0/8 level_current=true rng=3841642673449239052
  · 흑랑 준비 key=93 physics=6 expected=6
  · 흑랑 파수2 Lv3 판1 before_V tick=32 game=0.5167 state=1 XZ=(20.5000,15.8750) pack=6 target=(23.5000,23.5000) path=0/8 level_current=true rng=3841642673449239052
  · 흑랑 준비 key=86 physics=5 expected=5
  · 흑랑 파수2 Lv3 판1 after_V tick=38 game=0.6167 state=1 XZ=(20.5000,16.3250) pack=6 target=(10.5000,8.5000) path=1/8 level_current=true rng=3841642673449239052
  · 흑랑 파수2 Lv3 판1 sample tick=58 game=0.9667 state=1 XZ=(19.9399,16.1269) pack=6 target=(10.5000,8.5000) path=0/16 level_current=true rng=3841642673449239052
  · 흑랑 파수2 Lv3 판1 sample tick=89 game=1.4833 state=1 XZ=(19.5102,13.8946) pack=6 target=(10.5000,8.5000) path=0/14 level_current=true rng=3841642673449239052
  · 흑랑 파수2 Lv3 판1 sample tick=120 game=2.0000 state=1 XZ=(19.5003,11.5697) pack=6 target=(10.3667,8.5000) path=1/12 level_current=true rng=3841642673449239052
  · 흑랑 파수2 Lv3 판1 sample tick=151 game=2.5167 state=1 XZ=(19.1752,9.3572) pack=6 target=(10.3667,8.5000) path=1/10 level_current=true rng=3841642673449239052
  · 흑랑 파수2 Lv3 판1 sample tick=182 game=3.0333 state=3 XZ=(17.3488,8.5444) pack=6 target=(10.3667,8.5000) path=0/7 level_current=true rng=3841642673449239052
  · 흑랑 파수2 Lv3 판1 sample tick=213 game=3.5500 state=5 XZ=(16.5488,8.5393) pack=6 target=(10.3667,8.5000) path=0/7 level_current=true rng=3841642673449239052
  · 흑랑 파수2 Lv3 판1 sample tick=244 game=4.0667 state=5 XZ=(11.6177,8.5080) pack=6 target=(10.3667,8.5000) path=0/7 level_current=true rng=3841642673449239052
  · 흑랑 파수2 Lv3 판1 sample tick=275 game=4.5833 state=1 XZ=(11.7395,8.5082) pack=6 target=(10.3667,8.5000) path=0/7 level_current=true rng=3841642673449239052
  · 흑랑 파수2 Lv3 판1 sample tick=306 game=5.1000 state=1 XZ=(11.9442,8.5009) pack=6 target=(10.3667,8.5000) path=1/3 level_current=true rng=3841642673449239052
  · 흑랑 파수2 Lv3 판1 sample tick=337 game=5.6167 state=1 XZ=(11.6192,8.5000) pack=6 target=(10.3000,8.5000) path=0/1 level_current=true rng=3841642673449239052
  · 흑랑 파수2 Lv3 판1 sample tick=368 game=6.1333 state=1 XZ=(11.5660,8.5000) pack=6 target=(10.3000,8.5000) path=0/1 level_current=true rng=3841642673449239052
  · 흑랑 파수2 Lv3 판1 sample tick=399 game=6.6500 state=5 XZ=(11.5660,8.5000) pack=6 target=(10.3000,8.5000) path=0/1 level_current=true rng=3841642673449239052
  · 흑랑 파수2 Lv3 판1 sample tick=430 game=7.1667 state=4 XZ=(11.5660,8.5000) pack=6 target=(10.3000,8.5000) path=0/1 level_current=true rng=3841642673449239052
  · 흑랑 파수2 Lv3 판1 sample tick=461 game=7.6833 state=1 XZ=(11.5507,8.4998) pack=6 target=(10.3000,8.5000) path=0/1 level_current=true rng=3841642673449239052
  · 흑랑 파수2 Lv3 판1 sample tick=491 game=8.1833 state=1 XZ=(11.5507,8.4998) pack=6 target=(10.3000,8.5000) path=0/1 level_current=true rng=3841642673449239052
  · 흑랑 파수2 Lv3 판1 sample tick=521 game=8.6833 state=1 XZ=(11.5507,8.4998) pack=6 target=(10.3000,8.5000) path=0/1 level_current=true rng=3841642673449239052
  · 흑랑 파수2 Lv3 판1 sample tick=551 game=9.1833 state=3 XZ=(11.5507,8.4998) pack=6 target=(10.1667,8.5000) path=0/1 level_current=true rng=3841642673449239052
  · 흑랑 파수2 Lv3 판1 sample tick=581 game=9.6833 state=4 XZ=(11.4288,8.4998) pack=6 target=(10.1667,8.5000) path=0/1 level_current=true rng=3841642673449239052
  · 흑랑 파수2 Lv3 판1 sample tick=611 game=10.1833 state=1 XZ=(11.4287,8.4997) pack=6 target=(10.1667,8.5000) path=0/1 level_current=true rng=3841642673449239052
  · 흑랑 파수2 Lv3 판1 sample tick=641 game=10.6833 state=1 XZ=(11.4287,8.4997) pack=6 target=(10.1667,8.5000) path=0/1 level_current=true rng=3841642673449239052
  · 흑랑 파수2 Lv3 판1 sample tick=671 game=11.1833 state=1 XZ=(11.4287,8.4997) pack=6 target=(10.1667,8.5000) path=0/1 level_current=true rng=3841642673449239052
  · 흑랑 파수2 Lv3 판1 sample tick=701 game=11.6833 state=3 XZ=(11.4287,8.4997) pack=6 target=(10.1667,8.5000) path=0/1 level_current=true rng=3841642673449239052
  · 흑랑 RNG Lv3 판1 summon_bat1 seed=23274060 initial=4753414434267272430
  · 흑랑 RNG Lv3 판1 summon_bat2 seed=23274161 initial=1895130462959059375
  · 흑랑 파수2 Lv3 판1 sample tick=731 game=12.1833 state=5 XZ=(10.8330,8.5060) pack=6 target=(10.1667,8.5000) path=0/1 level_current=true rng=2984990500747020242
  · 흑랑 파수2 Lv3 판1 sample tick=761 game=12.6833 state=1 XZ=(10.7573,8.4691) pack=6 target=(10.1000,8.5000) path=0/1 level_current=true rng=2984990500747020242
  · 흑랑 파수2 Lv3 판1 sample tick=791 game=13.1833 state=1 XZ=(10.7573,8.4691) pack=6 target=(10.1000,8.5000) path=0/1 level_current=true rng=2984990500747020242
  · 흑랑 파수2 Lv3 판1 sample tick=821 game=13.6833 state=1 XZ=(10.7573,8.4691) pack=6 target=(10.1000,8.5000) path=0/1 level_current=true rng=2984990500747020242
  · 흑랑 파수2 Lv3 판1 sample tick=851 game=14.1833 state=1 XZ=(10.7573,8.4691) pack=6 target=(10.1000,8.5000) path=0/1 level_current=true rng=2984990500747020242
  · 흑랑 파수2 Lv3 판1 sample tick=881 game=14.6833 state=3 XZ=(10.7573,8.4691) pack=6 target=(10.1000,8.5000) path=0/1 level_current=true rng=2984990500747020242
  · 흑랑 파수2 Lv3 판1 sample tick=911 game=15.1833 state=4 XZ=(10.7573,8.4691) pack=6 target=(10.1000,8.5000) path=0/1 level_current=true rng=-1267280395400995224
  · 흑랑 파수2 Lv3 판1 sample tick=941 game=15.6833 state=1 XZ=(10.7492,8.4672) pack=6 target=(10.1000,8.5000) path=0/1 level_current=true rng=-1267280395400995224
  · 흑랑 파수2 Lv3 판1 sample tick=971 game=16.1833 state=1 XZ=(10.7492,8.4672) pack=6 target=(10.1000,8.5000) path=0/1 level_current=true rng=-1267280395400995224
  · 흑랑 파수2 Lv3 판1 sample tick=1002 game=16.7000 state=1 XZ=(10.7492,8.4672) pack=6 target=(10.1000,8.5000) path=0/1 level_current=true rng=-1267280395400995224
  · 흑랑 파수2 Lv3 판1 sample tick=1033 game=17.2167 state=3 XZ=(10.7492,8.4672) pack=6 target=(10.1000,8.5000) path=0/1 level_current=true rng=-1267280395400995224
  · 흑랑 파수2 Lv3 판1 sample tick=1064 game=17.7333 state=4 XZ=(10.7492,8.4672) pack=6 target=(10.1000,8.5000) path=0/1 level_current=true rng=7952870694343690062
  · 흑랑 파수2 Lv3 판1 sample tick=1095 game=18.2500 state=1 XZ=(10.7493,8.4655) pack=6 target=(10.1000,8.5000) path=0/1 level_current=true rng=7952870694343690062
  · 흑랑 파수2 Lv3 판1 sample tick=1126 game=18.7667 state=1 XZ=(10.7493,8.4655) pack=6 target=(10.1000,8.5000) path=0/1 level_current=true rng=7952870694343690062
  · 흑랑 파수2 Lv3 판1 sample tick=1157 game=19.2833 state=1 XZ=(10.7493,8.4655) pack=6 target=(10.1000,8.5000) path=0/1 level_current=true rng=7952870694343690062
  · 흑랑 파수2 Lv3 판1 sample tick=1188 game=19.8000 state=3 XZ=(10.7493,8.4655) pack=6 target=(10.1000,8.5000) path=0/1 level_current=true rng=7952870694343690062
  · 흑랑 파수2 Lv3 판1 sample tick=1219 game=20.3167 state=4 XZ=(10.7493,8.4655) pack=6 target=(10.1000,8.5000) path=0/1 level_current=true rng=-5111047397832607740
  · 흑랑 파수2 Lv3 판1 sample tick=1250 game=20.8333 state=1 XZ=(10.7493,8.4641) pack=6 target=(10.1000,8.5000) path=0/1 level_current=true rng=-5111047397832607740
  · 흑랑 파수2 Lv3 판1 sample tick=1281 game=21.3500 state=1 XZ=(10.7493,8.4641) pack=6 target=(10.1000,8.5000) path=0/1 level_current=true rng=-5111047397832607740
  · 흑랑 파수2 Lv3 판1 sample tick=1312 game=21.8667 state=1 XZ=(10.7493,8.4641) pack=6 target=(10.1000,8.5000) path=0/1 level_current=true rng=-5111047397832607740
  · 흑랑 파수2 Lv3 판1 sample tick=1343 game=22.3833 state=3 XZ=(10.7493,8.4641) pack=6 target=(10.1000,8.5000) path=0/1 level_current=true rng=-5111047397832607740
  · 흑랑 파수2 Lv3 판1 sample tick=1374 game=22.9000 state=4 XZ=(10.7493,8.4641) pack=6 target=(10.1000,8.5000) path=0/1 level_current=true rng=-5424752888238917110
  · 흑랑 파수2 Lv3 판1 sample tick=1405 game=23.4167 state=1 XZ=(10.7492,8.4630) pack=6 target=(10.1000,8.5000) path=0/1 level_current=true rng=-5424752888238917110
  · 흑랑 파수2 Lv3 판1 sample tick=1436 game=23.9333 state=1 XZ=(10.7492,8.4630) pack=6 target=(10.1000,8.5000) path=0/1 level_current=true rng=-5424752888238917110
  · 흑랑 파수2 Lv3 판1 sample tick=1467 game=24.4500 state=1 XZ=(10.7492,8.4630) pack=6 target=(10.1000,8.5000) path=0/1 level_current=true rng=-5424752888238917110
  · 흑랑 파수2 Lv3 판1 sample tick=1498 game=24.9667 state=3 XZ=(10.7492,8.4630) pack=6 target=(10.1000,8.5000) path=0/1 level_current=true rng=-5424752888238917110
  · 흑랑 파수2 Lv3 판1 sample tick=1529 game=25.4833 state=4 XZ=(10.7492,8.4630) pack=6 target=(10.1000,8.5000) path=0/1 level_current=true rng=602141716667985580
  · 흑랑 파수2 Lv3 판1 sample tick=1560 game=26.0000 state=1 XZ=(10.7490,8.4617) pack=6 target=(10.1000,8.5000) path=0/1 level_current=true rng=602141716667985580
  · 흑랑 파수2 Lv3 판1 sample tick=1591 game=26.5167 state=1 XZ=(10.7490,8.4617) pack=6 target=(10.1000,8.5000) path=0/1 level_current=true rng=602141716667985580
  · 흑랑 파수2 Lv3 판1 sample tick=1622 game=27.0333 state=1 XZ=(10.7490,8.4617) pack=6 target=(10.1000,8.5000) path=0/1 level_current=true rng=602141716667985580
  · 흑랑 파수2 Lv3 판1 sample tick=1653 game=27.5500 state=3 XZ=(10.7490,8.4617) pack=6 target=(10.1000,8.5000) path=0/1 level_current=true rng=602141716667985580
  · 흑랑 파수2 Lv3 판1 sample tick=1684 game=28.0667 state=4 XZ=(10.7490,8.4617) pack=6 target=(10.1000,8.5000) path=0/1 level_current=true rng=1286086405583097886
  · 흑랑 입력 Lv3 판1 polls=277 physics_interval=6 valid=true
  · 흑랑 Lv3 처치 · 27.7초 · 2페이즈 11.2초 · 생명 130→34 (최저 32 = 25%) · 탕약 3/3 · 적 공격 41 (명중 25)
  · 흑랑 파수2 Lv3 판1 finish tick=1700 game=28.3167 state=4 XZ=(10.7490,8.4617) pack=6 target=(10.1000,8.5000) path=0/1 level_current=true rng=1286086405583097886
  · 흑랑 RNG Lv3 판1 doho0 seed=23271941 initial=3718673984595126131 final=210160255614176275
  · 흑랑 RNG Lv3 판1 guard_bat1 seed=23275069 initial=6699926644757452107 final=9053088838582101655
  · 흑랑 RNG Lv3 판1 guard_bat2 seed=23275170 initial=3841642673449239052 final=1286086405583097886
  · 흑랑 RNG Lv3 판1 heukrang0 seed=23272950 initial=5665186195085305808 final=-4334644856633984577
  · 흑랑 RNG Lv3 판1 summon_bat1 seed=23274060 initial=4753414434267272430 final=-7559868052669486168
  · 흑랑 RNG Lv3 판1 summon_bat2 seed=23274161 initial=1895130462959059375 final=481403823597241650
  · 흑랑 재생 Lv3 판1 win=true attacks=41 hits=25 guards=2 summoned=2
  · 흑랑 RNG Lv5 판1 doho0 seed=25271947 initial=5600093101942189313
  · 흑랑 준비 key=93 physics=6 expected=6
  · 흑랑 RNG Lv5 판1 guard_bat1 seed=25275075 initial=8581345762104515289
  · 흑랑 RNG Lv5 판1 guard_bat2 seed=25275176 initial=5723061790796302234
  · 흑랑 RNG Lv5 판1 heukrang0 seed=25272956 initial=7546605312432368990
  · 흑랑 파수2 Lv5 판1 entered tick=1711 game=28.5000 state=0 XZ=(20.5000,15.5000) pack=12 target=none path=0/0 level_current=false rng=5723061790796302234
  · 흑랑 파수2 Lv5 판1 sample tick=1711 game=28.5167 state=1 XZ=(20.5000,15.5000) pack=12 target=(23.5000,23.5000) path=0/0 level_current=false rng=5723061790796302234
  · 흑랑 준비 key=93 physics=6 expected=6
  · 흑랑 파수2 Lv5 판1 before_V tick=1717 game=28.6000 state=1 XZ=(20.5000,15.8750) pack=12 target=(23.5000,23.5000) path=0/8 level_current=true rng=5723061790796302234
  · 흑랑 준비 key=86 physics=5 expected=5
  · 흑랑 파수2 Lv5 판1 after_V tick=1723 game=28.7000 state=1 XZ=(20.5000,16.3250) pack=12 target=(10.5000,9.5000) path=1/8 level_current=true rng=5723061790796302234
  · 흑랑 파수2 Lv5 판1 sample tick=1742 game=29.0333 state=1 XZ=(19.9830,16.1883) pack=12 target=(10.5000,9.5000) path=0/16 level_current=true rng=5723061790796302234
  · 흑랑 파수2 Lv5 판1 sample tick=1773 game=29.5500 state=1 XZ=(19.5122,13.9696) pack=12 target=(10.5000,9.5000) path=0/14 level_current=true rng=5723061790796302234
  · 흑랑 파수2 Lv5 판1 sample tick=1804 game=30.0667 state=1 XZ=(19.5003,11.6447) pack=12 target=(10.3667,9.5000) path=1/12 level_current=true rng=5723061790796302234
  · 흑랑 파수2 Lv5 판1 sample tick=1835 game=30.5833 state=1 XZ=(19.0655,9.6525) pack=12 target=(10.3667,9.5000) path=1/10 level_current=true rng=5723061790796302234
  · 흑랑 파수2 Lv5 판1 sample tick=1866 game=31.1000 state=3 XZ=(17.3292,9.5063) pack=12 target=(10.3667,9.5000) path=1/8 level_current=true rng=5723061790796302234
  · 흑랑 파수2 Lv5 판1 sample tick=1897 game=31.6167 state=5 XZ=(15.5292,9.5046) pack=12 target=(10.3667,9.5000) path=1/8 level_current=true rng=5723061790796302234
  · 흑랑 파수2 Lv5 판1 sample tick=1928 game=32.1333 state=4 XZ=(11.6174,9.5011) pack=12 target=(10.3667,9.5000) path=1/8 level_current=true rng=5723061790796302234
  · 흑랑 파수2 Lv5 판1 sample tick=1959 game=32.6500 state=1 XZ=(11.8921,9.5009) pack=12 target=(10.3667,9.5000) path=0/2 level_current=true rng=5723061790796302234
  · 흑랑 파수2 Lv5 판1 sample tick=1990 game=33.1667 state=1 XZ=(11.6266,9.5005) pack=12 target=(10.3667,9.5000) path=0/1 level_current=true rng=5723061790796302234
  · 흑랑 파수2 Lv5 판1 sample tick=2021 game=33.6833 state=1 XZ=(11.6266,9.5005) pack=12 target=(10.3000,9.5000) path=0/1 level_current=true rng=5723061790796302234
  · 흑랑 파수2 Lv5 판1 sample tick=2052 game=34.2000 state=3 XZ=(11.5506,9.5004) pack=12 target=(10.3000,9.5000) path=0/1 level_current=true rng=5723061790796302234
  · 흑랑 파수2 Lv5 판1 sample tick=2083 game=34.7167 state=5 XZ=(11.5506,9.5004) pack=12 target=(10.3000,9.5000) path=0/1 level_current=true rng=5723061790796302234
  · 흑랑 파수2 Lv5 판1 sample tick=2114 game=35.2333 state=1 XZ=(11.5744,9.5004) pack=12 target=(10.3000,9.5000) path=0/1 level_current=true rng=5723061790796302234
  · 흑랑 파수2 Lv5 판1 sample tick=2145 game=35.7500 state=1 XZ=(11.5507,9.5004) pack=12 target=(10.3000,9.5000) path=0/1 level_current=true rng=5723061790796302234
  · 흑랑 파수2 Lv5 판1 sample tick=2176 game=36.2667 state=1 XZ=(11.5507,9.5004) pack=12 target=(10.3000,9.5000) path=0/1 level_current=true rng=5723061790796302234
  · 흑랑 파수2 Lv5 판1 sample tick=2207 game=36.7833 state=1 XZ=(11.5507,9.5004) pack=12 target=(10.3000,9.5000) path=0/1 level_current=true rng=5723061790796302234
  · 흑랑 파수2 Lv5 판1 sample tick=2238 game=37.3000 state=5 XZ=(11.5507,9.5004) pack=12 target=(10.1667,9.5000) path=0/1 level_current=true rng=5723061790796302234
  · 흑랑 파수2 Lv5 판1 sample tick=2269 game=37.8167 state=4 XZ=(11.4288,9.5004) pack=12 target=(10.1667,9.5000) path=0/1 level_current=true rng=5723061790796302234
  · 흑랑 파수2 Lv5 판1 sample tick=2300 game=38.3333 state=1 XZ=(11.4287,9.5004) pack=12 target=(10.1667,9.5000) path=0/1 level_current=true rng=5723061790796302234
  · 흑랑 파수2 Lv5 판1 sample tick=2331 game=38.8500 state=1 XZ=(11.4287,9.5004) pack=12 target=(10.1667,9.5000) path=0/1 level_current=true rng=5723061790796302234
  · 흑랑 파수2 Lv5 판1 sample tick=2362 game=39.3667 state=1 XZ=(11.4287,9.5004) pack=12 target=(10.1667,9.5000) path=0/1 level_current=true rng=5723061790796302234
  · 흑랑 파수2 Lv5 판1 sample tick=2393 game=39.8833 state=3 XZ=(11.4287,9.5004) pack=12 target=(10.1667,9.5000) path=0/1 level_current=true rng=5723061790796302234
  · 흑랑 파수2 Lv5 판1 sample tick=2424 game=40.4000 state=4 XZ=(11.4287,9.5004) pack=12 target=(10.1667,9.5000) path=0/1 level_current=true rng=5723061790796302234
  · 흑랑 파수2 Lv5 판1 sample tick=2455 game=40.9167 state=1 XZ=(11.4288,9.5004) pack=12 target=(10.1667,9.5000) path=0/1 level_current=true rng=5723061790796302234
  · 흑랑 파수2 Lv5 판1 sample tick=2486 game=41.4333 state=1 XZ=(11.4288,9.5004) pack=12 target=(10.1667,9.5000) path=0/1 level_current=true rng=5723061790796302234
  · 흑랑 파수2 Lv5 판1 sample tick=2517 game=41.9500 state=1 XZ=(11.4288,9.5004) pack=12 target=(10.1667,9.5000) path=0/1 level_current=true rng=5723061790796302234
  · 흑랑 파수2 Lv5 판1 sample tick=2548 game=42.4667 state=3 XZ=(11.4288,9.5004) pack=12 target=(10.1667,9.5000) path=0/1 level_current=true rng=5723061790796302234
  · 흑랑 파수2 Lv5 판1 sample tick=2579 game=42.9833 state=4 XZ=(11.4288,9.5004) pack=12 target=(10.1667,9.5000) path=0/1 level_current=true rng=5723061790796302234
  · 흑랑 RNG Lv5 판1 summon_bat1 seed=25274066 initial=6634833551614335612
  · 흑랑 RNG Lv5 판1 summon_bat2 seed=25274167 initial=3776549580306122557
  · 흑랑 파수2 Lv5 판1 sample tick=2610 game=43.5000 state=1 XZ=(11.0340,9.4575) pack=12 target=(10.1667,9.5000) path=0/1 level_current=true rng=5723061790796302234
  · 흑랑 파수2 Lv5 판1 sample tick=2641 game=44.0167 state=1 XZ=(10.8168,9.5142) pack=12 target=(10.1667,9.5000) path=0/1 level_current=true rng=5723061790796302234
  · 흑랑 파수2 Lv5 판1 sample tick=2672 game=44.5333 state=1 XZ=(10.8168,9.5142) pack=12 target=(10.1667,9.5000) path=0/1 level_current=true rng=5723061790796302234
  · 흑랑 파수2 Lv5 판1 sample tick=2703 game=45.0500 state=3 XZ=(10.8168,9.5142) pack=12 target=(10.1667,9.5000) path=0/1 level_current=true rng=5723061790796302234
  · 흑랑 파수2 Lv5 판1 sample tick=2734 game=45.5667 state=4 XZ=(10.8168,9.5142) pack=12 target=(10.1667,9.5000) path=0/1 level_current=true rng=-2294790372600408388
  · 흑랑 파수2 Lv5 판1 sample tick=2765 game=46.0833 state=1 XZ=(10.8165,9.5175) pack=12 target=(10.1667,9.5000) path=0/1 level_current=true rng=-2294790372600408388
  · 흑랑 파수2 Lv5 판1 sample tick=2796 game=46.6000 state=1 XZ=(10.8165,9.5175) pack=12 target=(10.1667,9.5000) path=0/1 level_current=true rng=-2294790372600408388
  · 흑랑 파수2 Lv5 판1 sample tick=2827 game=47.1167 state=1 XZ=(10.8165,9.5175) pack=12 target=(10.1667,9.5000) path=0/1 level_current=true rng=-2294790372600408388
  · 흑랑 파수2 Lv5 판1 sample tick=2858 game=47.6333 state=3 XZ=(10.8165,9.5175) pack=12 target=(10.1667,9.5000) path=0/1 level_current=true rng=-2294790372600408388
  · 흑랑 파수2 Lv5 판1 sample tick=2889 game=48.1500 state=4 XZ=(10.8165,9.5175) pack=12 target=(10.1667,9.5000) path=0/1 level_current=true rng=-5545868306340860158
  · 흑랑 파수2 Lv5 판1 sample tick=2920 game=48.6667 state=1 XZ=(10.8164,9.5205) pack=12 target=(10.1667,9.5000) path=0/1 level_current=true rng=-5545868306340860158
  · 흑랑 파수2 Lv5 판1 sample tick=2951 game=49.1833 state=1 XZ=(10.8164,9.5205) pack=12 target=(10.1667,9.5000) path=0/1 level_current=true rng=-5545868306340860158
  · 흑랑 파수2 Lv5 판1 sample tick=2982 game=49.7000 state=1 XZ=(10.8164,9.5205) pack=12 target=(10.1667,9.5000) path=0/1 level_current=true rng=-5545868306340860158
  · 흑랑 파수2 Lv5 판1 sample tick=3013 game=50.2167 state=3 XZ=(10.8164,9.5205) pack=12 target=(10.1667,9.5000) path=0/1 level_current=true rng=-5545868306340860158
  · 흑랑 파수2 Lv5 판1 sample tick=3044 game=50.7333 state=5 XZ=(10.8164,9.5205) pack=12 target=(10.1667,9.5000) path=0/1 level_current=true rng=6331231839291702372
  · 흑랑 파수2 Lv5 판1 sample tick=3075 game=51.2500 state=1 XZ=(10.8162,9.5228) pack=12 target=(10.1667,9.5000) path=0/1 level_current=true rng=6331231839291702372
  · 흑랑 파수2 Lv5 판1 sample tick=3106 game=51.7667 state=1 XZ=(10.8162,9.5228) pack=12 target=(10.1667,9.5000) path=0/1 level_current=true rng=6331231839291702372
  · 흑랑 파수2 Lv5 판1 sample tick=3137 game=52.2833 state=1 XZ=(10.8162,9.5228) pack=12 target=(10.1667,9.5000) path=0/1 level_current=true rng=6331231839291702372
  · 흑랑 파수2 Lv5 판1 sample tick=3168 game=52.8000 state=3 XZ=(10.8162,9.5228) pack=12 target=(10.1667,9.5000) path=0/1 level_current=true rng=6331231839291702372
  · 흑랑 파수2 Lv5 판1 sample tick=3199 game=53.3167 state=5 XZ=(10.8162,9.5228) pack=12 target=(10.1667,9.5000) path=0/1 level_current=true rng=-6522577865471702166
  · 흑랑 파수2 Lv5 판1 sample tick=3230 game=53.8333 state=1 XZ=(10.8163,9.5248) pack=12 target=(10.1667,9.5000) path=0/1 level_current=true rng=-6522577865471702166
  · 흑랑 파수2 Lv5 판1 sample tick=3261 game=54.3500 state=1 XZ=(10.8163,9.5248) pack=12 target=(10.1667,9.5000) path=0/1 level_current=true rng=-6522577865471702166
  · 흑랑 파수2 Lv5 판1 sample tick=3292 game=54.8667 state=1 XZ=(10.8163,9.5248) pack=12 target=(10.1667,9.5000) path=0/1 level_current=true rng=-6522577865471702166
  · 흑랑 파수2 Lv5 판1 sample tick=3323 game=55.3833 state=1 XZ=(10.8163,9.5248) pack=12 target=(10.1667,9.5000) path=0/1 level_current=true rng=-6522577865471702166
  · 흑랑 파수2 Lv5 판1 sample tick=3354 game=55.9000 state=5 XZ=(10.8163,9.5248) pack=12 target=(10.1667,9.5000) path=0/1 level_current=true rng=-4317364557962837696
  · 흑랑 파수2 Lv5 판1 sample tick=3385 game=56.4167 state=4 XZ=(10.8163,9.5248) pack=12 target=(10.1667,9.5000) path=0/1 level_current=true rng=-4317364557962837696
  · 흑랑 입력 Lv5 판1 polls=278 physics_interval=6 valid=true
  · 흑랑 Lv5 처치 · 27.8초 · 2페이즈 14.7초 · 생명 150→45 (최저 45 = 30%) · 탕약 3/3 · 적 공격 37 (명중 24)
  · 흑랑 파수2 Lv5 판1 finish tick=3391 game=56.5000 state=1 XZ=(10.8163,9.5266) pack=12 target=(10.1667,9.5000) path=0/1 level_current=true rng=-4317364557962837696
  · 흑랑 RNG Lv5 판1 doho0 seed=25271947 initial=5600093101942189313 final=-1456016979007014311
  · 흑랑 RNG Lv5 판1 guard_bat1 seed=25275075 initial=8581345762104515289 final=-4915985485660836923
  · 흑랑 RNG Lv5 판1 guard_bat2 seed=25275176 initial=5723061790796302234 final=-4317364557962837696
  · 흑랑 RNG Lv5 판1 heukrang0 seed=25272956 initial=7546605312432368990 final=2395616564710220186
  · 흑랑 RNG Lv5 판1 summon_bat1 seed=25274066 initial=6634833551614335612 final=8077224405062169234
  · 흑랑 RNG Lv5 판1 summon_bat2 seed=25274167 initial=3776549580306122557 final=1002189368153405969
  · 흑랑 재생 Lv5 판1 win=true attacks=37 hits=24 guards=2 summoned=2
  · Lv5 목표 대조(이 판 — 판정은 25판 표 §9.7): 27.8초 (15~30) · 탕약 3 (1 안팎) · 최저 생명 30% (35~60)
E2E balance_boss PASS (검사 30)
E2E SUMMARY: 1/1 PASS
  e2e  (61.1초) — 제한 3600초
전부 PASS
