== e2e 러너 자기검사 ==
  PASS  E2E_SELFTEST PASS (판정 일치 5/5)  (4.4초)
== e2e (balance_boss) ==
E2E start: balance_boss
E2E ▶ balance_boss
  · 명중 확정 끔 — 이 대본은 명중 굴림을 실전 그대로 쓴다 (#342)
  · 흑랑 RNG Lv3 판1 doho0 seed=23271941 initial=3718673984595126131
  · 흑랑 준비 key=93 physics=6 expected=6
  · 흑랑 RNG Lv3 판1 guard_bat1 seed=23275069 initial=6699926644757452107
  · 흑랑 RNG Lv3 판1 guard_bat2 seed=23275170 initial=3841642673449239052
  · 흑랑 RNG Lv3 판1 heukrang0 seed=23272950 initial=5665186195085305808
  · 흑랑 파수2 Lv3 판1 entered tick=28 game=0.4667 state=0 XZ=(20.5000,15.5000) pack=6 target=none path=0/0 level_current=false rng=3841642673449239052
  · 흑랑 준비 key=93 physics=6 expected=6
  · 흑랑 파수2 Lv3 판1 before_V tick=33 game=0.5333 state=1 XZ=(20.5000,15.7250) pack=6 target=(23.5000,23.5000) path=0/8 level_current=true rng=3841642673449239052
  · 흑랑 파수2 Lv3 판1 sample tick=35 game=0.5833 state=1 XZ=(20.5000,15.9500) pack=6 target=(23.5000,23.5000) path=0/8 level_current=true rng=3841642673449239052
  · 흑랑 준비 key=86 physics=5 expected=5
  · 흑랑 파수2 Lv3 판1 after_V tick=39 game=0.6333 state=1 XZ=(20.5000,16.1750) pack=6 target=(10.5000,8.5000) path=0/8 level_current=true rng=3841642673449239052
  · 흑랑 파수2 Lv3 판1 sample tick=65 game=1.0833 state=1 XZ=(19.7676,15.8813) pack=6 target=(10.5000,8.5000) path=0/16 level_current=true rng=3841642673449239052
  · 흑랑 파수2 Lv3 판1 sample tick=96 game=1.6000 state=1 XZ=(19.5056,13.5946) pack=6 target=(10.5000,8.5000) path=1/14 level_current=true rng=3841642673449239052
  · 흑랑 파수2 Lv3 판1 sample tick=127 game=2.1167 state=1 XZ=(19.5002,11.2697) pack=6 target=(10.3667,8.5000) path=0/11 level_current=true rng=3841642673449239052
  · 흑랑 파수2 Lv3 판1 sample tick=158 game=2.6333 state=1 XZ=(18.9896,9.1216) pack=6 target=(10.3667,8.5000) path=1/10 level_current=true rng=3841642673449239052
  · 흑랑 파수2 Lv3 판1 sample tick=189 game=3.1500 state=3 XZ=(17.3488,8.5444) pack=6 target=(10.3667,8.5000) path=0/7 level_current=true rng=3841642673449239052
  · 흑랑 파수2 Lv3 판1 sample tick=220 game=3.6667 state=5 XZ=(15.7488,8.5342) pack=6 target=(10.3667,8.5000) path=0/7 level_current=true rng=3841642673449239052
  · 흑랑 파수2 Lv3 판1 sample tick=251 game=4.1833 state=5 XZ=(11.6177,8.5080) pack=6 target=(10.3667,8.5000) path=0/7 level_current=true rng=3841642673449239052
  · 흑랑 파수2 Lv3 판1 sample tick=282 game=4.7000 state=1 XZ=(12.1035,8.5081) pack=6 target=(10.3667,8.5000) path=0/7 level_current=true rng=3841642673449239052
  · 흑랑 파수2 Lv3 판1 sample tick=313 game=5.2167 state=1 XZ=(11.7265,8.5002) pack=6 target=(10.3667,8.5000) path=2/3 level_current=true rng=3841642673449239052
  · 흑랑 파수2 Lv3 판1 sample tick=344 game=5.7333 state=1 XZ=(11.5660,8.5000) pack=6 target=(10.3000,8.5000) path=0/1 level_current=true rng=3841642673449239052
  · 흑랑 파수2 Lv3 판1 sample tick=375 game=6.2500 state=3 XZ=(11.5660,8.5000) pack=6 target=(10.3000,8.5000) path=0/1 level_current=true rng=3841642673449239052
  · 흑랑 파수2 Lv3 판1 sample tick=406 game=6.7667 state=5 XZ=(11.5660,8.5000) pack=6 target=(10.3000,8.5000) path=0/1 level_current=true rng=3841642673449239052
  · 흑랑 파수2 Lv3 판1 sample tick=437 game=7.2833 state=4 XZ=(11.5660,8.5000) pack=6 target=(10.3000,8.5000) path=0/1 level_current=true rng=3841642673449239052
  · 흑랑 파수2 Lv3 판1 sample tick=468 game=7.8000 state=1 XZ=(11.5502,8.4998) pack=6 target=(10.3000,8.5000) path=0/1 level_current=true rng=3841642673449239052
  · 흑랑 파수2 Lv3 판1 sample tick=498 game=8.3000 state=1 XZ=(11.5502,8.4998) pack=6 target=(10.3000,8.5000) path=0/1 level_current=true rng=3841642673449239052
  · 흑랑 파수2 Lv3 판1 sample tick=528 game=8.8000 state=1 XZ=(11.5502,8.4998) pack=6 target=(10.3000,8.5000) path=0/1 level_current=true rng=3841642673449239052
  · 흑랑 파수2 Lv3 판1 sample tick=558 game=9.3000 state=3 XZ=(11.5502,8.4998) pack=6 target=(10.1667,8.5000) path=0/1 level_current=true rng=3841642673449239052
  · 흑랑 파수2 Lv3 판1 sample tick=588 game=9.8000 state=4 XZ=(11.4291,8.4998) pack=6 target=(10.1667,8.5000) path=0/1 level_current=true rng=3841642673449239052
  · 흑랑 파수2 Lv3 판1 sample tick=618 game=10.3000 state=1 XZ=(11.4284,8.4991) pack=6 target=(10.1667,8.5000) path=0/1 level_current=true rng=3841642673449239052
  · 흑랑 파수2 Lv3 판1 sample tick=648 game=10.8000 state=1 XZ=(11.4284,8.4991) pack=6 target=(10.1667,8.5000) path=0/1 level_current=true rng=3841642673449239052
  · 흑랑 파수2 Lv3 판1 sample tick=678 game=11.3000 state=1 XZ=(11.4284,8.4991) pack=6 target=(10.1667,8.5000) path=0/1 level_current=true rng=3841642673449239052
  · 흑랑 RNG Lv3 판1 summon_bat1 seed=23274060 initial=4753414434267272430
  · 흑랑 RNG Lv3 판1 summon_bat2 seed=23274161 initial=1895130462959059375
  · 흑랑 파수2 Lv3 판1 sample tick=708 game=11.8000 state=3 XZ=(11.5895,8.5011) pack=6 target=(10.1667,8.5000) path=0/1 level_current=true rng=3841642673449239052
  · 흑랑 파수2 Lv3 판1 sample tick=738 game=12.3000 state=4 XZ=(11.4160,8.5009) pack=6 target=(10.1667,8.5000) path=0/1 level_current=true rng=3841642673449239052
  · 흑랑 파수2 Lv3 판1 sample tick=768 game=12.8000 state=1 XZ=(11.1186,8.5105) pack=6 target=(10.1000,8.5000) path=0/1 level_current=true rng=3841642673449239052
  · 흑랑 파수2 Lv3 판1 sample tick=798 game=13.3000 state=1 XZ=(10.7497,8.5264) pack=6 target=(10.1000,8.5000) path=0/1 level_current=true rng=3841642673449239052
  · 흑랑 파수2 Lv3 판1 sample tick=828 game=13.8000 state=1 XZ=(10.7497,8.5264) pack=6 target=(10.1000,8.5000) path=0/1 level_current=true rng=3841642673449239052
  · 흑랑 파수2 Lv3 판1 sample tick=858 game=14.3000 state=3 XZ=(10.7497,8.5264) pack=6 target=(10.1000,8.5000) path=0/1 level_current=true rng=3841642673449239052
  · 흑랑 파수2 Lv3 판1 sample tick=888 game=14.8000 state=5 XZ=(10.7497,8.5264) pack=6 target=(10.1000,8.5000) path=0/1 level_current=true rng=2984990500747020242
  · 흑랑 파수2 Lv3 판1 sample tick=918 game=15.3000 state=4 XZ=(10.7497,8.5264) pack=6 target=(10.1000,8.5000) path=0/1 level_current=true rng=2984990500747020242
  · 흑랑 파수2 Lv3 판1 sample tick=948 game=15.8000 state=1 XZ=(10.7497,8.5266) pack=6 target=(10.1000,8.5000) path=0/1 level_current=true rng=2984990500747020242
  · 흑랑 파수2 Lv3 판1 sample tick=979 game=16.3167 state=1 XZ=(10.7497,8.5266) pack=6 target=(10.1000,8.5000) path=0/1 level_current=true rng=2984990500747020242
  · 흑랑 파수2 Lv3 판1 sample tick=1010 game=16.8333 state=1 XZ=(10.7497,8.5266) pack=6 target=(10.1000,8.5000) path=0/1 level_current=true rng=2984990500747020242
  · 흑랑 파수2 Lv3 판1 sample tick=1041 game=17.3500 state=3 XZ=(10.7497,8.5266) pack=6 target=(10.1000,8.5000) path=0/1 level_current=true rng=2984990500747020242
  · 흑랑 파수2 Lv3 판1 sample tick=1072 game=17.8667 state=4 XZ=(10.7497,8.5266) pack=6 target=(10.1000,8.5000) path=0/1 level_current=true rng=-1267280395400995224
  · 흑랑 파수2 Lv3 판1 sample tick=1103 game=18.3833 state=1 XZ=(10.7497,8.5263) pack=6 target=(10.1000,8.5000) path=0/1 level_current=true rng=-1267280395400995224
  · 흑랑 파수2 Lv3 판1 sample tick=1134 game=18.9000 state=1 XZ=(10.7497,8.5263) pack=6 target=(10.1000,8.5000) path=0/1 level_current=true rng=-1267280395400995224
  · 흑랑 파수2 Lv3 판1 sample tick=1165 game=19.4167 state=1 XZ=(10.7497,8.5263) pack=6 target=(10.1000,8.5000) path=0/1 level_current=true rng=-1267280395400995224
  · 흑랑 파수2 Lv3 판1 sample tick=1196 game=19.9333 state=3 XZ=(10.7497,8.5263) pack=6 target=(10.1000,8.5000) path=0/1 level_current=true rng=-1267280395400995224
  · 흑랑 파수2 Lv3 판1 sample tick=1227 game=20.4500 state=4 XZ=(10.7497,8.5263) pack=6 target=(10.1000,8.5000) path=0/1 level_current=true rng=7952870694343690062
  · 흑랑 파수2 Lv3 판1 sample tick=1258 game=20.9667 state=1 XZ=(10.7497,8.5257) pack=6 target=(10.1000,8.5000) path=0/1 level_current=true rng=7952870694343690062
  · 흑랑 파수2 Lv3 판1 sample tick=1289 game=21.4833 state=1 XZ=(10.7497,8.5257) pack=6 target=(10.1000,8.5000) path=0/1 level_current=true rng=7952870694343690062
  · 흑랑 파수2 Lv3 판1 sample tick=1320 game=22.0000 state=1 XZ=(10.7497,8.5257) pack=6 target=(10.1000,8.5000) path=0/1 level_current=true rng=7952870694343690062
  · 흑랑 파수2 Lv3 판1 sample tick=1351 game=22.5167 state=3 XZ=(10.7497,8.5257) pack=6 target=(10.1000,8.5000) path=0/1 level_current=true rng=7952870694343690062
  · 흑랑 파수2 Lv3 판1 sample tick=1382 game=23.0333 state=4 XZ=(10.7497,8.5257) pack=6 target=(10.1000,8.5000) path=0/1 level_current=true rng=-5111047397832607740
  · 흑랑 파수2 Lv3 판1 sample tick=1413 game=23.5500 state=1 XZ=(10.7496,8.5250) pack=6 target=(10.1000,8.5000) path=0/1 level_current=true rng=-5111047397832607740
  · 흑랑 파수2 Lv3 판1 sample tick=1444 game=24.0667 state=1 XZ=(10.7496,8.5250) pack=6 target=(10.1000,8.5000) path=0/1 level_current=true rng=-5111047397832607740
  · 흑랑 파수2 Lv3 판1 sample tick=1475 game=24.5833 state=1 XZ=(10.7496,8.5250) pack=6 target=(10.1000,8.5000) path=0/1 level_current=true rng=-5111047397832607740
  · 흑랑 파수2 Lv3 판1 sample tick=1506 game=25.1000 state=3 XZ=(10.7496,8.5250) pack=6 target=(10.1000,8.5000) path=0/1 level_current=true rng=-5111047397832607740
  · 흑랑 파수2 Lv3 판1 sample tick=1537 game=25.6167 state=4 XZ=(10.7496,8.5250) pack=6 target=(10.1000,8.5000) path=0/1 level_current=true rng=-5424752888238917110
  · 흑랑 파수2 Lv3 판1 sample tick=1568 game=26.1333 state=1 XZ=(10.7498,8.5241) pack=6 target=(10.1000,8.5000) path=0/1 level_current=true rng=-5424752888238917110
  · 흑랑 파수2 Lv3 판1 sample tick=1599 game=26.6500 state=1 XZ=(10.7498,8.5241) pack=6 target=(10.1000,8.5000) path=0/1 level_current=true rng=-5424752888238917110
  · 흑랑 파수2 Lv3 판1 sample tick=1630 game=27.1667 state=1 XZ=(10.7498,8.5241) pack=6 target=(10.1000,8.5000) path=0/1 level_current=true rng=-5424752888238917110
  · 흑랑 파수2 Lv3 판1 sample tick=1661 game=27.6833 state=3 XZ=(10.7498,8.5241) pack=6 target=(10.1000,8.5000) path=0/1 level_current=true rng=-5424752888238917110
  · 흑랑 파수2 Lv3 판1 sample tick=1692 game=28.2000 state=4 XZ=(10.7498,8.5241) pack=6 target=(10.1000,8.5000) path=0/1 level_current=true rng=602141716667985580
  · 흑랑 Lv3 처치 · 27.7초 · 2페이즈 11.1초 · 생명 130→34 (최저 34 = 26%) · 탕약 3/3 · 적 공격 40 (명중 25)
  · 흑랑 파수2 Lv3 판1 finish tick=1702 game=28.3667 state=4 XZ=(10.7498,8.5241) pack=6 target=(10.1000,8.5000) path=0/1 level_current=true rng=602141716667985580
  · 흑랑 RNG Lv3 판1 doho0 seed=23271941 initial=3718673984595126131 final=210160255614176275
  · 흑랑 RNG Lv3 판1 guard_bat1 seed=23275069 initial=6699926644757452107 final=9053088838582101655
  · 흑랑 RNG Lv3 판1 guard_bat2 seed=23275170 initial=3841642673449239052 final=602141716667985580
  · 흑랑 RNG Lv3 판1 heukrang0 seed=23272950 initial=5665186195085305808 final=-4334644856633984577
  · 흑랑 RNG Lv3 판1 summon_bat1 seed=23274060 initial=4753414434267272430 final=-7559868052669486168
  · 흑랑 RNG Lv3 판1 summon_bat2 seed=23274161 initial=1895130462959059375 final=481403823597241650
  · 흑랑 재생 Lv3 판1 win=true attacks=40 hits=25 guards=2 summoned=2
  · 흑랑 RNG Lv5 판1 doho0 seed=25271947 initial=5600093101942189313
  · 흑랑 준비 key=93 physics=6 expected=6
  · 흑랑 RNG Lv5 판1 guard_bat1 seed=25275075 initial=8581345762104515289
  · 흑랑 RNG Lv5 판1 guard_bat2 seed=25275176 initial=5723061790796302234
  · 흑랑 RNG Lv5 판1 heukrang0 seed=25272956 initial=7546605312432368990
  · 흑랑 파수2 Lv5 판1 entered tick=1719 game=28.6500 state=0 XZ=(20.5000,15.5000) pack=12 target=none path=0/0 level_current=false rng=5723061790796302234
  · 흑랑 준비 key=93 physics=6 expected=6
  · 흑랑 파수2 Lv5 판1 before_V tick=1724 game=28.7167 state=1 XZ=(20.5000,15.7250) pack=12 target=(23.5000,23.5000) path=0/8 level_current=true rng=5723061790796302234
  · 흑랑 파수2 Lv5 판1 sample tick=1725 game=28.7500 state=1 XZ=(20.5000,15.8750) pack=12 target=(23.5000,23.5000) path=0/8 level_current=true rng=5723061790796302234
  · 흑랑 준비 key=86 physics=5 expected=5
  · 흑랑 파수2 Lv5 판1 after_V tick=1730 game=28.8167 state=1 XZ=(20.5000,16.1750) pack=12 target=(10.5000,8.5000) path=0/8 level_current=true rng=5723061790796302234
  · 흑랑 파수2 Lv5 판1 sample tick=1756 game=29.2667 state=1 XZ=(19.7676,15.8813) pack=12 target=(10.5000,8.5000) path=0/16 level_current=true rng=5723061790796302234
  · 흑랑 파수2 Lv5 판1 sample tick=1787 game=29.7833 state=1 XZ=(19.5056,13.5946) pack=12 target=(10.5000,8.5000) path=1/14 level_current=true rng=5723061790796302234
  · 흑랑 파수2 Lv5 판1 sample tick=1818 game=30.3000 state=1 XZ=(19.5002,11.2697) pack=12 target=(10.3667,8.5000) path=0/11 level_current=true rng=5723061790796302234
  · 흑랑 파수2 Lv5 판1 sample tick=1849 game=30.8167 state=1 XZ=(18.9896,9.1216) pack=12 target=(10.3667,8.5000) path=1/10 level_current=true rng=5723061790796302234
  · 흑랑 파수2 Lv5 판1 sample tick=1880 game=31.3333 state=3 XZ=(17.3488,8.5444) pack=12 target=(10.3667,8.5000) path=0/7 level_current=true rng=5723061790796302234
  · 흑랑 파수2 Lv5 판1 sample tick=1911 game=31.8500 state=5 XZ=(15.7488,8.5342) pack=12 target=(10.3667,8.5000) path=0/7 level_current=true rng=5723061790796302234
  · 흑랑 파수2 Lv5 판1 sample tick=1942 game=32.3667 state=5 XZ=(11.6177,8.5080) pack=12 target=(10.3667,8.5000) path=0/7 level_current=true rng=5723061790796302234
  · 흑랑 파수2 Lv5 판1 sample tick=1973 game=32.8833 state=1 XZ=(12.1035,8.5081) pack=12 target=(10.3667,8.5000) path=0/7 level_current=true rng=5723061790796302234
  · 흑랑 파수2 Lv5 판1 sample tick=2004 game=33.4000 state=1 XZ=(11.7265,8.5002) pack=12 target=(10.3667,8.5000) path=2/3 level_current=true rng=5723061790796302234
  · 흑랑 파수2 Lv5 판1 sample tick=2035 game=33.9167 state=1 XZ=(11.5660,8.5000) pack=12 target=(10.3000,8.5000) path=0/1 level_current=true rng=5723061790796302234
  · 흑랑 파수2 Lv5 판1 sample tick=2066 game=34.4333 state=3 XZ=(11.5660,8.5000) pack=12 target=(10.3000,8.5000) path=0/1 level_current=true rng=5723061790796302234
  · 흑랑 파수2 Lv5 판1 sample tick=2097 game=34.9500 state=5 XZ=(11.5660,8.5000) pack=12 target=(10.3000,8.5000) path=0/1 level_current=true rng=5723061790796302234
  · 흑랑 파수2 Lv5 판1 sample tick=2128 game=35.4667 state=4 XZ=(11.5660,8.5000) pack=12 target=(10.3000,8.5000) path=0/1 level_current=true rng=5723061790796302234
  · 흑랑 파수2 Lv5 판1 sample tick=2159 game=35.9833 state=1 XZ=(11.5502,8.4998) pack=12 target=(10.3000,8.5000) path=0/1 level_current=true rng=5723061790796302234
  · 흑랑 파수2 Lv5 판1 sample tick=2190 game=36.5000 state=1 XZ=(11.5502,8.4998) pack=12 target=(10.3000,8.5000) path=0/1 level_current=true rng=5723061790796302234
  · 흑랑 파수2 Lv5 판1 sample tick=2221 game=37.0167 state=1 XZ=(11.5502,8.4998) pack=12 target=(10.3000,8.5000) path=0/1 level_current=true rng=5723061790796302234
  · 흑랑 파수2 Lv5 판1 sample tick=2252 game=37.5333 state=3 XZ=(11.5502,8.4998) pack=12 target=(10.1667,8.5000) path=0/1 level_current=true rng=5723061790796302234
  · 흑랑 파수2 Lv5 판1 sample tick=2283 game=38.0500 state=4 XZ=(11.4291,8.4998) pack=12 target=(10.1667,8.5000) path=0/1 level_current=true rng=5723061790796302234
  · 흑랑 파수2 Lv5 판1 sample tick=2314 game=38.5667 state=1 XZ=(11.4286,8.4992) pack=12 target=(10.1667,8.5000) path=0/1 level_current=true rng=5723061790796302234
  · 흑랑 파수2 Lv5 판1 sample tick=2345 game=39.0833 state=1 XZ=(11.4286,8.4992) pack=12 target=(10.1667,8.5000) path=0/1 level_current=true rng=5723061790796302234
  · 흑랑 파수2 Lv5 판1 sample tick=2376 game=39.6000 state=1 XZ=(11.4286,8.4992) pack=12 target=(10.1667,8.5000) path=0/1 level_current=true rng=5723061790796302234
  · 흑랑 파수2 Lv5 판1 sample tick=2407 game=40.1167 state=3 XZ=(11.4286,8.4992) pack=12 target=(10.1667,8.5000) path=0/1 level_current=true rng=5723061790796302234
  · 흑랑 파수2 Lv5 판1 sample tick=2438 game=40.6333 state=4 XZ=(11.4286,8.4992) pack=12 target=(10.1667,8.5000) path=0/1 level_current=true rng=5723061790796302234
  · 흑랑 파수2 Lv5 판1 sample tick=2469 game=41.1500 state=1 XZ=(11.4285,8.4985) pack=12 target=(10.1667,8.5000) path=0/1 level_current=true rng=5723061790796302234
  · 흑랑 파수2 Lv5 판1 sample tick=2500 game=41.6667 state=1 XZ=(11.4285,8.4985) pack=12 target=(10.1667,8.5000) path=0/1 level_current=true rng=5723061790796302234
  · 흑랑 파수2 Lv5 판1 sample tick=2531 game=42.1833 state=1 XZ=(11.4285,8.4985) pack=12 target=(10.1667,8.5000) path=0/1 level_current=true rng=5723061790796302234
  · 흑랑 파수2 Lv5 판1 sample tick=2562 game=42.7000 state=3 XZ=(11.4285,8.4985) pack=12 target=(10.1667,8.5000) path=0/1 level_current=true rng=5723061790796302234
  · 흑랑 파수2 Lv5 판1 sample tick=2593 game=43.2167 state=4 XZ=(11.4285,8.4985) pack=12 target=(10.1667,8.5000) path=0/1 level_current=true rng=5723061790796302234
  · 흑랑 RNG Lv5 판1 summon_bat1 seed=25274066 initial=6634833551614335612
  · 흑랑 RNG Lv5 판1 summon_bat2 seed=25274167 initial=3776549580306122557
  · 흑랑 파수2 Lv5 판1 sample tick=2624 game=43.7333 state=1 XZ=(11.4278,8.4863) pack=12 target=(10.1667,8.5000) path=0/1 level_current=true rng=5723061790796302234
  · 흑랑 파수2 Lv5 판1 sample tick=2655 game=44.2500 state=1 XZ=(11.4278,8.4863) pack=12 target=(10.1667,8.5000) path=0/1 level_current=true rng=5723061790796302234
  · 흑랑 파수2 Lv5 판1 sample tick=2686 game=44.7667 state=1 XZ=(11.4278,8.4863) pack=12 target=(10.1667,8.5000) path=0/1 level_current=true rng=5723061790796302234
  · 흑랑 파수2 Lv5 판1 sample tick=2717 game=45.2833 state=3 XZ=(11.4278,8.4863) pack=12 target=(10.1667,8.5000) path=0/1 level_current=true rng=5723061790796302234
  · 흑랑 파수2 Lv5 판1 sample tick=2748 game=45.8000 state=4 XZ=(11.4278,8.4863) pack=12 target=(10.1667,8.5000) path=0/1 level_current=true rng=5723061790796302234
  · 흑랑 파수2 Lv5 판1 sample tick=2779 game=46.3167 state=1 XZ=(11.4261,8.4858) pack=12 target=(10.1667,8.5000) path=0/1 level_current=true rng=5723061790796302234
  · 흑랑 파수2 Lv5 판1 sample tick=2810 game=46.8333 state=1 XZ=(11.4261,8.4858) pack=12 target=(10.1667,8.5000) path=0/1 level_current=true rng=5723061790796302234
  · 흑랑 파수2 Lv5 판1 sample tick=2841 game=47.3500 state=1 XZ=(11.4261,8.4858) pack=12 target=(10.1667,8.5000) path=0/1 level_current=true rng=5723061790796302234
  · 흑랑 파수2 Lv5 판1 sample tick=2872 game=47.8667 state=3 XZ=(11.4261,8.4858) pack=12 target=(10.1667,8.5000) path=0/1 level_current=true rng=5723061790796302234
  · 흑랑 파수2 Lv5 판1 sample tick=2903 game=48.3833 state=5 XZ=(11.4261,8.4858) pack=12 target=(10.1667,8.5000) path=0/1 level_current=true rng=5723061790796302234
  · 흑랑 파수2 Lv5 판1 sample tick=2934 game=48.9000 state=1 XZ=(11.4523,8.4857) pack=12 target=(10.1667,8.5000) path=0/1 level_current=true rng=5723061790796302234
  · 흑랑 파수2 Lv5 판1 sample tick=2965 game=49.4167 state=1 XZ=(11.4236,8.4863) pack=12 target=(10.1667,8.5000) path=0/1 level_current=true rng=5723061790796302234
  · 흑랑 파수2 Lv5 판1 sample tick=2996 game=49.9333 state=1 XZ=(11.4236,8.4863) pack=12 target=(10.1667,8.5000) path=0/1 level_current=true rng=5723061790796302234
  · 흑랑 파수2 Lv5 판1 sample tick=3027 game=50.4500 state=1 XZ=(11.4236,8.4863) pack=12 target=(10.1667,8.5000) path=0/1 level_current=true rng=5723061790796302234
  · 흑랑 파수2 Lv5 판1 sample tick=3058 game=50.9667 state=5 XZ=(11.4236,8.4863) pack=12 target=(10.1667,8.5000) path=0/1 level_current=true rng=5723061790796302234
  · 흑랑 파수2 Lv5 판1 sample tick=3089 game=51.4833 state=4 XZ=(11.4236,8.4863) pack=12 target=(10.1667,8.5000) path=0/1 level_current=true rng=5723061790796302234
  · 흑랑 파수2 Lv5 판1 sample tick=3120 game=52.0000 state=1 XZ=(11.4132,8.4876) pack=12 target=(10.1667,8.5000) path=0/1 level_current=true rng=5723061790796302234
  · 흑랑 파수2 Lv5 판1 sample tick=3151 game=52.5167 state=1 XZ=(11.4132,8.4876) pack=12 target=(10.1667,8.5000) path=0/1 level_current=true rng=5723061790796302234
  · 흑랑 파수2 Lv5 판1 sample tick=3182 game=53.0333 state=1 XZ=(11.4132,8.4876) pack=12 target=(10.1667,8.5000) path=0/1 level_current=true rng=5723061790796302234
  · 흑랑 파수2 Lv5 판1 sample tick=3213 game=53.5500 state=3 XZ=(11.4132,8.4876) pack=12 target=(10.1667,8.5000) path=0/1 level_current=true rng=5723061790796302234
  · 흑랑 파수2 Lv5 판1 sample tick=3244 game=54.0667 state=4 XZ=(11.4132,8.4876) pack=12 target=(10.1667,8.5000) path=0/1 level_current=true rng=5723061790796302234
  · 흑랑 파수2 Lv5 판1 sample tick=3275 game=54.5833 state=1 XZ=(11.4090,8.4896) pack=12 target=(10.1667,8.5000) path=0/1 level_current=true rng=5723061790796302234
  · 흑랑 파수2 Lv5 판1 sample tick=3306 game=55.1000 state=1 XZ=(11.4090,8.4896) pack=12 target=(10.1667,8.5000) path=0/1 level_current=true rng=5723061790796302234
  · 흑랑 파수2 Lv5 판1 sample tick=3337 game=55.6167 state=1 XZ=(11.4090,8.4896) pack=12 target=(10.1667,8.5000) path=0/1 level_current=true rng=5723061790796302234
  · 흑랑 파수2 Lv5 판1 sample tick=3368 game=56.1333 state=3 XZ=(11.4090,8.4896) pack=12 target=(10.1667,8.5000) path=0/1 level_current=true rng=5723061790796302234
  · 흑랑 Lv5 처치 · 27.7초 · 2페이즈 14.6초 · 생명 150→64 (최저 41 = 27%) · 탕약 3/3 · 적 공격 32 (명중 21)
  · 흑랑 파수2 Lv5 판1 finish tick=3393 game=56.5500 state=4 XZ=(11.4090,8.4896) pack=12 target=(10.1667,8.5000) path=0/1 level_current=true rng=5723061790796302234
  · 흑랑 RNG Lv5 판1 doho0 seed=25271947 initial=5600093101942189313 final=-1456016979007014311
  · 흑랑 RNG Lv5 판1 guard_bat1 seed=25275075 initial=8581345762104515289 final=-4915985485660836923
  · 흑랑 RNG Lv5 판1 guard_bat2 seed=25275176 initial=5723061790796302234 final=5723061790796302234
  · 흑랑 RNG Lv5 판1 heukrang0 seed=25272956 initial=7546605312432368990 final=2395616564710220186
  · 흑랑 RNG Lv5 판1 summon_bat1 seed=25274066 initial=6634833551614335612 final=8077224405062169234
  · 흑랑 RNG Lv5 판1 summon_bat2 seed=25274167 initial=3776549580306122557 final=1002189368153405969
  · 흑랑 재생 Lv5 판1 win=true attacks=32 hits=21 guards=2 summoned=2
  · Lv5 목표 대조(이 판 — 판정은 25판 표 §9.7): 27.7초 (15~30) · 탕약 3 (1 안팎) · 최저 생명 27% (35~60)
E2E balance_boss PASS (검사 28)
E2E SUMMARY: 1/1 PASS
  e2e  (61.0초) — 제한 3600초
전부 PASS
