== e2e 러너 자기검사 ==
  PASS  E2E_SELFTEST PASS (판정 일치 5/5)  (4.4초)
== e2e (balance_boss) ==
E2E start: balance_boss
E2E ▶ balance_boss
  · 명중 확정 끔 — 이 대본은 명중 굴림을 실전 그대로 쓴다 (#342)
  · 흑랑 RNG Lv3 판1 doho0 seed=23271941 initial=3718673984595126131
  · 흑랑 준비 key=93 physics=6 expected=6
  · 흑랑 RNG Lv3 판1 guard_bat1 seed=23275069 initial=6699926644757452107
  · 흑랑 RNG Lv3 판1 guard_bat2 seed=23275170 initial=3841642673449239052
  · 흑랑 RNG Lv3 판1 heukrang0 seed=23272950 initial=5665186195085305808
  · 흑랑 파수2 Lv3 판1 entered tick=27 game=0.4500 state=0 XZ=(20.5000,15.5000) pack=6 target=none path=0/0 level_current=false rng=3841642673449239052
  · 흑랑 준비 key=93 physics=6 expected=6
  · 흑랑 파수2 Lv3 판1 before_V tick=32 game=0.5167 state=1 XZ=(20.5000,15.7250) pack=6 target=(23.5000,23.5000) path=0/8 level_current=true rng=3841642673449239052
  · 흑랑 파수2 Lv3 판1 sample tick=34 game=0.5667 state=1 XZ=(20.5000,15.9500) pack=6 target=(23.5000,23.5000) path=0/8 level_current=true rng=3841642673449239052
  · 흑랑 준비 key=86 physics=5 expected=5
  · 흑랑 파수2 Lv3 판1 after_V tick=38 game=0.6167 state=1 XZ=(20.5000,16.1750) pack=6 target=(10.5000,8.5000) path=0/8 level_current=true rng=3841642673449239052
  · 흑랑 파수2 Lv3 판1 sample tick=64 game=1.0667 state=1 XZ=(19.7676,15.8813) pack=6 target=(10.5000,8.5000) path=0/16 level_current=true rng=3841642673449239052
  · 흑랑 파수2 Lv3 판1 sample tick=95 game=1.5833 state=1 XZ=(19.5056,13.5946) pack=6 target=(10.5000,8.5000) path=1/14 level_current=true rng=3841642673449239052
  · 흑랑 파수2 Lv3 판1 sample tick=126 game=2.1000 state=1 XZ=(19.5002,11.2697) pack=6 target=(10.3667,8.5000) path=0/11 level_current=true rng=3841642673449239052
  · 흑랑 파수2 Lv3 판1 sample tick=157 game=2.6167 state=1 XZ=(18.9896,9.1216) pack=6 target=(10.3667,8.5000) path=1/10 level_current=true rng=3841642673449239052
  · 흑랑 파수2 Lv3 판1 sample tick=188 game=3.1333 state=3 XZ=(17.3488,8.5444) pack=6 target=(10.3667,8.5000) path=0/7 level_current=true rng=3841642673449239052
  · 흑랑 파수2 Lv3 판1 sample tick=219 game=3.6500 state=5 XZ=(15.7488,8.5342) pack=6 target=(10.3667,8.5000) path=0/7 level_current=true rng=3841642673449239052
  · 흑랑 파수2 Lv3 판1 sample tick=250 game=4.1667 state=5 XZ=(11.6177,8.5080) pack=6 target=(10.3667,8.5000) path=0/7 level_current=true rng=3841642673449239052
  · 흑랑 파수2 Lv3 판1 sample tick=281 game=4.6833 state=1 XZ=(12.1035,8.5081) pack=6 target=(10.3667,8.5000) path=0/7 level_current=true rng=3841642673449239052
  · 흑랑 파수2 Lv3 판1 sample tick=312 game=5.2000 state=1 XZ=(11.7265,8.5002) pack=6 target=(10.3667,8.5000) path=2/3 level_current=true rng=3841642673449239052
  · 흑랑 파수2 Lv3 판1 sample tick=343 game=5.7167 state=1 XZ=(11.5660,8.5000) pack=6 target=(10.3000,8.5000) path=0/1 level_current=true rng=3841642673449239052
  · 흑랑 파수2 Lv3 판1 sample tick=374 game=6.2333 state=3 XZ=(11.5660,8.5000) pack=6 target=(10.3000,8.5000) path=0/1 level_current=true rng=3841642673449239052
  · 흑랑 파수2 Lv3 판1 sample tick=405 game=6.7500 state=5 XZ=(11.5660,8.5000) pack=6 target=(10.3000,8.5000) path=0/1 level_current=true rng=3841642673449239052
  · 흑랑 파수2 Lv3 판1 sample tick=436 game=7.2667 state=4 XZ=(11.5660,8.5000) pack=6 target=(10.3000,8.5000) path=0/1 level_current=true rng=3841642673449239052
  · 흑랑 파수2 Lv3 판1 sample tick=467 game=7.7833 state=1 XZ=(11.5502,8.4998) pack=6 target=(10.3000,8.5000) path=0/1 level_current=true rng=3841642673449239052
  · 흑랑 파수2 Lv3 판1 sample tick=497 game=8.2833 state=1 XZ=(11.5502,8.4998) pack=6 target=(10.3000,8.5000) path=0/1 level_current=true rng=3841642673449239052
  · 흑랑 파수2 Lv3 판1 sample tick=527 game=8.7833 state=1 XZ=(11.5502,8.4998) pack=6 target=(10.3000,8.5000) path=0/1 level_current=true rng=3841642673449239052
  · 흑랑 파수2 Lv3 판1 sample tick=557 game=9.2833 state=3 XZ=(11.5502,8.4998) pack=6 target=(10.1667,8.5000) path=0/1 level_current=true rng=3841642673449239052
  · 흑랑 파수2 Lv3 판1 sample tick=587 game=9.7833 state=4 XZ=(11.4291,8.4998) pack=6 target=(10.1667,8.5000) path=0/1 level_current=true rng=3841642673449239052
  · 흑랑 파수2 Lv3 판1 sample tick=617 game=10.2833 state=1 XZ=(11.4284,8.4991) pack=6 target=(10.1667,8.5000) path=0/1 level_current=true rng=3841642673449239052
  · 흑랑 파수2 Lv3 판1 sample tick=647 game=10.7833 state=1 XZ=(11.4284,8.4991) pack=6 target=(10.1667,8.5000) path=0/1 level_current=true rng=3841642673449239052
  · 흑랑 파수2 Lv3 판1 sample tick=677 game=11.2833 state=1 XZ=(11.4284,8.4991) pack=6 target=(10.1667,8.5000) path=0/1 level_current=true rng=3841642673449239052
  · 흑랑 RNG Lv3 판1 summon_bat1 seed=23274060 initial=4753414434267272430
  · 흑랑 RNG Lv3 판1 summon_bat2 seed=23274161 initial=1895130462959059375
  · 흑랑 파수2 Lv3 판1 sample tick=707 game=11.7833 state=3 XZ=(11.5895,8.5011) pack=6 target=(10.1667,8.5000) path=0/1 level_current=true rng=3841642673449239052
  · 흑랑 파수2 Lv3 판1 sample tick=737 game=12.2833 state=4 XZ=(11.4160,8.5009) pack=6 target=(10.1667,8.5000) path=0/1 level_current=true rng=3841642673449239052
  · 흑랑 파수2 Lv3 판1 sample tick=767 game=12.7833 state=1 XZ=(11.1419,8.5177) pack=6 target=(10.1000,8.5000) path=0/1 level_current=true rng=3841642673449239052
  · 흑랑 파수2 Lv3 판1 sample tick=797 game=13.2833 state=1 XZ=(10.7683,8.5302) pack=6 target=(10.1000,8.5000) path=0/1 level_current=true rng=3841642673449239052
  · 흑랑 파수2 Lv3 판1 sample tick=827 game=13.7833 state=1 XZ=(10.7683,8.5302) pack=6 target=(10.1000,8.5000) path=0/1 level_current=true rng=3841642673449239052
  · 흑랑 파수2 Lv3 판1 sample tick=857 game=14.2833 state=3 XZ=(10.7683,8.5302) pack=6 target=(10.1000,8.5000) path=0/1 level_current=true rng=3841642673449239052
  · 흑랑 파수2 Lv3 판1 sample tick=887 game=14.7833 state=5 XZ=(10.7683,8.5302) pack=6 target=(10.1000,8.5000) path=0/1 level_current=true rng=2984990500747020242
  · 흑랑 파수2 Lv3 판1 sample tick=917 game=15.2833 state=4 XZ=(10.7683,8.5302) pack=6 target=(10.1000,8.5000) path=0/1 level_current=true rng=2984990500747020242
  · 흑랑 파수2 Lv3 판1 sample tick=947 game=15.7833 state=1 XZ=(10.7495,8.5289) pack=6 target=(10.1000,8.5000) path=0/1 level_current=true rng=2984990500747020242
  · 흑랑 파수2 Lv3 판1 sample tick=978 game=16.3000 state=1 XZ=(10.7495,8.5289) pack=6 target=(10.1000,8.5000) path=0/1 level_current=true rng=2984990500747020242
  · 흑랑 파수2 Lv3 판1 sample tick=1009 game=16.8167 state=1 XZ=(10.7495,8.5289) pack=6 target=(10.1000,8.5000) path=0/1 level_current=true rng=2984990500747020242
  · 흑랑 파수2 Lv3 판1 sample tick=1040 game=17.3333 state=3 XZ=(10.7495,8.5289) pack=6 target=(10.1000,8.5000) path=0/1 level_current=true rng=2984990500747020242
  · 흑랑 파수2 Lv3 판1 sample tick=1071 game=17.8500 state=4 XZ=(10.7495,8.5289) pack=6 target=(10.1000,8.5000) path=0/1 level_current=true rng=-1267280395400995224
  · 흑랑 파수2 Lv3 판1 sample tick=1102 game=18.3667 state=1 XZ=(10.7496,8.5281) pack=6 target=(10.1000,8.5000) path=0/1 level_current=true rng=-1267280395400995224
  · 흑랑 파수2 Lv3 판1 sample tick=1133 game=18.8833 state=1 XZ=(10.7496,8.5281) pack=6 target=(10.1000,8.5000) path=0/1 level_current=true rng=-1267280395400995224
  · 흑랑 파수2 Lv3 판1 sample tick=1164 game=19.4000 state=1 XZ=(10.7496,8.5281) pack=6 target=(10.1000,8.5000) path=0/1 level_current=true rng=-1267280395400995224
  · 흑랑 파수2 Lv3 판1 sample tick=1195 game=19.9167 state=3 XZ=(10.7496,8.5281) pack=6 target=(10.1000,8.5000) path=0/1 level_current=true rng=-1267280395400995224
  · 흑랑 파수2 Lv3 판1 sample tick=1226 game=20.4333 state=4 XZ=(10.7496,8.5281) pack=6 target=(10.1000,8.5000) path=0/1 level_current=true rng=7952870694343690062
  · 흑랑 파수2 Lv3 판1 sample tick=1257 game=20.9500 state=1 XZ=(10.7497,8.5270) pack=6 target=(10.1000,8.5000) path=0/1 level_current=true rng=7952870694343690062
  · 흑랑 파수2 Lv3 판1 sample tick=1288 game=21.4667 state=1 XZ=(10.7497,8.5270) pack=6 target=(10.1000,8.5000) path=0/1 level_current=true rng=7952870694343690062
  · 흑랑 파수2 Lv3 판1 sample tick=1319 game=21.9833 state=1 XZ=(10.7497,8.5270) pack=6 target=(10.1000,8.5000) path=0/1 level_current=true rng=7952870694343690062
  · 흑랑 파수2 Lv3 판1 sample tick=1350 game=22.5000 state=3 XZ=(10.7497,8.5270) pack=6 target=(10.1000,8.5000) path=0/1 level_current=true rng=7952870694343690062
  · 흑랑 파수2 Lv3 판1 sample tick=1381 game=23.0167 state=4 XZ=(10.7497,8.5270) pack=6 target=(10.1000,8.5000) path=0/1 level_current=true rng=-5111047397832607740
  · 흑랑 파수2 Lv3 판1 sample tick=1412 game=23.5333 state=1 XZ=(10.7497,8.5260) pack=6 target=(10.1000,8.5000) path=0/1 level_current=true rng=-5111047397832607740
  · 흑랑 파수2 Lv3 판1 sample tick=1443 game=24.0500 state=1 XZ=(10.7497,8.5260) pack=6 target=(10.1000,8.5000) path=0/1 level_current=true rng=-5111047397832607740
  · 흑랑 파수2 Lv3 판1 sample tick=1474 game=24.5667 state=1 XZ=(10.7497,8.5260) pack=6 target=(10.1000,8.5000) path=0/1 level_current=true rng=-5111047397832607740
  · 흑랑 파수2 Lv3 판1 sample tick=1505 game=25.0833 state=3 XZ=(10.7497,8.5260) pack=6 target=(10.1000,8.5000) path=0/1 level_current=true rng=-5111047397832607740
  · 흑랑 파수2 Lv3 판1 sample tick=1536 game=25.6000 state=4 XZ=(10.7497,8.5260) pack=6 target=(10.1000,8.5000) path=0/1 level_current=true rng=-5424752888238917110
  · 흑랑 파수2 Lv3 판1 sample tick=1567 game=26.1167 state=1 XZ=(10.7497,8.5248) pack=6 target=(10.1000,8.5000) path=0/1 level_current=true rng=-5424752888238917110
  · 흑랑 파수2 Lv3 판1 sample tick=1598 game=26.6333 state=1 XZ=(10.7497,8.5248) pack=6 target=(10.1000,8.5000) path=0/1 level_current=true rng=-5424752888238917110
  · 흑랑 파수2 Lv3 판1 sample tick=1629 game=27.1500 state=1 XZ=(10.7497,8.5248) pack=6 target=(10.1000,8.5000) path=0/1 level_current=true rng=-5424752888238917110
  · 흑랑 파수2 Lv3 판1 sample tick=1660 game=27.6667 state=3 XZ=(10.7497,8.5248) pack=6 target=(10.1000,8.5000) path=0/1 level_current=true rng=-5424752888238917110
  · 흑랑 파수2 Lv3 판1 sample tick=1691 game=28.1833 state=4 XZ=(10.7497,8.5248) pack=6 target=(10.1000,8.5000) path=0/1 level_current=true rng=602141716667985580
  · 흑랑 입력 Lv3 판1 polls=277 physics_interval=6 valid=true
  · 흑랑 Lv3 처치 · 27.7초 · 2페이즈 11.2초 · 생명 130→34 (최저 34 = 26%) · 탕약 3/3 · 적 공격 40 (명중 25)
  · 흑랑 파수2 Lv3 판1 finish tick=1700 game=28.3167 state=4 XZ=(10.7497,8.5248) pack=6 target=(10.1000,8.5000) path=0/1 level_current=true rng=602141716667985580
  · 흑랑 RNG Lv3 판1 doho0 seed=23271941 initial=3718673984595126131 final=210160255614176275
  · 흑랑 RNG Lv3 판1 guard_bat1 seed=23275069 initial=6699926644757452107 final=9053088838582101655
  · 흑랑 RNG Lv3 판1 guard_bat2 seed=23275170 initial=3841642673449239052 final=602141716667985580
  · 흑랑 RNG Lv3 판1 heukrang0 seed=23272950 initial=5665186195085305808 final=-4334644856633984577
  · 흑랑 RNG Lv3 판1 summon_bat1 seed=23274060 initial=4753414434267272430 final=-7559868052669486168
  · 흑랑 RNG Lv3 판1 summon_bat2 seed=23274161 initial=1895130462959059375 final=481403823597241650
  · 흑랑 재생 Lv3 판1 win=true attacks=40 hits=25 guards=2 summoned=2
  · 흑랑 RNG Lv5 판1 doho0 seed=25271947 initial=5600093101942189313
  · 흑랑 준비 key=93 physics=6 expected=6
  · 흑랑 RNG Lv5 판1 guard_bat1 seed=25275075 initial=8581345762104515289
  · 흑랑 RNG Lv5 판1 guard_bat2 seed=25275176 initial=5723061790796302234
  · 흑랑 RNG Lv5 판1 heukrang0 seed=25272956 initial=7546605312432368990
  · 흑랑 파수2 Lv5 판1 entered tick=1709 game=28.4833 state=0 XZ=(20.5000,15.5000) pack=12 target=none path=0/0 level_current=false rng=5723061790796302234
  · 흑랑 준비 key=93 physics=6 expected=6
  · 흑랑 파수2 Lv5 판1 before_V tick=1715 game=28.5667 state=1 XZ=(20.5000,15.8000) pack=12 target=(23.5000,23.5000) path=0/8 level_current=true rng=5723061790796302234
  · 흑랑 파수2 Lv5 판1 sample tick=1717 game=28.6167 state=1 XZ=(20.5000,16.0250) pack=12 target=(23.5000,23.5000) path=0/8 level_current=true rng=5723061790796302234
  · 흑랑 준비 key=86 physics=5 expected=5
  · 흑랑 파수2 Lv5 판1 after_V tick=1721 game=28.6667 state=1 XZ=(20.5000,16.2500) pack=12 target=(12.5000,9.5000) path=1/8 level_current=true rng=5723061790796302234
  · 흑랑 파수2 Lv5 판1 sample tick=1748 game=29.1333 state=1 XZ=(19.6814,15.7586) pack=12 target=(12.5000,9.5000) path=0/14 level_current=true rng=5723061790796302234
  · 흑랑 파수2 Lv5 판1 sample tick=1779 game=29.6500 state=1 XZ=(19.5048,13.4446) pack=12 target=(12.5000,9.5000) path=1/12 level_current=true rng=5723061790796302234
  · 흑랑 파수2 Lv5 판1 sample tick=1810 game=30.1667 state=1 XZ=(19.5003,11.1230) pack=12 target=(12.3667,9.5000) path=0/9 level_current=true rng=5723061790796302234
  · 흑랑 파수2 Lv5 판1 sample tick=1841 game=30.6833 state=1 XZ=(19.8600,9.7161) pack=12 target=(12.3667,9.5000) path=0/8 level_current=true rng=5723061790796302234
  · 흑랑 파수2 Lv5 판1 sample tick=1872 game=31.2000 state=3 XZ=(19.3467,9.5146) pack=12 target=(12.3667,9.5000) path=0/7 level_current=true rng=5723061790796302234
  · 흑랑 파수2 Lv5 판1 sample tick=1903 game=31.7167 state=5 XZ=(15.2799,9.5061) pack=12 target=(12.3667,9.5000) path=0/7 level_current=true rng=5723061790796302234
  · 흑랑 파수2 Lv5 판1 sample tick=1934 game=32.2333 state=4 XZ=(13.6291,9.5026) pack=12 target=(12.3667,9.5000) path=0/7 level_current=true rng=5723061790796302234
  · 흑랑 파수2 Lv5 판1 sample tick=1965 game=32.7500 state=1 XZ=(13.8355,9.5011) pack=12 target=(12.3667,9.5000) path=0/2 level_current=true rng=5723061790796302234
  · 흑랑 파수2 Lv5 판1 sample tick=1996 game=33.2667 state=1 XZ=(13.6306,9.5010) pack=12 target=(12.3667,9.5000) path=0/1 level_current=true rng=5723061790796302234
  · 흑랑 파수2 Lv5 판1 sample tick=2027 game=33.7833 state=1 XZ=(13.5504,9.5010) pack=12 target=(12.3000,9.5000) path=0/1 level_current=true rng=5723061790796302234
  · 흑랑 파수2 Lv5 판1 sample tick=2058 game=34.3000 state=3 XZ=(13.5504,9.5010) pack=12 target=(12.3000,9.5000) path=0/1 level_current=true rng=5723061790796302234
  · 흑랑 파수2 Lv5 판1 sample tick=2089 game=34.8167 state=4 XZ=(13.5504,9.5010) pack=12 target=(12.3000,9.5000) path=0/1 level_current=true rng=5723061790796302234
  · 흑랑 파수2 Lv5 판1 sample tick=2120 game=35.3333 state=1 XZ=(13.5501,9.5013) pack=12 target=(12.3000,9.5000) path=0/1 level_current=true rng=5723061790796302234
  · 흑랑 파수2 Lv5 판1 sample tick=2151 game=35.8500 state=1 XZ=(13.5501,9.5013) pack=12 target=(12.3000,9.5000) path=0/1 level_current=true rng=5723061790796302234
  · 흑랑 파수2 Lv5 판1 sample tick=2182 game=36.3667 state=1 XZ=(13.5501,9.5013) pack=12 target=(12.3000,9.5000) path=0/1 level_current=true rng=5723061790796302234
  · 흑랑 파수2 Lv5 판1 sample tick=2213 game=36.8833 state=3 XZ=(13.5501,9.5013) pack=12 target=(12.3000,9.5000) path=0/1 level_current=true rng=5723061790796302234
  · 흑랑 파수2 Lv5 판1 sample tick=2244 game=37.4000 state=4 XZ=(13.4165,9.5012) pack=12 target=(12.1667,9.5000) path=0/1 level_current=true rng=5723061790796302234
  · 흑랑 파수2 Lv5 판1 sample tick=2275 game=37.9167 state=1 XZ=(13.4162,9.5023) pack=12 target=(12.1667,9.5000) path=0/1 level_current=true rng=5723061790796302234
  · 흑랑 파수2 Lv5 판1 sample tick=2306 game=38.4333 state=1 XZ=(13.4162,9.5023) pack=12 target=(12.1667,9.5000) path=0/1 level_current=true rng=5723061790796302234
  · 흑랑 파수2 Lv5 판1 sample tick=2337 game=38.9500 state=1 XZ=(13.4162,9.5023) pack=12 target=(12.1667,9.5000) path=0/1 level_current=true rng=5723061790796302234
  · 흑랑 파수2 Lv5 판1 sample tick=2368 game=39.4667 state=3 XZ=(13.4162,9.5023) pack=12 target=(12.1667,9.5000) path=0/1 level_current=true rng=5723061790796302234
  · 흑랑 파수2 Lv5 판1 sample tick=2399 game=39.9833 state=5 XZ=(13.4162,9.5023) pack=12 target=(12.1667,9.5000) path=0/1 level_current=true rng=5723061790796302234
  · 흑랑 파수2 Lv5 판1 sample tick=2430 game=40.5000 state=1 XZ=(13.4399,9.5033) pack=12 target=(12.1667,9.5000) path=0/1 level_current=true rng=5723061790796302234
  · 흑랑 파수2 Lv5 판1 sample tick=2461 game=41.0167 state=1 XZ=(13.4158,9.5037) pack=12 target=(12.1667,9.5000) path=0/1 level_current=true rng=5723061790796302234
  · 흑랑 파수2 Lv5 판1 sample tick=2492 game=41.5333 state=1 XZ=(13.4158,9.5037) pack=12 target=(12.1667,9.5000) path=0/1 level_current=true rng=5723061790796302234
  · 흑랑 파수2 Lv5 판1 sample tick=2523 game=42.0500 state=1 XZ=(13.4158,9.5037) pack=12 target=(12.1667,9.5000) path=0/1 level_current=true rng=5723061790796302234
  · 흑랑 파수2 Lv5 판1 sample tick=2554 game=42.5667 state=5 XZ=(13.4158,9.5037) pack=12 target=(12.1667,9.5000) path=0/1 level_current=true rng=5723061790796302234
  · 흑랑 파수2 Lv5 판1 sample tick=2585 game=43.0833 state=4 XZ=(13.4158,9.5037) pack=12 target=(12.1667,9.5000) path=0/1 level_current=true rng=5723061790796302234
  · 흑랑 RNG Lv5 판1 summon_bat1 seed=25274066 initial=6634833551614335612
  · 흑랑 RNG Lv5 판1 summon_bat2 seed=25274167 initial=3776549580306122557
  · 흑랑 파수2 Lv5 판1 sample tick=2616 game=43.6000 state=1 XZ=(13.4179,9.5268) pack=12 target=(12.1667,9.5000) path=0/1 level_current=true rng=5723061790796302234
  · 흑랑 파수2 Lv5 판1 sample tick=2647 game=44.1167 state=1 XZ=(13.4179,9.5268) pack=12 target=(12.1667,9.5000) path=0/1 level_current=true rng=5723061790796302234
  · 흑랑 파수2 Lv5 판1 sample tick=2678 game=44.6333 state=1 XZ=(13.4179,9.5268) pack=12 target=(12.1667,9.5000) path=0/1 level_current=true rng=5723061790796302234
  · 흑랑 파수2 Lv5 판1 sample tick=2709 game=45.1500 state=3 XZ=(13.4179,9.5268) pack=12 target=(12.1667,9.5000) path=0/1 level_current=true rng=5723061790796302234
  · 흑랑 파수2 Lv5 판1 sample tick=2740 game=45.6667 state=4 XZ=(13.4179,9.5268) pack=12 target=(12.1667,9.5000) path=0/1 level_current=true rng=5723061790796302234
  · 흑랑 파수2 Lv5 판1 sample tick=2771 game=46.1833 state=1 XZ=(13.4167,9.5301) pack=12 target=(12.1667,9.5000) path=0/1 level_current=true rng=5723061790796302234
  · 흑랑 파수2 Lv5 판1 sample tick=2802 game=46.7000 state=1 XZ=(13.4167,9.5301) pack=12 target=(12.1667,9.5000) path=0/1 level_current=true rng=5723061790796302234
  · 흑랑 파수2 Lv5 판1 sample tick=2833 game=47.2167 state=1 XZ=(13.4167,9.5301) pack=12 target=(12.1667,9.5000) path=0/1 level_current=true rng=5723061790796302234
  · 흑랑 파수2 Lv5 판1 sample tick=2864 game=47.7333 state=3 XZ=(13.4167,9.5301) pack=12 target=(12.1667,9.5000) path=0/1 level_current=true rng=5723061790796302234
  · 흑랑 파수2 Lv5 판1 sample tick=2895 game=48.2500 state=4 XZ=(13.4167,9.5301) pack=12 target=(12.1667,9.5000) path=0/1 level_current=true rng=5723061790796302234
  · 흑랑 파수2 Lv5 판1 sample tick=2926 game=48.7667 state=1 XZ=(13.4164,9.5326) pack=12 target=(12.1667,9.5000) path=0/1 level_current=true rng=5723061790796302234
  · 흑랑 파수2 Lv5 판1 sample tick=2957 game=49.2833 state=1 XZ=(13.4164,9.5326) pack=12 target=(12.1667,9.5000) path=0/1 level_current=true rng=5723061790796302234
  · 흑랑 파수2 Lv5 판1 sample tick=2988 game=49.8000 state=1 XZ=(13.4164,9.5326) pack=12 target=(12.1667,9.5000) path=0/1 level_current=true rng=5723061790796302234
  · 흑랑 파수2 Lv5 판1 sample tick=3019 game=50.3167 state=3 XZ=(13.4164,9.5326) pack=12 target=(12.1667,9.5000) path=0/1 level_current=true rng=5723061790796302234
  · 흑랑 파수2 Lv5 판1 sample tick=3050 game=50.8333 state=4 XZ=(13.4164,9.5326) pack=12 target=(12.1667,9.5000) path=0/1 level_current=true rng=5723061790796302234
  · 흑랑 파수2 Lv5 판1 sample tick=3081 game=51.3500 state=1 XZ=(13.4156,9.5330) pack=12 target=(12.1667,9.5000) path=0/1 level_current=true rng=5723061790796302234
  · 흑랑 파수2 Lv5 판1 sample tick=3112 game=51.8667 state=1 XZ=(13.4156,9.5330) pack=12 target=(12.1667,9.5000) path=0/1 level_current=true rng=5723061790796302234
  · 흑랑 파수2 Lv5 판1 sample tick=3143 game=52.3833 state=1 XZ=(13.4156,9.5330) pack=12 target=(12.1667,9.5000) path=0/1 level_current=true rng=5723061790796302234
  · 흑랑 파수2 Lv5 판1 sample tick=3174 game=52.9000 state=3 XZ=(13.4156,9.5330) pack=12 target=(12.1667,9.5000) path=0/1 level_current=true rng=5723061790796302234
  · 흑랑 파수2 Lv5 판1 sample tick=3205 game=53.4167 state=5 XZ=(13.4156,9.5330) pack=12 target=(12.1667,9.5000) path=0/1 level_current=true rng=5723061790796302234
  · 흑랑 파수2 Lv5 판1 sample tick=3236 game=53.9333 state=1 XZ=(13.4143,9.5325) pack=12 target=(12.1667,9.5000) path=0/1 level_current=true rng=5723061790796302234
  · 흑랑 파수2 Lv5 판1 sample tick=3267 game=54.4500 state=1 XZ=(13.4143,9.5325) pack=12 target=(12.1667,9.5000) path=0/1 level_current=true rng=5723061790796302234
  · 흑랑 파수2 Lv5 판1 sample tick=3298 game=54.9667 state=1 XZ=(13.4143,9.5325) pack=12 target=(12.1667,9.5000) path=0/1 level_current=true rng=5723061790796302234
  · 흑랑 파수2 Lv5 판1 sample tick=3329 game=55.4833 state=1 XZ=(13.4143,9.5325) pack=12 target=(12.1667,9.5000) path=0/1 level_current=true rng=5723061790796302234
  · 흑랑 파수2 Lv5 판1 sample tick=3360 game=56.0000 state=5 XZ=(13.4143,9.5325) pack=12 target=(12.1667,9.5000) path=0/1 level_current=true rng=5723061790796302234
  · 흑랑 입력 Lv5 판1 polls=277 physics_interval=6 valid=true
  · 흑랑 Lv5 처치 · 27.7초 · 2페이즈 14.7초 · 생명 150→72 (최저 49 = 33%) · 탕약 3/3 · 적 공격 30 (명중 20)
  · 흑랑 파수2 Lv5 판1 finish tick=3383 game=56.3667 state=4 XZ=(13.4143,9.5325) pack=12 target=(12.1667,9.5000) path=0/1 level_current=true rng=5723061790796302234
  · 흑랑 RNG Lv5 판1 doho0 seed=25271947 initial=5600093101942189313 final=-1456016979007014311
  · 흑랑 RNG Lv5 판1 guard_bat1 seed=25275075 initial=8581345762104515289 final=-6568341950222532355
  · 흑랑 RNG Lv5 판1 guard_bat2 seed=25275176 initial=5723061790796302234 final=5723061790796302234
  · 흑랑 RNG Lv5 판1 heukrang0 seed=25272956 initial=7546605312432368990 final=2395616564710220186
  · 흑랑 RNG Lv5 판1 summon_bat1 seed=25274066 initial=6634833551614335612 final=8077224405062169234
  · 흑랑 RNG Lv5 판1 summon_bat2 seed=25274167 initial=3776549580306122557 final=1002189368153405969
  · 흑랑 재생 Lv5 판1 win=true attacks=30 hits=20 guards=2 summoned=2
  · Lv5 목표 대조(이 판 — 판정은 25판 표 §9.7): 27.7초 (15~30) · 탕약 3 (1 안팎) · 최저 생명 33% (35~60)
E2E balance_boss PASS (검사 30)
E2E SUMMARY: 1/1 PASS
  e2e  (61.0초) — 제한 3600초
전부 PASS
