"Name","Bytes","Sha256"
"536_balance_boss_combat_sync_1.godot.raw.log","33142","B84C6C3A6DE392FF7489BB3F06C19511C107CD1F57349CEA63476A6436041C90"
"536_balance_boss_combat_sync_1.raw.log","23563","46FACF258F9AA8D383CAAEDFC974AC36262154A1162FA141DE4F19AE8D526012"
"536_balance_boss_combat_sync_2.godot.raw.log","33196","EC043ECC8F718E4A893A9F55E254C4F79134844F94C289F6691A9A54E3D65F35"
"536_balance_boss_combat_sync_2.raw.log","23605","5A2FD6CDF502A70516584BD4677B4F9E638C1F28D5CDFD9CFD4F0F1A0025B49F"
"536_balance_boss_combat_sync_comparison.raw.log","951","DD7E824193939341425DB59F7954E101C1ABC676407342C6B0C2E666FACFA697"
"536_balance_boss_comparison.raw.log","762","B3B24BB367D8B04C1AD6F0F85A8A956CD6B2C3068D0B87B274FE1B6ED678B9CD"
"536_balance_boss_diag_1.godot.raw.log","33761","B8A4FA985796DDF2EC089790F1F26F33DBFB601D61FC7361911FF5F70204D4B4"
"536_balance_boss_diag_1.raw.log","23137","337160913E65CD00CD6AD6745E071C16466412BD4DE0ADE9BCDA2556C6BA34C0"
"536_balance_boss_focus_1.godot.raw.log","13864","B385B1C7D3019AFB7A0DA805EAAA3EDA9C541F812C203307747736E064F45605"
"536_balance_boss_focus_1.raw.log","3114","A76B49D1630ABDFF12C9316149CB8B6E9762241DCBA9D93BC2E3343859C1B93A"
"536_balance_boss_focus_2.godot.raw.log","13841","DC0608F702E0C56C5B7BACDEA44309B95210E638D4C0A7B2E3057FA29AA3FEF5"
"536_balance_boss_focus_2.raw.log","3113","C7FF3167D1658326F91AD02336EAF4ECA35EA5CAC99091B5585B208676273F53"
"536_balance_boss_input_sync_1.godot.raw.log","34382","9EE86C28852010308C389E3FED9CA5EA7F6E8082EAE8940C2C29508941494B04"
"536_balance_boss_input_sync_1.raw.log","23755","6B1BFE4F9FAA1E2BE949F1C1FAE2AC7FC6ECC838744974DD0EE523B6D3B54A6D"
"536_balance_boss_input_sync_2.godot.raw.log","34210","04F911ED9AA376C748D761E3EB83383290785285A356B1EDDDB0C7850B8E023B"
"536_balance_boss_input_sync_2.raw.log","23581","A07AAEB5D6EA29C3514DB8AB710E39B061122668F77AA3CC282503A29360BEA2"
"536_balance_boss_input_sync_comparison.raw.log","842","A6158C39463080E6564A0B3B8D5530CEB4FB5B6C93BDF5EBE40EE95096345265"
"536_balance_boss_pre_guard_wait_only.raw.log","149","F8D5BA9EFC9DB1B738B9367C6E23DF4843D0A0FCBB44676C86200110A0BD50E7"
"536_balance_boss_sync_1.godot.raw.log","34053","D56B45E969EEB9D5DABD94ACE68A004C1953E9CE60B5B6AEB52FA560D846601C"
"536_balance_boss_sync_1.raw.log","23426","247DC606AB66C0CB5F62FB1CE078B86F7C13BE7184A55C92031495A7AE954964"
"536_balance_boss_sync_2.godot.raw.log","34054","88F3A21D6B3CE80EB5413970F686AC9C1CB864A0B96BCDF0F396AF366A6E79C5"
"536_balance_boss_sync_2.raw.log","23427","CB6C0FD9C9E98BC68140DFC04029B4E1A7BA8DB542105C044C609064C1A2A062"
"536_balance_boss_sync_comparison.raw.log","737","47B26607AF0B1D9C25490DAF7DB645F124AD93FA2B683EF0CA67E9C585CE7F48"
"536_balance_rng_combat_unit_2.godot.raw.log","1393","8DA93E1E1384312963EEDF7FCD936D59DFB999DC0711C2A0B9C64F9A7F98E7E8"
"536_balance_rng_combat_unit_2.raw.log","1661","1C8C6DA8B30CE3701E9D80F91FC8D3ABB075D5446F4221E8AA293AF991028105"
"536_balance_rng_combat_unit_3.godot.raw.log","1111","70D15925518F8E235A65D161C1507CC0E8F8DE7FC67D7F76829A11D61449A377"
"536_balance_rng_combat_unit_3.raw.log","1374","80A1CFE2BD60CBE3F119C133C5CF0CF40E3F0F83511E8806031D4EA62B23A887"
"536_balance_rng_combat_unit.godot.raw.log","1274","E6BC7E7940EC4EA440B2E949F90C3912F681E8EBF9DAA8917A97EF5806B97473"
"536_balance_rng_combat_unit.raw.log","1542","FB71D084B455B4625751FD0131657A07D8750FC02DC79B6996A0DA19369EF7E0"
"536_balance_rng_import.raw.log","1518","A492BA2C31B1E5B04FBA80F1D23F79E716E1BF665A580E040F8E19D0FD3C7CC5"
"536_balance_rng_input_sync_unit_2.godot.raw.log","4397","B5226B9CC590B407D5639885BC5B80ED426BDF68B358EFFBE5E45C99025FA390"
"536_balance_rng_input_sync_unit_2.raw.log","4693","FB84736E29DC4B58475D260AD194D8F674F680D4F9C2E9C36FA9E4EA9B019256"
"536_balance_rng_input_sync_unit.godot.raw.log","352","487697305BCC27829FB24A0E836704EFD408F2F72DC3B1EFCF11E71F881D47A3"
"536_balance_rng_input_sync_unit.raw.log","358","730601F811408440537B75B9351C960DAFD68E9B2BBBF8DBCD55A837FC8A188E"
"536_balance_rng_unit_1.godot.raw.log","345","A5261730DAA4C7408D35651E9BE68E7537DF136CCAB08F7AC694E3462E283953"
"536_balance_rng_unit_1.raw.log","600","8E2DF6626CB81E526D548D94D862B10B166A76DD98875AD1823B7CEEAC60BED8"
"536_balance_rng_unit_guard_1.raw.log","1345","9209A1A2C23E8DB27F98A3015A7777A15F15526093F40CFC75F21F3FBF0E7673"
"536_balance_rng_unit_guard_2.raw.log","356","A9374B3A47273350318875E88344A9AF49418A186DDCC687122A857F00268A7E"
"536_balance_rng_unit_guard_3.raw.log","613","8D17F2DB3CEA39AB6DF8F0778EB4712DEA64DED3DA05FCE72D43CE673C693AC7"
"536_balance_rng_unit_guard_4.raw.log","3290","2F9A289FFDF031C4DBE2558CB2C05B46EDC26D047008F4DF532D6DFAF514781F"
"536_balance_rng_unit_guard_5.raw.log","1773","88B7172AE1F49E65B885040F7FEE9EA0D9B3E55D02FA54E25FAEC34958088417"
"536_balance_rng_unit_guard_6.godot.raw.log","781","B0956773F315F61581D170A89D3909676982B527BDAB1E2F6BDBA3317967E15D"
"536_balance_rng_unit_guard_6.raw.log","1041","1C84DB89B068C03D5D4FAC9ABC4AE53239E18ECCF38BE114C33ACB2A9D6BEB4B"
"536_balance_rng_unit_sync.godot.raw.log","885","B9AC66EA51B9D51D7EF8A2A56B857DEA0FF62931E42D0A259114C206EA0D0AE3"
"536_balance_rng_unit_sync.raw.log","897","E4E666ACD937235D584E0F6C896E0B5B287BAA78DA69A22530EB89E1929B1431"
"536_balance_rng_unit_trace.godot.raw.log","778","E5C4C7080BDA1BF4B34A670BFF0105D534BBE967966FBEB8540509A2C30BB2D6"
"536_balance_rng_unit_trace.raw.log","1038","77C8D40C2625E2686EB23B514F96EFE23EB5AE0D8E748C95375DC60DA4F11055"
"536_doc_budget_final.raw.log","1048","AACDB5245720BF84FF65342BA274913417B7C8F73B3726AEDF1A5A16E288D11D"
"536_doc_budget.raw.log","1048","AACDB5245720BF84FF65342BA274913417B7C8F73B3726AEDF1A5A16E288D11D"
