== e2e 러너 자기검사 ==
  PASS  E2E_SELFTEST PASS (판정 일치 5/5)  (4.6초)
== e2e (balance_boss) ==
E2E start: balance_boss
E2E ▶ balance_boss
  · 명중 확정 끔 — 이 대본은 명중 굴림을 실전 그대로 쓴다 (#342)
  · 흑랑 RNG Lv3 판1 doho0 seed=23271941 initial=3718673984595126131
  · 흑랑 RNG Lv3 판1 guard_bat1 seed=23275069 initial=6699926644757452107
  · 흑랑 RNG Lv3 판1 guard_bat2 seed=23275170 initial=3841642673449239052
  · 흑랑 RNG Lv3 판1 heukrang0 seed=23272950 initial=5665186195085305808
  · 흑랑 RNG Lv3 판1 summon_bat1 seed=23274060 initial=4753414434267272430
  · 흑랑 RNG Lv3 판1 summon_bat2 seed=23274161 initial=1895130462959059375
  · 흑랑 Lv3 처치 · 27.8초 · 2페이즈 11.1초 · 생명 130→34 (최저 34 = 26%) · 탕약 3/3 · 적 공격 41 (명중 25)
  · 흑랑 RNG Lv3 판1 doho0 seed=23271941 initial=3718673984595126131 final=210160255614176275
  · 흑랑 RNG Lv3 판1 guard_bat1 seed=23275069 initial=6699926644757452107 final=9053088838582101655
  · 흑랑 RNG Lv3 판1 guard_bat2 seed=23275170 initial=3841642673449239052 final=1286086405583097886
  · 흑랑 RNG Lv3 판1 heukrang0 seed=23272950 initial=5665186195085305808 final=-4334644856633984577
  · 흑랑 RNG Lv3 판1 summon_bat1 seed=23274060 initial=4753414434267272430 final=-7559868052669486168
  · 흑랑 RNG Lv3 판1 summon_bat2 seed=23274161 initial=1895130462959059375 final=481403823597241650
  · 흑랑 재생 Lv3 판1 win=true attacks=41 hits=25 guards=2 summoned=2
  · 흑랑 RNG Lv5 판1 doho0 seed=25271947 initial=5600093101942189313
  · 흑랑 RNG Lv5 판1 guard_bat1 seed=25275075 initial=8581345762104515289
  · 흑랑 RNG Lv5 판1 guard_bat2 seed=25275176 initial=5723061790796302234
  · 흑랑 RNG Lv5 판1 heukrang0 seed=25272956 initial=7546605312432368990
  · 흑랑 RNG Lv5 판1 summon_bat1 seed=25274066 initial=6634833551614335612
  · 흑랑 RNG Lv5 판1 summon_bat2 seed=25274167 initial=3776549580306122557
  · 흑랑 Lv5 처치 · 27.7초 · 2페이즈 14.6초 · 생명 150→45 (최저 45 = 30%) · 탕약 3/3 · 적 공격 37 (명중 24)
  · 흑랑 RNG Lv5 판1 doho0 seed=25271947 initial=5600093101942189313 final=-1456016979007014311
  · 흑랑 RNG Lv5 판1 guard_bat1 seed=25275075 initial=8581345762104515289 final=-4915985485660836923
  · 흑랑 RNG Lv5 판1 guard_bat2 seed=25275176 initial=5723061790796302234 final=-4317364557962837696
  · 흑랑 RNG Lv5 판1 heukrang0 seed=25272956 initial=7546605312432368990 final=2395616564710220186
  · 흑랑 RNG Lv5 판1 summon_bat1 seed=25274066 initial=6634833551614335612 final=8077224405062169234
  · 흑랑 RNG Lv5 판1 summon_bat2 seed=25274167 initial=3776549580306122557 final=1002189368153405969
  · 흑랑 재생 Lv5 판1 win=true attacks=37 hits=24 guards=2 summoned=2
  · Lv5 목표 대조(이 판 — 판정은 25판 표 §9.7): 27.7초 (15~30) · 탕약 3 (1 안팎) · 최저 생명 30% (35~60)
E2E balance_boss PASS (검사 22)
E2E SUMMARY: 1/1 PASS
  e2e  (60.3초) — 제한 3600초
전부 PASS
